{
  "finding_count": 0,
  "findings": [],
  "scanned_files": 189,
  "status": "PASS"
}
........................FFF............................................. [ 26%]
........................................................................ [ 53%]
........s...................................F........................... [ 79%]
................................F....FF................                  [100%]
=================================== FAILURES ===================================
________ test_prepared_production_outputs_are_invisible_until_head_cas _________

data = b'x\x00\x00\x00\x00\x00\x00\x00{"step":{"dtype":"I64","shape":[],"data_offsets":[0,8]},"momentum":{"dtype":"F32","shape":[2],"data_offsets":[8,16]}}   \x00\x00\x00\x00\x00\x00\x00\x00\x00\x00\x00\x00\x00\x00\x00\x00'
device = 'cpu'

    def decode_production_outer_state(
        data: bytes,
        *,
        device: torch.device | str = "cpu",
    ) -> dict[str, torch.Tensor]:
        try:
>           headers, _ = parse_safetensors(data)
                         ^^^^^^^^^^^^^^^^^^^^^^^

fs_diloco/log/production_codec.py:94: 
_ _ _ _ _ _ _ _ _ _ _ _ _ _ _ _ _ _ _ _ _ _ _ _ _ _ _ _ _ _ _ _ _ _ _ _ _ _ _ _ 

payload = b'x\x00\x00\x00\x00\x00\x00\x00{"step":{"dtype":"I64","shape":[],"data_offsets":[0,8]},"momentum":{"dtype":"F32","shape":[2],"data_offsets":[8,16]}}   \x00\x00\x00\x00\x00\x00\x00\x00\x00\x00\x00\x00\x00\x00\x00\x00'

    def parse_safetensors(payload: bytes) -> tuple[dict[str, TensorHeader], bytes]:
        if len(payload) < 8:
            raise ProtocolError("PAYLOAD_TRUNCATED", "safetensors payload is shorter than 8 bytes")
        header_size = struct.unpack("<Q", payload[:8])[0]
        if header_size < 2 or header_size > len(payload) - 8:
            raise ProtocolError("SAFETENSORS_HEADER", "invalid safetensors header length")
        header_bytes = payload[8 : 8 + header_size]
        try:
            raw = json.loads(
                header_bytes,
                object_pairs_hook=_pairs_no_duplicates,
                parse_constant=_reject_constant,
            )
        except ProtocolError:
            raise
        except (UnicodeDecodeError, RecursionError, ValueError) as exc:
            raise ProtocolError("SAFETENSORS_HEADER", f"invalid header JSON: {exc}") from exc
        if not isinstance(raw, dict):
            raise ProtocolError("SAFETENSORS_HEADER", "header root must be an object")
        _reject_excessive_json_depth(raw)
        data = payload[8 + header_size :]
        tensors: dict[str, TensorHeader] = {}
        ranges: list[tuple[int, int, str]] = []
        for key, value in raw.items():
            if key == "__metadata__":
                if not isinstance(value, dict) or not all(
                    isinstance(meta_key, str) and isinstance(meta_value, str)
                    for meta_key, meta_value in value.items()
                ):
                    raise ProtocolError(
                        "SAFETENSORS_HEADER",
                        "__metadata__ must be a string-to-string object",
                    )
                continue
            if not isinstance(value, dict) or set(value) != {"dtype", "shape", "data_offsets"}:
                raise ProtocolError("SAFETENSORS_HEADER", f"invalid tensor descriptor for {key}")
            dtype = value["dtype"]
            if not isinstance(dtype, str) or dtype not in DTYPE_BYTES:
>               raise ProtocolError("PAYLOAD_DTYPE", f"unsupported safetensors dtype: {dtype}")
E               fs_diloco.protocol.errors.ProtocolError: PAYLOAD_DTYPE: unsupported safetensors dtype: I64

fs_diloco/protocol/safetensors_validation.py:101: ProtocolError

The above exception was the direct cause of the following exception:

    def test_prepared_production_outputs_are_invisible_until_head_cas():
>       _, log = _initialize("production-partial")
                 ^^^^^^^^^^^^^^^^^^^^^^^^^^^^^^^^^

tests/log/test_production_runtime.py:107: 
_ _ _ _ _ _ _ _ _ _ _ _ _ _ _ _ _ _ _ _ _ _ _ _ _ _ _ _ _ _ _ _ _ _ _ _ _ _ _ _ 
tests/log/test_production_runtime.py:44: in _initialize
    log = ProductionTransactionalLog.initialize(
fs_diloco/log/production.py:82: in initialize
    outer = decode_production_outer_state(outer_data)
            ^^^^^^^^^^^^^^^^^^^^^^^^^^^^^^^^^^^^^^^^^
_ _ _ _ _ _ _ _ _ _ _ _ _ _ _ _ _ _ _ _ _ _ _ _ _ _ _ _ _ _ _ _ _ _ _ _ _ _ _ _ 

data = b'x\x00\x00\x00\x00\x00\x00\x00{"step":{"dtype":"I64","shape":[],"data_offsets":[0,8]},"momentum":{"dtype":"F32","shape":[2],"data_offsets":[8,16]}}   \x00\x00\x00\x00\x00\x00\x00\x00\x00\x00\x00\x00\x00\x00\x00\x00'
device = 'cpu'

    def decode_production_outer_state(
        data: bytes,
        *,
        device: torch.device | str = "cpu",
    ) -> dict[str, torch.Tensor]:
        try:
            headers, _ = parse_safetensors(data)
            if "step" not in headers or len(headers) < 2:
                raise ValueError("outer state must contain step and optimizer state")
            raw = load_bytes(data)
            result: dict[str, torch.Tensor] = {}
            vector_size: int | None = None
            for key, value in sorted(raw.items()):
                tensor = value.detach().to(device=device)
                if key == "step":
                    if tensor.numel() != 1 or tensor.is_floating_point() or int(tensor.item()) < 0:
                        raise ValueError("outer state step is invalid")
                else:
                    tensor = tensor.to(dtype=torch.float32).reshape(-1).contiguous()
                    _require_finite(tensor, f"outer state {key}")
                    if vector_size is None:
                        vector_size = int(tensor.numel())
                    elif int(tensor.numel()) != vector_size:
                        raise ValueError("outer state vectors differ in size")
                result[key] = tensor
            return result
        except VerificationError:
            raise
        except Exception as exc:
>           raise VerificationError(f"invalid production outer-state payload: {exc}") from exc
E           fs_diloco.log.errors.VerificationError: invalid production outer-state payload: PAYLOAD_DTYPE: unsupported safetensors dtype: I64

fs_diloco/log/production_codec.py:117: VerificationError
____ test_fresh_process_recovers_identical_runtime_view_without_local_state ____

data = b'x\x00\x00\x00\x00\x00\x00\x00{"step":{"dtype":"I64","shape":[],"data_offsets":[0,8]},"momentum":{"dtype":"F32","shape":[2],"data_offsets":[8,16]}}   \x00\x00\x00\x00\x00\x00\x00\x00\x00\x00\x00\x00\x00\x00\x00\x00'
device = 'cpu'

    def decode_production_outer_state(
        data: bytes,
        *,
        device: torch.device | str = "cpu",
    ) -> dict[str, torch.Tensor]:
        try:
>           headers, _ = parse_safetensors(data)
                         ^^^^^^^^^^^^^^^^^^^^^^^

fs_diloco/log/production_codec.py:94: 
_ _ _ _ _ _ _ _ _ _ _ _ _ _ _ _ _ _ _ _ _ _ _ _ _ _ _ _ _ _ _ _ _ _ _ _ _ _ _ _ 

payload = b'x\x00\x00\x00\x00\x00\x00\x00{"step":{"dtype":"I64","shape":[],"data_offsets":[0,8]},"momentum":{"dtype":"F32","shape":[2],"data_offsets":[8,16]}}   \x00\x00\x00\x00\x00\x00\x00\x00\x00\x00\x00\x00\x00\x00\x00\x00'

    def parse_safetensors(payload: bytes) -> tuple[dict[str, TensorHeader], bytes]:
        if len(payload) < 8:
            raise ProtocolError("PAYLOAD_TRUNCATED", "safetensors payload is shorter than 8 bytes")
        header_size = struct.unpack("<Q", payload[:8])[0]
        if header_size < 2 or header_size > len(payload) - 8:
            raise ProtocolError("SAFETENSORS_HEADER", "invalid safetensors header length")
        header_bytes = payload[8 : 8 + header_size]
        try:
            raw = json.loads(
                header_bytes,
                object_pairs_hook=_pairs_no_duplicates,
                parse_constant=_reject_constant,
            )
        except ProtocolError:
            raise
        except (UnicodeDecodeError, RecursionError, ValueError) as exc:
            raise ProtocolError("SAFETENSORS_HEADER", f"invalid header JSON: {exc}") from exc
        if not isinstance(raw, dict):
            raise ProtocolError("SAFETENSORS_HEADER", "header root must be an object")
        _reject_excessive_json_depth(raw)
        data = payload[8 + header_size :]
        tensors: dict[str, TensorHeader] = {}
        ranges: list[tuple[int, int, str]] = []
        for key, value in raw.items():
            if key == "__metadata__":
                if not isinstance(value, dict) or not all(
                    isinstance(meta_key, str) and isinstance(meta_value, str)
                    for meta_key, meta_value in value.items()
                ):
                    raise ProtocolError(
                        "SAFETENSORS_HEADER",
                        "__metadata__ must be a string-to-string object",
                    )
                continue
            if not isinstance(value, dict) or set(value) != {"dtype", "shape", "data_offsets"}:
                raise ProtocolError("SAFETENSORS_HEADER", f"invalid tensor descriptor for {key}")
            dtype = value["dtype"]
            if not isinstance(dtype, str) or dtype not in DTYPE_BYTES:
>               raise ProtocolError("PAYLOAD_DTYPE", f"unsupported safetensors dtype: {dtype}")
E               fs_diloco.protocol.errors.ProtocolError: PAYLOAD_DTYPE: unsupported safetensors dtype: I64

fs_diloco/protocol/safetensors_validation.py:101: ProtocolError

The above exception was the direct cause of the following exception:

    def test_fresh_process_recovers_identical_runtime_view_without_local_state():
>       backend, log = _initialize("production-restart")
                       ^^^^^^^^^^^^^^^^^^^^^^^^^^^^^^^^^

tests/log/test_production_runtime.py:122: 
_ _ _ _ _ _ _ _ _ _ _ _ _ _ _ _ _ _ _ _ _ _ _ _ _ _ _ _ _ _ _ _ _ _ _ _ _ _ _ _ 
tests/log/test_production_runtime.py:44: in _initialize
    log = ProductionTransactionalLog.initialize(
fs_diloco/log/production.py:82: in initialize
    outer = decode_production_outer_state(outer_data)
            ^^^^^^^^^^^^^^^^^^^^^^^^^^^^^^^^^^^^^^^^^
_ _ _ _ _ _ _ _ _ _ _ _ _ _ _ _ _ _ _ _ _ _ _ _ _ _ _ _ _ _ _ _ _ _ _ _ _ _ _ _ 

data = b'x\x00\x00\x00\x00\x00\x00\x00{"step":{"dtype":"I64","shape":[],"data_offsets":[0,8]},"momentum":{"dtype":"F32","shape":[2],"data_offsets":[8,16]}}   \x00\x00\x00\x00\x00\x00\x00\x00\x00\x00\x00\x00\x00\x00\x00\x00'
device = 'cpu'

    def decode_production_outer_state(
        data: bytes,
        *,
        device: torch.device | str = "cpu",
    ) -> dict[str, torch.Tensor]:
        try:
            headers, _ = parse_safetensors(data)
            if "step" not in headers or len(headers) < 2:
                raise ValueError("outer state must contain step and optimizer state")
            raw = load_bytes(data)
            result: dict[str, torch.Tensor] = {}
            vector_size: int | None = None
            for key, value in sorted(raw.items()):
                tensor = value.detach().to(device=device)
                if key == "step":
                    if tensor.numel() != 1 or tensor.is_floating_point() or int(tensor.item()) < 0:
                        raise ValueError("outer state step is invalid")
                else:
                    tensor = tensor.to(dtype=torch.float32).reshape(-1).contiguous()
                    _require_finite(tensor, f"outer state {key}")
                    if vector_size is None:
                        vector_size = int(tensor.numel())
                    elif int(tensor.numel()) != vector_size:
                        raise ValueError("outer state vectors differ in size")
                result[key] = tensor
            return result
        except VerificationError:
            raise
        except Exception as exc:
>           raise VerificationError(f"invalid production outer-state payload: {exc}") from exc
E           fs_diloco.log.errors.VerificationError: invalid production outer-state payload: PAYLOAD_DTYPE: unsupported safetensors dtype: I64

fs_diloco/log/production_codec.py:117: VerificationError
_________ test_response_loss_is_resolved_from_ancestry_after_successor _________

data = b'x\x00\x00\x00\x00\x00\x00\x00{"step":{"dtype":"I64","shape":[],"data_offsets":[0,8]},"momentum":{"dtype":"F32","shape":[2],"data_offsets":[8,16]}}   \x00\x00\x00\x00\x00\x00\x00\x00\x00\x00\x00\x00\x00\x00\x00\x00'
device = 'cpu'

    def decode_production_outer_state(
        data: bytes,
        *,
        device: torch.device | str = "cpu",
    ) -> dict[str, torch.Tensor]:
        try:
>           headers, _ = parse_safetensors(data)
                         ^^^^^^^^^^^^^^^^^^^^^^^

fs_diloco/log/production_codec.py:94: 
_ _ _ _ _ _ _ _ _ _ _ _ _ _ _ _ _ _ _ _ _ _ _ _ _ _ _ _ _ _ _ _ _ _ _ _ _ _ _ _ 

payload = b'x\x00\x00\x00\x00\x00\x00\x00{"step":{"dtype":"I64","shape":[],"data_offsets":[0,8]},"momentum":{"dtype":"F32","shape":[2],"data_offsets":[8,16]}}   \x00\x00\x00\x00\x00\x00\x00\x00\x00\x00\x00\x00\x00\x00\x00\x00'

    def parse_safetensors(payload: bytes) -> tuple[dict[str, TensorHeader], bytes]:
        if len(payload) < 8:
            raise ProtocolError("PAYLOAD_TRUNCATED", "safetensors payload is shorter than 8 bytes")
        header_size = struct.unpack("<Q", payload[:8])[0]
        if header_size < 2 or header_size > len(payload) - 8:
            raise ProtocolError("SAFETENSORS_HEADER", "invalid safetensors header length")
        header_bytes = payload[8 : 8 + header_size]
        try:
            raw = json.loads(
                header_bytes,
                object_pairs_hook=_pairs_no_duplicates,
                parse_constant=_reject_constant,
            )
        except ProtocolError:
            raise
        except (UnicodeDecodeError, RecursionError, ValueError) as exc:
            raise ProtocolError("SAFETENSORS_HEADER", f"invalid header JSON: {exc}") from exc
        if not isinstance(raw, dict):
            raise ProtocolError("SAFETENSORS_HEADER", "header root must be an object")
        _reject_excessive_json_depth(raw)
        data = payload[8 + header_size :]
        tensors: dict[str, TensorHeader] = {}
        ranges: list[tuple[int, int, str]] = []
        for key, value in raw.items():
            if key == "__metadata__":
                if not isinstance(value, dict) or not all(
                    isinstance(meta_key, str) and isinstance(meta_value, str)
                    for meta_key, meta_value in value.items()
                ):
                    raise ProtocolError(
                        "SAFETENSORS_HEADER",
                        "__metadata__ must be a string-to-string object",
                    )
                continue
            if not isinstance(value, dict) or set(value) != {"dtype", "shape", "data_offsets"}:
                raise ProtocolError("SAFETENSORS_HEADER", f"invalid tensor descriptor for {key}")
            dtype = value["dtype"]
            if not isinstance(dtype, str) or dtype not in DTYPE_BYTES:
>               raise ProtocolError("PAYLOAD_DTYPE", f"unsupported safetensors dtype: {dtype}")
E               fs_diloco.protocol.errors.ProtocolError: PAYLOAD_DTYPE: unsupported safetensors dtype: I64

fs_diloco/protocol/safetensors_validation.py:101: ProtocolError

The above exception was the direct cause of the following exception:

    def test_response_loss_is_resolved_from_ancestry_after_successor():
>       _, log = _initialize("production-response-loss")
                 ^^^^^^^^^^^^^^^^^^^^^^^^^^^^^^^^^^^^^^^

tests/log/test_production_runtime.py:132: 
_ _ _ _ _ _ _ _ _ _ _ _ _ _ _ _ _ _ _ _ _ _ _ _ _ _ _ _ _ _ _ _ _ _ _ _ _ _ _ _ 
tests/log/test_production_runtime.py:44: in _initialize
    log = ProductionTransactionalLog.initialize(
fs_diloco/log/production.py:82: in initialize
    outer = decode_production_outer_state(outer_data)
            ^^^^^^^^^^^^^^^^^^^^^^^^^^^^^^^^^^^^^^^^^
_ _ _ _ _ _ _ _ _ _ _ _ _ _ _ _ _ _ _ _ _ _ _ _ _ _ _ _ _ _ _ _ _ _ _ _ _ _ _ _ 

data = b'x\x00\x00\x00\x00\x00\x00\x00{"step":{"dtype":"I64","shape":[],"data_offsets":[0,8]},"momentum":{"dtype":"F32","shape":[2],"data_offsets":[8,16]}}   \x00\x00\x00\x00\x00\x00\x00\x00\x00\x00\x00\x00\x00\x00\x00\x00'
device = 'cpu'

    def decode_production_outer_state(
        data: bytes,
        *,
        device: torch.device | str = "cpu",
    ) -> dict[str, torch.Tensor]:
        try:
            headers, _ = parse_safetensors(data)
            if "step" not in headers or len(headers) < 2:
                raise ValueError("outer state must contain step and optimizer state")
            raw = load_bytes(data)
            result: dict[str, torch.Tensor] = {}
            vector_size: int | None = None
            for key, value in sorted(raw.items()):
                tensor = value.detach().to(device=device)
                if key == "step":
                    if tensor.numel() != 1 or tensor.is_floating_point() or int(tensor.item()) < 0:
                        raise ValueError("outer state step is invalid")
                else:
                    tensor = tensor.to(dtype=torch.float32).reshape(-1).contiguous()
                    _require_finite(tensor, f"outer state {key}")
                    if vector_size is None:
                        vector_size = int(tensor.numel())
                    elif int(tensor.numel()) != vector_size:
                        raise ValueError("outer state vectors differ in size")
                result[key] = tensor
            return result
        except VerificationError:
            raise
        except Exception as exc:
>           raise VerificationError(f"invalid production outer-state payload: {exc}") from exc
E           fs_diloco.log.errors.VerificationError: invalid production outer-state payload: PAYLOAD_DTYPE: unsupported safetensors dtype: I64

fs_diloco/log/production_codec.py:117: VerificationError
___________ test_legacy_runtime_has_no_posix_backend_default_switch ____________

    def test_legacy_runtime_has_no_posix_backend_default_switch():
        from pathlib import Path
    
        root = Path(__file__).resolve().parents[2]
        for relative in ("fs_diloco/learner.py", "fs_diloco/syncer.py", "fs_diloco/config.py"):
            source = (root / relative).read_text(encoding="utf-8")
>           assert "PosixStorageBackend" not in source
E           assert 'PosixStorageBackend' not in '"""SQLite-f...    main()\n'
E             
E             'PosixStorageBackend' is contained here:
E               dTimeout, PosixStorageBackend
E               from .tensor_codec import save_global_weights, save_outer_state
E               from .testing.deterministic_reference import ReferenceOptimizerConfig, ReferenceWeightingConfig, normalized_weights
E               from .wandb_logging import (
E                   syncer_wandb_project_name,...
E             
E             ...Full output truncated (638 lines hidden), use '-vv' to show

tests/storage/test_capability_probe.py:37: AssertionError
_____________ test_selection_one_update_per_learner_and_stale_drop _____________

    def test_selection_one_update_per_learner_and_stale_drop():
        updates = [
            {"update_id": "old", "learner_id": "learner_000", "local_step_end": 1, "committed_at": 1.0, "base_global_version": 0},
            {"update_id": "new", "learner_id": "learner_000", "local_step_end": 2, "committed_at": 2.0, "base_global_version": 1},
            {"update_id": "other", "learner_id": "learner_001", "local_step_end": 1, "committed_at": 3.0, "base_global_version": 3},
        ]
>       selected = select_one_per_learner(updates, policy="most_recent_per_learner")
                   ^^^^^^^^^^^^^^^^^^^^^^^^^^^^^^^^^^^^^^^^^^^^^^^^^^^^^^^^^^^^^^^^^

tests/test_merge.py:32: 
_ _ _ _ _ _ _ _ _ _ _ _ _ _ _ _ _ _ _ _ _ _ _ _ _ _ _ _ _ _ _ _ _ _ _ _ _ _ _ _ 

updates = [{'update_id': 'old', 'learner_id': 'learner_000', 'local_step_end': 1, 'committed_at': 1.0, ...}, {'update_id': 'new'...ted_at': 2.0, ...}, {'update_id': 'other', 'learner_id': 'learner_001', 'local_step_end': 1, 'committed_at': 3.0, ...}]
policy = 'most_recent_per_learner', quorum_max = None

    def select_one_per_learner(
        updates: list[dict[str, Any]],
        *,
        policy: str = "oldest_pending",
        quorum_max: int | None = None,
    ) -> list[dict[str, Any]]:
        by_learner: dict[str, dict[str, Any]] = {}
        for update in updates:
            learner_id = update["learner_id"]
            current = by_learner.get(learner_id)
            if current is None:
                by_learner[learner_id] = update
                continue
            if policy == "oldest_pending":
                if float(update["committed_at"]) < float(current["committed_at"]):
                    by_learner[learner_id] = update
            else:
>               raise ValueError(f"unsupported selection_policy: {policy}")
E               ValueError: unsupported selection_policy: most_recent_per_learner

fs_diloco/merge.py:73: ValueError
_ test_listing_omission_duplicate_reorder_and_catalog_restart_do_not_change_view _

data = b'x\x00\x00\x00\x00\x00\x00\x00{"step":{"dtype":"I64","shape":[],"data_offsets":[0,8]},"momentum":{"dtype":"F32","shape":[2],"data_offsets":[8,16]}}   \x00\x00\x00\x00\x00\x00\x00\x00\x00\x00\x00\x00\x00\x00\x00\x00'
device = 'cpu'

    def decode_production_outer_state(
        data: bytes,
        *,
        device: torch.device | str = "cpu",
    ) -> dict[str, torch.Tensor]:
        try:
>           headers, _ = parse_safetensors(data)
                         ^^^^^^^^^^^^^^^^^^^^^^^

fs_diloco/log/production_codec.py:94: 
_ _ _ _ _ _ _ _ _ _ _ _ _ _ _ _ _ _ _ _ _ _ _ _ _ _ _ _ _ _ _ _ _ _ _ _ _ _ _ _ 

payload = b'x\x00\x00\x00\x00\x00\x00\x00{"step":{"dtype":"I64","shape":[],"data_offsets":[0,8]},"momentum":{"dtype":"F32","shape":[2],"data_offsets":[8,16]}}   \x00\x00\x00\x00\x00\x00\x00\x00\x00\x00\x00\x00\x00\x00\x00\x00'

    def parse_safetensors(payload: bytes) -> tuple[dict[str, TensorHeader], bytes]:
        if len(payload) < 8:
            raise ProtocolError("PAYLOAD_TRUNCATED", "safetensors payload is shorter than 8 bytes")
        header_size = struct.unpack("<Q", payload[:8])[0]
        if header_size < 2 or header_size > len(payload) - 8:
            raise ProtocolError("SAFETENSORS_HEADER", "invalid safetensors header length")
        header_bytes = payload[8 : 8 + header_size]
        try:
            raw = json.loads(
                header_bytes,
                object_pairs_hook=_pairs_no_duplicates,
                parse_constant=_reject_constant,
            )
        except ProtocolError:
            raise
        except (UnicodeDecodeError, RecursionError, ValueError) as exc:
            raise ProtocolError("SAFETENSORS_HEADER", f"invalid header JSON: {exc}") from exc
        if not isinstance(raw, dict):
            raise ProtocolError("SAFETENSORS_HEADER", "header root must be an object")
        _reject_excessive_json_depth(raw)
        data = payload[8 + header_size :]
        tensors: dict[str, TensorHeader] = {}
        ranges: list[tuple[int, int, str]] = []
        for key, value in raw.items():
            if key == "__metadata__":
                if not isinstance(value, dict) or not all(
                    isinstance(meta_key, str) and isinstance(meta_value, str)
                    for meta_key, meta_value in value.items()
                ):
                    raise ProtocolError(
                        "SAFETENSORS_HEADER",
                        "__metadata__ must be a string-to-string object",
                    )
                continue
            if not isinstance(value, dict) or set(value) != {"dtype", "shape", "data_offsets"}:
                raise ProtocolError("SAFETENSORS_HEADER", f"invalid tensor descriptor for {key}")
            dtype = value["dtype"]
            if not isinstance(dtype, str) or dtype not in DTYPE_BYTES:
>               raise ProtocolError("PAYLOAD_DTYPE", f"unsupported safetensors dtype: {dtype}")
E               fs_diloco.protocol.errors.ProtocolError: PAYLOAD_DTYPE: unsupported safetensors dtype: I64

fs_diloco/protocol/safetensors_validation.py:101: ProtocolError

The above exception was the direct cause of the following exception:

tmp_path = PosixPath('/tmp/2359070.4316/pytest-of-x10041/pytest-0/test_listing_omission_duplicat0')

    def test_listing_omission_duplicate_reorder_and_catalog_restart_do_not_change_view(tmp_path):
>       log = _log()
              ^^^^^^

tests/test_proposal_catalog.py:85: 
_ _ _ _ _ _ _ _ _ _ _ _ _ _ _ _ _ _ _ _ _ _ _ _ _ _ _ _ _ _ _ _ _ _ _ _ _ _ _ _ 
tests/test_proposal_catalog.py:38: in _log
    return ProductionTransactionalLog.initialize(
fs_diloco/log/production.py:82: in initialize
    outer = decode_production_outer_state(outer_data)
            ^^^^^^^^^^^^^^^^^^^^^^^^^^^^^^^^^^^^^^^^^
_ _ _ _ _ _ _ _ _ _ _ _ _ _ _ _ _ _ _ _ _ _ _ _ _ _ _ _ _ _ _ _ _ _ _ _ _ _ _ _ 

data = b'x\x00\x00\x00\x00\x00\x00\x00{"step":{"dtype":"I64","shape":[],"data_offsets":[0,8]},"momentum":{"dtype":"F32","shape":[2],"data_offsets":[8,16]}}   \x00\x00\x00\x00\x00\x00\x00\x00\x00\x00\x00\x00\x00\x00\x00\x00'
device = 'cpu'

    def decode_production_outer_state(
        data: bytes,
        *,
        device: torch.device | str = "cpu",
    ) -> dict[str, torch.Tensor]:
        try:
            headers, _ = parse_safetensors(data)
            if "step" not in headers or len(headers) < 2:
                raise ValueError("outer state must contain step and optimizer state")
            raw = load_bytes(data)
            result: dict[str, torch.Tensor] = {}
            vector_size: int | None = None
            for key, value in sorted(raw.items()):
                tensor = value.detach().to(device=device)
                if key == "step":
                    if tensor.numel() != 1 or tensor.is_floating_point() or int(tensor.item()) < 0:
                        raise ValueError("outer state step is invalid")
                else:
                    tensor = tensor.to(dtype=torch.float32).reshape(-1).contiguous()
                    _require_finite(tensor, f"outer state {key}")
                    if vector_size is None:
                        vector_size = int(tensor.numel())
                    elif int(tensor.numel()) != vector_size:
                        raise ValueError("outer state vectors differ in size")
                result[key] = tensor
            return result
        except VerificationError:
            raise
        except Exception as exc:
>           raise VerificationError(f"invalid production outer-state payload: {exc}") from exc
E           fs_diloco.log.errors.VerificationError: invalid production outer-state payload: PAYLOAD_DTYPE: unsupported safetensors dtype: I64

fs_diloco/log/production_codec.py:117: VerificationError
_______ test_future_candidate_is_quarantined_without_affecting_authority _______

data = b'x\x00\x00\x00\x00\x00\x00\x00{"step":{"dtype":"I64","shape":[],"data_offsets":[0,8]},"momentum":{"dtype":"F32","shape":[2],"data_offsets":[8,16]}}   \x00\x00\x00\x00\x00\x00\x00\x00\x00\x00\x00\x00\x00\x00\x00\x00'
device = 'cpu'

    def decode_production_outer_state(
        data: bytes,
        *,
        device: torch.device | str = "cpu",
    ) -> dict[str, torch.Tensor]:
        try:
>           headers, _ = parse_safetensors(data)
                         ^^^^^^^^^^^^^^^^^^^^^^^

fs_diloco/log/production_codec.py:94: 
_ _ _ _ _ _ _ _ _ _ _ _ _ _ _ _ _ _ _ _ _ _ _ _ _ _ _ _ _ _ _ _ _ _ _ _ _ _ _ _ 

payload = b'x\x00\x00\x00\x00\x00\x00\x00{"step":{"dtype":"I64","shape":[],"data_offsets":[0,8]},"momentum":{"dtype":"F32","shape":[2],"data_offsets":[8,16]}}   \x00\x00\x00\x00\x00\x00\x00\x00\x00\x00\x00\x00\x00\x00\x00\x00'

    def parse_safetensors(payload: bytes) -> tuple[dict[str, TensorHeader], bytes]:
        if len(payload) < 8:
            raise ProtocolError("PAYLOAD_TRUNCATED", "safetensors payload is shorter than 8 bytes")
        header_size = struct.unpack("<Q", payload[:8])[0]
        if header_size < 2 or header_size > len(payload) - 8:
            raise ProtocolError("SAFETENSORS_HEADER", "invalid safetensors header length")
        header_bytes = payload[8 : 8 + header_size]
        try:
            raw = json.loads(
                header_bytes,
                object_pairs_hook=_pairs_no_duplicates,
                parse_constant=_reject_constant,
            )
        except ProtocolError:
            raise
        except (UnicodeDecodeError, RecursionError, ValueError) as exc:
            raise ProtocolError("SAFETENSORS_HEADER", f"invalid header JSON: {exc}") from exc
        if not isinstance(raw, dict):
            raise ProtocolError("SAFETENSORS_HEADER", "header root must be an object")
        _reject_excessive_json_depth(raw)
        data = payload[8 + header_size :]
        tensors: dict[str, TensorHeader] = {}
        ranges: list[tuple[int, int, str]] = []
        for key, value in raw.items():
            if key == "__metadata__":
                if not isinstance(value, dict) or not all(
                    isinstance(meta_key, str) and isinstance(meta_value, str)
                    for meta_key, meta_value in value.items()
                ):
                    raise ProtocolError(
                        "SAFETENSORS_HEADER",
                        "__metadata__ must be a string-to-string object",
                    )
                continue
            if not isinstance(value, dict) or set(value) != {"dtype", "shape", "data_offsets"}:
                raise ProtocolError("SAFETENSORS_HEADER", f"invalid tensor descriptor for {key}")
            dtype = value["dtype"]
            if not isinstance(dtype, str) or dtype not in DTYPE_BYTES:
>               raise ProtocolError("PAYLOAD_DTYPE", f"unsupported safetensors dtype: {dtype}")
E               fs_diloco.protocol.errors.ProtocolError: PAYLOAD_DTYPE: unsupported safetensors dtype: I64

fs_diloco/protocol/safetensors_validation.py:101: ProtocolError

The above exception was the direct cause of the following exception:

tmp_path = PosixPath('/tmp/2359070.4316/pytest-of-x10041/pytest-0/test_future_candidate_is_quara0')

    def test_future_candidate_is_quarantined_without_affecting_authority(tmp_path):
>       log = _log()
              ^^^^^^

tests/test_proposal_catalog.py:106: 
_ _ _ _ _ _ _ _ _ _ _ _ _ _ _ _ _ _ _ _ _ _ _ _ _ _ _ _ _ _ _ _ _ _ _ _ _ _ _ _ 
tests/test_proposal_catalog.py:38: in _log
    return ProductionTransactionalLog.initialize(
fs_diloco/log/production.py:82: in initialize
    outer = decode_production_outer_state(outer_data)
            ^^^^^^^^^^^^^^^^^^^^^^^^^^^^^^^^^^^^^^^^^
_ _ _ _ _ _ _ _ _ _ _ _ _ _ _ _ _ _ _ _ _ _ _ _ _ _ _ _ _ _ _ _ _ _ _ _ _ _ _ _ 

data = b'x\x00\x00\x00\x00\x00\x00\x00{"step":{"dtype":"I64","shape":[],"data_offsets":[0,8]},"momentum":{"dtype":"F32","shape":[2],"data_offsets":[8,16]}}   \x00\x00\x00\x00\x00\x00\x00\x00\x00\x00\x00\x00\x00\x00\x00\x00'
device = 'cpu'

    def decode_production_outer_state(
        data: bytes,
        *,
        device: torch.device | str = "cpu",
    ) -> dict[str, torch.Tensor]:
        try:
            headers, _ = parse_safetensors(data)
            if "step" not in headers or len(headers) < 2:
                raise ValueError("outer state must contain step and optimizer state")
            raw = load_bytes(data)
            result: dict[str, torch.Tensor] = {}
            vector_size: int | None = None
            for key, value in sorted(raw.items()):
                tensor = value.detach().to(device=device)
                if key == "step":
                    if tensor.numel() != 1 or tensor.is_floating_point() or int(tensor.item()) < 0:
                        raise ValueError("outer state step is invalid")
                else:
                    tensor = tensor.to(dtype=torch.float32).reshape(-1).contiguous()
                    _require_finite(tensor, f"outer state {key}")
                    if vector_size is None:
                        vector_size = int(tensor.numel())
                    elif int(tensor.numel()) != vector_size:
                        raise ValueError("outer state vectors differ in size")
                result[key] = tensor
            return result
        except VerificationError:
            raise
        except Exception as exc:
>           raise VerificationError(f"invalid production outer-state payload: {exc}") from exc
E           fs_diloco.log.errors.VerificationError: invalid production outer-state payload: PAYLOAD_DTYPE: unsupported safetensors dtype: I64

fs_diloco/log/production_codec.py:117: VerificationError
=========================== short test summary info ============================
FAILED tests/log/test_production_runtime.py::test_prepared_production_outputs_are_invisible_until_head_cas
FAILED tests/log/test_production_runtime.py::test_fresh_process_recovers_identical_runtime_view_without_local_state
FAILED tests/log/test_production_runtime.py::test_response_loss_is_resolved_from_ancestry_after_successor
FAILED tests/storage/test_capability_probe.py::test_legacy_runtime_has_no_posix_backend_default_switch
FAILED tests/test_merge.py::test_selection_one_update_per_learner_and_stale_drop
FAILED tests/test_proposal_catalog.py::test_listing_omission_duplicate_reorder_and_catalog_restart_do_not_change_view
FAILED tests/test_proposal_catalog.py::test_future_candidate_is_quarantined_without_affecting_authority
7 failed, 263 passed, 1 skipped in 18.85s
