{"actor": "syncer", "authority_root": "/work/xg24i002/x10041/fs_based_decoupled_diloco/runs/duraloco/20260711_p06a_repair_5a71502_c9/training/authority", "cuda_visible_devices": "0", "device": "cuda", "event_type": "process_start", "hostname": "mg0493", "owner_id": "terminal-standby", "owner_session_id": "terminal-standby-session", "run_generation": 0, "run_id": "20260711_p06a_repair_5a71502_c9", "shared_root": "/work/xg24i002/x10041/fs_based_decoupled_diloco/runs/duraloco/20260711_p06a_repair_5a71502_c9/training", "standby": true, "timestamp": 1783761627.047993}
{"actor": "syncer", "event_type": "wandb_disabled", "hostname": "mg0493", "timestamp": 1783761627.0500357}
{"actor": "syncer", "event_type": "standby_wait_for_generation", "hostname": "mg0493", "timestamp": 1783761627.0514884}
{"actor": "syncer", "event_type": "standby_wait_for_generation", "hostname": "mg0493", "timestamp": 1783761629.0534213}
{"actor": "syncer", "event_type": "standby_wait_for_generation", "hostname": "mg0493", "timestamp": 1783761631.0549645}
{"actor": "syncer", "event_type": "standby_wait_for_generation", "hostname": "mg0493", "timestamp": 1783761633.058236}
{"actor": "syncer", "event_type": "standby_wait_for_generation", "hostname": "mg0493", "timestamp": 1783761635.0598338}
{"actor": "syncer", "event_type": "standby_wait_for_generation", "hostname": "mg0493", "timestamp": 1783761637.061481}
{"actor": "syncer", "event_type": "standby_wait_for_generation", "hostname": "mg0493", "timestamp": 1783761639.0632133}
{"actor": "syncer", "event_type": "standby_wait_for_generation", "hostname": "mg0493", "timestamp": 1783761641.0646152}
{"actor": "syncer", "event_type": "standby_wait_for_generation", "hostname": "mg0493", "timestamp": 1783761643.078631}
{"actor": "syncer", "event_type": "standby_wait_for_generation", "hostname": "mg0493", "timestamp": 1783761645.0835083}
{"actor": "syncer", "event_type": "standby_wait_for_generation", "hostname": "mg0493", "timestamp": 1783761647.086849}
{"actor": "syncer", "commit_seq": 0, "event_type": "log_only_resume", "hostname": "mg0493", "timestamp": 1783761651.9446077, "view_digest": "b29da2baf1b4f0fe34dc470bdc1b1d2e18db7a03d6408b07369b6c855533617c"}
{"actor": "syncer", "event_type": "standby_wait", "hostname": "mg0493", "lease_owner_id": "terminal-active", "lease_sequence": 1, "observed_fencing_epoch": 1, "timestamp": 1783761651.95451, "wait_seconds": 43.492455323}
{"actor": "syncer", "event_type": "standby_wait", "hostname": "mg0493", "lease_owner_id": "terminal-active", "lease_sequence": 1, "observed_fencing_epoch": 1, "timestamp": 1783761653.9634917, "wait_seconds": 41.483161761}
{"actor": "syncer", "event_type": "standby_wait", "hostname": "mg0493", "lease_owner_id": "terminal-active", "lease_sequence": 1, "observed_fencing_epoch": 1, "timestamp": 1783761655.972643, "wait_seconds": 39.47398676}
{"actor": "syncer", "event_type": "standby_wait", "hostname": "mg0493", "lease_owner_id": "terminal-active", "lease_sequence": 1, "observed_fencing_epoch": 1, "timestamp": 1783761657.981114, "wait_seconds": 37.465503115}
{"actor": "syncer", "event_type": "standby_wait", "hostname": "mg0493", "lease_owner_id": "terminal-active", "lease_sequence": 1, "observed_fencing_epoch": 1, "timestamp": 1783761659.9897077, "wait_seconds": 35.456889741}
{"actor": "syncer", "event_type": "standby_wait", "hostname": "mg0493", "lease_owner_id": "terminal-active", "lease_sequence": 1, "observed_fencing_epoch": 1, "timestamp": 1783761661.9985936, "wait_seconds": 33.448026126}
{"actor": "syncer", "event_type": "standby_wait", "hostname": "mg0493", "lease_owner_id": "terminal-active", "lease_sequence": 1, "observed_fencing_epoch": 1, "timestamp": 1783761664.0078042, "wait_seconds": 31.43883496}
{"actor": "syncer", "event_type": "standby_wait", "hostname": "mg0493", "lease_owner_id": "terminal-active", "lease_sequence": 1, "observed_fencing_epoch": 1, "timestamp": 1783761666.0173106, "wait_seconds": 29.429334001}
{"actor": "syncer", "event_type": "standby_wait", "hostname": "mg0493", "lease_owner_id": "terminal-active", "lease_sequence": 1, "observed_fencing_epoch": 1, "timestamp": 1783761668.026902, "wait_seconds": 27.419762643}
{"actor": "syncer", "event_type": "standby_wait", "hostname": "mg0493", "lease_owner_id": "terminal-active", "lease_sequence": 1, "observed_fencing_epoch": 1, "timestamp": 1783761670.0364785, "wait_seconds": 25.410257299}
{"actor": "syncer", "event_type": "standby_wait", "hostname": "mg0493", "lease_owner_id": "terminal-active", "lease_sequence": 1, "observed_fencing_epoch": 1, "timestamp": 1783761676.9430153, "wait_seconds": 18.503881342}
{"actor": "syncer", "event_type": "standby_wait", "hostname": "mg0493", "lease_owner_id": "terminal-active", "lease_sequence": 2, "observed_fencing_epoch": 1, "timestamp": 1783761678.964704, "wait_seconds": 45.26033939}
{"actor": "syncer", "event_type": "standby_wait", "hostname": "mg0493", "lease_owner_id": "terminal-active", "lease_sequence": 2, "observed_fencing_epoch": 1, "timestamp": 1783761680.9852462, "wait_seconds": 43.239622676}
{"actor": "syncer", "event_type": "standby_wait", "hostname": "mg0493", "lease_owner_id": "terminal-active", "lease_sequence": 2, "observed_fencing_epoch": 1, "timestamp": 1783761683.0066981, "wait_seconds": 41.218313386}
{"actor": "syncer", "event_type": "standby_wait", "hostname": "mg0493", "lease_owner_id": "terminal-active", "lease_sequence": 2, "observed_fencing_epoch": 1, "timestamp": 1783761685.02677, "wait_seconds": 39.198166369}
{"actor": "syncer", "event_type": "standby_wait", "hostname": "mg0493", "lease_owner_id": "terminal-active", "lease_sequence": 2, "observed_fencing_epoch": 1, "timestamp": 1783761687.0469882, "wait_seconds": 37.177904984}
{"actor": "syncer", "event_type": "standby_wait", "hostname": "mg0493", "lease_owner_id": "terminal-active", "lease_sequence": 2, "observed_fencing_epoch": 1, "timestamp": 1783761689.0671625, "wait_seconds": 35.157769456}
{"actor": "syncer", "event_type": "standby_wait", "hostname": "mg0493", "lease_owner_id": "terminal-active", "lease_sequence": 2, "observed_fencing_epoch": 1, "timestamp": 1783761695.9943202, "wait_seconds": 28.230814055}
{"actor": "syncer", "event_type": "standby_wait", "hostname": "mg0493", "lease_owner_id": "terminal-active", "lease_sequence": 3, "observed_fencing_epoch": 1, "timestamp": 1783761698.0256495, "wait_seconds": 46.768379494}
{"actor": "syncer", "event_type": "standby_wait", "hostname": "mg0493", "lease_owner_id": "terminal-active", "lease_sequence": 3, "observed_fencing_epoch": 1, "timestamp": 1783761700.0555985, "wait_seconds": 44.738250996}
{"actor": "syncer", "event_type": "standby_wait", "hostname": "mg0493", "lease_owner_id": "terminal-active", "lease_sequence": 3, "observed_fencing_epoch": 1, "timestamp": 1783761702.085475, "wait_seconds": 42.708371522}
{"actor": "syncer", "event_type": "standby_wait", "hostname": "mg0493", "lease_owner_id": "terminal-active", "lease_sequence": 3, "observed_fencing_epoch": 1, "timestamp": 1783761704.118887, "wait_seconds": 40.674942605}
{"actor": "syncer", "event_type": "standby_wait", "hostname": "mg0493", "lease_owner_id": "terminal-active", "lease_sequence": 3, "observed_fencing_epoch": 1, "timestamp": 1783761706.1521966, "wait_seconds": 38.641657431}
{"actor": "syncer", "event_type": "standby_wait", "hostname": "mg0493", "lease_owner_id": "terminal-active", "lease_sequence": 3, "observed_fencing_epoch": 1, "timestamp": 1783761708.1829112, "wait_seconds": 36.610900612}
{"actor": "syncer", "event_type": "standby_wait", "hostname": "mg0493", "lease_owner_id": "terminal-active", "lease_sequence": 3, "observed_fencing_epoch": 1, "timestamp": 1783761710.2127032, "wait_seconds": 34.581142578}
{"actor": "syncer", "event_type": "standby_wait", "hostname": "mg0493", "lease_owner_id": "terminal-active", "lease_sequence": 3, "observed_fencing_epoch": 1, "timestamp": 1783761712.242944, "wait_seconds": 32.550869375}
{"actor": "syncer", "event_type": "standby_wait", "hostname": "mg0493", "lease_owner_id": "terminal-active", "lease_sequence": 3, "observed_fencing_epoch": 1, "timestamp": 1783761714.2724738, "wait_seconds": 30.521355789}
{"actor": "syncer", "event_type": "standby_wait", "hostname": "mg0493", "lease_owner_id": "terminal-active", "lease_sequence": 3, "observed_fencing_epoch": 1, "timestamp": 1783761716.3019168, "wait_seconds": 28.491916603}
{"actor": "syncer", "event_type": "standby_wait", "hostname": "mg0493", "lease_owner_id": "terminal-active", "lease_sequence": 3, "observed_fencing_epoch": 1, "timestamp": 1783761718.3317087, "wait_seconds": 26.462114441}
{"actor": "syncer", "event_type": "standby_wait", "hostname": "mg0493", "lease_owner_id": "terminal-active", "lease_sequence": 3, "observed_fencing_epoch": 1, "timestamp": 1783761720.3650393, "wait_seconds": 24.428774464}
{"actor": "syncer", "event_type": "standby_wait", "hostname": "mg0493", "lease_owner_id": "terminal-active", "lease_sequence": 3, "observed_fencing_epoch": 1, "timestamp": 1783761722.3956578, "wait_seconds": 22.398208576}
{"actor": "syncer", "event_type": "standby_wait", "hostname": "mg0493", "lease_owner_id": "terminal-active", "lease_sequence": 3, "observed_fencing_epoch": 1, "timestamp": 1783761724.4254675, "wait_seconds": 20.368398466}
{"actor": "syncer", "event_type": "standby_wait", "hostname": "mg0493", "lease_owner_id": "terminal-active", "lease_sequence": 3, "observed_fencing_epoch": 1, "timestamp": 1783761726.4555192, "wait_seconds": 18.338272706}
{"actor": "syncer", "event_type": "standby_wait", "hostname": "mg0493", "lease_owner_id": "terminal-active", "lease_sequence": 3, "observed_fencing_epoch": 1, "timestamp": 1783761728.4850595, "wait_seconds": 16.308755362}
{"actor": "syncer", "event_type": "standby_wait", "hostname": "mg0493", "lease_owner_id": "terminal-active", "lease_sequence": 3, "observed_fencing_epoch": 1, "timestamp": 1783761730.5147235, "wait_seconds": 14.279117571}
{"actor": "syncer", "event_type": "standby_wait", "hostname": "mg0493", "lease_owner_id": "terminal-active", "lease_sequence": 3, "observed_fencing_epoch": 1, "timestamp": 1783761732.5446434, "wait_seconds": 12.249205059}
{"actor": "syncer", "event_type": "standby_wait", "hostname": "mg0493", "lease_owner_id": "terminal-active", "lease_sequence": 3, "observed_fencing_epoch": 1, "timestamp": 1783761734.5739307, "wait_seconds": 10.219886403}
{"actor": "syncer", "event_type": "standby_wait", "hostname": "mg0493", "lease_owner_id": "terminal-active", "lease_sequence": 3, "observed_fencing_epoch": 1, "timestamp": 1783761736.6032119, "wait_seconds": 8.190603908}
{"actor": "syncer", "event_type": "standby_wait", "hostname": "mg0493", "lease_owner_id": "terminal-active", "lease_sequence": 3, "observed_fencing_epoch": 1, "timestamp": 1783761738.6326525, "wait_seconds": 6.161154309}
{"actor": "syncer", "event_type": "standby_wait", "hostname": "mg0493", "lease_owner_id": "terminal-active", "lease_sequence": 3, "observed_fencing_epoch": 1, "timestamp": 1783761740.6659358, "wait_seconds": 4.127886786}
{"actor": "syncer", "event_type": "standby_wait", "hostname": "mg0493", "lease_owner_id": "terminal-active", "lease_sequence": 3, "observed_fencing_epoch": 1, "timestamp": 1783761742.6953895, "wait_seconds": 2.098411329}
{"actor": "syncer", "event_type": "standby_wait", "hostname": "mg0493", "lease_owner_id": "terminal-active", "lease_sequence": 3, "observed_fencing_epoch": 1, "timestamp": 1783761744.7263374, "wait_seconds": 0.067506272}
{"actor": "syncer", "event_type": "coordination_stage_completed", "hostname": "mg0493", "lease_sequence": 4, "owner_id": "terminal-standby", "owner_session_id": "terminal-standby-session", "proposed_fencing_epoch": 2, "seconds": 0.01688760193064809, "stage": "lease_acquire", "timestamp": 1783761744.8416975}
{"actor": "syncer", "commit_seq": 4, "event_type": "coordination_stage_completed", "fencing_epoch": 2, "hostname": "mg0493", "optimizer_transition_count": 2, "owner_id": "terminal-standby", "owner_session_id": "terminal-standby-session", "seconds": 22.285925622098148, "stage": "fence_commit_and_strict_replay", "timestamp": 1783761767.1296036}
{"actor": "syncer", "event_type": "transaction_stage_completed", "hostname": "mg0493", "seconds": 0.7434346610680223, "selected_count": 8, "stage": "catalog", "target_commit_seq": 5, "timestamp": 1783761770.1089807}
{"actor": "syncer", "event_type": "transaction_stage_completed", "hostname": "mg0493", "seconds": 2.882503799861297, "stage": "proposal_observation", "target_commit_seq": 5, "timestamp": 1783761772.9914858}
{"actor": "syncer", "event_type": "transaction_stage_completed", "hostname": "mg0493", "seconds": 0.015075888019055128, "stage": "aggregation", "target_commit_seq": 5, "timestamp": 1783761773.0065572}
{"actor": "syncer", "event_type": "transaction_stage_completed", "hostname": "mg0493", "seconds": 1.7772002809215337, "stage": "outer_step", "target_commit_seq": 5, "timestamp": 1783761774.7837594}
{"actor": "syncer", "event_type": "transaction_stage_completed", "hostname": "mg0493", "seconds": 2.43683501589112, "stage": "successor_prepare", "target_commit_seq": 5, "timestamp": 1783761778.1776497}
{"actor": "syncer", "commit_id": "c-44e51f5c44e90c50339edf1f7552d73951c6e345c9488a388e1f36cf678f2f48", "commit_seq": 5, "event_type": "head_cas_completed", "hostname": "mg0493", "seconds": 0.010092298034578562, "timestamp": 1783761778.1877387}
{"actor": "syncer", "commit_id": "c-44e51f5c44e90c50339edf1f7552d73951c6e345c9488a388e1f36cf678f2f48", "commit_seq": 5, "event_type": "post_cas_replay_completed", "hostname": "mg0493", "seconds": 4.982681569177657, "timestamp": 1783761783.17149}
{"actor": "syncer", "event_type": "transaction_stage_completed", "hostname": "mg0493", "seconds": 2.1407134050969034, "stage": "materialized_export", "target_commit_seq": 5, "timestamp": 1783761785.3190465}
{"actor": "syncer", "commit_id": "c-44e51f5c44e90c50339edf1f7552d73951c6e345c9488a388e1f36cf678f2f48", "commit_seq": 5, "event_type": "transition_committed", "fragment_id": 0, "hostname": "mg0493", "selected_proposal_ids": ["p-184715abbdb74f8e3a089dc96104e3fe154ebb8a77f23241e070aaa994c61f51", "p-1e4bdb050a0c99f10a2e6d1e24ac802b8a10b0f01ec5ce19fb2fd890933bfd69", "p-6b3f78341cdbd02121d07d906fa08936430d9a0469fcc1c1bf2d094ca2bb1172", "p-75f7e89101d08fe48f393935d47232323c16f38a9af3b47c743e2e0c6794ed73", "p-9dc4ce9258278f23b062adb17623606037b44c6eb8e9b430ca3e62f930036ba4", "p-f1768409cbe6862233361fe64c8da4fdc29d5ec2a4e4777887cf523ef7a6e1c6", "p-f726a53dd15d6ecd9e989cb4ff955043457d9d183d3cee78bc005ebe57291ddd", "p-f7fa7385d2629b7c502e453fb8318fd0e935d46952fb86035034ca1af03bd413"], "timestamp": 1783761785.3220036, "view_digest": "52995b334df2058ee88c8bba9701f326ccd60d13ea28645b0d8598a484b0c361"}
{"actor": "syncer", "event_type": "coordination_stage_completed", "fencing_epoch": 2, "hostname": "mg0493", "lease_sequence": 5, "renew_margin_seconds": 45.0, "seconds": 0.007884425111114979, "stage": "lease_renew", "timestamp": 1783761785.3309853}
{"actor": "syncer", "event_type": "transaction_stage_completed", "hostname": "mg0493", "seconds": 0.729912893846631, "selected_count": 8, "stage": "catalog", "target_commit_seq": 6, "timestamp": 1783761786.0618622}
{"actor": "syncer", "event_type": "transaction_stage_completed", "hostname": "mg0493", "seconds": 2.864321597153321, "stage": "proposal_observation", "target_commit_seq": 6, "timestamp": 1783761788.926181}
{"actor": "syncer", "event_type": "transaction_stage_completed", "hostname": "mg0493", "seconds": 0.010210058884695172, "stage": "aggregation", "target_commit_seq": 6, "timestamp": 1783761788.9363875}
{"actor": "syncer", "event_type": "transaction_stage_completed", "hostname": "mg0493", "seconds": 1.743964389897883, "stage": "outer_step", "target_commit_seq": 6, "timestamp": 1783761790.680354}
{"actor": "syncer", "event_type": "transaction_stage_completed", "hostname": "mg0493", "seconds": 2.4431195240467787, "stage": "successor_prepare", "target_commit_seq": 6, "timestamp": 1783761794.0755947}
{"actor": "syncer", "commit_id": "c-09d7cd848d9292f61f06a87b8b05f0994f6730518110e2ae0ff0aa8335c2b256", "commit_seq": 6, "event_type": "head_cas_completed", "hostname": "mg0493", "seconds": 0.00981242605485022, "timestamp": 1783761794.0854049}
{"actor": "syncer", "commit_id": "c-09d7cd848d9292f61f06a87b8b05f0994f6730518110e2ae0ff0aa8335c2b256", "commit_seq": 6, "event_type": "post_cas_replay_completed", "hostname": "mg0493", "seconds": 4.937092348001897, "timestamp": 1783761799.0261197}
{"actor": "syncer", "event_type": "transaction_stage_completed", "hostname": "mg0493", "seconds": 2.054062156006694, "stage": "materialized_export", "target_commit_seq": 6, "timestamp": 1783761801.0825422}
{"actor": "syncer", "commit_id": "c-09d7cd848d9292f61f06a87b8b05f0994f6730518110e2ae0ff0aa8335c2b256", "commit_seq": 6, "event_type": "transition_committed", "fragment_id": 0, "hostname": "mg0493", "selected_proposal_ids": ["p-197b0e819b0b10d17d26df32dee4a72217a92a921e189b64fef1c5780c591589", "p-44800e5663363e8d6e4a7c411418c7e33947372caa965c29d7e8486221edd4f9", "p-892ebeab6d73067934ec1014d5f0aba6248c392a2384e6bdf9ec6d456e37e9de", "p-895df9b437be04dd3a892de97754ec46667b4ee1847a4decd52727513ebd7ae6", "p-9e251b88543f2e4cb4e9bffe7a86059c6421c7142315ab75db7a779749afcc54", "p-bf85b6166333830d74eeb387c5cdb5352709cbfba9f21d653492584078e34610", "p-d1065fc70f54968431eaf11ea5e0248f35f56dc66176ac964533089fae233bd8", "p-d2ae786903fab1271d9520315c74c1680b96543fc6850f9cb21786fdfaec8042"], "timestamp": 1783761801.086793, "view_digest": "faf1bd1befe081df3f96dd65b9c40911c2ef285c91fd4c3cf1b15d628ab3dad3"}
{"actor": "syncer", "event_type": "coordination_stage_completed", "fencing_epoch": 2, "hostname": "mg0493", "lease_sequence": 6, "renew_margin_seconds": 45.0, "seconds": 0.006820390932261944, "stage": "lease_renew", "timestamp": 1783761801.100958}
{"actor": "syncer", "event_type": "transaction_stage_completed", "hostname": "mg0493", "seconds": 0.766349796904251, "selected_count": 8, "stage": "catalog", "target_commit_seq": 7, "timestamp": 1783761801.8683496}
{"actor": "syncer", "event_type": "transaction_stage_completed", "hostname": "mg0493", "seconds": 2.9511470010038465, "stage": "proposal_observation", "target_commit_seq": 7, "timestamp": 1783761804.8194962}
{"actor": "syncer", "event_type": "transaction_stage_completed", "hostname": "mg0493", "seconds": 0.027071963995695114, "stage": "aggregation", "target_commit_seq": 7, "timestamp": 1783761804.8465655}
{"actor": "syncer", "event_type": "transaction_stage_completed", "hostname": "mg0493", "seconds": 1.7653038362041116, "stage": "outer_step", "target_commit_seq": 7, "timestamp": 1783761806.6118698}
{"actor": "syncer", "event_type": "transaction_stage_completed", "hostname": "mg0493", "seconds": 2.4512230190448463, "stage": "successor_prepare", "target_commit_seq": 7, "timestamp": 1783761810.0122752}
{"actor": "syncer", "commit_id": "c-a9ec7629cb04ad207119620fbd68e020a57216fbf34ee2002f5b2fb5f3b517bf", "commit_seq": 7, "event_type": "head_cas_completed", "hostname": "mg0493", "seconds": 0.009012233931571245, "timestamp": 1783761810.0212853}
{"actor": "syncer", "commit_id": "c-a9ec7629cb04ad207119620fbd68e020a57216fbf34ee2002f5b2fb5f3b517bf", "commit_seq": 7, "event_type": "post_cas_replay_completed", "hostname": "mg0493", "seconds": 4.943917634896934, "timestamp": 1783761814.9695868}
{"actor": "syncer", "event_type": "transaction_stage_completed", "hostname": "mg0493", "seconds": 1.9559257961809635, "stage": "materialized_export", "target_commit_seq": 7, "timestamp": 1783761816.9270463}
{"actor": "syncer", "commit_id": "c-a9ec7629cb04ad207119620fbd68e020a57216fbf34ee2002f5b2fb5f3b517bf", "commit_seq": 7, "event_type": "transition_committed", "fragment_id": 0, "hostname": "mg0493", "selected_proposal_ids": ["p-225f35b0882ebad284730031f184a34a917dce654cab23e9100cb0e5d34ddd0a", "p-2a40fce9aeda7b64e361f800c8207e709b18a4b06bf621dee1a285fc2e6b84e7", "p-2e4e359d7e49bb4437aa6a1df12fd6375ff1bf429ef08512694e62707c658fde", "p-4492cef9b0eb09e4931fef060e6aa4908b5418ca83c8cd187406bae360d8b0cb", "p-7fed567596b94ae87428cdf6aa0b212b99c30f45418c6034425ab14b3145a500", "p-b8b2bd1dc4e31652a8b3d27ece6a9a7567c2375b1cecce99c112ff5c96507869", "p-c810b1a630e6cf9f26e5994c82aa1474bba978a83e6ef9418c3406b145aeb843", "p-f9a5e706a603aa1f5a90f83fb7675c044eb0dcf54fccaa0d53334ee265276a71"], "timestamp": 1783761816.9292548, "view_digest": "ab2fa651c3fc5536d628f3b55751dc490c05a667e252a31bb82a1b29dd0bc57c"}
{"actor": "syncer", "event_type": "coordination_stage_completed", "fencing_epoch": 2, "hostname": "mg0493", "lease_sequence": 7, "renew_margin_seconds": 45.0, "seconds": 0.0068085831589996815, "stage": "lease_renew", "timestamp": 1783761816.9370718}
{"actor": "syncer", "event_type": "transaction_stage_completed", "hostname": "mg0493", "seconds": 0.7695102479774505, "selected_count": 8, "stage": "catalog", "target_commit_seq": 8, "timestamp": 1783761817.7075777}
{"actor": "syncer", "event_type": "transaction_stage_completed", "hostname": "mg0493", "seconds": 2.937445931136608, "stage": "proposal_observation", "target_commit_seq": 8, "timestamp": 1783761820.6450238}
{"actor": "syncer", "event_type": "transaction_stage_completed", "hostname": "mg0493", "seconds": 0.018067986937239766, "stage": "aggregation", "target_commit_seq": 8, "timestamp": 1783761820.6630886}
{"actor": "syncer", "event_type": "transaction_stage_completed", "hostname": "mg0493", "seconds": 1.792632631957531, "stage": "outer_step", "target_commit_seq": 8, "timestamp": 1783761822.4557226}
{"actor": "syncer", "event_type": "transaction_stage_completed", "hostname": "mg0493", "seconds": 2.4631218491122127, "stage": "successor_prepare", "target_commit_seq": 8, "timestamp": 1783761825.868804}
{"actor": "syncer", "commit_id": "c-143f9cf888d1ef29e0251f1a2081b6ce60e7a51a1b3aa220cbe35080ac25b2db", "commit_seq": 8, "event_type": "head_cas_completed", "hostname": "mg0493", "seconds": 0.009686090052127838, "timestamp": 1783761825.8784876}
{"actor": "syncer", "commit_id": "c-143f9cf888d1ef29e0251f1a2081b6ce60e7a51a1b3aa220cbe35080ac25b2db", "commit_seq": 8, "event_type": "post_cas_replay_completed", "hostname": "mg0493", "seconds": 5.113319382071495, "timestamp": 1783761830.9929976}
{"actor": "syncer", "event_type": "transaction_stage_completed", "hostname": "mg0493", "seconds": 1.961024618940428, "stage": "materialized_export", "target_commit_seq": 8, "timestamp": 1783761832.9559226}
{"actor": "syncer", "commit_id": "c-143f9cf888d1ef29e0251f1a2081b6ce60e7a51a1b3aa220cbe35080ac25b2db", "commit_seq": 8, "event_type": "transition_committed", "fragment_id": 0, "hostname": "mg0493", "selected_proposal_ids": ["p-1b0ad14a307fcc347ac844a0c3b007739fa3c5924f9731a0e0fb53d79b166fe7", "p-1b8a887d0e442d6d0c367085abce55ece3846eaea7550f3a47893a749ad606b0", "p-1d354b5df0fa0a13a39f6701cf1794f0e203308ef62cdba673d851b2a83e7a89", "p-7042016a269f86cbe989d5c77eb438fe2d86fcc69ba3478fb0edd6bc69b175e3", "p-973239a9272060fc06dda112373bb19c14391c53fd49bdd985696fc88a2b4490", "p-aec70b7c0203f45c2248a26a174fd36c2518dbb61242c92f9de494276b016124", "p-d21da26eac53718f92826ecc0d7b4db49c7d654eb485f1c1520ce31d37a8d2e1", "p-e245fa0ba38abe82afe447dd306a0e18164d78346b6027ef50c512eee6691876"], "timestamp": 1783761832.9581594, "view_digest": "c24853c2c8ada71eec8a858d703264fed68bcec608601353173f45b0a0bc7f64"}
{"actor": "syncer", "event_type": "coordination_stage_completed", "fencing_epoch": 2, "hostname": "mg0493", "lease_sequence": 8, "renew_margin_seconds": 45.0, "seconds": 0.006824807031080127, "stage": "lease_renew", "timestamp": 1783761832.9659774}
{"actor": "syncer", "event_type": "transaction_stage_completed", "hostname": "mg0493", "seconds": 0.8197766039520502, "selected_count": 8, "stage": "catalog", "target_commit_seq": 9, "timestamp": 1783761833.7866573}
{"actor": "syncer", "event_type": "transaction_stage_completed", "hostname": "mg0493", "seconds": 2.8579166640993208, "stage": "proposal_observation", "target_commit_seq": 9, "timestamp": 1783761836.6445725}
{"actor": "syncer", "event_type": "transaction_stage_completed", "hostname": "mg0493", "seconds": 0.010388105874881148, "stage": "aggregation", "target_commit_seq": 9, "timestamp": 1783761836.6549568}
{"actor": "syncer", "event_type": "transaction_stage_completed", "hostname": "mg0493", "seconds": 1.7809032760560513, "stage": "outer_step", "target_commit_seq": 9, "timestamp": 1783761838.435861}
{"actor": "syncer", "event_type": "transaction_stage_completed", "hostname": "mg0493", "seconds": 2.626380708999932, "stage": "successor_prepare", "target_commit_seq": 9, "timestamp": 1783761842.009469}
{"actor": "syncer", "commit_id": "c-73605ab501c7af4e21ee72e86745866d7eae489f5b14c84bd2875da6bdaec83a", "commit_seq": 9, "event_type": "head_cas_completed", "hostname": "mg0493", "seconds": 0.009930570144206285, "timestamp": 1783761842.019397}
{"actor": "syncer", "commit_id": "c-73605ab501c7af4e21ee72e86745866d7eae489f5b14c84bd2875da6bdaec83a", "commit_seq": 9, "event_type": "post_cas_replay_completed", "hostname": "mg0493", "seconds": 4.97312019392848, "timestamp": 1783761846.9935293}
{"actor": "syncer", "event_type": "transaction_stage_completed", "hostname": "mg0493", "seconds": 1.8986604700330645, "stage": "materialized_export", "target_commit_seq": 9, "timestamp": 1783761848.8940537}
{"actor": "syncer", "commit_id": "c-73605ab501c7af4e21ee72e86745866d7eae489f5b14c84bd2875da6bdaec83a", "commit_seq": 9, "event_type": "transition_committed", "fragment_id": 0, "hostname": "mg0493", "selected_proposal_ids": ["p-1a8d05f4a688383bff6fac1118163837d0cb2ad1ac6704b4ae1fb56fef631783", "p-5fb7d1bdd0f1e80fe02ba95d74e95fc6230c5918370c6b4b7329fe3e940d7c62", "p-6ea886efdf5c1734773a325f42fecc0df62cd3a887460ab76fd492e53cf89a24", "p-77106453a315e0c7a0ff381ff39b04523476529407c6ba98694c75ba80ff88b1", "p-8e32b42dfcce3077eab22507aec6024a557005e4a10d016c079067af72fdedea", "p-a6b2da34c3d5022085ca292b055302f898ed1fcebe98505ac0becfbd90161c68", "p-aa00c2626a95cb9c9c0100c138ead7bfb6f0c35e8732c8b5a0b4b16118b40e11", "p-ef6eea7c02946d2a4315924a85909261d4008f204358b8556b0f3b1c019e10bf"], "timestamp": 1783761848.8991036, "view_digest": "a395ff84d7f0f6a2ed5437d3d217d48601dacf961c627cc3ace02dfebee4fa3a"}
{"actor": "syncer", "event_type": "coordination_stage_completed", "fencing_epoch": 2, "hostname": "mg0493", "lease_sequence": 9, "renew_margin_seconds": 45.0, "seconds": 0.006780999945476651, "stage": "lease_renew", "timestamp": 1783761848.9085999}
{"actor": "syncer", "event_type": "transaction_stage_completed", "hostname": "mg0493", "seconds": 0.8268864881247282, "selected_count": 8, "stage": "catalog", "target_commit_seq": 10, "timestamp": 1783761849.7366993}
{"actor": "syncer", "event_type": "transaction_stage_completed", "hostname": "mg0493", "seconds": 2.8864190520253032, "stage": "proposal_observation", "target_commit_seq": 10, "timestamp": 1783761852.623117}
{"actor": "syncer", "event_type": "transaction_stage_completed", "hostname": "mg0493", "seconds": 0.010406957007944584, "stage": "aggregation", "target_commit_seq": 10, "timestamp": 1783761852.6335204}
{"actor": "syncer", "event_type": "transaction_stage_completed", "hostname": "mg0493", "seconds": 1.7778887618333101, "stage": "outer_step", "target_commit_seq": 10, "timestamp": 1783761854.4114103}
{"actor": "syncer", "event_type": "transaction_stage_completed", "hostname": "mg0493", "seconds": 2.4964710348285735, "stage": "successor_prepare", "target_commit_seq": 10, "timestamp": 1783761857.8610604}
{"actor": "syncer", "commit_id": "c-7db6b01bc9f27dfdf437fa478c0ed52706d3247d11974f3b6a501d66a86352a1", "commit_seq": 10, "event_type": "head_cas_completed", "hostname": "mg0493", "seconds": 0.009184747003018856, "timestamp": 1783761857.8702428}
{"actor": "syncer", "commit_id": "c-7db6b01bc9f27dfdf437fa478c0ed52706d3247d11974f3b6a501d66a86352a1", "commit_seq": 10, "event_type": "post_cas_replay_completed", "hostname": "mg0493", "seconds": 5.00657754112035, "timestamp": 1783761862.8791096}
{"actor": "syncer", "event_type": "transaction_stage_completed", "hostname": "mg0493", "seconds": 1.9446996999904513, "stage": "materialized_export", "target_commit_seq": 10, "timestamp": 1783761864.8263683}
{"actor": "syncer", "commit_id": "c-7db6b01bc9f27dfdf437fa478c0ed52706d3247d11974f3b6a501d66a86352a1", "commit_seq": 10, "event_type": "transition_committed", "fragment_id": 0, "hostname": "mg0493", "selected_proposal_ids": ["p-103e2f44a005916e3cf12fdb0908725f0ffca751add677c3c1f46d459aca5665", "p-1fb8b45d7af6aa501edc9d4be44e1f289ea5092b6af6503bf87d36425ab0af38", "p-21d77982346ea0955751d7c075b8fcdfd7542d76148a4f3c1cb9471bbd453215", "p-3fb866612230c0790007c0062996ad871a639d3065c75600b7a664d7c922a095", "p-43b4d314692ef0ec237cee749785fcc2d40890358d3e9811b4b0fd178d5bf9e2", "p-57210cf1be91af43837a492cabe2b91be2fdd3e3aceff93497c20dd204c7e75c", "p-ca8f11ddeeac3a78195c0e6fd3e7c5d58ab99b9d2ba4d6d08f036b6f5cff0a2e", "p-daf47baa1d0be8799af7305149038337788d505669d95dafc848661ad40b85e9"], "timestamp": 1783761864.8283854, "view_digest": "14677648d1e8dcd8fc08aa97913cd83a1addb8838d08518ae86ef51bb05f0334"}
{"actor": "syncer", "event_type": "coordination_stage_completed", "fencing_epoch": 2, "hostname": "mg0493", "lease_sequence": 10, "renew_margin_seconds": 45.0, "seconds": 0.006786952028051019, "stage": "lease_renew", "timestamp": 1783761864.8361633}
{"actor": "syncer", "event_type": "transaction_stage_completed", "hostname": "mg0493", "seconds": 0.860479453811422, "selected_count": 8, "stage": "catalog", "target_commit_seq": 11, "timestamp": 1783761865.6976988}
{"actor": "syncer", "event_type": "transaction_stage_completed", "hostname": "mg0493", "seconds": 2.859043758129701, "stage": "proposal_observation", "target_commit_seq": 11, "timestamp": 1783761868.5567422}
{"actor": "syncer", "event_type": "transaction_stage_completed", "hostname": "mg0493", "seconds": 0.009644106961786747, "stage": "aggregation", "target_commit_seq": 11, "timestamp": 1783761868.566383}
{"actor": "syncer", "event_type": "transaction_stage_completed", "hostname": "mg0493", "seconds": 1.7799095010850579, "stage": "outer_step", "target_commit_seq": 11, "timestamp": 1783761870.346294}
{"actor": "syncer", "event_type": "transaction_stage_completed", "hostname": "mg0493", "seconds": 2.509072521002963, "stage": "successor_prepare", "target_commit_seq": 11, "timestamp": 1783761873.9220154}
{"actor": "syncer", "commit_id": "c-a9d5744804f768fabda5b982650c640d26e697a985355d9f8202af4bdf9d2b21", "commit_seq": 11, "event_type": "head_cas_completed", "hostname": "mg0493", "seconds": 0.009562378050759435, "timestamp": 1783761873.9315758}
{"actor": "syncer", "commit_id": "c-a9d5744804f768fabda5b982650c640d26e697a985355d9f8202af4bdf9d2b21", "commit_seq": 11, "event_type": "post_cas_replay_completed", "hostname": "mg0493", "seconds": 4.977873380994424, "timestamp": 1783761878.910505}
{"actor": "syncer", "event_type": "transaction_stage_completed", "hostname": "mg0493", "seconds": 2.0889502621721476, "stage": "materialized_export", "target_commit_seq": 11, "timestamp": 1783761881.0023122}
{"actor": "syncer", "commit_id": "c-a9d5744804f768fabda5b982650c640d26e697a985355d9f8202af4bdf9d2b21", "commit_seq": 11, "event_type": "transition_committed", "fragment_id": 0, "hostname": "mg0493", "selected_proposal_ids": ["p-532d9b9e236a4f0304e04ef05c7de3f92adc6c32d54d087c8a812ecd6834b5c4", "p-aed92b8d917dea8a6d0b6960c16689891b99c2d608a03457856077a6e323217b", "p-c55a0868c146abf47982540b3b7153340adab8061a966080eca55785d3a7dd28", "p-d95a03a2767a27b8c34763ffa3bb20e219f7d96cc4a7c2b8d89b3bb9bd6ad3a5", "p-e08c27571c54c72b95daea745f09944bd3084a673b897f4f4d1b7a3200ee88da", "p-e0eeda1f664e1a499b988df6eafc933b54fbecd539c1a22ac84ca18a2d60eb0f", "p-f08837623365b959f9173eb65e650fe6f0dbca62ef961b2f41a80c6761312ef9", "p-fefab3d60647951ddefbe532c59ee105932a5c71a50dbf3e833db98bb5a234b8"], "timestamp": 1783761881.00448, "view_digest": "612e69762ab0d13908a9cd835f0f597775aa5a356ea7f3f4d778c4f696d4235f"}
{"actor": "syncer", "event_type": "coordination_stage_completed", "fencing_epoch": 2, "hostname": "mg0493", "lease_sequence": 11, "renew_margin_seconds": 45.0, "seconds": 0.0070678789634257555, "stage": "lease_renew", "timestamp": 1783761881.0125656}
{"actor": "syncer", "event_type": "transaction_stage_completed", "hostname": "mg0493", "seconds": 0.859043549047783, "selected_count": 8, "stage": "catalog", "target_commit_seq": 12, "timestamp": 1783761881.8726258}
{"actor": "syncer", "event_type": "transaction_stage_completed", "hostname": "mg0493", "seconds": 2.8607664480805397, "stage": "proposal_observation", "target_commit_seq": 12, "timestamp": 1783761884.7333913}
{"actor": "syncer", "event_type": "transaction_stage_completed", "hostname": "mg0493", "seconds": 0.01139066880568862, "stage": "aggregation", "target_commit_seq": 12, "timestamp": 1783761884.7447786}
{"actor": "syncer", "event_type": "transaction_stage_completed", "hostname": "mg0493", "seconds": 1.7662627340760082, "stage": "outer_step", "target_commit_seq": 12, "timestamp": 1783761886.5110433}
{"actor": "syncer", "event_type": "transaction_stage_completed", "hostname": "mg0493", "seconds": 2.5219487589783967, "stage": "successor_prepare", "target_commit_seq": 12, "timestamp": 1783761890.056393}
{"actor": "syncer", "commit_id": "c-75625c5ea92ddbdc6b2ae592ff9dbec95488e388c1127bfcca10a8dfc3363c4e", "commit_seq": 12, "event_type": "head_cas_completed", "hostname": "mg0493", "seconds": 0.011071820044890046, "timestamp": 1783761890.0674634}
{"actor": "syncer", "commit_id": "c-75625c5ea92ddbdc6b2ae592ff9dbec95488e388c1127bfcca10a8dfc3363c4e", "commit_seq": 12, "event_type": "post_cas_replay_completed", "hostname": "mg0493", "seconds": 5.022329334868118, "timestamp": 1783761895.0915892}
{"actor": "syncer", "event_type": "transaction_stage_completed", "hostname": "mg0493", "seconds": 1.9418407219927758, "stage": "materialized_export", "target_commit_seq": 12, "timestamp": 1783761897.0747044}
{"actor": "syncer", "commit_id": "c-75625c5ea92ddbdc6b2ae592ff9dbec95488e388c1127bfcca10a8dfc3363c4e", "commit_seq": 12, "event_type": "transition_committed", "fragment_id": 0, "hostname": "mg0493", "selected_proposal_ids": ["p-0acc293fdb8347a61a2bb968a2e64ccffada173bfbc30021a2f6b133632be796", "p-2e0977e1da577a1f723b99e161f9c64bc721a8f0a7351575329db719c3bc0735", "p-34f3e3848d4e4418e72730d00461b73ff9d25759546fec1692d30476c98ad2c7", "p-45a695c4e0b05f5874bf94c906582978924d759aaeef75cd060a5ea618671775", "p-6490f162c42898ef534c50f1d5297ebc1c0aa028d438d3e10f68bd91f914374f", "p-b58741b68768f2bdb13519337904e213b5602171fe9800489a481817bad347ba", "p-d853ae574f63c63ebd08cccb99ca60392211dd6c04229f606e3be99e0b7ee3e5", "p-f34abf1c761c7c12bd310dd0c55b309eb6a842f1c13af8d9c6addd1a9e7f1672"], "timestamp": 1783761897.0777118, "view_digest": "446c26663ab8a79e366b289cc96a907cbe5f97789a03bdb21f9abe06dc7af68a"}
{"actor": "syncer", "event_type": "coordination_stage_completed", "fencing_epoch": 2, "hostname": "mg0493", "lease_sequence": 12, "renew_margin_seconds": 45.0, "seconds": 0.00779591198079288, "stage": "lease_renew", "timestamp": 1783761897.0865154}
{"actor": "syncer", "commit_seq": 13, "event_type": "coordination_stage_completed", "hostname": "mg0493", "optimizer_transition_count": 10, "seconds": 50.63645573891699, "stage": "authoritative_stop", "timestamp": 1783761947.7239273}
{"actor": "syncer", "commit_id": "c-6d359eae19d16dad7cd800f30b429eb1752494d6333b3ff720e03c37cad2697c", "commit_seq": 13, "event_type": "stop_published", "hostname": "mg0493", "reason": "stop_after_outer_steps", "timestamp": 1783761949.6216578}
{"actor": "syncer", "deleted_files": 4, "event_type": "retention_cleanup", "hostname": "mg0493", "keep_last": 11, "role": "syncer", "timestamp": 1783761949.627237}
{"actor": "syncer", "deleted_files": 22, "event_type": "retention_cleanup", "hostname": "mg0493", "keep_last": 1, "role": "learner", "timestamp": 1783761949.670717, "update_dir": "/work/xg24i002/x10041/fs_based_decoupled_diloco/runs/duraloco/20260711_p06a_repair_5a71502_c9/training/updates/pending/learner_000"}
{"actor": "syncer", "deleted_files": 22, "event_type": "retention_cleanup", "hostname": "mg0493", "keep_last": 1, "role": "learner", "timestamp": 1783761949.7115457, "update_dir": "/work/xg24i002/x10041/fs_based_decoupled_diloco/runs/duraloco/20260711_p06a_repair_5a71502_c9/training/updates/pending/learner_001"}
{"actor": "syncer", "deleted_files": 22, "event_type": "retention_cleanup", "hostname": "mg0493", "keep_last": 1, "role": "learner", "timestamp": 1783761949.7528713, "update_dir": "/work/xg24i002/x10041/fs_based_decoupled_diloco/runs/duraloco/20260711_p06a_repair_5a71502_c9/training/updates/pending/learner_002"}
{"actor": "syncer", "deleted_files": 22, "event_type": "retention_cleanup", "hostname": "mg0493", "keep_last": 1, "role": "learner", "timestamp": 1783761949.7920277, "update_dir": "/work/xg24i002/x10041/fs_based_decoupled_diloco/runs/duraloco/20260711_p06a_repair_5a71502_c9/training/updates/pending/learner_003"}
{"actor": "syncer", "deleted_files": 22, "event_type": "retention_cleanup", "hostname": "mg0493", "keep_last": 1, "role": "learner", "timestamp": 1783761949.832924, "update_dir": "/work/xg24i002/x10041/fs_based_decoupled_diloco/runs/duraloco/20260711_p06a_repair_5a71502_c9/training/updates/pending/learner_004"}
{"actor": "syncer", "deleted_files": 22, "event_type": "retention_cleanup", "hostname": "mg0493", "keep_last": 1, "role": "learner", "timestamp": 1783761949.8717294, "update_dir": "/work/xg24i002/x10041/fs_based_decoupled_diloco/runs/duraloco/20260711_p06a_repair_5a71502_c9/training/updates/pending/learner_005"}
{"actor": "syncer", "deleted_files": 22, "event_type": "retention_cleanup", "hostname": "mg0493", "keep_last": 1, "role": "learner", "timestamp": 1783761949.9123085, "update_dir": "/work/xg24i002/x10041/fs_based_decoupled_diloco/runs/duraloco/20260711_p06a_repair_5a71502_c9/training/updates/pending/learner_006"}
{"actor": "syncer", "deleted_files": 22, "event_type": "retention_cleanup", "hostname": "mg0493", "keep_last": 1, "role": "learner", "timestamp": 1783761949.9492977, "update_dir": "/work/xg24i002/x10041/fs_based_decoupled_diloco/runs/duraloco/20260711_p06a_repair_5a71502_c9/training/updates/pending/learner_007"}
{"actor": "syncer", "commit_seq": 13, "event_type": "process_exit", "hostname": "mg0493", "reason": "stop_after_outer_steps", "timestamp": 1783761949.9506872}
