{"actor": "syncer", "authority_root": "/work/xg24i002/x10041/fs_based_decoupled_diloco/runs/duraloco/20260711_p06a_repair_5a71502_c9/training/authority", "cuda_visible_devices": "0", "device": "cuda", "event_type": "process_start", "hostname": "mg0493", "owner_id": "terminal-active", "owner_session_id": "terminal-active-session", "run_generation": 0, "run_id": "20260711_p06a_repair_5a71502_c9", "shared_root": "/work/xg24i002/x10041/fs_based_decoupled_diloco/runs/duraloco/20260711_p06a_repair_5a71502_c9/training", "standby": false, "timestamp": 1783761627.0463514}
{"actor": "syncer", "event_type": "wandb_disabled", "hostname": "mg0493", "timestamp": 1783761627.050061}
[transformers] `torch_dtype` is deprecated! Use `dtype` instead!
Loading weights:   0%|          | 0/148 [00:00<?, ?it/s]Loading weights:  58%|█████▊    | 86/148 [00:00<00:00, 836.66it/s]Loading weights: 100%|██████████| 148/148 [00:00<00:00, 753.01it/s]
{"actor": "syncer", "commit_seq": 0, "event_type": "generation_initialized", "hostname": "mg0493", "timestamp": 1783761648.4413655, "view_digest": "b29da2baf1b4f0fe34dc470bdc1b1d2e18db7a03d6408b07369b6c855533617c"}
{"actor": "syncer", "event_type": "coordination_stage_completed", "hostname": "mg0493", "lease_sequence": 1, "owner_id": "terminal-active", "owner_session_id": "terminal-active-session", "proposed_fencing_epoch": 1, "seconds": 0.010153735987842083, "stage": "lease_acquire", "timestamp": 1783761648.4555728}
{"actor": "syncer", "commit_seq": 1, "event_type": "coordination_stage_completed", "fencing_epoch": 1, "hostname": "mg0493", "optimizer_transition_count": 0, "owner_id": "terminal-active", "owner_session_id": "terminal-active-session", "seconds": 2.732432171003893, "stage": "fence_commit_and_strict_replay", "timestamp": 1783761651.1890175}
{"actor": "syncer", "commit_seq": 1, "eligible": 0, "event_type": "quorum_wait", "fragment_id": 0, "hostname": "mg0493", "quorum_min": 4, "timestamp": 1783761658.1596901}
{"actor": "syncer", "event_type": "transaction_stage_completed", "hostname": "mg0493", "seconds": 3.736645522993058, "selected_count": 8, "stage": "catalog", "target_commit_seq": 2, "timestamp": 1783761662.898311}
{"actor": "syncer", "event_type": "transaction_stage_completed", "hostname": "mg0493", "seconds": 2.879202799871564, "stage": "proposal_observation", "target_commit_seq": 2, "timestamp": 1783761665.7775114}
{"actor": "syncer", "event_type": "transaction_stage_completed", "hostname": "mg0493", "seconds": 0.024658423149958253, "stage": "aggregation", "target_commit_seq": 2, "timestamp": 1783761665.802165}
{"actor": "syncer", "event_type": "transaction_stage_completed", "hostname": "mg0493", "seconds": 1.77686806791462, "stage": "outer_step", "target_commit_seq": 2, "timestamp": 1783761667.5790348}
{"actor": "syncer", "event_type": "transaction_stage_completed", "hostname": "mg0493", "seconds": 2.40926367091015, "stage": "successor_prepare", "target_commit_seq": 2, "timestamp": 1783761670.9438407}
{"actor": "syncer", "commit_id": "c-161209a09f37deae859ea5ce6aeef4881b309b89858f51d25641be302c903100", "commit_seq": 2, "event_type": "head_cas_completed", "hostname": "mg0493", "seconds": 0.009030120214447379, "timestamp": 1783761670.9528677}
{"actor": "syncer", "commit_id": "c-161209a09f37deae859ea5ce6aeef4881b309b89858f51d25641be302c903100", "commit_seq": 2, "event_type": "post_cas_replay_completed", "hostname": "mg0493", "seconds": 4.919549515936524, "timestamp": 1783761675.873372}
{"actor": "syncer", "event_type": "transaction_stage_completed", "hostname": "mg0493", "seconds": 1.343906732974574, "stage": "materialized_export", "target_commit_seq": 2, "timestamp": 1783761677.2190394}
{"actor": "syncer", "commit_id": "c-161209a09f37deae859ea5ce6aeef4881b309b89858f51d25641be302c903100", "commit_seq": 2, "event_type": "transition_committed", "fragment_id": 0, "hostname": "mg0493", "selected_proposal_ids": ["p-03fff167f6be12e3e38a31a304bece285cecb9ae3e01f224e67204cc6a2eaa56", "p-331c0d88c3f583656d2f3af707dec5cb7976b9cacd58f187fe4f93f989e89b33", "p-505551fdfda791103018e047ade7c5b1085d07a25d8e9f783d25ea6c8cdc3173", "p-60015ee21e5cbbd2c79affe8094c1d8bc68699f1ad2c28d2a7ee33b4b5982e5c", "p-707fc97e9f9fa20778cdf21b8cb4c3177f2e7b267026225d41069aca3baa633c", "p-e5228948eaba66c0fc8093c5840a235d1fab803f83ca6db4fe829ad07a7909d3", "p-f58bc7e644eaae1b588810c6ae33c1d75e7e9c63e94000940d76f02d0a714b74", "p-fe0284f6a0385c9f8e5403a952b3154ab5c0c16bc07360dcfde5bda8b550c95b"], "timestamp": 1783761677.2223887, "view_digest": "5daa868972dfa41c5a62547a0e5c6158e142c57aaabec89d0bc19c250941b36d"}
{"actor": "syncer", "event_type": "coordination_stage_completed", "fencing_epoch": 1, "hostname": "mg0493", "lease_sequence": 2, "renew_margin_seconds": 45.0, "seconds": 0.0065348229836672544, "stage": "lease_renew", "timestamp": 1783761677.2302232}
{"actor": "syncer", "event_type": "transaction_stage_completed", "hostname": "mg0493", "seconds": 5.41916431998834, "selected_count": 8, "stage": "catalog", "target_commit_seq": 3, "timestamp": 1783761682.6502807}
{"actor": "syncer", "event_type": "transaction_stage_completed", "hostname": "mg0493", "seconds": 2.9027308230288327, "stage": "proposal_observation", "target_commit_seq": 3, "timestamp": 1783761685.55301}
{"actor": "syncer", "event_type": "transaction_stage_completed", "hostname": "mg0493", "seconds": 0.009515592129901052, "stage": "aggregation", "target_commit_seq": 3, "timestamp": 1783761685.562521}
{"actor": "syncer", "event_type": "transaction_stage_completed", "hostname": "mg0493", "seconds": 1.9334859759546816, "stage": "outer_step", "target_commit_seq": 3, "timestamp": 1783761687.49601}
{"actor": "syncer", "event_type": "transaction_stage_completed", "hostname": "mg0493", "seconds": 2.492092899978161, "stage": "successor_prepare", "target_commit_seq": 3, "timestamp": 1783761690.9450483}
{"actor": "syncer", "commit_id": "c-48d41d1b8116d094e7494d58529cca1edcc17625c0cf354312b52db21f608140", "commit_seq": 3, "event_type": "head_cas_completed", "hostname": "mg0493", "seconds": 0.008933353004977107, "timestamp": 1783761690.9539795}
{"actor": "syncer", "commit_id": "c-48d41d1b8116d094e7494d58529cca1edcc17625c0cf354312b52db21f608140", "commit_seq": 3, "event_type": "post_cas_replay_completed", "hostname": "mg0493", "seconds": 4.932801816146821, "timestamp": 1783761695.8877764}
{"actor": "syncer", "event_type": "transaction_stage_completed", "hostname": "mg0493", "seconds": 1.8981233828235418, "stage": "materialized_export", "target_commit_seq": 3, "timestamp": 1783761697.789407}
{"actor": "syncer", "commit_id": "c-48d41d1b8116d094e7494d58529cca1edcc17625c0cf354312b52db21f608140", "commit_seq": 3, "event_type": "transition_committed", "fragment_id": 0, "hostname": "mg0493", "selected_proposal_ids": ["p-427580af4809833464503c3b7b5be0b1aa286fd062737a5c3283cc0e1221c723", "p-5c368a11bda9fe225ff9c57c8a2f526abd729f3cba299d5538b853081984cbdd", "p-68cf3496af74ad37f15f3906001670292290d4256d380a791eef8379a93f1d53", "p-a9543c580426bb2a7c1da03dd4dc64931bffc162a8a27845b624f76b24844f37", "p-b73dc1a4891ea729f0ae2a998b45949b02843afcb847f134a6d5270e2f934453", "p-c0d220babd99043f734200832598e139c1a0bc2f364590a834f4db3c989a5926", "p-e3ef0e0d15c6c57a7018f5c2dde2a1107f751936281d840a6ec4b794cb71df33", "p-e61b8ca687100353226fe386beae76e7a7e28384a720f5caa56631277c1ae293"], "timestamp": 1783761697.7916734, "view_digest": "0be62661f2b2832945de9922ada60b1c8eaee6f6df14f50a678b80ad643e7a37"}
{"actor": "syncer", "event_type": "coordination_stage_completed", "fencing_epoch": 1, "hostname": "mg0493", "lease_sequence": 3, "renew_margin_seconds": 45.0, "seconds": 0.00614567007869482, "stage": "lease_renew", "timestamp": 1783761697.7987914}
