{"actor": "syncer", "authority_root": "/work/xg24i002/x10041/fs_based_decoupled_diloco/runs/fs_diloco/20260711_p05_impl_82dbec1_gpt2_9n_50x10/authority", "cuda_visible_devices": "0", "device": "cuda", "event_type": "process_start", "hostname": "mg0536", "owner_id": "terminal-active", "owner_session_id": "terminal-active-session", "run_generation": 0, "run_id": "20260711_p05_impl_82dbec1_gpt2_9n_50x10", "shared_root": "/work/xg24i002/x10041/fs_based_decoupled_diloco/runs/fs_diloco/20260711_p05_impl_82dbec1_gpt2_9n_50x10", "standby": false, "timestamp": 1783746549.0587945}
{"actor": "syncer", "event_type": "wandb_disabled", "hostname": "mg0536", "timestamp": 1783746549.0747921}
[transformers] `torch_dtype` is deprecated! Use `dtype` instead!
Loading weights:   0%|          | 0/148 [00:00<?, ?it/s]Loading weights:  47%|████▋     | 70/148 [00:00<00:00, 641.85it/s]Loading weights:  99%|█████████▉| 147/148 [00:00<00:00, 700.15it/s]Loading weights: 100%|██████████| 148/148 [00:00<00:00, 574.38it/s]
{"actor": "syncer", "commit_seq": 0, "event_type": "generation_initialized", "hostname": "mg0536", "timestamp": 1783746571.196396, "view_digest": "1a35c4d758ede2a762c8ea3cc154094a92b054f66f8254a59933544926f0e656"}
{"actor": "syncer", "event_type": "coordination_stage_completed", "hostname": "mg0536", "lease_sequence": 1, "owner_id": "terminal-active", "owner_session_id": "terminal-active-session", "proposed_fencing_epoch": 1, "seconds": 0.01392516097985208, "stage": "lease_acquire", "timestamp": 1783746571.21364}
{"actor": "syncer", "commit_seq": 1, "event_type": "coordination_stage_completed", "fencing_epoch": 1, "hostname": "mg0536", "optimizer_transition_count": 0, "owner_id": "terminal-active", "owner_session_id": "terminal-active-session", "seconds": 2.653360635973513, "stage": "fence_commit_and_strict_replay", "timestamp": 1783746573.8681462}
{"actor": "syncer", "commit_seq": 1, "eligible": 0, "event_type": "quorum_wait", "fragment_id": 0, "hostname": "mg0536", "quorum_min": 4, "timestamp": 1783746580.9445899}
{"actor": "syncer", "event_type": "transaction_stage_completed", "hostname": "mg0536", "seconds": 4.015590525930747, "selected_count": 8, "stage": "catalog", "target_commit_seq": 2, "timestamp": 1783746585.962399}
{"actor": "syncer", "event_type": "transaction_stage_completed", "hostname": "mg0536", "seconds": 2.893662824993953, "stage": "proposal_observation", "target_commit_seq": 2, "timestamp": 1783746588.856062}
{"actor": "syncer", "event_type": "transaction_stage_completed", "hostname": "mg0536", "seconds": 0.012006598990410566, "stage": "aggregation", "target_commit_seq": 2, "timestamp": 1783746588.8680625}
{"actor": "syncer", "event_type": "transaction_stage_completed", "hostname": "mg0536", "seconds": 0.008555812994018197, "stage": "outer_step", "target_commit_seq": 2, "timestamp": 1783746588.8766181}
{"actor": "syncer", "event_type": "transaction_stage_completed", "hostname": "mg0536", "seconds": 3.036857053870335, "stage": "successor_prepare", "target_commit_seq": 2, "timestamp": 1783746591.91462}
{"actor": "syncer", "commit_id": "c-7aefec8da53f6dc016798012a03d4cc69193300a8b597ed8feec84b661278b4b", "commit_seq": 2, "event_type": "head_cas_completed", "hostname": "mg0536", "seconds": 0.015572360018268228, "timestamp": 1783746591.93019}
{"actor": "syncer", "commit_id": "c-7aefec8da53f6dc016798012a03d4cc69193300a8b597ed8feec84b661278b4b", "commit_seq": 2, "event_type": "post_cas_replay_completed", "hostname": "mg0536", "seconds": 4.840216228971258, "timestamp": 1783746596.7718472}
{"actor": "syncer", "event_type": "transaction_stage_completed", "hostname": "mg0536", "seconds": 2.1319996879901737, "stage": "materialized_export", "target_commit_seq": 2, "timestamp": 1783746598.9059584}
{"actor": "syncer", "commit_id": "c-7aefec8da53f6dc016798012a03d4cc69193300a8b597ed8feec84b661278b4b", "commit_seq": 2, "event_type": "transition_committed", "fragment_id": 0, "hostname": "mg0536", "selected_proposal_ids": ["p-0ae00e373240c7e021bd2a33bdeb65bdadfef10e16d2e66a70d7781d42114246", "p-185b3ac31e82e842b03734bb166aee26b23f6466abbd77acf7e9ae95ab1c34eb", "p-4bc0e90b44962306c564f6bb3f128226d6156a576ea9214f9d095058458c23dc", "p-691797c68b5779222d866aeb6852dba70fb3235190e21c1548584d39e4bd2ad8", "p-813dc29d8685a56b090d2dc76465623a0820c5f1e98fe8596006ac92914c8860", "p-adc5169f805373363b2ee837f919e40030c51b6dcc261f343f96763a0615a1dd", "p-be68d72da4b6d4fb85cbd2100ddf4ca62877e620c3e171c5ffca3f4df566e91c", "p-ea5948f461e306b42b7cc93bc83767c522e9104632053803a660b5507eda0fb6"], "timestamp": 1783746598.9093652, "view_digest": "4361dbcfe3afcb6a0661bf8d4be2c1ccfcad639ae160e812dcaf7edeff47d50f"}
{"actor": "syncer", "event_type": "coordination_stage_completed", "fencing_epoch": 1, "hostname": "mg0536", "lease_sequence": 2, "renew_margin_seconds": 45.0, "seconds": 0.009931813925504684, "stage": "lease_renew", "timestamp": 1783746598.9210086}
{"actor": "syncer", "event_type": "transaction_stage_completed", "hostname": "mg0536", "seconds": 5.2851189689245075, "selected_count": 8, "stage": "catalog", "target_commit_seq": 3, "timestamp": 1783746604.207339}
{"actor": "syncer", "event_type": "transaction_stage_completed", "hostname": "mg0536", "seconds": 2.8570291500072926, "stage": "proposal_observation", "target_commit_seq": 3, "timestamp": 1783746607.0643673}
{"actor": "syncer", "event_type": "transaction_stage_completed", "hostname": "mg0536", "seconds": 0.0018605140503495932, "stage": "aggregation", "target_commit_seq": 3, "timestamp": 1783746607.0662227}
{"actor": "syncer", "event_type": "transaction_stage_completed", "hostname": "mg0536", "seconds": 0.00408726604655385, "stage": "outer_step", "target_commit_seq": 3, "timestamp": 1783746607.0703099}
{"actor": "syncer", "event_type": "transaction_stage_completed", "hostname": "mg0536", "seconds": 2.5261883109342307, "stage": "successor_prepare", "target_commit_seq": 3, "timestamp": 1783746609.597729}
{"actor": "syncer", "commit_id": "c-8fcb6f60c7f5fcf9fa3e165abd05dd8d525d5022aa201210bfa03dc1493a5590", "commit_seq": 3, "event_type": "head_cas_completed", "hostname": "mg0536", "seconds": 0.008406789042055607, "timestamp": 1783746609.6061337}
{"actor": "syncer", "commit_id": "c-8fcb6f60c7f5fcf9fa3e165abd05dd8d525d5022aa201210bfa03dc1493a5590", "commit_seq": 3, "event_type": "post_cas_replay_completed", "hostname": "mg0536", "seconds": 4.89161133999005, "timestamp": 1783746614.4986758}
{"actor": "syncer", "event_type": "transaction_stage_completed", "hostname": "mg0536", "seconds": 2.1383927799761295, "stage": "materialized_export", "target_commit_seq": 3, "timestamp": 1783746616.6386569}
{"actor": "syncer", "commit_id": "c-8fcb6f60c7f5fcf9fa3e165abd05dd8d525d5022aa201210bfa03dc1493a5590", "commit_seq": 3, "event_type": "transition_committed", "fragment_id": 0, "hostname": "mg0536", "selected_proposal_ids": ["p-af4e1b8a179d2991ae650c1dcdef1c8fc8be017629b38a62847ac8cf88326065", "p-b0fb5a1743f4503f31e0b18cdcd62abc53f29c8daf6a34f7b858ccfc60f1d9f6", "p-b2780f8e39432bffac3c7cdc4a3d1da6e6dd5e194e25c92741d7282bed9cee35", "p-c04e7a633defa63a7b0be2a86104745295700b954053f5b620a8e352244568cc", "p-cefd0841086af4163f13a42c50b5b6b998228f5e4e783a18af7fa1b2f689ba31", "p-d4c65efef89cdb32a8ce028d8a4818d3f2b737ee57e2f0ed9008fa580c11510d", "p-d81509632cc6d9ff0da36f913d23c4a7f532f926697f59cf8f2c628b6447d272", "p-db2a984e7d1bdbd905ae01ed58c1787715b0ec7cab5e87e85677dddb6a082eac"], "timestamp": 1783746616.6562035, "view_digest": "3641c0ae6a281388bfd3b399b71df96fcc438c5542ccf10458e2a70c19468a3f"}
{"actor": "syncer", "event_type": "coordination_stage_completed", "fencing_epoch": 1, "hostname": "mg0536", "lease_sequence": 3, "renew_margin_seconds": 45.0, "seconds": 0.006646308116614819, "stage": "lease_renew", "timestamp": 1783746616.665805}
