{"actor": "syncer", "authority_root": "/work/xg24i002/x10041/fs_based_decoupled_diloco/runs/fs_diloco/20260711_p05_impl_82dbec1_gpt2_9n_50x10/authority", "cuda_visible_devices": "0", "device": "cuda", "event_type": "process_start", "hostname": "mg0536", "owner_id": "terminal-standby", "owner_session_id": "terminal-standby-session", "run_generation": 0, "run_id": "20260711_p05_impl_82dbec1_gpt2_9n_50x10", "shared_root": "/work/xg24i002/x10041/fs_based_decoupled_diloco/runs/fs_diloco/20260711_p05_impl_82dbec1_gpt2_9n_50x10", "standby": true, "timestamp": 1783746549.0588775}
{"actor": "syncer", "event_type": "wandb_disabled", "hostname": "mg0536", "timestamp": 1783746549.074903}
{"actor": "syncer", "event_type": "standby_wait_for_generation", "hostname": "mg0536", "timestamp": 1783746549.0762699}
{"actor": "syncer", "event_type": "standby_wait_for_generation", "hostname": "mg0536", "timestamp": 1783746551.077337}
{"actor": "syncer", "event_type": "standby_wait_for_generation", "hostname": "mg0536", "timestamp": 1783746553.0801053}
{"actor": "syncer", "event_type": "standby_wait_for_generation", "hostname": "mg0536", "timestamp": 1783746555.0816138}
{"actor": "syncer", "event_type": "standby_wait_for_generation", "hostname": "mg0536", "timestamp": 1783746557.083003}
{"actor": "syncer", "event_type": "standby_wait_for_generation", "hostname": "mg0536", "timestamp": 1783746559.0845532}
{"actor": "syncer", "event_type": "standby_wait_for_generation", "hostname": "mg0536", "timestamp": 1783746561.0861473}
{"actor": "syncer", "event_type": "standby_wait_for_generation", "hostname": "mg0536", "timestamp": 1783746563.0877395}
{"actor": "syncer", "event_type": "standby_wait_for_generation", "hostname": "mg0536", "timestamp": 1783746565.0895317}
{"actor": "syncer", "event_type": "standby_wait_for_generation", "hostname": "mg0536", "timestamp": 1783746567.0910084}
{"actor": "syncer", "event_type": "standby_wait_for_generation", "hostname": "mg0536", "timestamp": 1783746569.094626}
{"actor": "syncer", "commit_seq": 0, "event_type": "log_only_resume", "hostname": "mg0536", "timestamp": 1783746573.8823047, "view_digest": "1a35c4d758ede2a762c8ea3cc154094a92b054f66f8254a59933544926f0e656"}
{"actor": "syncer", "event_type": "standby_wait", "hostname": "mg0536", "lease_owner_id": "terminal-active", "lease_sequence": 1, "observed_fencing_epoch": 1, "timestamp": 1783746573.8976882, "wait_seconds": 44.303346666}
{"actor": "syncer", "event_type": "standby_wait", "hostname": "mg0536", "lease_owner_id": "terminal-active", "lease_sequence": 1, "observed_fencing_epoch": 1, "timestamp": 1783746575.9070492, "wait_seconds": 42.293974315}
{"actor": "syncer", "event_type": "standby_wait", "hostname": "mg0536", "lease_owner_id": "terminal-active", "lease_sequence": 1, "observed_fencing_epoch": 1, "timestamp": 1783746577.9229486, "wait_seconds": 40.277891367}
{"actor": "syncer", "event_type": "standby_wait", "hostname": "mg0536", "lease_owner_id": "terminal-active", "lease_sequence": 1, "observed_fencing_epoch": 1, "timestamp": 1783746579.9313986, "wait_seconds": 38.269427111}
{"actor": "syncer", "event_type": "standby_wait", "hostname": "mg0536", "lease_owner_id": "terminal-active", "lease_sequence": 1, "observed_fencing_epoch": 1, "timestamp": 1783746581.9408658, "wait_seconds": 36.260005288}
{"actor": "syncer", "event_type": "standby_wait", "hostname": "mg0536", "lease_owner_id": "terminal-active", "lease_sequence": 1, "observed_fencing_epoch": 1, "timestamp": 1783746583.9493644, "wait_seconds": 34.251548328}
{"actor": "syncer", "event_type": "standby_wait", "hostname": "mg0536", "lease_owner_id": "terminal-active", "lease_sequence": 1, "observed_fencing_epoch": 1, "timestamp": 1783746585.9588857, "wait_seconds": 32.242060873}
{"actor": "syncer", "event_type": "standby_wait", "hostname": "mg0536", "lease_owner_id": "terminal-active", "lease_sequence": 1, "observed_fencing_epoch": 1, "timestamp": 1783746587.9680696, "wait_seconds": 30.232784713}
{"actor": "syncer", "event_type": "standby_wait", "hostname": "mg0536", "lease_owner_id": "terminal-active", "lease_sequence": 1, "observed_fencing_epoch": 1, "timestamp": 1783746589.9771495, "wait_seconds": 28.223816489}
{"actor": "syncer", "event_type": "standby_wait", "hostname": "mg0536", "lease_owner_id": "terminal-active", "lease_sequence": 1, "observed_fencing_epoch": 1, "timestamp": 1783746596.816678, "wait_seconds": 21.3846083}
{"actor": "syncer", "event_type": "standby_wait", "hostname": "mg0536", "lease_owner_id": "terminal-active", "lease_sequence": 1, "observed_fencing_epoch": 1, "timestamp": 1783746598.8361583, "wait_seconds": 19.364728069}
{"actor": "syncer", "event_type": "standby_wait", "hostname": "mg0536", "lease_owner_id": "terminal-active", "lease_sequence": 2, "observed_fencing_epoch": 1, "timestamp": 1783746600.855592, "wait_seconds": 45.056871596}
{"actor": "syncer", "event_type": "standby_wait", "hostname": "mg0536", "lease_owner_id": "terminal-active", "lease_sequence": 2, "observed_fencing_epoch": 1, "timestamp": 1783746602.87758, "wait_seconds": 43.034646342}
{"actor": "syncer", "event_type": "standby_wait", "hostname": "mg0536", "lease_owner_id": "terminal-active", "lease_sequence": 2, "observed_fencing_epoch": 1, "timestamp": 1783746604.897126, "wait_seconds": 41.015165312}
{"actor": "syncer", "event_type": "standby_wait", "hostname": "mg0536", "lease_owner_id": "terminal-active", "lease_sequence": 2, "observed_fencing_epoch": 1, "timestamp": 1783746606.9161227, "wait_seconds": 38.9961119}
{"actor": "syncer", "event_type": "standby_wait", "hostname": "mg0536", "lease_owner_id": "terminal-active", "lease_sequence": 2, "observed_fencing_epoch": 1, "timestamp": 1783746608.9355156, "wait_seconds": 36.976696311}
{"actor": "syncer", "event_type": "standby_wait", "hostname": "mg0536", "lease_owner_id": "terminal-active", "lease_sequence": 2, "observed_fencing_epoch": 1, "timestamp": 1783746615.7772048, "wait_seconds": 30.135076016}
{"actor": "syncer", "event_type": "standby_wait", "hostname": "mg0536", "lease_owner_id": "terminal-active", "lease_sequence": 3, "observed_fencing_epoch": 1, "timestamp": 1783746617.8068097, "wait_seconds": 45.853646379}
{"actor": "syncer", "event_type": "standby_wait", "hostname": "mg0536", "lease_owner_id": "terminal-active", "lease_sequence": 3, "observed_fencing_epoch": 1, "timestamp": 1783746619.8487566, "wait_seconds": 43.81157996}
{"actor": "syncer", "event_type": "standby_wait", "hostname": "mg0536", "lease_owner_id": "terminal-active", "lease_sequence": 3, "observed_fencing_epoch": 1, "timestamp": 1783746621.8775244, "wait_seconds": 41.782772783}
{"actor": "syncer", "event_type": "standby_wait", "hostname": "mg0536", "lease_owner_id": "terminal-active", "lease_sequence": 3, "observed_fencing_epoch": 1, "timestamp": 1783746623.907044, "wait_seconds": 39.753289029}
{"actor": "syncer", "event_type": "standby_wait", "hostname": "mg0536", "lease_owner_id": "terminal-active", "lease_sequence": 3, "observed_fencing_epoch": 1, "timestamp": 1783746625.9364247, "wait_seconds": 37.723850682}
{"actor": "syncer", "event_type": "standby_wait", "hostname": "mg0536", "lease_owner_id": "terminal-active", "lease_sequence": 3, "observed_fencing_epoch": 1, "timestamp": 1783746627.9660902, "wait_seconds": 35.694233263}
{"actor": "syncer", "event_type": "standby_wait", "hostname": "mg0536", "lease_owner_id": "terminal-active", "lease_sequence": 3, "observed_fencing_epoch": 1, "timestamp": 1783746629.9954612, "wait_seconds": 33.664862181}
{"actor": "syncer", "event_type": "standby_wait", "hostname": "mg0536", "lease_owner_id": "terminal-active", "lease_sequence": 3, "observed_fencing_epoch": 1, "timestamp": 1783746632.0245862, "wait_seconds": 31.635734074}
{"actor": "syncer", "event_type": "standby_wait", "hostname": "mg0536", "lease_owner_id": "terminal-active", "lease_sequence": 3, "observed_fencing_epoch": 1, "timestamp": 1783746634.0533314, "wait_seconds": 29.60700056}
{"actor": "syncer", "event_type": "standby_wait", "hostname": "mg0536", "lease_owner_id": "terminal-active", "lease_sequence": 3, "observed_fencing_epoch": 1, "timestamp": 1783746636.082436, "wait_seconds": 27.57787367}
{"actor": "syncer", "event_type": "standby_wait", "hostname": "mg0536", "lease_owner_id": "terminal-active", "lease_sequence": 3, "observed_fencing_epoch": 1, "timestamp": 1783746638.111469, "wait_seconds": 25.548962043}
{"actor": "syncer", "event_type": "standby_wait", "hostname": "mg0536", "lease_owner_id": "terminal-active", "lease_sequence": 3, "observed_fencing_epoch": 1, "timestamp": 1783746640.14157, "wait_seconds": 23.518791599}
{"actor": "syncer", "event_type": "standby_wait", "hostname": "mg0536", "lease_owner_id": "terminal-active", "lease_sequence": 3, "observed_fencing_epoch": 1, "timestamp": 1783746642.1711836, "wait_seconds": 21.489095141}
{"actor": "syncer", "event_type": "standby_wait", "hostname": "mg0536", "lease_owner_id": "terminal-active", "lease_sequence": 3, "observed_fencing_epoch": 1, "timestamp": 1783746644.200554, "wait_seconds": 19.459721786}
{"actor": "syncer", "event_type": "standby_wait", "hostname": "mg0536", "lease_owner_id": "terminal-active", "lease_sequence": 3, "observed_fencing_epoch": 1, "timestamp": 1783746646.2297025, "wait_seconds": 17.430561328}
{"actor": "syncer", "event_type": "standby_wait", "hostname": "mg0536", "lease_owner_id": "terminal-active", "lease_sequence": 3, "observed_fencing_epoch": 1, "timestamp": 1783746648.2602558, "wait_seconds": 15.400048548}
{"actor": "syncer", "event_type": "standby_wait", "hostname": "mg0536", "lease_owner_id": "terminal-active", "lease_sequence": 3, "observed_fencing_epoch": 1, "timestamp": 1783746650.2900994, "wait_seconds": 13.370288987}
{"actor": "syncer", "event_type": "standby_wait", "hostname": "mg0536", "lease_owner_id": "terminal-active", "lease_sequence": 3, "observed_fencing_epoch": 1, "timestamp": 1783746652.3205776, "wait_seconds": 11.339756623}
{"actor": "syncer", "event_type": "standby_wait", "hostname": "mg0536", "lease_owner_id": "terminal-active", "lease_sequence": 3, "observed_fencing_epoch": 1, "timestamp": 1783746654.3490222, "wait_seconds": 9.311268453}
{"actor": "syncer", "event_type": "standby_wait", "hostname": "mg0536", "lease_owner_id": "terminal-active", "lease_sequence": 3, "observed_fencing_epoch": 1, "timestamp": 1783746656.3784044, "wait_seconds": 7.281876699}
{"actor": "syncer", "event_type": "standby_wait", "hostname": "mg0536", "lease_owner_id": "terminal-active", "lease_sequence": 3, "observed_fencing_epoch": 1, "timestamp": 1783746658.409376, "wait_seconds": 5.250889422}
{"actor": "syncer", "event_type": "standby_wait", "hostname": "mg0536", "lease_owner_id": "terminal-active", "lease_sequence": 3, "observed_fencing_epoch": 1, "timestamp": 1783746660.4446402, "wait_seconds": 3.215608704}
{"actor": "syncer", "event_type": "standby_wait", "hostname": "mg0536", "lease_owner_id": "terminal-active", "lease_sequence": 3, "observed_fencing_epoch": 1, "timestamp": 1783746662.4736774, "wait_seconds": 1.18674559}
{"actor": "syncer", "event_type": "coordination_stage_completed", "hostname": "mg0536", "lease_sequence": 4, "owner_id": "terminal-standby", "owner_session_id": "terminal-standby-session", "proposed_fencing_epoch": 2, "seconds": 0.03425547596998513, "stage": "lease_acquire", "timestamp": 1783746663.7241864}
{"actor": "syncer", "commit_seq": 4, "event_type": "coordination_stage_completed", "fencing_epoch": 2, "hostname": "mg0536", "optimizer_transition_count": 2, "owner_id": "terminal-standby", "owner_session_id": "terminal-standby-session", "seconds": 22.053074082825333, "stage": "fence_commit_and_strict_replay", "timestamp": 1783746685.7786505}
{"actor": "syncer", "event_type": "transaction_stage_completed", "hostname": "mg0536", "seconds": 0.7289632479660213, "selected_count": 8, "stage": "catalog", "target_commit_seq": 5, "timestamp": 1783746688.3274784}
{"actor": "syncer", "event_type": "transaction_stage_completed", "hostname": "mg0536", "seconds": 2.8013755790889263, "stage": "proposal_observation", "target_commit_seq": 5, "timestamp": 1783746691.128857}
{"actor": "syncer", "event_type": "transaction_stage_completed", "hostname": "mg0536", "seconds": 0.007078181020915508, "stage": "aggregation", "target_commit_seq": 5, "timestamp": 1783746691.1359286}
{"actor": "syncer", "event_type": "transaction_stage_completed", "hostname": "mg0536", "seconds": 0.0076007388997823, "stage": "outer_step", "target_commit_seq": 5, "timestamp": 1783746691.1435292}
{"actor": "syncer", "event_type": "transaction_stage_completed", "hostname": "mg0536", "seconds": 2.9830120392143726, "stage": "successor_prepare", "target_commit_seq": 5, "timestamp": 1783746694.127654}
{"actor": "syncer", "commit_id": "c-3d9511f457e409b53b1241b683566c39739a4db87010697992e8c17558e3e052", "commit_seq": 5, "event_type": "head_cas_completed", "hostname": "mg0536", "seconds": 0.019753835862502456, "timestamp": 1783746694.1474059}
{"actor": "syncer", "commit_id": "c-3d9511f457e409b53b1241b683566c39739a4db87010697992e8c17558e3e052", "commit_seq": 5, "event_type": "post_cas_replay_completed", "hostname": "mg0536", "seconds": 4.832446828018874, "timestamp": 1783746698.9807782}
{"actor": "syncer", "event_type": "transaction_stage_completed", "hostname": "mg0536", "seconds": 1.959167208056897, "stage": "materialized_export", "target_commit_seq": 5, "timestamp": 1783746700.9419017}
{"actor": "syncer", "commit_id": "c-3d9511f457e409b53b1241b683566c39739a4db87010697992e8c17558e3e052", "commit_seq": 5, "event_type": "transition_committed", "fragment_id": 0, "hostname": "mg0536", "selected_proposal_ids": ["p-09870e1c968c8442d255a8725c7d7700befbe92d4260f833c5da5ffd72ba79b8", "p-17b8931ab0ed5da8b3f01040ea816fd5a63d275d23a01876ff2ae8db90d9f842", "p-44c2833ba96298badad69d4406088d8eef3a81a45a3ee393b55b500daed595f9", "p-72e17790e2ba7b67399d0c282a2a5e23988becafe21f855ebd1e1124b6ad9ed2", "p-737669722c9e51b19822edd2eed276f86a896c162670e64352e7725a4022d3d5", "p-74656fc9414fec8b083792cb7e19ab7c977b3304d3a46acd740f031dabd10ee3", "p-ca4339e8c3c65e7815b1e71b2101f97665634134524014567de50ba78f6c85fe", "p-e21ac6113a9511cb7c11a9e1c63ee06e850e2d61152007eda6d229d8e7abfdda"], "timestamp": 1783746700.9439511, "view_digest": "3c2f68496bea29d24de1a2a3267f98cb44f76c0a37c5f550f0fcd7149742d339"}
{"actor": "syncer", "event_type": "coordination_stage_completed", "fencing_epoch": 2, "hostname": "mg0536", "lease_sequence": 5, "renew_margin_seconds": 45.0, "seconds": 0.006107812048867345, "stage": "lease_renew", "timestamp": 1783746700.9511242}
{"actor": "syncer", "event_type": "transaction_stage_completed", "hostname": "mg0536", "seconds": 0.7638001639861614, "selected_count": 8, "stage": "catalog", "target_commit_seq": 6, "timestamp": 1783746701.715832}
{"actor": "syncer", "event_type": "transaction_stage_completed", "hostname": "mg0536", "seconds": 2.8555221068672836, "stage": "proposal_observation", "target_commit_seq": 6, "timestamp": 1783746704.5713508}
{"actor": "syncer", "event_type": "transaction_stage_completed", "hostname": "mg0536", "seconds": 0.007288389140740037, "stage": "aggregation", "target_commit_seq": 6, "timestamp": 1783746704.5786343}
{"actor": "syncer", "event_type": "transaction_stage_completed", "hostname": "mg0536", "seconds": 0.004090433940291405, "stage": "outer_step", "target_commit_seq": 6, "timestamp": 1783746704.582725}
{"actor": "syncer", "event_type": "transaction_stage_completed", "hostname": "mg0536", "seconds": 2.948719601146877, "stage": "successor_prepare", "target_commit_seq": 6, "timestamp": 1783746707.532587}
{"actor": "syncer", "commit_id": "c-8dedd9e24933a650dee864916ef6ad0040203a37ea659edd686f052a2fef1466", "commit_seq": 6, "event_type": "head_cas_completed", "hostname": "mg0536", "seconds": 0.019863531924784184, "timestamp": 1783746707.5524485}
{"actor": "syncer", "commit_id": "c-8dedd9e24933a650dee864916ef6ad0040203a37ea659edd686f052a2fef1466", "commit_seq": 6, "event_type": "post_cas_replay_completed", "hostname": "mg0536", "seconds": 4.813024672912434, "timestamp": 1783746712.3665602}
{"actor": "syncer", "event_type": "transaction_stage_completed", "hostname": "mg0536", "seconds": 2.25137918908149, "stage": "materialized_export", "target_commit_seq": 6, "timestamp": 1783746714.6199527}
{"actor": "syncer", "commit_id": "c-8dedd9e24933a650dee864916ef6ad0040203a37ea659edd686f052a2fef1466", "commit_seq": 6, "event_type": "transition_committed", "fragment_id": 0, "hostname": "mg0536", "selected_proposal_ids": ["p-804b42af21ef94a2fbb15cf3df5a4a7e46012fbd413600099792b366276d2c1b", "p-80e59150c4915cb2dbeefd27ba8101a784ac77050705f7741c470fd13cd3e07c", "p-9a448cfbed3ec00af91b4b97b0029e484dff28851a2d4ffb01f93fd150868f59", "p-b6aa0e6fada2a7897bfeb27ebe8fea5ec469bbeca7aa7a8f469a7dc05cc69fa7", "p-d55829f90324341151912e50cb140eca1804342ac8d2dc7740e7e3dc60f44ff6", "p-d70ff3f09a97edbec6659487f718469004e6efbfb67e208882165b9f88a3a860", "p-e6757c1e5d9fcb463011b26fced572efc72f46933ac0419682fc109c4298e9a4", "p-f1ba2053b8de022328b7339ae430ea905049a366082c01e269d1b2f10e45a94b"], "timestamp": 1783746714.6229432, "view_digest": "652d90746b1a208096b343b0b0c86173e76cac8ab0e8bf643bf253ea793414d6"}
{"actor": "syncer", "event_type": "coordination_stage_completed", "fencing_epoch": 2, "hostname": "mg0536", "lease_sequence": 6, "renew_margin_seconds": 45.0, "seconds": 0.006491299951449037, "stage": "lease_renew", "timestamp": 1783746714.6310804}
{"actor": "syncer", "event_type": "transaction_stage_completed", "hostname": "mg0536", "seconds": 0.761753540020436, "selected_count": 8, "stage": "catalog", "target_commit_seq": 7, "timestamp": 1783746715.3937807}
{"actor": "syncer", "event_type": "transaction_stage_completed", "hostname": "mg0536", "seconds": 2.8049346529878676, "stage": "proposal_observation", "target_commit_seq": 7, "timestamp": 1783746718.1987135}
{"actor": "syncer", "event_type": "transaction_stage_completed", "hostname": "mg0536", "seconds": 0.0019124809186905622, "stage": "aggregation", "target_commit_seq": 7, "timestamp": 1783746718.2006214}
{"actor": "syncer", "event_type": "transaction_stage_completed", "hostname": "mg0536", "seconds": 0.004094467032700777, "stage": "outer_step", "target_commit_seq": 7, "timestamp": 1783746718.2047157}
{"actor": "syncer", "event_type": "transaction_stage_completed", "hostname": "mg0536", "seconds": 2.577268950175494, "stage": "successor_prepare", "target_commit_seq": 7, "timestamp": 1783746720.7830496}
{"actor": "syncer", "commit_id": "c-5dedc146f38621cb8f7047257dc4c69528863baf634b079bde459028e0e77da3", "commit_seq": 7, "event_type": "head_cas_completed", "hostname": "mg0536", "seconds": 0.010056421859189868, "timestamp": 1783746720.7931035}
{"actor": "syncer", "commit_id": "c-5dedc146f38621cb8f7047257dc4c69528863baf634b079bde459028e0e77da3", "commit_seq": 7, "event_type": "post_cas_replay_completed", "hostname": "mg0536", "seconds": 4.8225762960501015, "timestamp": 1783746725.616688}
{"actor": "syncer", "event_type": "transaction_stage_completed", "hostname": "mg0536", "seconds": 1.959968744078651, "stage": "materialized_export", "target_commit_seq": 7, "timestamp": 1783746727.578258}
{"actor": "syncer", "commit_id": "c-5dedc146f38621cb8f7047257dc4c69528863baf634b079bde459028e0e77da3", "commit_seq": 7, "event_type": "transition_committed", "fragment_id": 0, "hostname": "mg0536", "selected_proposal_ids": ["p-4588bd7c4f66fbfb593e0628c5866315d1466e9fe8bbe3c0aaac9e96eda07513", "p-752f71632acec39df8a075630db1bf2611699ae61943a2295e09d2d892f3c618", "p-88d3189af83f07e4e97a7a60a73f8f189ca4460f5625928705d227afc0d18096", "p-99170ab615cd4da4515818e19dc8a2fb135cbdb5102d760e37b732674af8702b", "p-9962df6351b41ae863fad811e6ec92bc6e13fcc27a2bb2f3d1ef8da2c12bc99d", "p-9d6a96a7c396a8fd9468039659b4a5320852a0e394f77638ea26243e2aaa58be", "p-cc09ca3ce9189e17dd565947d916a76838ae2ba830b8d27d99c485849fc08bd6", "p-ed41977b311329258a5939e93d16b4597404e60f99785e31ffd6636e41b19a37"], "timestamp": 1783746727.5801756, "view_digest": "08bf7ec91bdc08f6fed34f5527cb884804bb3d2173ee1bb843c064f55915956a"}
{"actor": "syncer", "event_type": "coordination_stage_completed", "fencing_epoch": 2, "hostname": "mg0536", "lease_sequence": 7, "renew_margin_seconds": 45.0, "seconds": 0.00680976384319365, "stage": "lease_renew", "timestamp": 1783746727.587949}
{"actor": "syncer", "event_type": "transaction_stage_completed", "hostname": "mg0536", "seconds": 0.7525318439584225, "selected_count": 8, "stage": "catalog", "target_commit_seq": 8, "timestamp": 1783746728.3416157}
{"actor": "syncer", "event_type": "transaction_stage_completed", "hostname": "mg0536", "seconds": 2.812647801823914, "stage": "proposal_observation", "target_commit_seq": 8, "timestamp": 1783746731.1542618}
{"actor": "syncer", "event_type": "transaction_stage_completed", "hostname": "mg0536", "seconds": 0.0018205130472779274, "stage": "aggregation", "target_commit_seq": 8, "timestamp": 1783746731.1560783}
{"actor": "syncer", "event_type": "transaction_stage_completed", "hostname": "mg0536", "seconds": 0.004087011096999049, "stage": "outer_step", "target_commit_seq": 8, "timestamp": 1783746731.160165}
{"actor": "syncer", "event_type": "transaction_stage_completed", "hostname": "mg0536", "seconds": 2.5799563641194254, "stage": "successor_prepare", "target_commit_seq": 8, "timestamp": 1783746733.741415}
{"actor": "syncer", "commit_id": "c-3456a74f7f87aa3247439e6fa1603a1219c38ac5187d4f23ba597aa88adebba0", "commit_seq": 8, "event_type": "head_cas_completed", "hostname": "mg0536", "seconds": 0.008850372862070799, "timestamp": 1783746733.750263}
{"actor": "syncer", "commit_id": "c-3456a74f7f87aa3247439e6fa1603a1219c38ac5187d4f23ba597aa88adebba0", "commit_seq": 8, "event_type": "post_cas_replay_completed", "hostname": "mg0536", "seconds": 4.925170886097476, "timestamp": 1783746738.6764655}
{"actor": "syncer", "event_type": "transaction_stage_completed", "hostname": "mg0536", "seconds": 1.9253071299754083, "stage": "materialized_export", "target_commit_seq": 8, "timestamp": 1783746740.6043756}
{"actor": "syncer", "commit_id": "c-3456a74f7f87aa3247439e6fa1603a1219c38ac5187d4f23ba597aa88adebba0", "commit_seq": 8, "event_type": "transition_committed", "fragment_id": 0, "hostname": "mg0536", "selected_proposal_ids": ["p-0a35365297c29e55931f34c666999deee48ff1495baa6e4115a615a5f69227dc", "p-2f7147167c000d5b7a66c2ed28d83c68a280d85cf9d3b3028a590d5ba52e10d8", "p-2ffbe218da24c3a82e3ab68348b0d0c107a1b4ae821a2ca816f8d67570d5466e", "p-63a20642114fc073c44ea888a87a1f0216928eeb1eec669434f376d5c162edcf", "p-93b42262efe5576995cff3b7e89d49b3345f3395efeedf96e62fd7e1313634ed", "p-accf4d944718456622c22cb6b7b12ce2354f5bd17524cb894cfd1d5ea66cdfef", "p-c41e81498d3c634998e0f34f05ce457260836d36e8c9c37573eec0823f18de30", "p-e6e69063e154f42b4a6f981a9647656a55e64b5afd7cffc79ba550eab651d4d0"], "timestamp": 1783746740.6063502, "view_digest": "8b6f0083b7dedc7ae469d721ef3b92c60c2c2c5cffa23698f6fa2b9e501cad41"}
{"actor": "syncer", "event_type": "coordination_stage_completed", "fencing_epoch": 2, "hostname": "mg0536", "lease_sequence": 8, "renew_margin_seconds": 45.0, "seconds": 0.006088227033615112, "stage": "lease_renew", "timestamp": 1783746740.6134331}
{"actor": "syncer", "event_type": "transaction_stage_completed", "hostname": "mg0536", "seconds": 0.7988013850990683, "selected_count": 8, "stage": "catalog", "target_commit_seq": 9, "timestamp": 1783746741.4131253}
{"actor": "syncer", "event_type": "transaction_stage_completed", "hostname": "mg0536", "seconds": 2.789146666880697, "stage": "proposal_observation", "target_commit_seq": 9, "timestamp": 1783746744.2022703}
{"actor": "syncer", "event_type": "transaction_stage_completed", "hostname": "mg0536", "seconds": 0.0019026570953428745, "stage": "aggregation", "target_commit_seq": 9, "timestamp": 1783746744.2041678}
{"actor": "syncer", "event_type": "transaction_stage_completed", "hostname": "mg0536", "seconds": 0.004093281924724579, "stage": "outer_step", "target_commit_seq": 9, "timestamp": 1783746744.2082615}
{"actor": "syncer", "event_type": "transaction_stage_completed", "hostname": "mg0536", "seconds": 2.5986974630504847, "stage": "successor_prepare", "target_commit_seq": 9, "timestamp": 1783746746.8080685}
{"actor": "syncer", "commit_id": "c-6454cd9c55787cf6c61859c9611e7b1e5d9b358689d4cb22a3e11cbbd3bed9c4", "commit_seq": 9, "event_type": "head_cas_completed", "hostname": "mg0536", "seconds": 0.00847146101295948, "timestamp": 1783746746.8165383}
{"actor": "syncer", "commit_id": "c-6454cd9c55787cf6c61859c9611e7b1e5d9b358689d4cb22a3e11cbbd3bed9c4", "commit_seq": 9, "event_type": "post_cas_replay_completed", "hostname": "mg0536", "seconds": 4.875099495984614, "timestamp": 1783746751.6925735}
{"actor": "syncer", "event_type": "transaction_stage_completed", "hostname": "mg0536", "seconds": 1.9609929132275283, "stage": "materialized_export", "target_commit_seq": 9, "timestamp": 1783746753.6556065}
{"actor": "syncer", "commit_id": "c-6454cd9c55787cf6c61859c9611e7b1e5d9b358689d4cb22a3e11cbbd3bed9c4", "commit_seq": 9, "event_type": "transition_committed", "fragment_id": 0, "hostname": "mg0536", "selected_proposal_ids": ["p-2246fc5728ed11435e6ef2ebc76e65e98476d30b547c6d7c1770a60ce5916d9d", "p-52b041bd14cd95fa50ac809521ecd1ad743a6cf1bb3272586acdbca5a9590b61", "p-5c9bc143647706ca104781eb51765beedbabe5cf6bc6347b46055f4009143d3a", "p-66f99bcfcb95b970527433f149a017c46a70edc1d7a2b0450675d945617943b2", "p-904f489acfaba74fd10d558cea8cc7c3a6ee1e2eaad7d9f07aa01aff36993ec3", "p-b25088e9cc2405bf9f8772787c7d697bfdaea142b149ec9ae46949e2a6444f6b", "p-bb17b32e1ed329efe73241e74423cefd3c2bbfefb7ff969003dcb875ab0da36d", "p-da0aa83e89a87ab71ecfa26af220466c8a20e141f8eb6ad291d2c4220d64893c"], "timestamp": 1783746753.6577907, "view_digest": "bf096e65a112794f5f41c461b4dee1030dbea792e36c2aae64a8d3bac4d4a9ac"}
{"actor": "syncer", "event_type": "coordination_stage_completed", "fencing_epoch": 2, "hostname": "mg0536", "lease_sequence": 9, "renew_margin_seconds": 45.0, "seconds": 0.006798243848606944, "stage": "lease_renew", "timestamp": 1783746753.665979}
{"actor": "syncer", "event_type": "transaction_stage_completed", "hostname": "mg0536", "seconds": 0.8715215891133994, "selected_count": 8, "stage": "catalog", "target_commit_seq": 10, "timestamp": 1783746754.5403912}
{"actor": "syncer", "event_type": "transaction_stage_completed", "hostname": "mg0536", "seconds": 2.829621027922258, "stage": "proposal_observation", "target_commit_seq": 10, "timestamp": 1783746757.3700116}
{"actor": "syncer", "event_type": "transaction_stage_completed", "hostname": "mg0536", "seconds": 0.0029116501100361347, "stage": "aggregation", "target_commit_seq": 10, "timestamp": 1783746757.3729174}
{"actor": "syncer", "event_type": "transaction_stage_completed", "hostname": "mg0536", "seconds": 0.004085059044882655, "stage": "outer_step", "target_commit_seq": 10, "timestamp": 1783746757.3770027}
{"actor": "syncer", "event_type": "transaction_stage_completed", "hostname": "mg0536", "seconds": 2.597826421028003, "stage": "successor_prepare", "target_commit_seq": 10, "timestamp": 1783746759.9766672}
{"actor": "syncer", "commit_id": "c-8bf60b53c95d9d121f23990970bbf40dfaa72274389d6b3ca53f96bb69d9367d", "commit_seq": 10, "event_type": "head_cas_completed", "hostname": "mg0536", "seconds": 0.008270820835605264, "timestamp": 1783746759.9849362}
{"actor": "syncer", "commit_id": "c-8bf60b53c95d9d121f23990970bbf40dfaa72274389d6b3ca53f96bb69d9367d", "commit_seq": 10, "event_type": "post_cas_replay_completed", "hostname": "mg0536", "seconds": 4.858068285975605, "timestamp": 1783746764.8440034}
{"actor": "syncer", "event_type": "transaction_stage_completed", "hostname": "mg0536", "seconds": 2.080542969983071, "stage": "materialized_export", "target_commit_seq": 10, "timestamp": 1783746766.927666}
{"actor": "syncer", "commit_id": "c-8bf60b53c95d9d121f23990970bbf40dfaa72274389d6b3ca53f96bb69d9367d", "commit_seq": 10, "event_type": "transition_committed", "fragment_id": 0, "hostname": "mg0536", "selected_proposal_ids": ["p-099f3c3213841b7adc82ceb701ec1aa85427c317117b0bfd33f6f59ba3a9b902", "p-11677a937146d90008f25ed1f7e623d5ceb51e5d38972a27c79340da7eb79da1", "p-640ad71531d1db8836b5efbe6e1586ff668557422915d3907c8c1da821490f42", "p-a83b5a152e2bb5a0db824ecac4503c6fa7cd071cccb9e62595d26f9ac781cb4d", "p-b0ea1e5de8e88656b492d3ae4996691b8cebfa9dbcd8a3ad70d465792019f1df", "p-bc88925ee8fe3047f4bd54d6333c377cec9c8b07c5067fe9440314cd05339c0e", "p-cbaa3f2166e0eafed35720f62bc556d84ce66e9eb9eef30c478a25f2a1454a18", "p-fad6c905179628c05b743ef65582cdcdeb6579f9ab701b2b1493f833d2755ac3"], "timestamp": 1783746766.9301035, "view_digest": "8e5c7785b298ca1a97fcd199703bd67479375343368a8c42dd08e67c91d01a2a"}
{"actor": "syncer", "event_type": "coordination_stage_completed", "fencing_epoch": 2, "hostname": "mg0536", "lease_sequence": 10, "renew_margin_seconds": 45.0, "seconds": 0.006605860078707337, "stage": "lease_renew", "timestamp": 1783746766.9378438}
{"actor": "syncer", "event_type": "transaction_stage_completed", "hostname": "mg0536", "seconds": 0.8512439450714737, "selected_count": 8, "stage": "catalog", "target_commit_seq": 11, "timestamp": 1783746767.7900183}
{"actor": "syncer", "event_type": "transaction_stage_completed", "hostname": "mg0536", "seconds": 2.8116134970914572, "stage": "proposal_observation", "target_commit_seq": 11, "timestamp": 1783746770.6016307}
{"actor": "syncer", "event_type": "transaction_stage_completed", "hostname": "mg0536", "seconds": 0.0024840659461915493, "stage": "aggregation", "target_commit_seq": 11, "timestamp": 1783746770.6041098}
{"actor": "syncer", "event_type": "transaction_stage_completed", "hostname": "mg0536", "seconds": 0.0040895058773458, "stage": "outer_step", "target_commit_seq": 11, "timestamp": 1783746770.6081994}
{"actor": "syncer", "event_type": "transaction_stage_completed", "hostname": "mg0536", "seconds": 2.6425593118183315, "stage": "successor_prepare", "target_commit_seq": 11, "timestamp": 1783746773.2518563}
{"actor": "syncer", "commit_id": "c-5cb284937c91e7656fcf7eff0c3f61c83133f5fde4f2f4348f24729742b5c98a", "commit_seq": 11, "event_type": "head_cas_completed", "hostname": "mg0536", "seconds": 0.008579494198784232, "timestamp": 1783746773.2604342}
{"actor": "syncer", "commit_id": "c-5cb284937c91e7656fcf7eff0c3f61c83133f5fde4f2f4348f24729742b5c98a", "commit_seq": 11, "event_type": "post_cas_replay_completed", "hostname": "mg0536", "seconds": 4.883648972958326, "timestamp": 1783746778.1450572}
{"actor": "syncer", "event_type": "transaction_stage_completed", "hostname": "mg0536", "seconds": 1.9248452112078667, "stage": "materialized_export", "target_commit_seq": 11, "timestamp": 1783746780.0726457}
{"actor": "syncer", "commit_id": "c-5cb284937c91e7656fcf7eff0c3f61c83133f5fde4f2f4348f24729742b5c98a", "commit_seq": 11, "event_type": "transition_committed", "fragment_id": 0, "hostname": "mg0536", "selected_proposal_ids": ["p-03c7fd17a756aaaf757519c31e4cf9e679575f83fb83bdd87ebbd4f0e7d44f4e", "p-1fa05fdf86abf5420c17588a75ee673f35a6f8f17d3b3f90811609736de1fd8b", "p-3598ebe6a8ecca500ce07129dc1288ff1cf2d46bca0383a2c192195fb0f76350", "p-4755a174bd3a530af2d46ea59604747419d3545bc14a65cbe7daafb2eaa5ca95", "p-821d58b802bab22d0066602d3e4a3e4882e98da7bb89fdf9c75c87e03f8f4797", "p-bb65df592c6455092c87c56d3a56a26c641eac39b94c2b2e06c5ee5adde79a30", "p-e3d727575ffd740f0250beb833bb66214973e59ce0abb1ad1b001ec71a7fd4c7", "p-f52bc17fb8cca9d6164b9c5b480111d7f3dd2fddb4f17e12af1abe08d34199d6"], "timestamp": 1783746780.0748408, "view_digest": "0e87457f4026d28a062666a02860e48b323414942cee21b727e2019366e2c2ba"}
{"actor": "syncer", "event_type": "coordination_stage_completed", "fencing_epoch": 2, "hostname": "mg0536", "lease_sequence": 11, "renew_margin_seconds": 45.0, "seconds": 0.006597314961254597, "stage": "lease_renew", "timestamp": 1783746780.0824988}
{"actor": "syncer", "event_type": "transaction_stage_completed", "hostname": "mg0536", "seconds": 0.8631549288984388, "selected_count": 8, "stage": "catalog", "target_commit_seq": 12, "timestamp": 1783746780.9466178}
{"actor": "syncer", "event_type": "transaction_stage_completed", "hostname": "mg0536", "seconds": 2.8086569500155747, "stage": "proposal_observation", "target_commit_seq": 12, "timestamp": 1783746783.7552748}
{"actor": "syncer", "event_type": "transaction_stage_completed", "hostname": "mg0536", "seconds": 0.0017862089443951845, "stage": "aggregation", "target_commit_seq": 12, "timestamp": 1783746783.7570558}
{"actor": "syncer", "event_type": "transaction_stage_completed", "hostname": "mg0536", "seconds": 0.004080515122041106, "stage": "outer_step", "target_commit_seq": 12, "timestamp": 1783746783.7611363}
{"actor": "syncer", "event_type": "transaction_stage_completed", "hostname": "mg0536", "seconds": 2.640975825022906, "stage": "successor_prepare", "target_commit_seq": 12, "timestamp": 1783746786.4032204}
{"actor": "syncer", "commit_id": "c-d15e17dfd383306f9f1be45f512751ae9c137b031b6470b731cd4daddfb62dd3", "commit_seq": 12, "event_type": "head_cas_completed", "hostname": "mg0536", "seconds": 0.012802248122170568, "timestamp": 1783746786.4160206}
{"actor": "syncer", "commit_id": "c-d15e17dfd383306f9f1be45f512751ae9c137b031b6470b731cd4daddfb62dd3", "commit_seq": 12, "event_type": "post_cas_replay_completed", "hostname": "mg0536", "seconds": 4.90822767582722, "timestamp": 1783746791.325858}
{"actor": "syncer", "event_type": "transaction_stage_completed", "hostname": "mg0536", "seconds": 1.9562227649148554, "stage": "materialized_export", "target_commit_seq": 12, "timestamp": 1783746793.2837896}
{"actor": "syncer", "commit_id": "c-d15e17dfd383306f9f1be45f512751ae9c137b031b6470b731cd4daddfb62dd3", "commit_seq": 12, "event_type": "transition_committed", "fragment_id": 0, "hostname": "mg0536", "selected_proposal_ids": ["p-1b9be159694ccc283d5e72654d6f09276a4a2719b11fd722976d49023fa932a6", "p-3974dc6ecbcee8f65a511fc8d88b74b7814b982774fc346a95473c17f809cc55", "p-8b116713221a60936888f71d842a19bd7fcfc7b754528d0a8a45b3a6b64ea7de", "p-99b4a3ab84138c86228cb91039afafbcba01beae08d8dd3f94faae8a7d7d243f", "p-c42a5b3bb2ed312a80960e103357ef291163162981ad46d002914c62c98d5d42", "p-ced9fc6abea9d19b9bdf0deb72b5b1a87173e6661516b2a51d62107a255af056", "p-de614d2c4f2d4318a5ff3a30eb503a0af0a88a8c828f4c56172a2baaa755181e", "p-fd8b6a97cf0f2a4bf9388690e15d354f732a398a7b8e493189134ed2e897dc6b"], "timestamp": 1783746793.287036, "view_digest": "dda670e01c2cae4402113e4c6c94333988abea44c3285439ba80731e73264e1e"}
{"actor": "syncer", "event_type": "coordination_stage_completed", "fencing_epoch": 2, "hostname": "mg0536", "lease_sequence": 12, "renew_margin_seconds": 45.0, "seconds": 0.01206679199822247, "stage": "lease_renew", "timestamp": 1783746793.3002088}
{"actor": "syncer", "commit_seq": 13, "event_type": "coordination_stage_completed", "hostname": "mg0536", "optimizer_transition_count": 10, "seconds": 49.37971122399904, "stage": "authoritative_stop", "timestamp": 1783746842.68096}
{"actor": "syncer", "commit_id": "c-d27f71853a9378ae17aa6de75ba9118bc1ac10da7c75b88da150f1be2c8c6928", "commit_seq": 13, "event_type": "stop_published", "hostname": "mg0536", "reason": "stop_after_outer_steps", "timestamp": 1783746844.6038005}
{"actor": "syncer", "deleted_files": 4, "event_type": "retention_cleanup", "hostname": "mg0536", "keep_last": 11, "role": "syncer", "timestamp": 1783746844.6246061}
{"actor": "syncer", "deleted_files": 22, "event_type": "retention_cleanup", "hostname": "mg0536", "keep_last": 1, "role": "learner", "timestamp": 1783746844.666078, "update_dir": "/work/xg24i002/x10041/fs_based_decoupled_diloco/runs/fs_diloco/20260711_p05_impl_82dbec1_gpt2_9n_50x10/updates/pending/learner_000"}
{"actor": "syncer", "deleted_files": 22, "event_type": "retention_cleanup", "hostname": "mg0536", "keep_last": 1, "role": "learner", "timestamp": 1783746844.7038193, "update_dir": "/work/xg24i002/x10041/fs_based_decoupled_diloco/runs/fs_diloco/20260711_p05_impl_82dbec1_gpt2_9n_50x10/updates/pending/learner_001"}
{"actor": "syncer", "deleted_files": 22, "event_type": "retention_cleanup", "hostname": "mg0536", "keep_last": 1, "role": "learner", "timestamp": 1783746844.7392282, "update_dir": "/work/xg24i002/x10041/fs_based_decoupled_diloco/runs/fs_diloco/20260711_p05_impl_82dbec1_gpt2_9n_50x10/updates/pending/learner_002"}
{"actor": "syncer", "deleted_files": 22, "event_type": "retention_cleanup", "hostname": "mg0536", "keep_last": 1, "role": "learner", "timestamp": 1783746844.7807565, "update_dir": "/work/xg24i002/x10041/fs_based_decoupled_diloco/runs/fs_diloco/20260711_p05_impl_82dbec1_gpt2_9n_50x10/updates/pending/learner_003"}
{"actor": "syncer", "deleted_files": 22, "event_type": "retention_cleanup", "hostname": "mg0536", "keep_last": 1, "role": "learner", "timestamp": 1783746844.8184583, "update_dir": "/work/xg24i002/x10041/fs_based_decoupled_diloco/runs/fs_diloco/20260711_p05_impl_82dbec1_gpt2_9n_50x10/updates/pending/learner_004"}
{"actor": "syncer", "deleted_files": 22, "event_type": "retention_cleanup", "hostname": "mg0536", "keep_last": 1, "role": "learner", "timestamp": 1783746844.8534188, "update_dir": "/work/xg24i002/x10041/fs_based_decoupled_diloco/runs/fs_diloco/20260711_p05_impl_82dbec1_gpt2_9n_50x10/updates/pending/learner_005"}
{"actor": "syncer", "deleted_files": 22, "event_type": "retention_cleanup", "hostname": "mg0536", "keep_last": 1, "role": "learner", "timestamp": 1783746844.8908935, "update_dir": "/work/xg24i002/x10041/fs_based_decoupled_diloco/runs/fs_diloco/20260711_p05_impl_82dbec1_gpt2_9n_50x10/updates/pending/learner_006"}
{"actor": "syncer", "deleted_files": 22, "event_type": "retention_cleanup", "hostname": "mg0536", "keep_last": 1, "role": "learner", "timestamp": 1783746844.9291635, "update_dir": "/work/xg24i002/x10041/fs_based_decoupled_diloco/runs/fs_diloco/20260711_p05_impl_82dbec1_gpt2_9n_50x10/updates/pending/learner_007"}
{"actor": "syncer", "commit_seq": 13, "event_type": "process_exit", "hostname": "mg0536", "reason": "stop_after_outer_steps", "timestamp": 1783746844.9309618}
