{"actor": "learner_000", "device": "cuda", "event_type": "process_start", "hostname": "mg0014", "learner_id": "learner_000", "run_id": "20260711_p06a_c1_c834e57-training", "timestamp": 1783761028.3961723}
[transformers] `torch_dtype` is deprecated! Use `dtype` instead!
Loading weights:   0%|          | 0/148 [00:00<?, ?it/s]Loading weights:  72%|███████▏  | 106/148 [00:00<00:00, 982.29it/s]Loading weights: 100%|██████████| 148/148 [00:00<00:00, 892.38it/s]
{"actor": "learner_000", "event_type": "loaded_global", "hostname": "mg0014", "timestamp": 1783761051.378277, "version": 1}
{"actor": "learner_000", "event_type": "inner_optimizer_reset", "hostname": "mg0014", "timestamp": 1783761051.3808286, "version": 1}
{"actor": "learner_000", "committed_intervals": 0, "event_type": "warm_recovery", "hostname": "mg0014", "lost_tokens": 0, "max_uncommitted_base_commit_seq": null, "new_session": {"learner_id": "learner_000", "learner_session_id": "learner_000-3325179a02804c8d8f25a68a830132c5", "protocol_version": 2, "record_type": "learner_session", "run_generation": 0, "run_id": "20260711_p06a_c1_c834e57-training"}, "next_sequence": 1, "published_intervals": 0, "repeated_tokens_estimate": 0, "timestamp": 1783761059.8290908, "uncommitted_intervals": 0, "warm_not_exact": true}
[transformers] `loss_type=None` was set in the config but it is unrecognized. Using the default loss: `ForCausalLMLoss`.
{"actor": "learner_000", "event_type": "inner_step_summary", "global_version": 1, "hostname": "mg0014", "local_step": 1, "timestamp": 1783761060.2263348, "train_loss": 4.241382598876953}
{"actor": "learner_000", "event_type": "inner_step_summary", "global_version": 1, "hostname": "mg0014", "local_step": 2, "timestamp": 1783761060.2547467, "train_loss": 4.632730007171631}
{"actor": "learner_000", "event_type": "update_written", "file_path": "/work/xg24i002/x10041/fs_based_decoupled_diloco/runs/duraloco/20260711_p06a_c1_c834e57/training/updates/pending/learner_000/update_61145482610a.params.safetensors", "hostname": "mg0014", "interval_digest": "f3943c353babe912e6fcb86d268496d529192d4cb87ed7747d0866357bb4a31a", "local_step": 2, "publication_proposal_id": "proposal-b7179cef39b8910d1fc856b0487d28225acd0d70bfa4ee24500a6933d29b5249", "publication_request_id": "learner-publish-05b4b4cc01cfd9dad9a10cedc38fd7686de389768d35addca76e0915397b41b2", "timestamp": 1783761061.7644362, "tokens": 256, "train_loss": 4.437056303024292, "update_id": "learner_000_00000002_61145482610a"}
{"actor": "learner_000", "event_type": "heartbeat_written", "hostname": "mg0014", "local_step": 2, "timestamp": 1783761061.772883}
{"actor": "learner_000", "current_version": 1, "event_type": "latest_polled", "found_version": 2, "hostname": "mg0014", "timestamp": 1783761073.7921565}
{"actor": "learner_000", "event_type": "global_adopted", "hostname": "mg0014", "timestamp": 1783761073.8467147, "version": 2}
{"actor": "learner_000", "adoption_state_digest": "14d13f302a0174555bd1677a94affdce3454a3cd5e3fb1546338446f737e47a8", "event_type": "inner_optimizer_adoption", "hostname": "mg0014", "policy": "reset_all", "reset_parameter_count": 148, "timestamp": 1783761073.8503685, "version": 2}
{"actor": "learner_000", "event_type": "inner_step_summary", "global_version": 2, "hostname": "mg0014", "local_step": 3, "timestamp": 1783761073.8827612, "train_loss": 4.157248497009277}
{"actor": "learner_000", "event_type": "heartbeat_written", "hostname": "mg0014", "local_step": 3, "timestamp": 1783761073.8919482}
{"actor": "learner_000", "event_type": "inner_step_summary", "global_version": 2, "hostname": "mg0014", "local_step": 4, "timestamp": 1783761073.9205675, "train_loss": 4.630003929138184}
{"actor": "learner_000", "event_type": "update_written", "file_path": "/work/xg24i002/x10041/fs_based_decoupled_diloco/runs/duraloco/20260711_p06a_c1_c834e57/training/updates/pending/learner_000/update_789635c70687.params.safetensors", "hostname": "mg0014", "interval_digest": "e99f9448af14055354a0ad9ad67715eb7f0cb25d4b97252873c2d804080ab3fe", "local_step": 4, "publication_proposal_id": "proposal-97d869f4bae674ee1c6fdfd22bee5273848036c5f71aaead20a8b9e3de5dd51f", "publication_request_id": "learner-publish-b33b40ed359ac835cb89db9377ce78ed1a87bdda36b248aec8c80274428096e8", "timestamp": 1783761075.259072, "tokens": 256, "train_loss": 4.3936262130737305, "update_id": "learner_000_00000004_789635c70687"}
{"actor": "learner_000", "event_type": "heartbeat_written", "hostname": "mg0014", "local_step": 4, "timestamp": 1783761075.2646925}
{"actor": "learner_000", "current_version": 2, "event_type": "latest_polled", "found_version": 3, "hostname": "mg0014", "timestamp": 1783761079.2690883}
{"actor": "learner_000", "event_type": "global_adopted", "hostname": "mg0014", "timestamp": 1783761079.3153958, "version": 3}
{"actor": "learner_000", "adoption_state_digest": "276899512212db6e1b8c9e17bbfa9266adb6bcf9f083884d8d76a72d8c544c4b", "event_type": "inner_optimizer_adoption", "hostname": "mg0014", "policy": "reset_all", "reset_parameter_count": 148, "timestamp": 1783761079.3174105, "version": 3}
{"actor": "learner_000", "event_type": "stop_seen", "hostname": "mg0014", "reason": "stop_after_outer_steps", "timestamp": 1783761079.3190613}
{"actor": "learner_000", "event_type": "process_exit", "global_version": 3, "hostname": "mg0014", "local_step": 4, "timestamp": 1783761079.3279626}
