{"actor": "syncer", "authority_root": "/work/xg24i002/x10041/fs_based_decoupled_diloco/runs/duraloco/20260711_p06a_c1_c834e57/training/authority", "cuda_visible_devices": "0", "device": "cuda", "event_type": "process_start", "hostname": "mg0014", "owner_id": "syncer-a", "owner_session_id": "20260711_p06a_c1_c834e57-owner", "run_generation": 0, "run_id": "20260711_p06a_c1_c834e57-training", "shared_root": "/work/xg24i002/x10041/fs_based_decoupled_diloco/runs/duraloco/20260711_p06a_c1_c834e57/training", "standby": false, "timestamp": 1783761023.3791645}
[transformers] `torch_dtype` is deprecated! Use `dtype` instead!
Loading weights:   0%|          | 0/148 [00:00<?, ?it/s]Loading weights:  72%|███████▏  | 106/148 [00:00<00:00, 1023.99it/s]Loading weights: 100%|██████████| 148/148 [00:00<00:00, 917.14it/s] 
{"actor": "syncer", "commit_seq": 0, "event_type": "generation_initialized", "hostname": "mg0014", "timestamp": 1783761046.5023754, "view_digest": "d17cde224a7a5921f8e47f3bc20dff071d68102142009482c422eaca2dbc2ac7"}
{"actor": "syncer", "event_type": "coordination_stage_completed", "hostname": "mg0014", "lease_sequence": 1, "owner_id": "syncer-a", "owner_session_id": "20260711_p06a_c1_c834e57-owner", "proposed_fencing_epoch": 1, "seconds": 0.00812654197216034, "stage": "lease_acquire", "timestamp": 1783761046.514701}
{"actor": "syncer", "commit_seq": 1, "event_type": "coordination_stage_completed", "fencing_epoch": 1, "hostname": "mg0014", "optimizer_transition_count": 0, "owner_id": "syncer-a", "owner_session_id": "20260711_p06a_c1_c834e57-owner", "seconds": 2.659008302958682, "stage": "fence_commit_and_strict_replay", "timestamp": 1783761049.1747844}
{"actor": "syncer", "commit_seq": 1, "eligible": 0, "event_type": "quorum_wait", "fragment_id": 0, "hostname": "mg0014", "quorum_min": 1, "timestamp": 1783761052.0703483}
{"actor": "syncer", "commit_seq": 1, "eligible": 0, "event_type": "quorum_wait", "fragment_id": 0, "hostname": "mg0014", "quorum_min": 1, "timestamp": 1783761054.0750153}
{"actor": "syncer", "commit_seq": 1, "eligible": 0, "event_type": "quorum_wait", "fragment_id": 0, "hostname": "mg0014", "quorum_min": 1, "timestamp": 1783761056.077761}
{"actor": "syncer", "commit_seq": 1, "eligible": 0, "event_type": "quorum_wait", "fragment_id": 0, "hostname": "mg0014", "quorum_min": 1, "timestamp": 1783761058.0804794}
{"actor": "syncer", "commit_seq": 1, "eligible": 0, "event_type": "quorum_wait", "fragment_id": 0, "hostname": "mg0014", "quorum_min": 1, "timestamp": 1783761060.0832875}
{"actor": "syncer", "event_type": "coordination_stage_completed", "fencing_epoch": 1, "hostname": "mg0014", "lease_sequence": 2, "renew_margin_seconds": 45.0, "seconds": 0.007527271052822471, "stage": "lease_renew", "timestamp": 1783761061.0922873}
{"actor": "syncer", "event_type": "transaction_stage_completed", "hostname": "mg0014", "seconds": 1.4978369449963793, "selected_count": 1, "stage": "catalog", "target_commit_seq": 2, "timestamp": 1783761062.5969467}
{"actor": "syncer", "event_type": "transaction_stage_completed", "hostname": "mg0014", "seconds": 0.6582347250077873, "stage": "proposal_observation", "target_commit_seq": 2, "timestamp": 1783761063.25401}
{"actor": "syncer", "event_type": "transaction_stage_completed", "hostname": "mg0014", "seconds": 0.0038144190330058336, "stage": "aggregation", "target_commit_seq": 2, "timestamp": 1783761063.2578223}
{"actor": "syncer", "event_type": "transaction_stage_completed", "hostname": "mg0014", "seconds": 2.0991855199681595, "stage": "outer_step", "target_commit_seq": 2, "timestamp": 1783761065.3570104}
{"actor": "syncer", "event_type": "transaction_stage_completed", "hostname": "mg0014", "seconds": 2.404482071986422, "stage": "successor_prepare", "target_commit_seq": 2, "timestamp": 1783761068.719704}
{"actor": "syncer", "commit_id": "c-e8bf31cacf98bdddebd9cf8c285e9773caa01e0b138eda3b9ed6a58c72902b3f", "commit_seq": 2, "event_type": "head_cas_completed", "hostname": "mg0014", "seconds": 0.010009811026975513, "timestamp": 1783761068.7297099}
{"actor": "syncer", "commit_id": "c-e8bf31cacf98bdddebd9cf8c285e9773caa01e0b138eda3b9ed6a58c72902b3f", "commit_seq": 2, "event_type": "post_cas_replay_completed", "hostname": "mg0014", "seconds": 2.2001046009827405, "timestamp": 1783761070.9308786}
{"actor": "syncer", "event_type": "transaction_stage_completed", "hostname": "mg0014", "seconds": 2.2358835049672052, "stage": "materialized_export", "target_commit_seq": 2, "timestamp": 1783761073.1686304}
{"actor": "syncer", "commit_id": "c-e8bf31cacf98bdddebd9cf8c285e9773caa01e0b138eda3b9ed6a58c72902b3f", "commit_seq": 2, "event_type": "transition_committed", "fragment_id": 0, "hostname": "mg0014", "selected_proposal_ids": ["p-12d967840bc126579ba101eba6671ff6080b1226d7ef9c058b281dd6f64fe140"], "timestamp": 1783761073.1723611, "view_digest": "2881e47dbfa32e384ef27c01ecc023a9c95ef8ec69b33caf9b08bc2a18a7f435"}
{"actor": "syncer", "event_type": "coordination_stage_completed", "fencing_epoch": 1, "hostname": "mg0014", "lease_sequence": 3, "renew_margin_seconds": 45.0, "seconds": 0.008074729004874825, "stage": "lease_renew", "timestamp": 1783761073.1816664}
{"actor": "syncer", "commit_seq": 3, "event_type": "coordination_stage_completed", "hostname": "mg0014", "optimizer_transition_count": 1, "seconds": 3.547147838980891, "stage": "authoritative_stop", "timestamp": 1783761076.7299588}
{"actor": "syncer", "commit_id": "c-8d61acfac105cd88f426b3f1aa6c31ff8c26e9a1dbe299998637a975d04d9471", "commit_seq": 3, "event_type": "stop_published", "hostname": "mg0014", "reason": "stop_after_outer_steps", "timestamp": 1783761078.8478823}
{"actor": "syncer", "commit_seq": 3, "event_type": "process_exit", "hostname": "mg0014", "reason": "stop_after_outer_steps", "timestamp": 1783761078.856392}
