mg0041
PBS_JOBID=2357596.opbs
PBS_NODEFILE=/var/spool/pbs/aux/2357596.opbs
Python 3.13.13
cfa74423978fa5ff62ff112fbde980e223d00e92
## HEAD (no branch)
MALFORMED_TYPED unhashable_manifest_type SCHEMA_MANIFEST_TYPE
MALFORMED_TYPED nfc_key_collision MALFORMED_MANIFEST
MALFORMED_TYPED invalid_utf8 MALFORMED_MANIFEST
PARTIAL_NOT_ELIGIBLE metadata_causal
NONFINITE_REJECTED PAYLOAD_NONFINITE
CAUSAL_PAIRING_REJECTED BASE_FRAGMENT_VERSION_MISMATCH
PATH_ALIASES_REJECTED 3
DEEP_HEADER_TYPED SAFETENSORS_HEADER
NONCANONICAL_WEIGHT_REJECTED SCHEMA_WEIGHT
V1_OVERFLOW_TYPED V1_SCHEMA
IDENTITY_CONFLICT_FATAL
CHECKER_COUNTEREXAMPLES_PASS
Miyabi scheduled stop time: 0000/00/00(week) 00:00:00 (Remain: 00:00:00)

JOB_ID            JOB_NAME   STATUS    PROJECT    QUEUE           START_DATE       ELAPSE        TOKEN NODE MIG
2357596           run_checke RUNNING   xg24i002   debug-g         07/10 23:14:15   --:--:--          -    1   -
