{
  "finding_count": 0,
  "findings": [],
  "scanned_files": 235,
  "status": "PASS"
}
{
  "action_counts": {
    "commit": 2666,
    "decide": 1047,
    "invalid_unknown_selection": 899,
    "publish": 7388,
    "restart": 1424
  },
  "count": 1000,
  "start_seed": 0,
  "suite_digest": "bf7c6538396f59b02c9240b03c13354dd6d3a84e18ff67848b689b448560dfb1",
  "unique_state_digests": 1000
}
........................................................................ [ 19%]
........................................................................ [ 39%]
........................................................................ [ 58%]
..........................s............................................. [ 78%]
........................................................................ [ 97%]
.........                                                                [100%]
368 passed, 1 skipped in 19.53s
