{"actor": "syncer", "authority_root": "/work/xg24i002/x10041/duraloco_worktrees/p06-repair-2581a4d/runs/fs_diloco/20260711_p06_repair_2581a4d_gpt2_9n_50x10_retry1/authority", "cuda_visible_devices": "0", "device": "cuda", "event_type": "process_start", "hostname": "mg0835", "owner_id": "terminal-standby", "owner_session_id": "terminal-standby-session", "run_generation": 0, "run_id": "20260711_p06_repair_2581a4d_gpt2_9n_50x10_retry1", "shared_root": "/work/xg24i002/x10041/duraloco_worktrees/p06-repair-2581a4d/runs/fs_diloco/20260711_p06_repair_2581a4d_gpt2_9n_50x10_retry1", "standby": true, "timestamp": 1783750330.2276194}
{"actor": "syncer", "event_type": "wandb_disabled", "hostname": "mg0835", "timestamp": 1783750330.233151}
{"actor": "syncer", "event_type": "standby_wait_for_generation", "hostname": "mg0835", "timestamp": 1783750330.2341208}
{"actor": "syncer", "event_type": "standby_wait_for_generation", "hostname": "mg0835", "timestamp": 1783750332.2351253}
{"actor": "syncer", "event_type": "standby_wait_for_generation", "hostname": "mg0835", "timestamp": 1783750334.2364902}
{"actor": "syncer", "event_type": "standby_wait_for_generation", "hostname": "mg0835", "timestamp": 1783750336.2381067}
{"actor": "syncer", "event_type": "standby_wait_for_generation", "hostname": "mg0835", "timestamp": 1783750338.2396631}
{"actor": "syncer", "event_type": "standby_wait_for_generation", "hostname": "mg0835", "timestamp": 1783750340.2412372}
{"actor": "syncer", "event_type": "standby_wait_for_generation", "hostname": "mg0835", "timestamp": 1783750342.2426667}
{"actor": "syncer", "event_type": "standby_wait_for_generation", "hostname": "mg0835", "timestamp": 1783750344.2444668}
{"actor": "syncer", "event_type": "standby_wait_for_generation", "hostname": "mg0835", "timestamp": 1783750346.2476134}
{"actor": "syncer", "event_type": "standby_wait_for_generation", "hostname": "mg0835", "timestamp": 1783750348.251615}
{"actor": "syncer", "commit_seq": 0, "event_type": "log_only_resume", "hostname": "mg0835", "timestamp": 1783750352.9665701, "view_digest": "3015311252a441fd1b2e056ed4d89199b9cb7a9b33af2065f5447073c9acf6c2"}
{"actor": "syncer", "event_type": "standby_wait", "hostname": "mg0835", "lease_owner_id": "terminal-active", "lease_sequence": 1, "observed_fencing_epoch": 1, "timestamp": 1783750352.975964, "wait_seconds": 45.12285019}
{"actor": "syncer", "event_type": "standby_wait", "hostname": "mg0835", "lease_owner_id": "terminal-active", "lease_sequence": 1, "observed_fencing_epoch": 1, "timestamp": 1783750354.9847364, "wait_seconds": 43.113868456}
{"actor": "syncer", "event_type": "standby_wait", "hostname": "mg0835", "lease_owner_id": "terminal-active", "lease_sequence": 1, "observed_fencing_epoch": 1, "timestamp": 1783750356.9940102, "wait_seconds": 41.10460512}
{"actor": "syncer", "event_type": "standby_wait", "hostname": "mg0835", "lease_owner_id": "terminal-active", "lease_sequence": 1, "observed_fencing_epoch": 1, "timestamp": 1783750359.0030284, "wait_seconds": 39.095544026}
{"actor": "syncer", "event_type": "standby_wait", "hostname": "mg0835", "lease_owner_id": "terminal-active", "lease_sequence": 1, "observed_fencing_epoch": 1, "timestamp": 1783750361.0118594, "wait_seconds": 37.086753876}
{"actor": "syncer", "event_type": "standby_wait", "hostname": "mg0835", "lease_owner_id": "terminal-active", "lease_sequence": 1, "observed_fencing_epoch": 1, "timestamp": 1783750363.0202336, "wait_seconds": 35.078334096}
{"actor": "syncer", "event_type": "standby_wait", "hostname": "mg0835", "lease_owner_id": "terminal-active", "lease_sequence": 1, "observed_fencing_epoch": 1, "timestamp": 1783750365.0297418, "wait_seconds": 33.068878056}
{"actor": "syncer", "event_type": "standby_wait", "hostname": "mg0835", "lease_owner_id": "terminal-active", "lease_sequence": 1, "observed_fencing_epoch": 1, "timestamp": 1783750367.0400121, "wait_seconds": 31.058789981}
{"actor": "syncer", "event_type": "standby_wait", "hostname": "mg0835", "lease_owner_id": "terminal-active", "lease_sequence": 1, "observed_fencing_epoch": 1, "timestamp": 1783750369.0543795, "wait_seconds": 29.044233091}
{"actor": "syncer", "event_type": "standby_wait", "hostname": "mg0835", "lease_owner_id": "terminal-active", "lease_sequence": 1, "observed_fencing_epoch": 1, "timestamp": 1783750371.067316, "wait_seconds": 27.031258511}
{"actor": "syncer", "event_type": "standby_wait", "hostname": "mg0835", "lease_owner_id": "terminal-active", "lease_sequence": 1, "observed_fencing_epoch": 1, "timestamp": 1783750377.8735628, "wait_seconds": 20.225120807}
{"actor": "syncer", "event_type": "standby_wait", "hostname": "mg0835", "lease_owner_id": "terminal-active", "lease_sequence": 2, "observed_fencing_epoch": 1, "timestamp": 1783750379.9145596, "wait_seconds": 45.336025458}
{"actor": "syncer", "event_type": "standby_wait", "hostname": "mg0835", "lease_owner_id": "terminal-active", "lease_sequence": 2, "observed_fencing_epoch": 1, "timestamp": 1783750381.9342077, "wait_seconds": 43.316257327}
{"actor": "syncer", "event_type": "standby_wait", "hostname": "mg0835", "lease_owner_id": "terminal-active", "lease_sequence": 2, "observed_fencing_epoch": 1, "timestamp": 1783750383.9532452, "wait_seconds": 41.297189134}
{"actor": "syncer", "event_type": "standby_wait", "hostname": "mg0835", "lease_owner_id": "terminal-active", "lease_sequence": 2, "observed_fencing_epoch": 1, "timestamp": 1783750385.9751976, "wait_seconds": 39.275273122}
{"actor": "syncer", "event_type": "standby_wait", "hostname": "mg0835", "lease_owner_id": "terminal-active", "lease_sequence": 2, "observed_fencing_epoch": 1, "timestamp": 1783750387.9948308, "wait_seconds": 37.255628127}
{"actor": "syncer", "event_type": "standby_wait", "hostname": "mg0835", "lease_owner_id": "terminal-active", "lease_sequence": 2, "observed_fencing_epoch": 1, "timestamp": 1783750394.819515, "wait_seconds": 30.430989057}
{"actor": "syncer", "event_type": "standby_wait", "hostname": "mg0835", "lease_owner_id": "terminal-active", "lease_sequence": 3, "observed_fencing_epoch": 1, "timestamp": 1783750396.849876, "wait_seconds": 45.269127629}
{"actor": "syncer", "event_type": "standby_wait", "hostname": "mg0835", "lease_owner_id": "terminal-active", "lease_sequence": 3, "observed_fencing_epoch": 1, "timestamp": 1783750398.8790362, "wait_seconds": 43.23980144}
{"actor": "syncer", "event_type": "standby_wait", "hostname": "mg0835", "lease_owner_id": "terminal-active", "lease_sequence": 3, "observed_fencing_epoch": 1, "timestamp": 1783750400.9079952, "wait_seconds": 41.210871381}
{"actor": "syncer", "event_type": "standby_wait", "hostname": "mg0835", "lease_owner_id": "terminal-active", "lease_sequence": 3, "observed_fencing_epoch": 1, "timestamp": 1783750402.9367414, "wait_seconds": 39.182149034}
{"actor": "syncer", "event_type": "standby_wait", "hostname": "mg0835", "lease_owner_id": "terminal-active", "lease_sequence": 3, "observed_fencing_epoch": 1, "timestamp": 1783750404.9660952, "wait_seconds": 37.152774528}
{"actor": "syncer", "event_type": "standby_wait", "hostname": "mg0835", "lease_owner_id": "terminal-active", "lease_sequence": 3, "observed_fencing_epoch": 1, "timestamp": 1783750406.9963336, "wait_seconds": 35.122521975}
{"actor": "syncer", "event_type": "standby_wait", "hostname": "mg0835", "lease_owner_id": "terminal-active", "lease_sequence": 3, "observed_fencing_epoch": 1, "timestamp": 1783750409.025755, "wait_seconds": 33.093158704}
{"actor": "syncer", "event_type": "standby_wait", "hostname": "mg0835", "lease_owner_id": "terminal-active", "lease_sequence": 3, "observed_fencing_epoch": 1, "timestamp": 1783750411.0550284, "wait_seconds": 31.063852264}
{"actor": "syncer", "event_type": "standby_wait", "hostname": "mg0835", "lease_owner_id": "terminal-active", "lease_sequence": 3, "observed_fencing_epoch": 1, "timestamp": 1783750413.0846584, "wait_seconds": 29.034177761}
{"actor": "syncer", "event_type": "standby_wait", "hostname": "mg0835", "lease_owner_id": "terminal-active", "lease_sequence": 3, "observed_fencing_epoch": 1, "timestamp": 1783750415.11401, "wait_seconds": 27.004842426}
{"actor": "syncer", "event_type": "standby_wait", "hostname": "mg0835", "lease_owner_id": "terminal-active", "lease_sequence": 3, "observed_fencing_epoch": 1, "timestamp": 1783750417.1438808, "wait_seconds": 24.974968752}
{"actor": "syncer", "event_type": "standby_wait", "hostname": "mg0835", "lease_owner_id": "terminal-active", "lease_sequence": 3, "observed_fencing_epoch": 1, "timestamp": 1783750419.1735141, "wait_seconds": 22.945345001}
{"actor": "syncer", "event_type": "standby_wait", "hostname": "mg0835", "lease_owner_id": "terminal-active", "lease_sequence": 3, "observed_fencing_epoch": 1, "timestamp": 1783750421.202465, "wait_seconds": 20.916417828}
{"actor": "syncer", "event_type": "standby_wait", "hostname": "mg0835", "lease_owner_id": "terminal-active", "lease_sequence": 3, "observed_fencing_epoch": 1, "timestamp": 1783750423.2313032, "wait_seconds": 18.887602815}
{"actor": "syncer", "event_type": "standby_wait", "hostname": "mg0835", "lease_owner_id": "terminal-active", "lease_sequence": 3, "observed_fencing_epoch": 1, "timestamp": 1783750425.260723, "wait_seconds": 16.858164152}
{"actor": "syncer", "event_type": "standby_wait", "hostname": "mg0835", "lease_owner_id": "terminal-active", "lease_sequence": 3, "observed_fencing_epoch": 1, "timestamp": 1783750427.2921088, "wait_seconds": 14.826804074}
{"actor": "syncer", "event_type": "standby_wait", "hostname": "mg0835", "lease_owner_id": "terminal-active", "lease_sequence": 3, "observed_fencing_epoch": 1, "timestamp": 1783750429.3213706, "wait_seconds": 12.797494243}
{"actor": "syncer", "event_type": "standby_wait", "hostname": "mg0835", "lease_owner_id": "terminal-active", "lease_sequence": 3, "observed_fencing_epoch": 1, "timestamp": 1783750431.3506427, "wait_seconds": 10.768243709}
{"actor": "syncer", "event_type": "standby_wait", "hostname": "mg0835", "lease_owner_id": "terminal-active", "lease_sequence": 3, "observed_fencing_epoch": 1, "timestamp": 1783750433.379728, "wait_seconds": 8.739125527}
{"actor": "syncer", "event_type": "standby_wait", "hostname": "mg0835", "lease_owner_id": "terminal-active", "lease_sequence": 3, "observed_fencing_epoch": 1, "timestamp": 1783750435.409029, "wait_seconds": 6.709869296}
{"actor": "syncer", "event_type": "standby_wait", "hostname": "mg0835", "lease_owner_id": "terminal-active", "lease_sequence": 3, "observed_fencing_epoch": 1, "timestamp": 1783750437.4381306, "wait_seconds": 4.68070577}
{"actor": "syncer", "event_type": "standby_wait", "hostname": "mg0835", "lease_owner_id": "terminal-active", "lease_sequence": 3, "observed_fencing_epoch": 1, "timestamp": 1783750439.4669197, "wait_seconds": 2.652004038}
{"actor": "syncer", "event_type": "standby_wait", "hostname": "mg0835", "lease_owner_id": "terminal-active", "lease_sequence": 3, "observed_fencing_epoch": 1, "timestamp": 1783750441.496764, "wait_seconds": 0.622088222}
{"actor": "syncer", "event_type": "coordination_stage_completed", "hostname": "mg0835", "lease_sequence": 4, "owner_id": "terminal-standby", "owner_session_id": "terminal-standby-session", "proposed_fencing_epoch": 2, "seconds": 0.010657033999450505, "stage": "lease_acquire", "timestamp": 1783750442.1587842}
{"actor": "syncer", "commit_seq": 4, "event_type": "coordination_stage_completed", "fencing_epoch": 2, "hostname": "mg0835", "optimizer_transition_count": 2, "owner_id": "terminal-standby", "owner_session_id": "terminal-standby-session", "seconds": 21.922084152000025, "stage": "fence_commit_and_strict_replay", "timestamp": 1783750464.0820923}
{"actor": "syncer", "event_type": "transaction_stage_completed", "hostname": "mg0835", "seconds": 0.7159030039911158, "selected_count": 8, "stage": "catalog", "target_commit_seq": 5, "timestamp": 1783750466.958633}
{"actor": "syncer", "event_type": "transaction_stage_completed", "hostname": "mg0835", "seconds": 2.8353856499888934, "stage": "proposal_observation", "target_commit_seq": 5, "timestamp": 1783750469.7940204}
{"actor": "syncer", "event_type": "transaction_stage_completed", "hostname": "mg0835", "seconds": 0.0072452150052413344, "stage": "aggregation", "target_commit_seq": 5, "timestamp": 1783750469.8012593}
{"actor": "syncer", "event_type": "transaction_stage_completed", "hostname": "mg0835", "seconds": 0.00768236699514091, "stage": "outer_step", "target_commit_seq": 5, "timestamp": 1783750469.8089416}
{"actor": "syncer", "event_type": "transaction_stage_completed", "hostname": "mg0835", "seconds": 2.92996163002681, "stage": "successor_prepare", "target_commit_seq": 5, "timestamp": 1783750472.7400303}
{"actor": "syncer", "commit_id": "c-74392d97f89d18b6db31fab300454ca2cf5833de346415e9c43a6e1fc04f840e", "commit_seq": 5, "event_type": "head_cas_completed", "hostname": "mg0835", "seconds": 0.00896509300218895, "timestamp": 1783750472.748992}
{"actor": "syncer", "commit_id": "c-74392d97f89d18b6db31fab300454ca2cf5833de346415e9c43a6e1fc04f840e", "commit_seq": 5, "event_type": "post_cas_replay_completed", "hostname": "mg0835", "seconds": 4.812859417987056, "timestamp": 1783750477.562926}
{"actor": "syncer", "event_type": "transaction_stage_completed", "hostname": "mg0835", "seconds": 2.1442585139884613, "stage": "materialized_export", "target_commit_seq": 5, "timestamp": 1783750479.7092712}
{"actor": "syncer", "commit_id": "c-74392d97f89d18b6db31fab300454ca2cf5833de346415e9c43a6e1fc04f840e", "commit_seq": 5, "event_type": "transition_committed", "fragment_id": 0, "hostname": "mg0835", "selected_proposal_ids": ["p-15b82fb22367ffd96d5ae92b4405809ba051c3bcb4d96b5a25df164dedd1a476", "p-857ed2334450ad146113810e50baa14c6e8d8b366eb516ea58a0bd1a05e716df", "p-898540f089f6f387d849ee20fd8f48c18026f4ed3a27bd888dba81aa144f2ba6", "p-9e50641646892184d62f4f91c2326b663c1c63848d04f6d9fa5b846ca47a4265", "p-9e75076cd60f339571b3eeae996081ea767a93ee37bcc1b2af52c1648a0cd700", "p-b65e2843f46e6518d3be1ad57302c776c00377769ebfe02d90a6b722b84de99b", "p-bfa5931c7ea71ea1473b6fe753fe00d89e51e9e827184c7b5f17c21aca1d893f", "p-e5ba0e3f9c63828a420553810a67397d442cb13ec08aa656d9077a5245bb9486"], "timestamp": 1783750479.7111814, "view_digest": "0b1b33ff6c12688c2fd2cf01554818b3632943920f1c69cafb18157fff83f967"}
{"actor": "syncer", "event_type": "coordination_stage_completed", "fencing_epoch": 2, "hostname": "mg0835", "lease_sequence": 5, "renew_margin_seconds": 45.0, "seconds": 0.007228509988635778, "stage": "lease_renew", "timestamp": 1783750479.719415}
{"actor": "syncer", "event_type": "transaction_stage_completed", "hostname": "mg0835", "seconds": 0.8021133589791134, "selected_count": 8, "stage": "catalog", "target_commit_seq": 6, "timestamp": 1783750480.5224566}
{"actor": "syncer", "event_type": "transaction_stage_completed", "hostname": "mg0835", "seconds": 2.819557206996251, "stage": "proposal_observation", "target_commit_seq": 6, "timestamp": 1783750483.3420098}
{"actor": "syncer", "event_type": "transaction_stage_completed", "hostname": "mg0835", "seconds": 0.0018354630446992815, "stage": "aggregation", "target_commit_seq": 6, "timestamp": 1783750483.3438404}
{"actor": "syncer", "event_type": "transaction_stage_completed", "hostname": "mg0835", "seconds": 0.004091088951099664, "stage": "outer_step", "target_commit_seq": 6, "timestamp": 1783750483.3479307}
{"actor": "syncer", "event_type": "transaction_stage_completed", "hostname": "mg0835", "seconds": 2.5686919469735585, "stage": "successor_prepare", "target_commit_seq": 6, "timestamp": 1783750485.9177399}
{"actor": "syncer", "commit_id": "c-12d8b97ca79f4fb6c1cab0d05af94f6d713df32afd85173b7fc1aa9ad0417b05", "commit_seq": 6, "event_type": "head_cas_completed", "hostname": "mg0835", "seconds": 0.008914276026189327, "timestamp": 1783750485.9266508}
{"actor": "syncer", "commit_id": "c-12d8b97ca79f4fb6c1cab0d05af94f6d713df32afd85173b7fc1aa9ad0417b05", "commit_seq": 6, "event_type": "post_cas_replay_completed", "hostname": "mg0835", "seconds": 4.851567705976777, "timestamp": 1783750490.779151}
{"actor": "syncer", "event_type": "transaction_stage_completed", "hostname": "mg0835", "seconds": 2.1137147410190664, "stage": "materialized_export", "target_commit_seq": 6, "timestamp": 1783750492.8949857}
{"actor": "syncer", "commit_id": "c-12d8b97ca79f4fb6c1cab0d05af94f6d713df32afd85173b7fc1aa9ad0417b05", "commit_seq": 6, "event_type": "transition_committed", "fragment_id": 0, "hostname": "mg0835", "selected_proposal_ids": ["p-069667f2a6c4f793db1a4412bada92e8dc545e6130dfcd7ba010f55ecc3b6339", "p-14a753f77ee755dc7ea58f3ed97aee9bbbbe5ee5a5dcc43053f06651f7fe4437", "p-849897447bfe156439b2f565c18463128bdb53f038d104d75d41624bc59837ac", "p-872b5aa244d18d0b16d96802c47812f56a99b0af470126d0eb4fee29d0f2ae47", "p-88ac381431b42a96004715f7f0a2d9bc7acd5fec865045d71490496832a35ea9", "p-ba5eb9cdf48d50d60aef0453ae18d10c699dc3163021aa72f56c36f4ae69c223", "p-ea8005ce2c946fdd845216e51c5f186d2d95f4b718876c198f94a952723138e9", "p-fef3924b38d87a906b93c179461ce76575083a525ce11692cccc61adb9788cd4"], "timestamp": 1783750492.8968868, "view_digest": "7973349a58fe714c4325f95bb5d19486f5a03208d284685f99b30a94a0a34c1a"}
{"actor": "syncer", "event_type": "coordination_stage_completed", "fencing_epoch": 2, "hostname": "mg0835", "lease_sequence": 6, "renew_margin_seconds": 45.0, "seconds": 0.006305433984380215, "stage": "lease_renew", "timestamp": 1783750492.904384}
{"actor": "syncer", "event_type": "transaction_stage_completed", "hostname": "mg0835", "seconds": 0.7577509670518339, "selected_count": 8, "stage": "catalog", "target_commit_seq": 7, "timestamp": 1783750493.6631134}
{"actor": "syncer", "event_type": "transaction_stage_completed", "hostname": "mg0835", "seconds": 2.802238670992665, "stage": "proposal_observation", "target_commit_seq": 7, "timestamp": 1783750496.4653523}
{"actor": "syncer", "event_type": "transaction_stage_completed", "hostname": "mg0835", "seconds": 0.002213480998761952, "stage": "aggregation", "target_commit_seq": 7, "timestamp": 1783750496.4675608}
{"actor": "syncer", "event_type": "transaction_stage_completed", "hostname": "mg0835", "seconds": 0.0040814889944158494, "stage": "outer_step", "target_commit_seq": 7, "timestamp": 1783750496.4716418}
{"actor": "syncer", "event_type": "transaction_stage_completed", "hostname": "mg0835", "seconds": 2.565679901978001, "stage": "successor_prepare", "target_commit_seq": 7, "timestamp": 1783750499.038746}
{"actor": "syncer", "commit_id": "c-7a76110630ee5c6544c6b5452433b7f9bfa407047b92f863d11cd1a86406437a", "commit_seq": 7, "event_type": "head_cas_completed", "hostname": "mg0835", "seconds": 0.009233894990757108, "timestamp": 1783750499.047978}
{"actor": "syncer", "commit_id": "c-7a76110630ee5c6544c6b5452433b7f9bfa407047b92f863d11cd1a86406437a", "commit_seq": 7, "event_type": "post_cas_replay_completed", "hostname": "mg0835", "seconds": 4.8454780809697695, "timestamp": 1783750503.8944407}
{"actor": "syncer", "event_type": "transaction_stage_completed", "hostname": "mg0835", "seconds": 2.1042641419917345, "stage": "materialized_export", "target_commit_seq": 7, "timestamp": 1783750506.0004053}
{"actor": "syncer", "commit_id": "c-7a76110630ee5c6544c6b5452433b7f9bfa407047b92f863d11cd1a86406437a", "commit_seq": 7, "event_type": "transition_committed", "fragment_id": 0, "hostname": "mg0835", "selected_proposal_ids": ["p-378385fb6fb11bb49f066c42e2cf1367027c0bfffeaff0fab9eb2ed644fd03a4", "p-417b2ca92ad3f32b0f030855745767efc62583d24276c040a28a61ec7b4859ee", "p-460ec05fdfd5d0a9ae8db0afc01f5454bcb0b16dac887aded8e14ae400846787", "p-4de3294ff98b829135b27fb873ffd6705ab68e37e97689970b0e13c3e644534e", "p-538e1ee0a497c67982f828e1521a5ca58aa957d98d9519d552335de0b148e277", "p-a9e4a77b42739c35e143a772bcdbd63d1aa69ce6d4765a4c1c54d978551b0c4f", "p-d733eb8326999cbd007a14c5b41bf16714ea9a809f0612fb451e0df9a5ed0dae", "p-dd3728c9c00ecbda38135371a115643bdac4534e90f15a8b4ee29b1fe23d0c40"], "timestamp": 1783750506.002726, "view_digest": "399876887e73da85d06e236668473e7be20735aec2d8e557a806f41858c625d7"}
{"actor": "syncer", "event_type": "coordination_stage_completed", "fencing_epoch": 2, "hostname": "mg0835", "lease_sequence": 7, "renew_margin_seconds": 45.0, "seconds": 0.006373721989803016, "stage": "lease_renew", "timestamp": 1783750506.010143}
{"actor": "syncer", "event_type": "transaction_stage_completed", "hostname": "mg0835", "seconds": 0.7577594480244443, "selected_count": 8, "stage": "catalog", "target_commit_seq": 8, "timestamp": 1783750506.769334}
{"actor": "syncer", "event_type": "transaction_stage_completed", "hostname": "mg0835", "seconds": 2.806494496995583, "stage": "proposal_observation", "target_commit_seq": 8, "timestamp": 1783750509.575827}
{"actor": "syncer", "event_type": "transaction_stage_completed", "hostname": "mg0835", "seconds": 0.001852390996646136, "stage": "aggregation", "target_commit_seq": 8, "timestamp": 1783750509.577675}
{"actor": "syncer", "event_type": "transaction_stage_completed", "hostname": "mg0835", "seconds": 0.004084592976141721, "stage": "outer_step", "target_commit_seq": 8, "timestamp": 1783750509.5817595}
{"actor": "syncer", "event_type": "transaction_stage_completed", "hostname": "mg0835", "seconds": 2.561537965957541, "stage": "successor_prepare", "target_commit_seq": 8, "timestamp": 1783750512.144413}
{"actor": "syncer", "commit_id": "c-1635e8c352b4202d3c4aade826a62e77a22be7444ac49011162114cc0ab1a58d", "commit_seq": 8, "event_type": "head_cas_completed", "hostname": "mg0835", "seconds": 0.00906045304145664, "timestamp": 1783750512.1534708}
{"actor": "syncer", "commit_id": "c-1635e8c352b4202d3c4aade826a62e77a22be7444ac49011162114cc0ab1a58d", "commit_seq": 8, "event_type": "post_cas_replay_completed", "hostname": "mg0835", "seconds": 4.860662431980018, "timestamp": 1783750517.0151017}
{"actor": "syncer", "event_type": "transaction_stage_completed", "hostname": "mg0835", "seconds": 2.0794719429686666, "stage": "materialized_export", "target_commit_seq": 8, "timestamp": 1783750519.0977025}
{"actor": "syncer", "commit_id": "c-1635e8c352b4202d3c4aade826a62e77a22be7444ac49011162114cc0ab1a58d", "commit_seq": 8, "event_type": "transition_committed", "fragment_id": 0, "hostname": "mg0835", "selected_proposal_ids": ["p-119b617de3e188b3384b489b252c58f3fe09ff0d7cf6254698e85792724dcdfb", "p-1f96fa45dff5336c22e83fea8aecda36ed3209e90b7e144b95d18ba895fa872e", "p-3392209333dd2fe27ef504c12acd08ec68550de4273b570aed6eea35bbd5c876", "p-610c18520430055e661a0430f339ffca1ed3577ebe825da3903c32361efa8e13", "p-8d77292961a9330a3a7a33e02785aa39cebdd8ad89bfc78c8831fe72887d67d2", "p-a19797aa97208c8d25473c1bb16145570d21d5e0b9a5e1a6ef91627312d49855", "p-a290e52573e65299e426a85b9ed029e363e9b74c23b8ae12c922aa07c467f647", "p-c5e22cef66069e7f319e213b543942b457423f73f82c054890773e1fd4ee2a35"], "timestamp": 1783750519.099874, "view_digest": "df9aac504445b291c9ca984e93c05df0170ddff0418c3cc36b7bbdd14356f88f"}
{"actor": "syncer", "event_type": "coordination_stage_completed", "fencing_epoch": 2, "hostname": "mg0835", "lease_sequence": 8, "renew_margin_seconds": 45.0, "seconds": 0.006599387037567794, "stage": "lease_renew", "timestamp": 1783750519.1074543}
{"actor": "syncer", "event_type": "transaction_stage_completed", "hostname": "mg0835", "seconds": 0.8066787219722755, "selected_count": 8, "stage": "catalog", "target_commit_seq": 9, "timestamp": 1783750519.9153423}
{"actor": "syncer", "event_type": "transaction_stage_completed", "hostname": "mg0835", "seconds": 2.8973188719828613, "stage": "proposal_observation", "target_commit_seq": 9, "timestamp": 1783750522.8126595}
{"actor": "syncer", "event_type": "transaction_stage_completed", "hostname": "mg0835", "seconds": 0.00283313199179247, "stage": "aggregation", "target_commit_seq": 9, "timestamp": 1783750522.8154879}
{"actor": "syncer", "event_type": "transaction_stage_completed", "hostname": "mg0835", "seconds": 0.004090224043466151, "stage": "outer_step", "target_commit_seq": 9, "timestamp": 1783750522.8195777}
{"actor": "syncer", "event_type": "transaction_stage_completed", "hostname": "mg0835", "seconds": 2.5811753579764627, "stage": "successor_prepare", "target_commit_seq": 9, "timestamp": 1783750525.4023697}
{"actor": "syncer", "commit_id": "c-fa2c4849160c960d53812d669f9cf8470290e0ebd8b77e5d2f3010259462d4f6", "commit_seq": 9, "event_type": "head_cas_completed", "hostname": "mg0835", "seconds": 0.008907238021492958, "timestamp": 1783750525.4112744}
{"actor": "syncer", "commit_id": "c-fa2c4849160c960d53812d669f9cf8470290e0ebd8b77e5d2f3010259462d4f6", "commit_seq": 9, "event_type": "post_cas_replay_completed", "hostname": "mg0835", "seconds": 4.8606149749830365, "timestamp": 1783750530.2728634}
{"actor": "syncer", "event_type": "transaction_stage_completed", "hostname": "mg0835", "seconds": 2.1692061700159684, "stage": "materialized_export", "target_commit_seq": 9, "timestamp": 1783750532.4438982}
{"actor": "syncer", "commit_id": "c-fa2c4849160c960d53812d669f9cf8470290e0ebd8b77e5d2f3010259462d4f6", "commit_seq": 9, "event_type": "transition_committed", "fragment_id": 0, "hostname": "mg0835", "selected_proposal_ids": ["p-33dfb6381b7c6f4bd4fa9caf4e6703b9f94f2a85e747cc02042c5a91937067cb", "p-35545148399f831f465e517f345e0d8643f3d5f1b7b9ce4b70ad1e3d5d91b6b5", "p-4592abf56965b51f8f6c6d87708bfb801aeccfee492d2fde597369ed94323d0c", "p-5dda131bf5bf80609aa52c98563a2e8b227bf89c37fe471b70ed70c2283a7a6e", "p-7186748ee4dc5b6a996ef670a5349246a00e1a07288618ec7a1f37bbaae6a7c2", "p-94b7e1a9ed1e2f97007e1def37c5cbd5d3f3baf6136040071413e5597734ccfb", "p-b05e77eb8405316f0e7877a605aae4115cf0ab89a4b87a26ec0ca4c2127fc700", "p-d87b99be10a55763b2ab7b4f821ab513673f657e7b866025a3606c5689af1f64"], "timestamp": 1783750532.4460075, "view_digest": "b868c60b11dfbf23e546c4eae70d5e751984bfaddc9425701283519eeecbeffb"}
{"actor": "syncer", "event_type": "coordination_stage_completed", "fencing_epoch": 2, "hostname": "mg0835", "lease_sequence": 9, "renew_margin_seconds": 45.0, "seconds": 0.007423071016091853, "stage": "lease_renew", "timestamp": 1783750532.4547954}
{"actor": "syncer", "event_type": "transaction_stage_completed", "hostname": "mg0835", "seconds": 0.8354345840052702, "selected_count": 8, "stage": "catalog", "target_commit_seq": 10, "timestamp": 1783750533.2914326}
{"actor": "syncer", "event_type": "transaction_stage_completed", "hostname": "mg0835", "seconds": 2.7904457089607604, "stage": "proposal_observation", "target_commit_seq": 10, "timestamp": 1783750536.081877}
{"actor": "syncer", "event_type": "transaction_stage_completed", "hostname": "mg0835", "seconds": 0.0020599450217559934, "stage": "aggregation", "target_commit_seq": 10, "timestamp": 1783750536.0839324}
{"actor": "syncer", "event_type": "transaction_stage_completed", "hostname": "mg0835", "seconds": 0.0041033130255527794, "stage": "outer_step", "target_commit_seq": 10, "timestamp": 1783750536.0880358}
{"actor": "syncer", "event_type": "transaction_stage_completed", "hostname": "mg0835", "seconds": 2.584512931993231, "stage": "successor_prepare", "target_commit_seq": 10, "timestamp": 1783750538.6737165}
{"actor": "syncer", "commit_id": "c-2ad7be3dc8d1c96c7acd9a24e3e7e0a0a27d435266b47dc1e8963818db416a4e", "commit_seq": 10, "event_type": "head_cas_completed", "hostname": "mg0835", "seconds": 0.008559396024793386, "timestamp": 1783750538.682273}
{"actor": "syncer", "commit_id": "c-2ad7be3dc8d1c96c7acd9a24e3e7e0a0a27d435266b47dc1e8963818db416a4e", "commit_seq": 10, "event_type": "post_cas_replay_completed", "hostname": "mg0835", "seconds": 4.877077026991174, "timestamp": 1783750543.5604107}
{"actor": "syncer", "event_type": "transaction_stage_completed", "hostname": "mg0835", "seconds": 2.087059137993492, "stage": "materialized_export", "target_commit_seq": 10, "timestamp": 1783750545.6496277}
{"actor": "syncer", "commit_id": "c-2ad7be3dc8d1c96c7acd9a24e3e7e0a0a27d435266b47dc1e8963818db416a4e", "commit_seq": 10, "event_type": "transition_committed", "fragment_id": 0, "hostname": "mg0835", "selected_proposal_ids": ["p-24b18da64f11f36f085fe9ff5c932afa839f47e439b1d19aa93e4f187fd47669", "p-2cb0ab471b1e22641fcf151412fe065c21684d731da9743d43a832751fcd6d36", "p-569a3aa7bc5dba0b9236a15761c62ae684972c09a69350c0222717f06286d7a6", "p-819a6f66c08a1569cdf870dab61e36a7a3aa9330a390b83cf6411c4e73f5e6ff", "p-9e6d0dcd9a26ea1e35b9df68a1a2938ff14901a958d46c137761de6704e029f9", "p-c6f27b9b4cd4997f105747c955fa26d5cdd71313d6dd7177496282d2ea4535c8", "p-cefcabc03a463dbacf1e069995c754823ba540080b291bf99a8e35a0ef51b931", "p-f4e9441232ee70fc125c8c07c6b3e7465a9cdc292329ab85aad2bf174cbfb1c6"], "timestamp": 1783750545.651697, "view_digest": "7c607e310f41a3d731f66b56e285bc28934b752a262c749a44cb288ee37928e7"}
{"actor": "syncer", "event_type": "coordination_stage_completed", "fencing_epoch": 2, "hostname": "mg0835", "lease_sequence": 10, "renew_margin_seconds": 45.0, "seconds": 0.006221945048309863, "stage": "lease_renew", "timestamp": 1783750545.6589274}
{"actor": "syncer", "event_type": "transaction_stage_completed", "hostname": "mg0835", "seconds": 0.832792318018619, "selected_count": 8, "stage": "catalog", "target_commit_seq": 11, "timestamp": 1783750546.4926934}
{"actor": "syncer", "event_type": "transaction_stage_completed", "hostname": "mg0835", "seconds": 2.8139919730019756, "stage": "proposal_observation", "target_commit_seq": 11, "timestamp": 1783750549.3066847}
{"actor": "syncer", "event_type": "transaction_stage_completed", "hostname": "mg0835", "seconds": 0.0018454159726388752, "stage": "aggregation", "target_commit_seq": 11, "timestamp": 1783750549.3085253}
{"actor": "syncer", "event_type": "transaction_stage_completed", "hostname": "mg0835", "seconds": 0.004079345031641424, "stage": "outer_step", "target_commit_seq": 11, "timestamp": 1783750549.3126044}
{"actor": "syncer", "event_type": "transaction_stage_completed", "hostname": "mg0835", "seconds": 2.6180488480022177, "stage": "successor_prepare", "target_commit_seq": 11, "timestamp": 1783750551.9317887}
{"actor": "syncer", "commit_id": "c-723f4a74a1bc87c36d65d961bd2fcc3da1d7174677d2af010ae486ea56cb28ac", "commit_seq": 11, "event_type": "head_cas_completed", "hostname": "mg0835", "seconds": 0.01386498601641506, "timestamp": 1783750551.9456515}
{"actor": "syncer", "commit_id": "c-723f4a74a1bc87c36d65d961bd2fcc3da1d7174677d2af010ae486ea56cb28ac", "commit_seq": 11, "event_type": "post_cas_replay_completed", "hostname": "mg0835", "seconds": 4.905565369990654, "timestamp": 1783750556.852407}
{"actor": "syncer", "event_type": "transaction_stage_completed", "hostname": "mg0835", "seconds": 2.0943329600268044, "stage": "materialized_export", "target_commit_seq": 11, "timestamp": 1783750558.9490478}
{"actor": "syncer", "commit_id": "c-723f4a74a1bc87c36d65d961bd2fcc3da1d7174677d2af010ae486ea56cb28ac", "commit_seq": 11, "event_type": "transition_committed", "fragment_id": 0, "hostname": "mg0835", "selected_proposal_ids": ["p-34d392231a6bbe0aa1b915032d90e371fbdaa93349ce6368ecc921322d4bd5f7", "p-368373e766030c3a0a5e60e386ff307d3f0264f6577e45ca77866d5629ee3633", "p-3cea6d2993ff18023bbcc2f4f9c924fc9a99ed3a6341185b1b27407aedbf2383", "p-683e9311449d20c876b4c58f00241234abcc7a08334b07b143cd4acab17976f8", "p-77b44e01d936f50069f02c66cceb323ed8953e706ab6c52a58bc75ebfc6b9174", "p-94fcc98c4440ded6916fd92085be659559cd557cd8bd85207df15b260b31d459", "p-cabb007f6bf9704dde5e544f97280fd53277ebcb108a7eac20a7dd2bf2ccb98a", "p-e5191d9e95c74040c064b0339d0baecbb53a0fee05d3cbf716e18043ae5ff1c4"], "timestamp": 1783750558.9528985, "view_digest": "dac718bd0d35f693fcd7968c12a711008dd6ed1ca35ca1ffaed1230346a0a063"}
{"actor": "syncer", "event_type": "coordination_stage_completed", "fencing_epoch": 2, "hostname": "mg0835", "lease_sequence": 11, "renew_margin_seconds": 45.0, "seconds": 0.006946270004846156, "stage": "lease_renew", "timestamp": 1783750558.9621248}
{"actor": "syncer", "event_type": "transaction_stage_completed", "hostname": "mg0835", "seconds": 0.8140650719869882, "selected_count": 8, "stage": "catalog", "target_commit_seq": 12, "timestamp": 1783750559.7772768}
{"actor": "syncer", "event_type": "transaction_stage_completed", "hostname": "mg0835", "seconds": 2.8066775429761037, "stage": "proposal_observation", "target_commit_seq": 12, "timestamp": 1783750562.5839546}
{"actor": "syncer", "event_type": "transaction_stage_completed", "hostname": "mg0835", "seconds": 0.0019541520159691572, "stage": "aggregation", "target_commit_seq": 12, "timestamp": 1783750562.5859036}
{"actor": "syncer", "event_type": "transaction_stage_completed", "hostname": "mg0835", "seconds": 0.004073009011335671, "stage": "outer_step", "target_commit_seq": 12, "timestamp": 1783750562.5899765}
{"actor": "syncer", "event_type": "transaction_stage_completed", "hostname": "mg0835", "seconds": 2.627969467022922, "stage": "successor_prepare", "target_commit_seq": 12, "timestamp": 1783750565.219075}
{"actor": "syncer", "commit_id": "c-4490691d9a062638c13f62dd29b25be34f4cb7cc25dd5afc0e455924e2d55f50", "commit_seq": 12, "event_type": "head_cas_completed", "hostname": "mg0835", "seconds": 0.008080544997937977, "timestamp": 1783750565.2271533}
{"actor": "syncer", "commit_id": "c-4490691d9a062638c13f62dd29b25be34f4cb7cc25dd5afc0e455924e2d55f50", "commit_seq": 12, "event_type": "post_cas_replay_completed", "hostname": "mg0835", "seconds": 4.885151650989428, "timestamp": 1783750570.1139047}
{"actor": "syncer", "event_type": "transaction_stage_completed", "hostname": "mg0835", "seconds": 2.173493964015506, "stage": "materialized_export", "target_commit_seq": 12, "timestamp": 1783750572.289998}
{"actor": "syncer", "commit_id": "c-4490691d9a062638c13f62dd29b25be34f4cb7cc25dd5afc0e455924e2d55f50", "commit_seq": 12, "event_type": "transition_committed", "fragment_id": 0, "hostname": "mg0835", "selected_proposal_ids": ["p-12da695df9146e100d6fac4265abb8a3b5e52840d45451ab29ac75fd19407655", "p-30fc1576bb728701d35854ec2cd7834e6a51d294da5451598e6dd4fc8288fb68", "p-3c192169a09b32d3fc106178c9646c0bdcdb111517c5e60c352f85e834f5abf8", "p-6b82711d8d5d43f09c0329648c3d1039f23701c598c349e9fb25867bf8f7dd40", "p-7bf7691360ba1e262edc14a2bb167a802d26d6d6833b46cdae588e6de76ae0f3", "p-a5686e1882174b0b6959e24918e6dbaa0117ab8098901cd6fc3c53768c9374ab", "p-b81320d54c56d38b8a8b6d9bda0a88d2321ec95e600b5dac611430eb50d1ebc3", "p-ba58972652dcea63870a0b0130327725d8100b6e58b6754e0fd89f46b7dd5cb4"], "timestamp": 1783750572.2925692, "view_digest": "3aa971cb2a20b61cc31be1875808f8a1a71681e897dd42ea7b5029dffc0476e2"}
{"actor": "syncer", "event_type": "coordination_stage_completed", "fencing_epoch": 2, "hostname": "mg0835", "lease_sequence": 12, "renew_margin_seconds": 45.0, "seconds": 0.00655397999798879, "stage": "lease_renew", "timestamp": 1783750572.3002172}
{"actor": "syncer", "commit_seq": 13, "event_type": "coordination_stage_completed", "hostname": "mg0835", "optimizer_transition_count": 10, "seconds": 49.44221601495519, "stage": "authoritative_stop", "timestamp": 1783750621.7434816}
{"actor": "syncer", "commit_id": "c-40a5e47d83550b1c28a3428803a8a27ee7182616b4c2362cbee414c6c3ae0ec8", "commit_seq": 13, "event_type": "stop_published", "hostname": "mg0835", "reason": "stop_after_outer_steps", "timestamp": 1783750623.8261783}
{"actor": "syncer", "deleted_files": 4, "event_type": "retention_cleanup", "hostname": "mg0835", "keep_last": 11, "role": "syncer", "timestamp": 1783750623.851381}
{"actor": "syncer", "deleted_files": 22, "event_type": "retention_cleanup", "hostname": "mg0835", "keep_last": 1, "role": "learner", "timestamp": 1783750623.8965194, "update_dir": "/work/xg24i002/x10041/duraloco_worktrees/p06-repair-2581a4d/runs/fs_diloco/20260711_p06_repair_2581a4d_gpt2_9n_50x10_retry1/updates/pending/learner_000"}
{"actor": "syncer", "deleted_files": 22, "event_type": "retention_cleanup", "hostname": "mg0835", "keep_last": 1, "role": "learner", "timestamp": 1783750623.9401813, "update_dir": "/work/xg24i002/x10041/duraloco_worktrees/p06-repair-2581a4d/runs/fs_diloco/20260711_p06_repair_2581a4d_gpt2_9n_50x10_retry1/updates/pending/learner_001"}
{"actor": "syncer", "deleted_files": 22, "event_type": "retention_cleanup", "hostname": "mg0835", "keep_last": 1, "role": "learner", "timestamp": 1783750624.0095553, "update_dir": "/work/xg24i002/x10041/duraloco_worktrees/p06-repair-2581a4d/runs/fs_diloco/20260711_p06_repair_2581a4d_gpt2_9n_50x10_retry1/updates/pending/learner_002"}
{"actor": "syncer", "deleted_files": 22, "event_type": "retention_cleanup", "hostname": "mg0835", "keep_last": 1, "role": "learner", "timestamp": 1783750624.0469015, "update_dir": "/work/xg24i002/x10041/duraloco_worktrees/p06-repair-2581a4d/runs/fs_diloco/20260711_p06_repair_2581a4d_gpt2_9n_50x10_retry1/updates/pending/learner_003"}
{"actor": "syncer", "deleted_files": 22, "event_type": "retention_cleanup", "hostname": "mg0835", "keep_last": 1, "role": "learner", "timestamp": 1783750624.08606, "update_dir": "/work/xg24i002/x10041/duraloco_worktrees/p06-repair-2581a4d/runs/fs_diloco/20260711_p06_repair_2581a4d_gpt2_9n_50x10_retry1/updates/pending/learner_004"}
{"actor": "syncer", "deleted_files": 22, "event_type": "retention_cleanup", "hostname": "mg0835", "keep_last": 1, "role": "learner", "timestamp": 1783750624.125878, "update_dir": "/work/xg24i002/x10041/duraloco_worktrees/p06-repair-2581a4d/runs/fs_diloco/20260711_p06_repair_2581a4d_gpt2_9n_50x10_retry1/updates/pending/learner_005"}
{"actor": "syncer", "deleted_files": 22, "event_type": "retention_cleanup", "hostname": "mg0835", "keep_last": 1, "role": "learner", "timestamp": 1783750624.165768, "update_dir": "/work/xg24i002/x10041/duraloco_worktrees/p06-repair-2581a4d/runs/fs_diloco/20260711_p06_repair_2581a4d_gpt2_9n_50x10_retry1/updates/pending/learner_006"}
{"actor": "syncer", "deleted_files": 22, "event_type": "retention_cleanup", "hostname": "mg0835", "keep_last": 1, "role": "learner", "timestamp": 1783750624.2035708, "update_dir": "/work/xg24i002/x10041/duraloco_worktrees/p06-repair-2581a4d/runs/fs_diloco/20260711_p06_repair_2581a4d_gpt2_9n_50x10_retry1/updates/pending/learner_007"}
{"actor": "syncer", "commit_seq": 13, "event_type": "process_exit", "hostname": "mg0835", "reason": "stop_after_outer_steps", "timestamp": 1783750624.2046082}
