{"actor": "syncer", "authority_root": "/work/xg24i002/x10041/duraloco_worktrees/p06-repair-2581a4d/runs/fs_diloco/20260711_p06_repair_2581a4d_gpt2_9n_50x10_retry1/authority", "cuda_visible_devices": "0", "device": "cuda", "event_type": "process_start", "hostname": "mg0835", "owner_id": "terminal-active", "owner_session_id": "terminal-active-session", "run_generation": 0, "run_id": "20260711_p06_repair_2581a4d_gpt2_9n_50x10_retry1", "shared_root": "/work/xg24i002/x10041/duraloco_worktrees/p06-repair-2581a4d/runs/fs_diloco/20260711_p06_repair_2581a4d_gpt2_9n_50x10_retry1", "standby": false, "timestamp": 1783750330.227548}
{"actor": "syncer", "event_type": "wandb_disabled", "hostname": "mg0835", "timestamp": 1783750330.232563}
[transformers] `torch_dtype` is deprecated! Use `dtype` instead!
Loading weights:   0%|          | 0/148 [00:00<?, ?it/s]Loading weights:  64%|██████▎   | 94/148 [00:00<00:00, 921.90it/s]Loading weights: 100%|██████████| 148/148 [00:00<00:00, 838.83it/s]
{"actor": "syncer", "commit_seq": 0, "event_type": "generation_initialized", "hostname": "mg0835", "timestamp": 1783750351.0940077, "view_digest": "3015311252a441fd1b2e056ed4d89199b9cb7a9b33af2065f5447073c9acf6c2"}
{"actor": "syncer", "event_type": "coordination_stage_completed", "hostname": "mg0835", "lease_sequence": 1, "owner_id": "terminal-active", "owner_session_id": "terminal-active-session", "proposed_fencing_epoch": 1, "seconds": 0.009698242996819317, "stage": "lease_acquire", "timestamp": 1783750351.107117}
{"actor": "syncer", "commit_seq": 1, "event_type": "coordination_stage_completed", "fencing_epoch": 1, "hostname": "mg0835", "optimizer_transition_count": 0, "owner_id": "terminal-active", "owner_session_id": "terminal-active-session", "seconds": 2.601891745987814, "stage": "fence_commit_and_strict_replay", "timestamp": 1783750353.7103045}
{"actor": "syncer", "commit_seq": 1, "eligible": 0, "event_type": "quorum_wait", "fragment_id": 0, "hostname": "mg0835", "quorum_min": 4, "timestamp": 1783750360.6875188}
{"actor": "syncer", "event_type": "transaction_stage_completed", "hostname": "mg0835", "seconds": 4.1475646019680426, "selected_count": 8, "stage": "catalog", "target_commit_seq": 2, "timestamp": 1783750365.8364737}
{"actor": "syncer", "event_type": "transaction_stage_completed", "hostname": "mg0835", "seconds": 2.912033168016933, "stage": "proposal_observation", "target_commit_seq": 2, "timestamp": 1783750368.748505}
{"actor": "syncer", "event_type": "transaction_stage_completed", "hostname": "mg0835", "seconds": 0.011637993971817195, "stage": "aggregation", "target_commit_seq": 2, "timestamp": 1783750368.7601373}
{"actor": "syncer", "event_type": "transaction_stage_completed", "hostname": "mg0835", "seconds": 0.00977049901848659, "stage": "outer_step", "target_commit_seq": 2, "timestamp": 1783750368.7699077}
{"actor": "syncer", "event_type": "transaction_stage_completed", "hostname": "mg0835", "seconds": 2.909900200960692, "stage": "successor_prepare", "target_commit_seq": 2, "timestamp": 1783750371.6809475}
{"actor": "syncer", "commit_id": "c-aae5a65f509eb2e81d07158004d392072d3c094307d2c629aecc81a9283eb256", "commit_seq": 2, "event_type": "head_cas_completed", "hostname": "mg0835", "seconds": 0.025682939041871578, "timestamp": 1783750371.706628}
{"actor": "syncer", "commit_id": "c-aae5a65f509eb2e81d07158004d392072d3c094307d2c629aecc81a9283eb256", "commit_seq": 2, "event_type": "post_cas_replay_completed", "hostname": "mg0835", "seconds": 4.786420375981834, "timestamp": 1783750376.4940739}
{"actor": "syncer", "event_type": "transaction_stage_completed", "hostname": "mg0835", "seconds": 1.747730778006371, "stage": "materialized_export", "target_commit_seq": 2, "timestamp": 1783750378.2443213}
{"actor": "syncer", "commit_id": "c-aae5a65f509eb2e81d07158004d392072d3c094307d2c629aecc81a9283eb256", "commit_seq": 2, "event_type": "transition_committed", "fragment_id": 0, "hostname": "mg0835", "selected_proposal_ids": ["p-08a19af2adfeeb84b03c449b09ab808581ff8639d1ce438e189848cfd0829aed", "p-2d6098292283e0611e8ac8ad52353c8e1036241bfbfd8767054155bc95179eb5", "p-58fb3e219943f171aff0418c259f31dbcf88cedcfd0ab549cad27278e47cdf60", "p-5eb366b48b4c67ded4caf17c2874572e4cfaa0f0334b3aa6e9101142675d009a", "p-aa39dd4b187cc5a160fd47f0f1af340ad461e9830b069f2b4b47031e58e2fe57", "p-cb3cd4112d0a1679aba4f3ffaa5d15dcfdb5efea98bb7e97b8fa9647602737ca", "p-e36000e22a85acb08332f225bfc537cd04088d01a596422b5f22f5d4b3308aa2", "p-fb1abfc1434319d1d69c7f65c9146c4e0b8233f69fc3b9a1648d717a5c206ca9"], "timestamp": 1783750378.2474098, "view_digest": "dad8dd9ee7827e1e657d7161a58d8c289cd0b4c3ad97d95ee7181618c1fc4881"}
{"actor": "syncer", "event_type": "coordination_stage_completed", "fencing_epoch": 1, "hostname": "mg0835", "lease_sequence": 2, "renew_margin_seconds": 45.0, "seconds": 0.006318556028418243, "stage": "lease_renew", "timestamp": 1783750378.2555974}
{"actor": "syncer", "event_type": "transaction_stage_completed", "hostname": "mg0835", "seconds": 5.236523738945834, "selected_count": 8, "stage": "catalog", "target_commit_seq": 3, "timestamp": 1783750383.493165}
{"actor": "syncer", "event_type": "transaction_stage_completed", "hostname": "mg0835", "seconds": 2.873946972016711, "stage": "proposal_observation", "target_commit_seq": 3, "timestamp": 1783750386.3671117}
{"actor": "syncer", "event_type": "transaction_stage_completed", "hostname": "mg0835", "seconds": 0.002156169037334621, "stage": "aggregation", "target_commit_seq": 3, "timestamp": 1783750386.3692627}
{"actor": "syncer", "event_type": "transaction_stage_completed", "hostname": "mg0835", "seconds": 0.004092177958227694, "stage": "outer_step", "target_commit_seq": 3, "timestamp": 1783750386.3733544}
{"actor": "syncer", "event_type": "transaction_stage_completed", "hostname": "mg0835", "seconds": 2.5555748600163497, "stage": "successor_prepare", "target_commit_seq": 3, "timestamp": 1783750388.9300053}
{"actor": "syncer", "commit_id": "c-7f89fd9829eb4da4b63259f89d8f01fe1612ca971c4056872fee33e9c1794357", "commit_seq": 3, "event_type": "head_cas_completed", "hostname": "mg0835", "seconds": 0.008726437983568758, "timestamp": 1783750388.9387288}
{"actor": "syncer", "commit_id": "c-7f89fd9829eb4da4b63259f89d8f01fe1612ca971c4056872fee33e9c1794357", "commit_seq": 3, "event_type": "post_cas_replay_completed", "hostname": "mg0835", "seconds": 4.804027510981541, "timestamp": 1783750393.7437017}
{"actor": "syncer", "event_type": "transaction_stage_completed", "hostname": "mg0835", "seconds": 1.3667522190371528, "stage": "materialized_export", "target_commit_seq": 3, "timestamp": 1783750395.1144812}
{"actor": "syncer", "commit_id": "c-7f89fd9829eb4da4b63259f89d8f01fe1612ca971c4056872fee33e9c1794357", "commit_seq": 3, "event_type": "transition_committed", "fragment_id": 0, "hostname": "mg0835", "selected_proposal_ids": ["p-00cfc3acea9ff9d6852850be9ee8775a76c56934fbe8cd041455a28f92ba1021", "p-3140b3b0a27b640d73ef981293f9a6ad5691e59e743dbfd5b82b5e3cc0bfa09a", "p-3ff77c9518c6d2fd8faf961cd1be3e2d1ddd1698e92fd8761db0a8913c483ef8", "p-41e535b2789df098a986a577388bf173c57ded5b07cf237a3087931e9ab46f9d", "p-a42d7a5528e396c31a72b4b5186318aee92bd49b551841b73042521fa3600b6d", "p-d0f9c1eb6b49da8202beed1cb530bad41804e827636e98820b37d23faa76a66d", "p-dda2ef26c5db003889ac1f64d962be682e41197c6cb44dfe5ff4f375b6f28851", "p-ea6acaee6f566f05a824d16fedbd93648dbddfb3378c271a22d8673e2d454a4d"], "timestamp": 1783750395.116579, "view_digest": "cae4d11f196021d191c19a685a12a435151b60fcb07223968e4b79d0f32a0464"}
{"actor": "syncer", "event_type": "coordination_stage_completed", "fencing_epoch": 1, "hostname": "mg0835", "lease_sequence": 3, "renew_margin_seconds": 45.0, "seconds": 0.007285440049599856, "stage": "lease_renew", "timestamp": 1783750395.1250021}
