{"actor": "floating_committer", "event_type": "standby_wait", "hostname": "mg0007", "lease_owner_id": "member-000", "lease_sequence": 1, "observed_fencing_epoch": 1, "timestamp": 1783766747.7580996, "wait_seconds": 20.529691805}
{"actor": "floating_committer", "event_type": "standby_wait", "hostname": "mg0007", "lease_owner_id": "member-000", "lease_sequence": 1, "observed_fencing_epoch": 1, "timestamp": 1783766748.7695918, "wait_seconds": 19.51700476}
{"actor": "floating_committer", "event_type": "standby_wait", "hostname": "mg0007", "lease_owner_id": "member-000", "lease_sequence": 1, "observed_fencing_epoch": 1, "timestamp": 1783766749.77992, "wait_seconds": 18.506701563}
{"actor": "floating_committer", "event_type": "standby_wait", "hostname": "mg0007", "lease_owner_id": "member-000", "lease_sequence": 1, "observed_fencing_epoch": 1, "timestamp": 1783766750.7909653, "wait_seconds": 17.495640923}
{"actor": "floating_committer", "event_type": "standby_wait", "hostname": "mg0007", "lease_owner_id": "member-000", "lease_sequence": 1, "observed_fencing_epoch": 1, "timestamp": 1783766751.8022587, "wait_seconds": 16.484350202}
{"actor": "floating_committer", "event_type": "standby_wait", "hostname": "mg0007", "lease_owner_id": "member-000", "lease_sequence": 1, "observed_fencing_epoch": 1, "timestamp": 1783766752.8131645, "wait_seconds": 15.473368666}
{"actor": "floating_committer", "event_type": "standby_wait", "hostname": "mg0007", "lease_owner_id": "member-000", "lease_sequence": 1, "observed_fencing_epoch": 1, "timestamp": 1783766753.8403563, "wait_seconds": 14.446247211}
{"actor": "floating_committer", "event_type": "standby_wait", "hostname": "mg0007", "lease_owner_id": "member-000", "lease_sequence": 1, "observed_fencing_epoch": 1, "timestamp": 1783766754.8548584, "wait_seconds": 13.431695872}
{"actor": "floating_committer", "event_type": "standby_wait", "hostname": "mg0007", "lease_owner_id": "member-000", "lease_sequence": 1, "observed_fencing_epoch": 1, "timestamp": 1783766755.8689854, "wait_seconds": 12.417553943}
{"actor": "floating_committer", "event_type": "standby_wait", "hostname": "mg0007", "lease_owner_id": "member-000", "lease_sequence": 1, "observed_fencing_epoch": 1, "timestamp": 1783766756.8834786, "wait_seconds": 11.403090829}
{"actor": "floating_committer", "event_type": "standby_wait", "hostname": "mg0007", "lease_owner_id": "member-000", "lease_sequence": 1, "observed_fencing_epoch": 1, "timestamp": 1783766757.9006765, "wait_seconds": 10.386060124}
{"actor": "floating_committer", "event_type": "standby_wait", "hostname": "mg0007", "lease_owner_id": "member-000", "lease_sequence": 1, "observed_fencing_epoch": 1, "timestamp": 1783766758.9147174, "wait_seconds": 9.371819955}
{"actor": "floating_committer", "event_type": "standby_wait", "hostname": "mg0007", "lease_owner_id": "member-000", "lease_sequence": 1, "observed_fencing_epoch": 1, "timestamp": 1783766759.928735, "wait_seconds": 8.357812713}
{"actor": "floating_committer", "event_type": "standby_wait", "hostname": "mg0007", "lease_owner_id": "member-000", "lease_sequence": 1, "observed_fencing_epoch": 1, "timestamp": 1783766760.942924, "wait_seconds": 7.343619584}
{"actor": "floating_committer", "event_type": "standby_wait", "hostname": "mg0007", "lease_owner_id": "member-000", "lease_sequence": 1, "observed_fencing_epoch": 1, "timestamp": 1783766761.9575315, "wait_seconds": 6.32903439}
{"actor": "floating_committer", "event_type": "standby_wait", "hostname": "mg0007", "lease_owner_id": "member-000", "lease_sequence": 1, "observed_fencing_epoch": 1, "timestamp": 1783766762.9715996, "wait_seconds": 5.314987085}
{"actor": "floating_committer", "event_type": "standby_wait", "hostname": "mg0007", "lease_owner_id": "member-000", "lease_sequence": 1, "observed_fencing_epoch": 1, "timestamp": 1783766763.985422, "wait_seconds": 4.301095813}
{"actor": "floating_committer", "event_type": "standby_wait", "hostname": "mg0007", "lease_owner_id": "member-000", "lease_sequence": 1, "observed_fencing_epoch": 1, "timestamp": 1783766764.9993951, "wait_seconds": 3.287137564}
{"actor": "floating_committer", "event_type": "standby_wait", "hostname": "mg0007", "lease_owner_id": "member-000", "lease_sequence": 1, "observed_fencing_epoch": 1, "timestamp": 1783766766.0132537, "wait_seconds": 2.273278323}
{"actor": "floating_committer", "event_type": "standby_wait", "hostname": "mg0007", "lease_owner_id": "member-000", "lease_sequence": 1, "observed_fencing_epoch": 1, "timestamp": 1783766767.0280685, "wait_seconds": 1.258516393}
{"actor": "floating_committer", "event_type": "standby_wait", "hostname": "mg0007", "lease_owner_id": "member-000", "lease_sequence": 1, "observed_fencing_epoch": 1, "timestamp": 1783766768.042222, "wait_seconds": 0.244308927}
{"actor": "floating_committer", "event_type": "coordination_stage_completed", "hostname": "mg0007", "lease_sequence": 2, "owner_id": "member-001", "owner_session_id": "20260711_p06b_final_d5e2901_d2-training-member-001-committer-session", "proposed_fencing_epoch": 2, "seconds": 0.006726579973474145, "stage": "lease_acquire", "timestamp": 1783766768.3073483}
{"actor": "floating_committer", "commit_seq": 3, "event_type": "coordination_stage_completed", "fencing_epoch": 2, "hostname": "mg0007", "optimizer_transition_count": 1, "owner_id": "member-001", "owner_session_id": "20260711_p06b_final_d5e2901_d2-training-member-001-committer-session", "seconds": 0.06338856904767454, "stage": "fence_commit_and_strict_replay", "timestamp": 1783766768.386581}
{"actor": "floating_committer", "attempt_envelope_id": "pfa-04e28a629658fadf198c030effb0901c28a111e5a3fbcb1f6f589be089017281", "commit_seq": 4, "event_type": "distributed_transition_committed", "executor_member_id": "member-000", "hostname": "mg0007", "optimizer_transition_count": 2, "prepared_outer_state_bytes": 32912, "prepared_parameter_bytes": 32848, "prepared_result_id": "pfr-28351e0477ec7d8ece8973ce878d889940c6a9d55e4efdaaa6662281c54c3800", "publish_to_commit_seconds": 0.2955256609711796, "timestamp": 1783766768.7375374, "work_order_id": "fwo-c61d168f6f4c3bfc9a1adc9f86170890a3a8e328feafdb4a32802e85cd698427"}
{"actor": "floating_committer", "commit_seq": 5, "event_type": "membership_reconfigured", "hostname": "mg0007", "membership_digest": "8810f7ce8cabb798642dcafc51cc18c89f1fc4f226b8aa98135d2b3383b5749b", "removed_member_id": "member-000", "revision": 1, "timestamp": 1783766769.3117795}
{"actor": "floating_committer", "attempt_envelope_id": "pfa-77be1efd86c356b87d7552d5df7a7c054726fe3c4298b77a31d0d9ac21632647", "commit_seq": 6, "event_type": "distributed_transition_committed", "executor_member_id": "member-001", "hostname": "mg0007", "optimizer_transition_count": 3, "prepared_outer_state_bytes": 32912, "prepared_parameter_bytes": 32848, "prepared_result_id": "pfr-6a8e7192730f178f77376efe929867c4292dd8bc8ef746a84a038863e402d3ed", "publish_to_commit_seconds": 0.2974440979305655, "timestamp": 1783766769.6386385, "work_order_id": "fwo-ada2e46f46408ab87e88f78fd650cbb4be1465a05bab795056908aa9d4095aed"}
