{"actor": "learner_001", "device": "cuda", "event_type": "process_start", "hostname": "mg0007", "learner_id": "learner_001", "run_id": "20260711_p06b_final_d5e2901_d2-training", "timestamp": 1783766747.9684753}
{"actor": "learner_001", "event_type": "loaded_global", "hostname": "mg0007", "timestamp": 1783766750.5731463, "version": 1}
{"actor": "learner_001", "event_type": "inner_optimizer_reset", "hostname": "mg0007", "timestamp": 1783766750.574617, "version": 1}
{"actor": "learner_001", "committed_intervals": 0, "event_type": "warm_recovery", "hostname": "mg0007", "lost_tokens": 0, "max_uncommitted_base_commit_seq": null, "new_session": {"learner_id": "learner_001", "learner_session_id": "20260711_p06b_final_d5e2901_d2-training-learner_001-session", "protocol_version": 2, "record_type": "learner_session", "run_generation": 1, "run_id": "20260711_p06b_final_d5e2901_d2-training"}, "next_sequence": 1, "published_intervals": 0, "repeated_tokens_estimate": 0, "timestamp": 1783766750.6043203, "uncommitted_intervals": 0, "warm_not_exact": true}
{"actor": "learner_001", "event_type": "inner_step_summary", "global_version": 1, "gpu_step_seconds": 0.2725395141169429, "hostname": "mg0007", "local_step": 1, "timestamp": 1783766750.8780706, "train_loss": 5.043806076049805}
{"actor": "learner_001", "event_type": "inner_step_summary", "global_version": 1, "gpu_step_seconds": 0.0021682619117200375, "hostname": "mg0007", "local_step": 2, "timestamp": 1783766750.8819535, "train_loss": 5.003519535064697}
{"actor": "learner_001", "event_type": "update_written", "file_path": "/work/xg24i002/x10041/fs_based_decoupled_diloco/runs/duraloco/20260711_p06b_final_d5e2901_d2/training/updates/pending/learner_001/update_f4118f2a30ab.params.safetensors", "hostname": "mg0007", "interval_digest": "a58a626070a8b701c01ce23e5a354edb019e4cf7e0f2a3ff2c74d574b7e3a6b2", "local_step": 2, "publication_proposal_id": "proposal-5e59d1b5497a991612a4bf577e606d240c0b4d344df660cf694e863677cb67b1", "publication_request_id": "learner-publish-afecf59c26a8f9b9c25a396fdb759d5324831e4be73341138bc8a20e8c6e1003", "timestamp": 1783766750.9504552, "tokens": 64, "train_loss": 5.023662805557251, "update_id": "learner_001_00000002_f4118f2a30ab"}
{"actor": "learner_001", "event_type": "heartbeat_written", "hostname": "mg0007", "local_step": 2, "timestamp": 1783766750.9835904}
{"actor": "learner_001", "current_version": 1, "event_type": "latest_polled", "found_version": 2, "hostname": "mg0007", "timestamp": 1783766753.1901839}
{"actor": "learner_001", "event_type": "global_adopted", "hostname": "mg0007", "timestamp": 1783766753.193213, "version": 2}
{"actor": "learner_001", "adoption_state_digest": "09cc0e76477da0624a28a34b17153748683dac7eae8803860bcb2ce7dddd5ac8", "event_type": "inner_optimizer_adoption", "hostname": "mg0007", "policy": "reset_all", "reset_parameter_count": 2, "timestamp": 1783766753.1941972, "version": 2}
{"actor": "learner_001", "event_type": "inner_step_summary", "global_version": 2, "gpu_step_seconds": 0.0018718130886554718, "hostname": "mg0007", "local_step": 3, "timestamp": 1783766753.1973577, "train_loss": 4.9643120765686035}
{"actor": "learner_001", "event_type": "heartbeat_written", "hostname": "mg0007", "local_step": 3, "timestamp": 1783766753.201124}
{"actor": "learner_001", "event_type": "inner_step_summary", "global_version": 2, "gpu_step_seconds": 0.001431843964383006, "hostname": "mg0007", "local_step": 4, "timestamp": 1783766753.2038832, "train_loss": 5.094465732574463}
{"actor": "learner_001", "event_type": "update_written", "file_path": "/work/xg24i002/x10041/fs_based_decoupled_diloco/runs/duraloco/20260711_p06b_final_d5e2901_d2/training/updates/pending/learner_001/update_7448bb32f41e.params.safetensors", "hostname": "mg0007", "interval_digest": "62b9fa3deb022cd70485569f18210533f90636043491474fb3b1902390cf68e5", "local_step": 4, "publication_proposal_id": "proposal-2845747c11e1f59482331319676c08e6a1b0c7469b48642e6544acd8b55aa8e3", "publication_request_id": "learner-publish-e9cd70167112df6c01854a6deb17936379b994299ef30c7a71755d7dba400939", "timestamp": 1783766753.2306364, "tokens": 64, "train_loss": 5.029388904571533, "update_id": "learner_001_00000004_7448bb32f41e"}
{"actor": "learner_001", "event_type": "heartbeat_written", "hostname": "mg0007", "local_step": 4, "timestamp": 1783766753.2375169}
{"actor": "learner_001", "current_version": 2, "event_type": "latest_polled", "found_version": 3, "hostname": "mg0007", "timestamp": 1783766768.4786768}
{"actor": "learner_001", "event_type": "global_adopted", "hostname": "mg0007", "timestamp": 1783766768.4807968, "version": 3}
{"actor": "learner_001", "adoption_state_digest": "b4191367527af480e89a9c121e0eca6a8a145b2e871de3869e55067d615b5acd", "event_type": "inner_optimizer_adoption", "hostname": "mg0007", "policy": "reset_all", "reset_parameter_count": 2, "timestamp": 1783766768.4817789, "version": 3}
{"actor": "learner_001", "event_type": "inner_step_summary", "global_version": 3, "gpu_step_seconds": 0.0021179900504648685, "hostname": "mg0007", "local_step": 5, "timestamp": 1783766768.4850805, "train_loss": 4.771290302276611}
{"actor": "learner_001", "event_type": "heartbeat_written", "hostname": "mg0007", "local_step": 5, "timestamp": 1783766768.4890897}
{"actor": "learner_001", "event_type": "inner_step_summary", "global_version": 3, "gpu_step_seconds": 0.0014063080307096243, "hostname": "mg0007", "local_step": 6, "timestamp": 1783766768.4918523, "train_loss": 4.925311088562012}
{"actor": "learner_001", "event_type": "update_written", "file_path": "/work/xg24i002/x10041/fs_based_decoupled_diloco/runs/duraloco/20260711_p06b_final_d5e2901_d2/training/updates/pending/learner_001/update_6963f262ae20.params.safetensors", "hostname": "mg0007", "interval_digest": "da8fa90afeae6ed453ee2c484d5a62bc98708239452a8d9c2835e2f7edd85d0b", "local_step": 6, "publication_proposal_id": "proposal-4e25e71aac76daf0987f8db7520326fd1b2e8f2f4fcff6dedfe7ef2eb8ae9aab", "publication_request_id": "learner-publish-8fe54e39be4ce7d2e59b678a4f724d2642283dbd4dec7fe0dd9564087f031ed5", "timestamp": 1783766768.517789, "tokens": 64, "train_loss": 4.8483006954193115, "update_id": "learner_001_00000006_6963f262ae20"}
{"actor": "learner_001", "event_type": "heartbeat_written", "hostname": "mg0007", "local_step": 6, "timestamp": 1783766768.5230455}
{"actor": "learner_001", "current_version": 3, "event_type": "latest_polled", "found_version": 4, "hostname": "mg0007", "timestamp": 1783766768.9260812}
{"actor": "learner_001", "event_type": "global_adopted", "hostname": "mg0007", "timestamp": 1783766768.9285207, "version": 4}
{"actor": "learner_001", "adoption_state_digest": "95f602bc6e4c8e0540a394f21f55c31f3ba3de53e6bdf06e24cbf99b47003b51", "event_type": "inner_optimizer_adoption", "hostname": "mg0007", "policy": "reset_all", "reset_parameter_count": 2, "timestamp": 1783766768.9294472, "version": 4}
{"actor": "learner_001", "event_type": "inner_step_summary", "global_version": 4, "gpu_step_seconds": 0.0016048371326178312, "hostname": "mg0007", "local_step": 7, "timestamp": 1783766768.93219, "train_loss": 4.9849371910095215}
{"actor": "learner_001", "event_type": "inner_step_summary", "global_version": 4, "gpu_step_seconds": 0.00137504399754107, "hostname": "mg0007", "local_step": 8, "timestamp": 1783766768.934885, "train_loss": 5.033570289611816}
{"actor": "learner_001", "event_type": "update_written", "file_path": "/work/xg24i002/x10041/fs_based_decoupled_diloco/runs/duraloco/20260711_p06b_final_d5e2901_d2/training/updates/pending/learner_001/update_7cdab8d05b37.params.safetensors", "hostname": "mg0007", "interval_digest": "3e875ad8eeac49c47007cb6284c8593c04dbc66444891846b3d994a7c6147541", "local_step": 8, "publication_proposal_id": "proposal-55c6629ada6e31d3ec9991c445ab46dcabbf18dcccbd7d42de50180f749830eb", "publication_request_id": "learner-publish-b4cc81b805da99d047efd2b7a947444b03d9700c2b7a776c5473ddb6d0fd8909", "timestamp": 1783766768.959854, "tokens": 64, "train_loss": 5.009253740310669, "update_id": "learner_001_00000008_7cdab8d05b37"}
{"actor": "learner_001", "event_type": "heartbeat_written", "hostname": "mg0007", "local_step": 8, "timestamp": 1783766768.967648}
{"actor": "learner_001", "current_version": 4, "event_type": "latest_polled", "found_version": 6, "hostname": "mg0007", "timestamp": 1783766769.771316}
{"actor": "learner_001", "event_type": "global_adopted", "hostname": "mg0007", "timestamp": 1783766769.7732813, "version": 6}
{"actor": "learner_001", "adoption_state_digest": "8df27752984ed0093585d4df5d1137c10d066489409006bf119858f1823608ac", "event_type": "inner_optimizer_adoption", "hostname": "mg0007", "policy": "reset_all", "reset_parameter_count": 2, "timestamp": 1783766769.7742057, "version": 6}
{"actor": "learner_001", "event_type": "inner_step_summary", "global_version": 6, "gpu_step_seconds": 0.0017973489593714476, "hostname": "mg0007", "local_step": 9, "timestamp": 1783766769.777129, "train_loss": 5.240302085876465}
{"actor": "learner_001", "event_type": "heartbeat_written", "hostname": "mg0007", "local_step": 9, "timestamp": 1783766769.7807603}
{"actor": "learner_001", "event_type": "inner_step_summary", "global_version": 6, "gpu_step_seconds": 0.001345028169453144, "hostname": "mg0007", "local_step": 10, "timestamp": 1783766769.7833917, "train_loss": 4.978275299072266}
{"actor": "learner_001", "event_type": "update_written", "file_path": "/work/xg24i002/x10041/fs_based_decoupled_diloco/runs/duraloco/20260711_p06b_final_d5e2901_d2/training/updates/pending/learner_001/update_e023d23b31c8.params.safetensors", "hostname": "mg0007", "interval_digest": "fbe69cf2e40bb6ad639304f0afc4954476e3ada0abd36b5b35355c675e8ae8b4", "local_step": 10, "publication_proposal_id": "proposal-05170f791b49f34ecef8e81754940b8b03ca86d97f9ed4162eae7a6c7b33aa6a", "publication_request_id": "learner-publish-258084aaff171569bce0ba02209c51b3af590a1f72229a287d4cadecfdba1c66", "timestamp": 1783766769.8077245, "tokens": 64, "train_loss": 5.109288692474365, "update_id": "learner_001_00000010_e023d23b31c8"}
{"actor": "learner_001", "event_type": "heartbeat_written", "hostname": "mg0007", "local_step": 10, "timestamp": 1783766769.8131917}
