{"actor": "learner_000", "device": "cuda", "event_type": "process_start", "hostname": "mg0005", "learner_id": "learner_000", "run_id": "20260711_p06b_final_d5e2901_d2-training", "timestamp": 1783766747.4762518}
{"actor": "learner_000", "event_type": "loaded_global", "hostname": "mg0005", "timestamp": 1783766749.9468372, "version": 1}
{"actor": "learner_000", "event_type": "inner_optimizer_reset", "hostname": "mg0005", "timestamp": 1783766749.9480696, "version": 1}
{"actor": "learner_000", "committed_intervals": 0, "event_type": "warm_recovery", "hostname": "mg0005", "lost_tokens": 0, "max_uncommitted_base_commit_seq": null, "new_session": {"learner_id": "learner_000", "learner_session_id": "20260711_p06b_final_d5e2901_d2-training-learner_000-session", "protocol_version": 2, "record_type": "learner_session", "run_generation": 1, "run_id": "20260711_p06b_final_d5e2901_d2-training"}, "next_sequence": 1, "published_intervals": 0, "repeated_tokens_estimate": 0, "timestamp": 1783766749.9683204, "uncommitted_intervals": 0, "warm_not_exact": true}
{"actor": "learner_000", "event_type": "inner_step_summary", "global_version": 1, "gpu_step_seconds": 0.2576596620492637, "hostname": "mg0005", "local_step": 1, "timestamp": 1783766750.2276502, "train_loss": 4.90700626373291}
{"actor": "learner_000", "event_type": "inner_step_summary", "global_version": 1, "gpu_step_seconds": 0.0023060509702190757, "hostname": "mg0005", "local_step": 2, "timestamp": 1783766750.232384, "train_loss": 5.023499011993408}
{"actor": "learner_000", "event_type": "update_written", "file_path": "/work/xg24i002/x10041/fs_based_decoupled_diloco/runs/duraloco/20260711_p06b_final_d5e2901_d2/training/updates/pending/learner_000/update_24c47b7f534b.params.safetensors", "hostname": "mg0005", "interval_digest": "55117e4e22080aeda81311f41dd55af61f193396dd422533b0e792e529c43ea5", "local_step": 2, "publication_proposal_id": "proposal-550fd13d58e56cabd597a8b43927a1516ec55aafbbc6712a4fb6dee008c8baa1", "publication_request_id": "learner-publish-b29de6a68e85815938f127444237e28f63a419e0da4f0c03350c1cc40c78db10", "timestamp": 1783766750.2762094, "tokens": 64, "train_loss": 4.965252637863159, "update_id": "learner_000_00000002_24c47b7f534b"}
{"actor": "learner_000", "event_type": "heartbeat_written", "hostname": "mg0005", "local_step": 2, "timestamp": 1783766750.281922}
{"actor": "learner_000", "current_version": 1, "event_type": "latest_polled", "found_version": 2, "hostname": "mg0005", "timestamp": 1783766753.0915618}
{"actor": "learner_000", "event_type": "global_adopted", "hostname": "mg0005", "timestamp": 1783766753.0937977, "version": 2}
{"actor": "learner_000", "adoption_state_digest": "09cc0e76477da0624a28a34b17153748683dac7eae8803860bcb2ce7dddd5ac8", "event_type": "inner_optimizer_adoption", "hostname": "mg0005", "policy": "reset_all", "reset_parameter_count": 2, "timestamp": 1783766753.0947847, "version": 2}
{"actor": "learner_000", "event_type": "inner_step_summary", "global_version": 2, "gpu_step_seconds": 0.0023178589763119817, "hostname": "mg0005", "local_step": 3, "timestamp": 1783766753.0982912, "train_loss": 5.065350532531738}
{"actor": "learner_000", "event_type": "heartbeat_written", "hostname": "mg0005", "local_step": 3, "timestamp": 1783766753.1022885}
{"actor": "learner_000", "event_type": "inner_step_summary", "global_version": 2, "gpu_step_seconds": 0.0015631699934601784, "hostname": "mg0005", "local_step": 4, "timestamp": 1783766753.1052413, "train_loss": 4.872756481170654}
{"actor": "learner_000", "event_type": "update_written", "file_path": "/work/xg24i002/x10041/fs_based_decoupled_diloco/runs/duraloco/20260711_p06b_final_d5e2901_d2/training/updates/pending/learner_000/update_c6c30c61d6d1.params.safetensors", "hostname": "mg0005", "interval_digest": "4610b129c858798f1e9d2fb44f3808f09fa79a30d256dc4c6a736de29b51b51f", "local_step": 4, "publication_proposal_id": "proposal-c6c10a1fd1a452df41379922e758ec3a519d4c00da6c8efb3b89b23c29c96654", "publication_request_id": "learner-publish-3911aa251aadbd04468b254e1cc00cae57e61f6d1bb17ee4553f9d5e17e2cb05", "timestamp": 1783766753.1357396, "tokens": 64, "train_loss": 4.969053506851196, "update_id": "learner_000_00000004_c6c30c61d6d1"}
{"actor": "learner_000", "event_type": "heartbeat_written", "hostname": "mg0005", "local_step": 4, "timestamp": 1783766753.1435976}
{"actor": "learner_000", "current_version": 2, "event_type": "latest_polled", "found_version": 3, "hostname": "mg0005", "timestamp": 1783766768.5841584}
{"actor": "learner_000", "event_type": "global_adopted", "hostname": "mg0005", "timestamp": 1783766768.5872371, "version": 3}
{"actor": "learner_000", "adoption_state_digest": "b4191367527af480e89a9c121e0eca6a8a145b2e871de3869e55067d615b5acd", "event_type": "inner_optimizer_adoption", "hostname": "mg0005", "policy": "reset_all", "reset_parameter_count": 2, "timestamp": 1783766768.588215, "version": 3}
{"actor": "learner_000", "event_type": "inner_step_summary", "global_version": 3, "gpu_step_seconds": 0.0022572180023416877, "hostname": "mg0005", "local_step": 5, "timestamp": 1783766768.5917342, "train_loss": 4.916715621948242}
{"actor": "learner_000", "event_type": "heartbeat_written", "hostname": "mg0005", "local_step": 5, "timestamp": 1783766768.6290934}
{"actor": "learner_000", "event_type": "inner_step_summary", "global_version": 3, "gpu_step_seconds": 0.001609504979569465, "hostname": "mg0005", "local_step": 6, "timestamp": 1783766768.6320813, "train_loss": 5.016174793243408}
{"actor": "learner_000", "event_type": "update_written", "file_path": "/work/xg24i002/x10041/fs_based_decoupled_diloco/runs/duraloco/20260711_p06b_final_d5e2901_d2/training/updates/pending/learner_000/update_986d8de8520a.params.safetensors", "hostname": "mg0005", "interval_digest": "cec0e93037d54cdf82ab4dd9e1b60745ca799842e22711150297b1db322c8b71", "local_step": 6, "publication_proposal_id": "proposal-dcc349186e168b522cc1cc815472bb723893e4504ac07280c5029c062ed1c137", "publication_request_id": "learner-publish-02171280b1a953ab318b3b3dfa721ff905d4e469bfeba3f8208a61fca3c44b20", "timestamp": 1783766768.663405, "tokens": 64, "train_loss": 4.966445207595825, "update_id": "learner_000_00000006_986d8de8520a"}
{"actor": "learner_000", "event_type": "heartbeat_written", "hostname": "mg0005", "local_step": 6, "timestamp": 1783766768.6721635}
{"actor": "learner_000", "current_version": 3, "event_type": "latest_polled", "found_version": 4, "hostname": "mg0005", "timestamp": 1783766768.8750381}
{"actor": "learner_000", "event_type": "global_adopted", "hostname": "mg0005", "timestamp": 1783766768.8785756, "version": 4}
{"actor": "learner_000", "adoption_state_digest": "95f602bc6e4c8e0540a394f21f55c31f3ba3de53e6bdf06e24cbf99b47003b51", "event_type": "inner_optimizer_adoption", "hostname": "mg0005", "policy": "reset_all", "reset_parameter_count": 2, "timestamp": 1783766768.879538, "version": 4}
{"actor": "learner_000", "event_type": "inner_step_summary", "global_version": 4, "gpu_step_seconds": 0.0017107860185205936, "hostname": "mg0005", "local_step": 7, "timestamp": 1783766768.8825562, "train_loss": 5.068990230560303}
{"actor": "learner_000", "event_type": "inner_step_summary", "global_version": 4, "gpu_step_seconds": 0.0015412819921039045, "hostname": "mg0005", "local_step": 8, "timestamp": 1783766768.8854651, "train_loss": 4.895611763000488}
