00_CODEX_LOOP_OPERATING_CONTRACT.md: OK
01_P00_BASELINE_AND_RESEARCH_CONTRACT.md: OK
02_P01_PROTOCOL_V2_SCHEMAS_AND_VALIDATION.md: OK
03_P02_REFERENCE_SIMULATOR_AND_IN_MEMORY_BACKEND.md: OK
04_P03_STORAGE_ABSTRACTION_AND_POSIX_LUSTRE_CONTRACT.md: OK
05_P04_TRANSACTIONAL_FRAGMENT_LOG_AND_PREFIX_RECOVERY.md: OK
06_M00_SQLITE_FREE_RUNTIME_REBASE_AND_P00_P04_REQUALIFICATION.md: OK
07_P05_SYNCER_LEASE_FENCING_AND_FAILOVER.md: OK
08_P06_LEARNER_INTERVALS_ADOPTION_AND_RECOVERY.md: OK
09_P07_COMPACTION_GC_ACKS_AND_LEARNER_CAPSULES.md: OK
10_P08_DIRECT_FRAGMENT_IO_STREAMING_REDUCER_AND_TELEMETRY.md: OK
11_P10_SACC_AND_ALGORITHM_SYSTEM_CODESIGN.md: OK
12_P11_MIYABI_INTEGRATION_CHAOS_AND_9NODE_ACCEPTANCE.md: OK
13_P12_FORMAL_EXPERIMENTS_ARTIFACT_AND_PAPER_EVIDENCE.md: OK
14_P09_OBJECT_STORE_BACKEND_AND_HYBRID_BASELINE_OPTIONAL.md: OK
DuraLoCo_Codex_Master_Plan.md: OK
P00_P04_IMPLEMENTATION_LESSONS.md: OK
README.md: OK
SQLITE_FREE_SYSTEM_DESIGN.md: OK
references/DuraLoCo_research_draft_zh.md: OK
templates/BLOCKER.md: OK
templates/PHASE_REPORT.md: OK
templates/PHASE_STATE.yaml: OK
templates/RUN_MANIFEST.json: OK
{
  "finding_count": 0,
  "findings": [],
  "scanned_files": 196,
  "status": "PASS"
}
{
  "action_counts": {
    "commit": 26276,
    "decide": 11019,
    "invalid_unknown_selection": 8827,
    "publish": 73878,
    "restart": 14347
  },
  "count": 10000,
  "start_seed": 0,
  "suite_digest": "7840b0ebcad828184ae5bdbb5d8b5f39427d66cf37343c7c8966f1549655ee7e",
  "unique_state_digests": 10000
}
........................................................................ [ 24%]
........................................................................ [ 48%]
................................s....................................... [ 72%]
........................................................................ [ 97%]
........                                                                 [100%]
295 passed, 1 skipped in 16.80s
.....                                                                    [100%]
5 passed in 1.50s
{"checker_hostname": "mg0003", "checker_pbs_job_id": "2359355.opbs", "checking_to_completed": "AUTHORIZED", "checks": {"attempt_lineage_reviewed": true, "explicit_reference_traces": 10000, "explicit_remaps_approved": ["P00-A06", "P04-A06"], "maker_lineage": ["20260711_m00_c052438_1node_requal", "20260711_m00_c052438_2node_requal", "20260711_m00_c052438_gpt2_9n_50x10"], "mapping_complete": true, "mapping_gate_count": 41, "novel_counterexample": {"cache_unchanged_after_failure": true, "corruption_rejected": true, "final_commit_seq": 1, "name": "stale_process_head_jump_with_corrupt_new_payload", "pass": true, "restored_memoized_equals_strict": true}, "one_node_junit": "PASS", "required_no_db_listing_omission_process_kill_counterexample": {"database_files": [], "killed_process_exit_code": 41, "listing_observation": [], "name": "no_db_listing_omission_plus_process_kill", "pass": true, "proposal_logical_inclusion_count": 1, "recovered_after_commit_seq": 1, "recovered_before_commit_seq": 0}, "single_head_cas_static_audit": "PASS", "terminal_50x10": "PASS", "two_node_contract": "PASS", "vectorized_and_memoized_replay": "PASS"}, "persistence_commit": "c4753d4eea0be58f68b3f888c83212778fff3a3f", "required_failures": [], "required_gate_followups": "none", "schema_version": 1, "verdict": "PASS", "verified_implementation": "c052438a3cfe5e16c3b154fc842f32dcd61ec6ff"}
