{"actor": "learner_000", "device": "cuda", "event_type": "process_start", "hostname": "mg0005", "learner_id": "learner_000", "run_id": "20260711_p06_impl_2e2110a_1node-training", "timestamp": 1783749396.1999984}
[transformers] `torch_dtype` is deprecated! Use `dtype` instead!
Loading weights:   0%|          | 0/148 [00:00<?, ?it/s]Loading weights:  72%|███████▏  | 106/148 [00:00<00:00, 1048.49it/s]Loading weights: 100%|██████████| 148/148 [00:00<00:00, 895.55it/s] 
{"actor": "learner_000", "event_type": "loaded_global", "hostname": "mg0005", "timestamp": 1783749418.5745404, "version": 1}
{"actor": "learner_000", "event_type": "inner_optimizer_reset", "hostname": "mg0005", "timestamp": 1783749418.5765538, "version": 1}
Generating test split:   0%|          | 0/4358 [00:00<?, ? examples/s]Generating test split: 100%|██████████| 4358/4358 [00:00<00:00, 152310.45 examples/s]
Generating train split:   0%|          | 0/36718 [00:00<?, ? examples/s]Generating train split: 100%|██████████| 36718/36718 [00:00<00:00, 1701766.38 examples/s]
Generating validation split:   0%|          | 0/3760 [00:00<?, ? examples/s]Generating validation split: 100%|██████████| 3760/3760 [00:00<00:00, 696765.18 examples/s]
{"actor": "learner_000", "committed_intervals": 0, "event_type": "warm_recovery", "hostname": "mg0005", "lost_tokens": 0, "max_uncommitted_base_commit_seq": null, "new_session": {"learner_id": "learner_000", "learner_session_id": "learner_000-461a803d51e847a59fae940b44a7d0f7", "protocol_version": 2, "record_type": "learner_session", "run_generation": 0, "run_id": "20260711_p06_impl_2e2110a_1node-training"}, "next_sequence": 1, "published_intervals": 0, "repeated_tokens_estimate": 0, "timestamp": 1783749426.8010228, "uncommitted_intervals": 0, "warm_not_exact": true}
[transformers] `loss_type=None` was set in the config but it is unrecognized. Using the default loss: `ForCausalLMLoss`.
{"actor": "learner_000", "event_type": "inner_step_summary", "global_version": 1, "hostname": "mg0005", "local_step": 1, "timestamp": 1783749427.2193925, "train_loss": 4.241382598876953}
{"actor": "learner_000", "event_type": "inner_step_summary", "global_version": 1, "hostname": "mg0005", "local_step": 2, "timestamp": 1783749427.2862735, "train_loss": 4.632730007171631}
{"actor": "learner_000", "event_type": "update_written", "file_path": "/work/xg24i002/x10041/duraloco_worktrees/p06-final-2e2110a/runs/duraloco/P06/20260711_p06_impl_2e2110a_1node/training/updates/pending/learner_000/update_1e360fa68bec.params.safetensors", "hostname": "mg0005", "interval_digest": "9ca4591d025e9634cf877b0ae6f593a5c6b70071302492bb2e11fc0a1b608556", "local_step": 2, "publication_proposal_id": "proposal-0484ffaf7b53275308ba4e357dbbeb376d0943da60cb469023ceeefea12bffd2", "publication_request_id": "learner-publish-c2cedd14de5bf3859603f07b0f4dbfa63694db92cf088abd09f41f7bd2adbc8c", "timestamp": 1783749428.7487373, "tokens": 256, "train_loss": 4.437056303024292, "update_id": "learner_000_00000002_1e360fa68bec"}
{"actor": "learner_000", "event_type": "heartbeat_written", "hostname": "mg0005", "local_step": 2, "timestamp": 1783749428.7551453}
{"actor": "learner_000", "current_version": 1, "event_type": "latest_polled", "found_version": 2, "hostname": "mg0005", "timestamp": 1783749436.7628574}
{"actor": "learner_000", "event_type": "global_adopted", "hostname": "mg0005", "timestamp": 1783749436.8099072, "version": 2}
{"actor": "learner_000", "adoption_state_digest": "d37d1aac4753ec45a03cff8560d75d0d054da7ebd537c050089813a190d4f59e", "event_type": "inner_optimizer_adoption", "hostname": "mg0005", "policy": "reset_all", "reset_parameter_count": 148, "timestamp": 1783749436.8115256, "version": 2}
{"actor": "learner_000", "event_type": "inner_step_summary", "global_version": 2, "hostname": "mg0005", "local_step": 3, "timestamp": 1783749436.843012, "train_loss": 4.157248497009277}
{"actor": "learner_000", "event_type": "heartbeat_written", "hostname": "mg0005", "local_step": 3, "timestamp": 1783749436.848311}
{"actor": "learner_000", "event_type": "inner_step_summary", "global_version": 2, "hostname": "mg0005", "local_step": 4, "timestamp": 1783749436.8751936, "train_loss": 4.630003929138184}
{"actor": "learner_000", "event_type": "update_written", "file_path": "/work/xg24i002/x10041/duraloco_worktrees/p06-final-2e2110a/runs/duraloco/P06/20260711_p06_impl_2e2110a_1node/training/updates/pending/learner_000/update_ab2ef1eb567b.params.safetensors", "hostname": "mg0005", "interval_digest": "024230525bb03d7419231c76176766b1c39a33e05bb4af57f3266293578ea305", "local_step": 4, "publication_proposal_id": "proposal-98e70ae03d137c42a529716363872ae2f4645c51dad989bac013700ead768451", "publication_request_id": "learner-publish-fed973e3f1c2b0c214d3a292f95878faa02680b7540801bc7dea7cb6d666d92b", "timestamp": 1783749438.1797643, "tokens": 256, "train_loss": 4.3936262130737305, "update_id": "learner_000_00000004_ab2ef1eb567b"}
{"actor": "learner_000", "event_type": "heartbeat_written", "hostname": "mg0005", "local_step": 4, "timestamp": 1783749438.1852896}
{"actor": "learner_000", "current_version": 2, "event_type": "latest_polled", "found_version": 3, "hostname": "mg0005", "timestamp": 1783749442.189592}
{"actor": "learner_000", "event_type": "global_adopted", "hostname": "mg0005", "timestamp": 1783749442.220717, "version": 3}
{"actor": "learner_000", "adoption_state_digest": "87ec844f4cc6c12b051e28ac9ce6d1ac949dae658fd78b7a470723867a19d380", "event_type": "inner_optimizer_adoption", "hostname": "mg0005", "policy": "reset_all", "reset_parameter_count": 148, "timestamp": 1783749442.2224963, "version": 3}
{"actor": "learner_000", "event_type": "stop_seen", "hostname": "mg0005", "reason": "stop_after_outer_steps", "timestamp": 1783749442.2240572}
{"actor": "learner_000", "event_type": "process_exit", "global_version": 3, "hostname": "mg0005", "local_step": 4, "timestamp": 1783749442.235746}
