{"actor": "syncer", "authority_root": "/work/xg24i002/x10041/duraloco_worktrees/p06-final-2e2110a/runs/duraloco/P06/20260711_p06_impl_2e2110a_1node/training/authority", "cuda_visible_devices": "0", "device": "cuda", "event_type": "process_start", "hostname": "mg0005", "owner_id": "syncer-a", "owner_session_id": "20260711_p06_impl_2e2110a_1node-owner", "run_generation": 0, "run_id": "20260711_p06_impl_2e2110a_1node-training", "shared_root": "/work/xg24i002/x10041/duraloco_worktrees/p06-final-2e2110a/runs/duraloco/P06/20260711_p06_impl_2e2110a_1node/training", "standby": false, "timestamp": 1783749391.11825}
[transformers] `torch_dtype` is deprecated! Use `dtype` instead!
Loading weights:   0%|          | 0/148 [00:00<?, ?it/s]Loading weights:  80%|███████▉  | 118/148 [00:00<00:00, 1151.57it/s]Loading weights: 100%|██████████| 148/148 [00:00<00:00, 954.92it/s] 
{"actor": "syncer", "commit_seq": 0, "event_type": "generation_initialized", "hostname": "mg0005", "timestamp": 1783749413.1186028, "view_digest": "b792d23b70b7e3c2760de90a3ed2f75c744c4a589860309eca4330113f423acc"}
{"actor": "syncer", "event_type": "coordination_stage_completed", "hostname": "mg0005", "lease_sequence": 1, "owner_id": "syncer-a", "owner_session_id": "20260711_p06_impl_2e2110a_1node-owner", "proposed_fencing_epoch": 1, "seconds": 0.024631516018416733, "stage": "lease_acquire", "timestamp": 1783749413.1475046}
{"actor": "syncer", "commit_seq": 1, "event_type": "coordination_stage_completed", "fencing_epoch": 1, "hostname": "mg0005", "optimizer_transition_count": 0, "owner_id": "syncer-a", "owner_session_id": "20260711_p06_impl_2e2110a_1node-owner", "seconds": 2.639612243976444, "stage": "fence_commit_and_strict_replay", "timestamp": 1783749415.7883224}
{"actor": "syncer", "commit_seq": 1, "eligible": 0, "event_type": "quorum_wait", "fragment_id": 0, "hostname": "mg0005", "quorum_min": 1, "timestamp": 1783749418.7150228}
{"actor": "syncer", "commit_seq": 1, "eligible": 0, "event_type": "quorum_wait", "fragment_id": 0, "hostname": "mg0005", "quorum_min": 1, "timestamp": 1783749420.7180479}
{"actor": "syncer", "commit_seq": 1, "eligible": 0, "event_type": "quorum_wait", "fragment_id": 0, "hostname": "mg0005", "quorum_min": 1, "timestamp": 1783749422.720978}
{"actor": "syncer", "commit_seq": 1, "eligible": 0, "event_type": "quorum_wait", "fragment_id": 0, "hostname": "mg0005", "quorum_min": 1, "timestamp": 1783749424.7245564}
{"actor": "syncer", "commit_seq": 1, "eligible": 0, "event_type": "quorum_wait", "fragment_id": 0, "hostname": "mg0005", "quorum_min": 1, "timestamp": 1783749426.7275589}
{"actor": "syncer", "event_type": "coordination_stage_completed", "fencing_epoch": 1, "hostname": "mg0005", "lease_sequence": 2, "renew_margin_seconds": 45.0, "seconds": 0.016658987966366112, "stage": "lease_renew", "timestamp": 1783749427.7477696}
{"actor": "syncer", "event_type": "transaction_stage_completed", "hostname": "mg0005", "seconds": 1.4187645399942994, "selected_count": 1, "stage": "catalog", "target_commit_seq": 2, "timestamp": 1783749429.1692657}
{"actor": "syncer", "event_type": "transaction_stage_completed", "hostname": "mg0005", "seconds": 0.6645329750026576, "stage": "proposal_observation", "target_commit_seq": 2, "timestamp": 1783749429.8326635}
{"actor": "syncer", "event_type": "transaction_stage_completed", "hostname": "mg0005", "seconds": 0.0016431689728051424, "stage": "aggregation", "target_commit_seq": 2, "timestamp": 1783749429.834304}
{"actor": "syncer", "event_type": "transaction_stage_completed", "hostname": "mg0005", "seconds": 0.011193160025868565, "stage": "outer_step", "target_commit_seq": 2, "timestamp": 1783749429.8454974}
{"actor": "syncer", "event_type": "transaction_stage_completed", "hostname": "mg0005", "seconds": 3.276459881977644, "stage": "successor_prepare", "target_commit_seq": 2, "timestamp": 1783749433.1231773}
{"actor": "syncer", "commit_id": "c-412a9d27ca86db9414fe7f026c1fe31d4289f95db88d0da46c46cb8538cb8ce2", "commit_seq": 2, "event_type": "head_cas_completed", "hostname": "mg0005", "seconds": 0.009259366022888571, "timestamp": 1783749433.1324341}
{"actor": "syncer", "commit_id": "c-412a9d27ca86db9414fe7f026c1fe31d4289f95db88d0da46c46cb8538cb8ce2", "commit_seq": 2, "event_type": "post_cas_replay_completed", "hostname": "mg0005", "seconds": 2.2061752639710903, "timestamp": 1783749435.339674}
{"actor": "syncer", "event_type": "transaction_stage_completed", "hostname": "mg0005", "seconds": 1.3315945270005614, "stage": "materialized_export", "target_commit_seq": 2, "timestamp": 1783749436.6732223}
{"actor": "syncer", "commit_id": "c-412a9d27ca86db9414fe7f026c1fe31d4289f95db88d0da46c46cb8538cb8ce2", "commit_seq": 2, "event_type": "transition_committed", "fragment_id": 0, "hostname": "mg0005", "selected_proposal_ids": ["p-5f051ecad56bac0667e7d050090cb3798e72d0a1dc9788507d7cad8110a56c16"], "timestamp": 1783749436.6760907, "view_digest": "ee2f80323ad179de8a77c298180744151cf55db255afe7c8ba4283701588884e"}
{"actor": "syncer", "commit_seq": 3, "event_type": "coordination_stage_completed", "hostname": "mg0005", "optimizer_transition_count": 1, "seconds": 3.505328042025212, "stage": "authoritative_stop", "timestamp": 1783749440.182645}
{"actor": "syncer", "commit_id": "c-904796fa35f1c4215a5ac59e7e36f4ecf2e8111ee96831df97f05790754024b5", "commit_seq": 3, "event_type": "stop_published", "hostname": "mg0005", "reason": "stop_after_outer_steps", "timestamp": 1783749441.4944117}
{"actor": "syncer", "commit_seq": 3, "event_type": "process_exit", "hostname": "mg0005", "reason": "stop_after_outer_steps", "timestamp": 1783749441.5031233}
