{"actor": "learner_000", "device": "cpu", "event_type": "process_start", "hostname": "mg0003", "learner_id": "learner_000", "run_id": "20260711_m00_d3a7dce_1node_requal-full", "timestamp": 1783729078.15305}
{"actor": "learner_000", "event_type": "loaded_global", "hostname": "mg0003", "timestamp": 1783729080.3094673, "version": 0}
{"actor": "learner_000", "event_type": "inner_optimizer_reset", "hostname": "mg0003", "timestamp": 1783729080.3107743, "version": 0}
{"actor": "learner_000", "event_type": "inner_step_summary", "global_version": 0, "hostname": "mg0003", "local_step": 1, "timestamp": 1783729080.4174201, "train_loss": 4.401627540588379}
{"actor": "learner_000", "event_type": "inner_step_summary", "global_version": 0, "hostname": "mg0003", "local_step": 2, "timestamp": 1783729080.4202595, "train_loss": 4.357619762420654}
{"actor": "learner_000", "event_type": "update_written", "file_path": "/work/xg24i002/x10041/fs_based_decoupled_diloco/runs/duraloco/M00/20260711_m00_d3a7dce_1node_requal/full/updates/pending/learner_000/update_2885459ef054.params.safetensors", "hostname": "mg0003", "local_step": 2, "timestamp": 1783729080.430414, "tokens": 64, "train_loss": 4.379623651504517, "update_id": "learner_000_00000002_2885459ef054"}
{"actor": "learner_000", "event_type": "heartbeat_written", "hostname": "mg0003", "local_step": 2, "timestamp": 1783729080.4380522}
{"actor": "learner_000", "current_version": 0, "event_type": "latest_polled", "found_version": 1, "hostname": "mg0003", "timestamp": 1783729080.8406558}
{"actor": "learner_000", "event_type": "global_adopted", "hostname": "mg0003", "timestamp": 1783729080.842434, "version": 1}
{"actor": "learner_000", "event_type": "inner_optimizer_reset", "hostname": "mg0003", "timestamp": 1783729080.8434277, "version": 1}
{"actor": "learner_000", "event_type": "inner_step_summary", "global_version": 1, "hostname": "mg0003", "local_step": 3, "timestamp": 1783729080.8549452, "train_loss": 4.320357799530029}
{"actor": "learner_000", "event_type": "inner_step_summary", "global_version": 1, "hostname": "mg0003", "local_step": 4, "timestamp": 1783729080.8594074, "train_loss": 4.17824649810791}
{"actor": "learner_000", "event_type": "update_written", "file_path": "/work/xg24i002/x10041/fs_based_decoupled_diloco/runs/duraloco/M00/20260711_m00_d3a7dce_1node_requal/full/updates/pending/learner_000/update_b2a0b9865dd4.params.safetensors", "hostname": "mg0003", "local_step": 4, "timestamp": 1783729080.8676941, "tokens": 64, "train_loss": 4.24930214881897, "update_id": "learner_000_00000004_b2a0b9865dd4"}
{"actor": "learner_000", "event_type": "heartbeat_written", "hostname": "mg0003", "local_step": 4, "timestamp": 1783729080.8718455}
{"actor": "learner_000", "current_version": 1, "event_type": "latest_polled", "found_version": 2, "hostname": "mg0003", "timestamp": 1783729081.0736327}
{"actor": "learner_000", "event_type": "global_adopted", "hostname": "mg0003", "timestamp": 1783729081.0754812, "version": 2}
{"actor": "learner_000", "event_type": "inner_optimizer_reset", "hostname": "mg0003", "timestamp": 1783729081.076405, "version": 2}
{"actor": "learner_000", "event_type": "stop_seen", "hostname": "mg0003", "reason": "stop_after_outer_steps", "timestamp": 1783729081.077846}
{"actor": "learner_000", "deleted_files": 4, "event_type": "retention_cleanup", "hostname": "mg0003", "keep_last": 0, "role": "learner", "timestamp": 1783729081.0854723, "update_dir": "/work/xg24i002/x10041/fs_based_decoupled_diloco/runs/duraloco/M00/20260711_m00_d3a7dce_1node_requal/full/updates/pending/learner_000"}
{"actor": "learner_000", "event_type": "process_exit", "global_version": 2, "hostname": "mg0003", "local_step": 4, "timestamp": 1783729081.0863492}
