{"actor": "learner_001", "device": "cpu", "event_type": "process_start", "fragment_mode": true, "hostname": "mg0003", "learner_id": "learner_001", "run_id": "20260711_m00_c1c2404_1node_requal-fragment", "timestamp": 1783728668.690255}
{"actor": "learner_001", "event_type": "loaded_fragment_latest", "fragment_versions": {"0": 0, "1": 0}, "global_merge_event": 0, "hostname": "mg0003", "timestamp": 1783728669.6239123}
{"actor": "learner_001", "event_type": "inner_optimizer_reset", "hostname": "mg0003", "timestamp": 1783728669.6261535, "version": 0}
{"actor": "learner_001", "event_type": "inner_step_summary", "global_merge_event": 0, "hostname": "mg0003", "local_step": 1, "timestamp": 1783728669.639288, "train_loss": 4.389906406402588}
{"actor": "learner_001", "event_type": "inner_step_summary", "global_merge_event": 0, "hostname": "mg0003", "local_step": 2, "timestamp": 1783728669.6423748, "train_loss": 4.387980937957764}
{"actor": "learner_001", "base_fragment_version": 0, "event_type": "fragment_update_written", "file_path": "/work/xg24i002/x10041/fs_based_decoupled_diloco/runs/duraloco/M00/20260711_m00_c1c2404_1node_requal/fragment/updates/pending/learner_001/update_6282b6508ca8_fragment_000.params.safetensors", "fragment_id": 0, "hostname": "mg0003", "local_step": 2, "timestamp": 1783728669.6529183, "tokens": 64, "train_loss": 4.388943672180176, "update_id": "learner_001_00000002_f000_6282b6508ca8"}
{"actor": "learner_001", "event_type": "heartbeat_written", "hostname": "mg0003", "local_step": 2, "timestamp": 1783728669.659357}
{"actor": "learner_001", "current_global_merge_event": 0, "event_type": "fragment_latest_polled", "found_global_merge_event": 1, "hostname": "mg0003", "timestamp": 1783728670.0615935}
{"actor": "learner_001", "event_type": "inner_optimizer_reset", "fragments": [0], "hostname": "mg0003", "timestamp": 1783728670.063356, "version": 1}
{"actor": "learner_001", "event_type": "fragments_adopted", "fragment_versions": {"0": 1, "1": 0}, "fragments": [0], "global_merge_event": 1, "hostname": "mg0003", "timestamp": 1783728670.0642216}
{"actor": "learner_001", "event_type": "inner_step_summary", "global_merge_event": 1, "hostname": "mg0003", "local_step": 3, "timestamp": 1783728670.0664594, "train_loss": 4.2635273933410645}
{"actor": "learner_001", "event_type": "inner_step_summary", "global_merge_event": 1, "hostname": "mg0003", "local_step": 4, "timestamp": 1783728670.0686574, "train_loss": 4.28334379196167}
{"actor": "learner_001", "base_fragment_version": 0, "event_type": "fragment_update_written", "file_path": "/work/xg24i002/x10041/fs_based_decoupled_diloco/runs/duraloco/M00/20260711_m00_c1c2404_1node_requal/fragment/updates/pending/learner_001/update_c5b1b3770d38_fragment_001.params.safetensors", "fragment_id": 1, "hostname": "mg0003", "local_step": 4, "timestamp": 1783728670.0764441, "tokens": 64, "train_loss": 4.273435592651367, "update_id": "learner_001_00000004_f001_c5b1b3770d38"}
{"actor": "learner_001", "event_type": "heartbeat_written", "hostname": "mg0003", "local_step": 4, "timestamp": 1783728670.081644}
{"actor": "learner_001", "current_global_merge_event": 1, "event_type": "fragment_latest_polled", "found_global_merge_event": 2, "hostname": "mg0003", "timestamp": 1783728670.4842606}
{"actor": "learner_001", "event_type": "inner_optimizer_reset", "fragments": [1], "hostname": "mg0003", "timestamp": 1783728670.4860766, "version": 2}
{"actor": "learner_001", "event_type": "fragments_adopted", "fragment_versions": {"0": 1, "1": 1}, "fragments": [1], "global_merge_event": 2, "hostname": "mg0003", "timestamp": 1783728670.4869378}
{"actor": "learner_001", "event_type": "inner_step_summary", "global_merge_event": 2, "hostname": "mg0003", "local_step": 5, "timestamp": 1783728670.489395, "train_loss": 4.315930366516113}
{"actor": "learner_001", "event_type": "inner_step_summary", "global_merge_event": 2, "hostname": "mg0003", "local_step": 6, "timestamp": 1783728670.4915006, "train_loss": 4.237552165985107}
{"actor": "learner_001", "base_fragment_version": 1, "event_type": "fragment_update_written", "file_path": "/work/xg24i002/x10041/fs_based_decoupled_diloco/runs/duraloco/M00/20260711_m00_c1c2404_1node_requal/fragment/updates/pending/learner_001/update_f7c49e111386_fragment_000.params.safetensors", "fragment_id": 0, "hostname": "mg0003", "local_step": 6, "timestamp": 1783728670.4992843, "tokens": 64, "train_loss": 4.27674126625061, "update_id": "learner_001_00000006_f000_f7c49e111386"}
{"actor": "learner_001", "event_type": "heartbeat_written", "hostname": "mg0003", "local_step": 6, "timestamp": 1783728670.5038288}
{"actor": "learner_001", "current_global_merge_event": 2, "event_type": "fragment_latest_polled", "found_global_merge_event": 3, "hostname": "mg0003", "timestamp": 1783728670.7057395}
{"actor": "learner_001", "event_type": "inner_optimizer_reset", "fragments": [0], "hostname": "mg0003", "timestamp": 1783728670.7074945, "version": 3}
{"actor": "learner_001", "event_type": "fragments_adopted", "fragment_versions": {"0": 2, "1": 1}, "fragments": [0], "global_merge_event": 3, "hostname": "mg0003", "timestamp": 1783728670.708512}
{"actor": "learner_001", "event_type": "inner_step_summary", "global_merge_event": 3, "hostname": "mg0003", "local_step": 7, "timestamp": 1783728670.7106884, "train_loss": 4.364661693572998}
{"actor": "learner_001", "event_type": "heartbeat_written", "hostname": "mg0003", "local_step": 7, "timestamp": 1783728670.7141116}
{"actor": "learner_001", "event_type": "inner_step_summary", "global_merge_event": 3, "hostname": "mg0003", "local_step": 8, "timestamp": 1783728670.716198, "train_loss": 4.287566184997559}
{"actor": "learner_001", "base_fragment_version": 1, "event_type": "fragment_update_written", "file_path": "/work/xg24i002/x10041/fs_based_decoupled_diloco/runs/duraloco/M00/20260711_m00_c1c2404_1node_requal/fragment/updates/pending/learner_001/update_f5362bab26b8_fragment_001.params.safetensors", "fragment_id": 1, "hostname": "mg0003", "local_step": 8, "timestamp": 1783728670.7236042, "tokens": 64, "train_loss": 4.326113939285278, "update_id": "learner_001_00000008_f001_f5362bab26b8"}
{"actor": "learner_001", "event_type": "heartbeat_written", "hostname": "mg0003", "local_step": 8, "timestamp": 1783728670.7284005}
{"actor": "learner_001", "current_global_merge_event": 3, "event_type": "fragment_latest_polled", "found_global_merge_event": 4, "hostname": "mg0003", "timestamp": 1783728671.131247}
{"actor": "learner_001", "event_type": "inner_optimizer_reset", "fragments": [1], "hostname": "mg0003", "timestamp": 1783728671.1347184, "version": 4}
{"actor": "learner_001", "event_type": "fragments_adopted", "fragment_versions": {"0": 2, "1": 2}, "fragments": [1], "global_merge_event": 4, "hostname": "mg0003", "timestamp": 1783728671.1365645}
{"actor": "learner_001", "event_type": "stop_seen", "hostname": "mg0003", "reason": "stop_after_outer_steps", "timestamp": 1783728671.138367}
{"actor": "learner_001", "deleted_files": 8, "event_type": "retention_cleanup", "hostname": "mg0003", "keep_last": 0, "role": "learner", "timestamp": 1783728671.148044, "update_dir": "/work/xg24i002/x10041/fs_based_decoupled_diloco/runs/duraloco/M00/20260711_m00_c1c2404_1node_requal/fragment/updates/pending/learner_001"}
{"actor": "learner_001", "event_type": "process_exit", "fragment_adopt_count": 4, "fragment_versions": {"0": 2, "1": 2}, "global_version": 4, "hostname": "mg0003", "local_step": 8, "timestamp": 1783728671.1489825}
