{"actor": "learner_001", "device": "cpu", "event_type": "process_start", "hostname": "mg0003", "learner_id": "learner_001", "run_id": "20260711_m00_c1c2404_1node_requal-full", "timestamp": 1783728656.2059069}
{"actor": "learner_001", "event_type": "loaded_global", "hostname": "mg0003", "timestamp": 1783728658.5982676, "version": 0}
{"actor": "learner_001", "event_type": "inner_optimizer_reset", "hostname": "mg0003", "timestamp": 1783728658.59967, "version": 0}
{"actor": "learner_001", "event_type": "inner_step_summary", "global_version": 0, "hostname": "mg0003", "local_step": 1, "timestamp": 1783728658.6885161, "train_loss": 4.346861839294434}
{"actor": "learner_001", "event_type": "inner_step_summary", "global_version": 0, "hostname": "mg0003", "local_step": 2, "timestamp": 1783728658.6996164, "train_loss": 4.277879238128662}
{"actor": "learner_001", "event_type": "update_written", "file_path": "/work/xg24i002/x10041/fs_based_decoupled_diloco/runs/duraloco/M00/20260711_m00_c1c2404_1node_requal/full/updates/pending/learner_001/update_25f19849447a.params.safetensors", "hostname": "mg0003", "local_step": 2, "timestamp": 1783728658.7097461, "tokens": 64, "train_loss": 4.312370538711548, "update_id": "learner_001_00000002_25f19849447a"}
{"actor": "learner_001", "event_type": "heartbeat_written", "hostname": "mg0003", "local_step": 2, "timestamp": 1783728658.7149017}
{"actor": "learner_001", "current_version": 0, "event_type": "latest_polled", "found_version": 1, "hostname": "mg0003", "timestamp": 1783728659.117262}
{"actor": "learner_001", "event_type": "global_adopted", "hostname": "mg0003", "timestamp": 1783728659.1198285, "version": 1}
{"actor": "learner_001", "event_type": "inner_optimizer_reset", "hostname": "mg0003", "timestamp": 1783728659.122679, "version": 1}
{"actor": "learner_001", "event_type": "inner_step_summary", "global_version": 1, "hostname": "mg0003", "local_step": 3, "timestamp": 1783728659.1265078, "train_loss": 4.254899024963379}
{"actor": "learner_001", "event_type": "inner_step_summary", "global_version": 1, "hostname": "mg0003", "local_step": 4, "timestamp": 1783728659.128713, "train_loss": 4.327354907989502}
{"actor": "learner_001", "event_type": "update_written", "file_path": "/work/xg24i002/x10041/fs_based_decoupled_diloco/runs/duraloco/M00/20260711_m00_c1c2404_1node_requal/full/updates/pending/learner_001/update_38e5bc77a777.params.safetensors", "hostname": "mg0003", "local_step": 4, "timestamp": 1783728659.1465518, "tokens": 64, "train_loss": 4.29112696647644, "update_id": "learner_001_00000004_38e5bc77a777"}
{"actor": "learner_001", "event_type": "heartbeat_written", "hostname": "mg0003", "local_step": 4, "timestamp": 1783728659.1516168}
{"actor": "learner_001", "current_version": 1, "event_type": "latest_polled", "found_version": 2, "hostname": "mg0003", "timestamp": 1783728659.353365}
{"actor": "learner_001", "event_type": "global_adopted", "hostname": "mg0003", "timestamp": 1783728659.3549783, "version": 2}
{"actor": "learner_001", "event_type": "inner_optimizer_reset", "hostname": "mg0003", "timestamp": 1783728659.3558633, "version": 2}
{"actor": "learner_001", "event_type": "stop_seen", "hostname": "mg0003", "reason": "stop_after_outer_steps", "timestamp": 1783728659.3570535}
{"actor": "learner_001", "deleted_files": 4, "event_type": "retention_cleanup", "hostname": "mg0003", "keep_last": 0, "role": "learner", "timestamp": 1783728659.364581, "update_dir": "/work/xg24i002/x10041/fs_based_decoupled_diloco/runs/duraloco/M00/20260711_m00_c1c2404_1node_requal/full/updates/pending/learner_001"}
{"actor": "learner_001", "event_type": "process_exit", "global_version": 2, "hostname": "mg0003", "local_step": 4, "timestamp": 1783728659.3654523}
