{"actor": "learner_000", "device": "cuda", "event_type": "process_start", "hostname": "mg0007", "learner_id": "learner_000", "run_id": "20260711_p06_impl_cdb3f27_1node-training", "timestamp": 1783749008.6971056}
[transformers] `torch_dtype` is deprecated! Use `dtype` instead!
Loading weights:   0%|          | 0/148 [00:00<?, ?it/s]Loading weights:  64%|██████▎   | 94/148 [00:00<00:00, 887.33it/s]Loading weights: 100%|██████████| 148/148 [00:00<00:00, 844.18it/s]
{"actor": "learner_000", "event_type": "loaded_global", "hostname": "mg0007", "timestamp": 1783749030.973744, "version": 1}
{"actor": "learner_000", "event_type": "inner_optimizer_reset", "hostname": "mg0007", "timestamp": 1783749030.9758682, "version": 1}
Generating test split:   0%|          | 0/4358 [00:00<?, ? examples/s]Generating test split: 100%|██████████| 4358/4358 [00:00<00:00, 197508.04 examples/s]
Generating train split:   0%|          | 0/36718 [00:00<?, ? examples/s]Generating train split: 100%|██████████| 36718/36718 [00:00<00:00, 1687575.52 examples/s]
Generating validation split:   0%|          | 0/3760 [00:00<?, ? examples/s]Generating validation split: 100%|██████████| 3760/3760 [00:00<00:00, 335437.27 examples/s]
{"actor": "learner_000", "committed_intervals": 0, "event_type": "warm_recovery", "hostname": "mg0007", "lost_tokens": 0, "new_session": {"learner_id": "learner_000", "learner_session_id": "learner_000-488b0ff354ad4ea6a3f7801224b064bd", "protocol_version": 2, "record_type": "learner_session", "run_generation": 0, "run_id": "20260711_p06_impl_cdb3f27_1node-training"}, "next_sequence": 1, "published_intervals": 0, "repeated_tokens_estimate": 0, "timestamp": 1783749039.0421963, "warm_not_exact": true}
[transformers] `loss_type=None` was set in the config but it is unrecognized. Using the default loss: `ForCausalLMLoss`.
{"actor": "learner_000", "event_type": "inner_step_summary", "global_version": 1, "hostname": "mg0007", "local_step": 1, "timestamp": 1783749039.4800725, "train_loss": 4.241382598876953}
{"actor": "learner_000", "event_type": "inner_step_summary", "global_version": 1, "hostname": "mg0007", "local_step": 2, "timestamp": 1783749039.510784, "train_loss": 4.632730007171631}
{"actor": "learner_000", "event_type": "update_written", "file_path": "/work/xg24i002/x10041/duraloco_worktrees/p06-final-cdb3f27/runs/duraloco/P06/20260711_p06_impl_cdb3f27_1node/training/updates/pending/learner_000/update_9e928d19e6de.params.safetensors", "hostname": "mg0007", "interval_digest": "c4078122e1b5840136c39c0ccab3352fa702a29cbcedaa0c764cb88dd13de410", "local_step": 2, "publication_proposal_id": "proposal-9cdf1e693ae394fc9e73fa6c8532479db61de3118d64cb20b1f800b486493d55", "publication_request_id": "learner-publish-27af79c1c1b65134772e035da215b83e3b811a190879ee83d2769cedcbd7a633", "timestamp": 1783749041.0002997, "tokens": 256, "train_loss": 4.437056303024292, "update_id": "learner_000_00000002_9e928d19e6de"}
{"actor": "learner_000", "event_type": "heartbeat_written", "hostname": "mg0007", "local_step": 2, "timestamp": 1783749041.0062337}
{"actor": "learner_000", "current_version": 1, "event_type": "latest_polled", "found_version": 2, "hostname": "mg0007", "timestamp": 1783749050.0156622}
{"actor": "learner_000", "event_type": "global_adopted", "hostname": "mg0007", "timestamp": 1783749050.0608158, "version": 2}
{"actor": "learner_000", "adoption_state_digest": "7b8d9a4f2a7d46a6fab25c868d1d262585234a1985ce79bff64eb460ed73b4cf", "event_type": "inner_optimizer_adoption", "hostname": "mg0007", "policy": "reset_all", "reset_parameter_count": 148, "timestamp": 1783749050.0625157, "version": 2}
{"actor": "learner_000", "event_type": "inner_step_summary", "global_version": 2, "hostname": "mg0007", "local_step": 3, "timestamp": 1783749050.0948336, "train_loss": 4.157248497009277}
{"actor": "learner_000", "event_type": "heartbeat_written", "hostname": "mg0007", "local_step": 3, "timestamp": 1783749050.1006792}
{"actor": "learner_000", "event_type": "inner_step_summary", "global_version": 2, "hostname": "mg0007", "local_step": 4, "timestamp": 1783749050.128133, "train_loss": 4.630003929138184}
{"actor": "learner_000", "event_type": "update_written", "file_path": "/work/xg24i002/x10041/duraloco_worktrees/p06-final-cdb3f27/runs/duraloco/P06/20260711_p06_impl_cdb3f27_1node/training/updates/pending/learner_000/update_be1c8a44ed5c.params.safetensors", "hostname": "mg0007", "interval_digest": "60145379967fae6bca970d83b7f771d0af083ccbd72dd9ae54f0df16f6ebdccc", "local_step": 4, "publication_proposal_id": "proposal-dc834f8a4980ea8963cbc9e9275f29bf5ddfb60283474eb0252d64758091aa93", "publication_request_id": "learner-publish-2fb3a80ea802f88df05376b02abc617cf49db0a114c96b3900fd051772dd4978", "timestamp": 1783749051.4390407, "tokens": 256, "train_loss": 4.3936262130737305, "update_id": "learner_000_00000004_be1c8a44ed5c"}
{"actor": "learner_000", "event_type": "heartbeat_written", "hostname": "mg0007", "local_step": 4, "timestamp": 1783749051.4458709}
{"actor": "learner_000", "current_version": 2, "event_type": "latest_polled", "found_version": 3, "hostname": "mg0007", "timestamp": 1783749055.4507253}
{"actor": "learner_000", "event_type": "global_adopted", "hostname": "mg0007", "timestamp": 1783749055.5002072, "version": 3}
{"actor": "learner_000", "adoption_state_digest": "4b0cc08ad596d26017ae7fe1c15ca78e5d4f4637c1349236e763102b59cdaadf", "event_type": "inner_optimizer_adoption", "hostname": "mg0007", "policy": "reset_all", "reset_parameter_count": 148, "timestamp": 1783749055.5018637, "version": 3}
{"actor": "learner_000", "event_type": "stop_seen", "hostname": "mg0007", "reason": "stop_after_outer_steps", "timestamp": 1783749055.503452}
{"actor": "learner_000", "event_type": "process_exit", "global_version": 3, "hostname": "mg0007", "local_step": 4, "timestamp": 1783749055.5180795}
