{
  "finding_count": 0,
  "findings": [],
  "scanned_files": 235,
  "status": "PASS"
}
{
  "action_counts": {
    "commit": 2666,
    "decide": 1047,
    "invalid_unknown_selection": 899,
    "publish": 7388,
    "restart": 1424
  },
  "count": 1000,
  "start_seed": 0,
  "suite_digest": "bf7c6538396f59b02c9240b03c13354dd6d3a84e18ff67848b689b448560dfb1",
  "unique_state_digests": 1000
}
........................................................................ [ 19%]
........................................................................ [ 38%]
........................................................................ [ 57%]
...................................s.................................... [ 76%]
........................................................................ [ 95%]
..................                                                       [100%]
377 passed, 1 skipped in 19.30s
{
  "authority": "committed-transition-log",
  "commit_id": "c-9945860fb88b0a6e6d88bff2f961bdbc7ecc719af260ba9c21284366a05ad4a2",
  "commit_seq": 3,
  "committed_selected_counts_by_event": {
    "1": 1
  },
  "committed_state_digest": "7fc23b1bf4e6b91b99cdacfff155fab31229572c8f9d6dcdfa0f7273eb80e98a",
  "consumed_proposal_count": 1,
  "fragment_versions": {
    "0": 1
  },
  "frontier_sha256": "8cccea77d41d53584309072e3f0544d0273232db376df43f950a4ce76c23bb5a",
  "global_merge_event": 1,
  "heartbeats": {
    "learner_000": {
      "format_version": 1,
      "hostname": "mg0007",
      "last_loaded_global_version": 3,
      "last_local_step": 4,
      "last_update_id": "learner_000_00000004_be1c8a44ed5c",
      "learner_id": "learner_000",
      "phase": "process_exit",
      "pid": 3884831,
      "run_id": "20260711_p06_impl_cdb3f27_1node-training",
      "status": "stopped",
      "timestamp": 1783749055.5043855,
      "tokens_per_sec": null
    }
  },
  "latest": {
    "authority": "committed-transition-log-and-head-fence",
    "commit_id": "c-9945860fb88b0a6e6d88bff2f961bdbc7ecc719af260ba9c21284366a05ad4a2",
    "commit_seq": 3,
    "committed_state_digest": "7fc23b1bf4e6b91b99cdacfff155fab31229572c8f9d6dcdfa0f7273eb80e98a",
    "created_at": 1783749054.8158636,
    "fencing_epoch": 1,
    "format_version": 1,
    "fragment_versions": {
      "0": 1
    },
    "frontier_sha256": "8cccea77d41d53584309072e3f0544d0273232db376df43f950a4ce76c23bb5a",
    "global_merge_event": 1,
    "optim_path": "/work/xg24i002/x10041/duraloco_worktrees/p06-final-cdb3f27/runs/duraloco/P06/20260711_p06_impl_cdb3f27_1node/training/optim/outer_v000003.safetensors",
    "optimizer_transition_count": 1,
    "owner_id": "syncer-a",
    "owner_session_id": "20260711_p06_impl_cdb3f27_1node-owner",
    "param_index_path": "/work/xg24i002/x10041/duraloco_worktrees/p06-final-cdb3f27/runs/duraloco/P06/20260711_p06_impl_cdb3f27_1node/training/control/param_index.json",
    "run_generation": 0,
    "run_id": "20260711_p06_impl_cdb3f27_1node-training",
    "runtime_view_digest": "2a1cd482544937d0bb64f6133c2eb1277ccf6f1758804a1502472915d0f57ee0",
    "total_seen_tokens": 256,
    "version": 3,
    "weight_path": "/work/xg24i002/x10041/duraloco_worktrees/p06-final-cdb3f27/runs/duraloco/P06/20260711_p06_impl_cdb3f27_1node/training/weights/global_v000003.safetensors"
  },
  "latest_export_valid": true,
  "latest_kind": "full",
  "learner_fragment_adoption": {
    "learner_000": {
      "adoption_events": 0,
      "has_adopted_after_initial": false
    }
  },
  "learner_local_steps": {
    "learner_000": 4
  },
  "learner_metrics": {
    "exists": true,
    "path": "/work/xg24i002/x10041/duraloco_worktrees/p06-final-cdb3f27/runs/duraloco/P06/20260711_p06_impl_cdb3f27_1node/training/metrics/learner_metrics.csv",
    "rows": 2
  },
  "loss_summary": {
    "count": 2,
    "invalid_or_nonfinite": 0,
    "max": 4.437056303024292,
    "min": 4.3936262130737305,
    "obvious_divergence": false
  },
  "materialized_weight_exists": true,
  "optimizer_transition_count": 1,
  "payload_codec": "safetensors-flat-v1",
  "run_generation": 0,
  "run_id": "20260711_p06_impl_cdb3f27_1node-training",
  "runtime_view_digest": "2a1cd482544937d0bb64f6133c2eb1277ccf6f1758804a1502472915d0f57ee0",
  "shared_root": "/work/xg24i002/x10041/duraloco_worktrees/p06-final-cdb3f27/runs/duraloco/P06/20260711_p06_impl_cdb3f27_1node/training",
  "stop_reason": "stop_after_outer_steps",
  "syncer_log_flags": {
    "error": false,
    "no_progress_timeout": false,
    "uncaught_exception": false
  },
  "syncer_metrics": {
    "exists": true,
    "path": "/work/xg24i002/x10041/duraloco_worktrees/p06-final-cdb3f27/runs/duraloco/P06/20260711_p06_impl_cdb3f27_1node/training/metrics/syncer_metrics.csv",
    "rows": 1
  },
  "total_seen_tokens": 256,
  "update_manifest": {
    "exists": true,
    "path": "/work/xg24i002/x10041/duraloco_worktrees/p06-final-cdb3f27/runs/duraloco/P06/20260711_p06_impl_cdb3f27_1node/training/metrics/update_manifest.csv",
    "rows": 2
  }
}
{
  "boundary_adoptions": 2,
  "finite_losses": [
    4.437056303024292,
    4.3936262130737305
  ],
  "local_steps": 4,
  "publication_request_ids": [
    "learner-publish-27af79c1c1b65134772e035da215b83e3b811a190879ee83d2769cedcbd7a633",
    "learner-publish-2fb3a80ea802f88df05376b02abc617cf49db0a114c96b3900fd051772dd4978"
  ],
  "published_intervals": 2,
  "status": "PASS"
}
