{"actor": "syncer", "authority_root": "/work/xg24i002/x10041/duraloco_worktrees/p06-final-cdb3f27/runs/duraloco/P06/20260711_p06_impl_cdb3f27_1node/training/authority", "cuda_visible_devices": "0", "device": "cuda", "event_type": "process_start", "hostname": "mg0007", "owner_id": "syncer-a", "owner_session_id": "20260711_p06_impl_cdb3f27_1node-owner", "run_generation": 0, "run_id": "20260711_p06_impl_cdb3f27_1node-training", "shared_root": "/work/xg24i002/x10041/duraloco_worktrees/p06-final-cdb3f27/runs/duraloco/P06/20260711_p06_impl_cdb3f27_1node/training", "standby": false, "timestamp": 1783749003.6347668}
[transformers] `torch_dtype` is deprecated! Use `dtype` instead!
Loading weights:   0%|          | 0/148 [00:00<?, ?it/s]Loading weights:  64%|██████▎   | 94/148 [00:00<00:00, 911.44it/s]Loading weights: 100%|██████████| 148/148 [00:00<00:00, 856.99it/s]
{"actor": "syncer", "commit_seq": 0, "event_type": "generation_initialized", "hostname": "mg0007", "timestamp": 1783749025.6349943, "view_digest": "33e353116407ae5c758f501e68e19bd472031872501419b35eb3d10ae8977d2f"}
{"actor": "syncer", "event_type": "coordination_stage_completed", "hostname": "mg0007", "lease_sequence": 1, "owner_id": "syncer-a", "owner_session_id": "20260711_p06_impl_cdb3f27_1node-owner", "proposed_fencing_epoch": 1, "seconds": 0.019048118963837624, "stage": "lease_acquire", "timestamp": 1783749025.6577692}
{"actor": "syncer", "commit_seq": 1, "event_type": "coordination_stage_completed", "fencing_epoch": 1, "hostname": "mg0007", "optimizer_transition_count": 0, "owner_id": "syncer-a", "owner_session_id": "20260711_p06_impl_cdb3f27_1node-owner", "seconds": 2.6279961310792714, "stage": "fence_commit_and_strict_replay", "timestamp": 1783749028.2967384}
{"actor": "syncer", "commit_seq": 1, "eligible": 0, "event_type": "quorum_wait", "fragment_id": 0, "hostname": "mg0007", "quorum_min": 1, "timestamp": 1783749031.2431252}
{"actor": "syncer", "commit_seq": 1, "eligible": 0, "event_type": "quorum_wait", "fragment_id": 0, "hostname": "mg0007", "quorum_min": 1, "timestamp": 1783749033.248345}
{"actor": "syncer", "commit_seq": 1, "eligible": 0, "event_type": "quorum_wait", "fragment_id": 0, "hostname": "mg0007", "quorum_min": 1, "timestamp": 1783749035.25127}
{"actor": "syncer", "commit_seq": 1, "eligible": 0, "event_type": "quorum_wait", "fragment_id": 0, "hostname": "mg0007", "quorum_min": 1, "timestamp": 1783749037.256276}
{"actor": "syncer", "commit_seq": 1, "eligible": 0, "event_type": "quorum_wait", "fragment_id": 0, "hostname": "mg0007", "quorum_min": 1, "timestamp": 1783749039.2591336}
{"actor": "syncer", "event_type": "coordination_stage_completed", "fencing_epoch": 1, "hostname": "mg0007", "lease_sequence": 2, "renew_margin_seconds": 45.0, "seconds": 0.007901367032900453, "stage": "lease_renew", "timestamp": 1783749040.2686117}
{"actor": "syncer", "event_type": "transaction_stage_completed", "hostname": "mg0007", "seconds": 1.418514802120626, "selected_count": 1, "stage": "catalog", "target_commit_seq": 2, "timestamp": 1783749041.689908}
{"actor": "syncer", "event_type": "transaction_stage_completed", "hostname": "mg0007", "seconds": 0.6529030599631369, "stage": "proposal_observation", "target_commit_seq": 2, "timestamp": 1783749042.3416905}
{"actor": "syncer", "event_type": "transaction_stage_completed", "hostname": "mg0007", "seconds": 0.002093574032187462, "stage": "aggregation", "target_commit_seq": 2, "timestamp": 1783749042.3437817}
{"actor": "syncer", "event_type": "transaction_stage_completed", "hostname": "mg0007", "seconds": 0.011190816992893815, "stage": "outer_step", "target_commit_seq": 2, "timestamp": 1783749042.3549728}
{"actor": "syncer", "event_type": "transaction_stage_completed", "hostname": "mg0007", "seconds": 3.2989565869793296, "stage": "successor_prepare", "target_commit_seq": 2, "timestamp": 1783749045.6551883}
{"actor": "syncer", "commit_id": "c-f8f64546cf550bf56954b62b238fd2711cf09bd0a2f2d39c04a35aa2be825260", "commit_seq": 2, "event_type": "head_cas_completed", "hostname": "mg0007", "seconds": 0.011714691063389182, "timestamp": 1783749045.6668992}
{"actor": "syncer", "commit_id": "c-f8f64546cf550bf56954b62b238fd2711cf09bd0a2f2d39c04a35aa2be825260", "commit_seq": 2, "event_type": "post_cas_replay_completed", "hostname": "mg0007", "seconds": 2.166275486117229, "timestamp": 1783749047.8343198}
{"actor": "syncer", "event_type": "transaction_stage_completed", "hostname": "mg0007", "seconds": 2.1002337571699172, "stage": "materialized_export", "target_commit_seq": 2, "timestamp": 1783749049.9364305}
{"actor": "syncer", "commit_id": "c-f8f64546cf550bf56954b62b238fd2711cf09bd0a2f2d39c04a35aa2be825260", "commit_seq": 2, "event_type": "transition_committed", "fragment_id": 0, "hostname": "mg0007", "selected_proposal_ids": ["p-6b987c662ae13b0c584022935409bd3066a4cc06dff33cbf42206744242bc961"], "timestamp": 1783749049.9392467, "view_digest": "446b863631d6e4984d235686a2ffbbfc4d4e5c6dc715f8ddf579040de129c1e7"}
{"actor": "syncer", "commit_seq": 3, "event_type": "coordination_stage_completed", "hostname": "mg0007", "optimizer_transition_count": 1, "seconds": 3.5771665209904313, "stage": "authoritative_stop", "timestamp": 1783749053.5183058}
{"actor": "syncer", "commit_id": "c-9945860fb88b0a6e6d88bff2f961bdbc7ecc719af260ba9c21284366a05ad4a2", "commit_seq": 3, "event_type": "stop_published", "hostname": "mg0007", "reason": "stop_after_outer_steps", "timestamp": 1783749054.8224742}
{"actor": "syncer", "commit_seq": 3, "event_type": "process_exit", "hostname": "mg0007", "reason": "stop_after_outer_steps", "timestamp": 1783749054.8313677}
