{"actor": "learner_001", "device": "cpu", "event_type": "process_start", "fragment_mode": true, "hostname": "mg0004", "learner_id": "learner_001", "run_id": "20260711_m00_680126a_1node_requal-fragment", "timestamp": 1783730910.5730665}
{"actor": "learner_001", "event_type": "loaded_fragment_latest", "fragment_versions": {"0": 0, "1": 0}, "global_merge_event": 0, "hostname": "mg0004", "timestamp": 1783730911.5366192}
{"actor": "learner_001", "event_type": "inner_optimizer_reset", "hostname": "mg0004", "timestamp": 1783730911.542901, "version": 0}
{"actor": "learner_001", "event_type": "inner_step_summary", "global_merge_event": 0, "hostname": "mg0004", "local_step": 1, "timestamp": 1783730911.557769, "train_loss": 4.407881736755371}
{"actor": "learner_001", "event_type": "inner_step_summary", "global_merge_event": 0, "hostname": "mg0004", "local_step": 2, "timestamp": 1783730911.5601976, "train_loss": 4.321528434753418}
{"actor": "learner_001", "base_fragment_version": 0, "event_type": "fragment_update_written", "file_path": "/work/xg24i002/x10041/fs_based_decoupled_diloco/runs/duraloco/M00/20260711_m00_680126a_1node_requal/fragment/updates/pending/learner_001/update_87209c96b140_fragment_000.params.safetensors", "fragment_id": 0, "hostname": "mg0004", "local_step": 2, "timestamp": 1783730911.5763528, "tokens": 64, "train_loss": 4.3647050857543945, "update_id": "learner_001_00000002_f000_87209c96b140"}
{"actor": "learner_001", "event_type": "heartbeat_written", "hostname": "mg0004", "local_step": 2, "timestamp": 1783730911.581815}
{"actor": "learner_001", "current_global_merge_event": 0, "event_type": "fragment_latest_polled", "found_global_merge_event": 1, "hostname": "mg0004", "timestamp": 1783730911.9840837}
{"actor": "learner_001", "event_type": "inner_optimizer_reset", "fragments": [0], "hostname": "mg0004", "timestamp": 1783730911.987981, "version": 1}
{"actor": "learner_001", "event_type": "fragments_adopted", "fragment_versions": {"0": 1, "1": 0}, "fragments": [0], "global_merge_event": 1, "hostname": "mg0004", "timestamp": 1783730911.9894102}
{"actor": "learner_001", "event_type": "inner_step_summary", "global_merge_event": 1, "hostname": "mg0004", "local_step": 3, "timestamp": 1783730911.9932785, "train_loss": 4.185089111328125}
{"actor": "learner_001", "event_type": "inner_step_summary", "global_merge_event": 1, "hostname": "mg0004", "local_step": 4, "timestamp": 1783730911.9986227, "train_loss": 4.16811466217041}
{"actor": "learner_001", "base_fragment_version": 0, "event_type": "fragment_update_written", "file_path": "/work/xg24i002/x10041/fs_based_decoupled_diloco/runs/duraloco/M00/20260711_m00_680126a_1node_requal/fragment/updates/pending/learner_001/update_16c30c5634c8_fragment_001.params.safetensors", "fragment_id": 1, "hostname": "mg0004", "local_step": 4, "timestamp": 1783730912.012972, "tokens": 64, "train_loss": 4.176601886749268, "update_id": "learner_001_00000004_f001_16c30c5634c8"}
{"actor": "learner_001", "event_type": "heartbeat_written", "hostname": "mg0004", "local_step": 4, "timestamp": 1783730912.0178244}
{"actor": "learner_001", "current_global_merge_event": 1, "event_type": "fragment_latest_polled", "found_global_merge_event": 2, "hostname": "mg0004", "timestamp": 1783730912.2198215}
{"actor": "learner_001", "event_type": "inner_optimizer_reset", "fragments": [1], "hostname": "mg0004", "timestamp": 1783730912.2225583, "version": 2}
{"actor": "learner_001", "event_type": "fragments_adopted", "fragment_versions": {"0": 1, "1": 1}, "fragments": [1], "global_merge_event": 2, "hostname": "mg0004", "timestamp": 1783730912.2238297}
{"actor": "learner_001", "event_type": "inner_step_summary", "global_merge_event": 2, "hostname": "mg0004", "local_step": 5, "timestamp": 1783730912.2265825, "train_loss": 4.381880283355713}
{"actor": "learner_001", "event_type": "inner_step_summary", "global_merge_event": 2, "hostname": "mg0004", "local_step": 6, "timestamp": 1783730912.2292855, "train_loss": 4.232769012451172}
{"actor": "learner_001", "base_fragment_version": 1, "event_type": "fragment_update_written", "file_path": "/work/xg24i002/x10041/fs_based_decoupled_diloco/runs/duraloco/M00/20260711_m00_680126a_1node_requal/fragment/updates/pending/learner_001/update_f4058530a422_fragment_000.params.safetensors", "fragment_id": 0, "hostname": "mg0004", "local_step": 6, "timestamp": 1783730912.2437322, "tokens": 64, "train_loss": 4.307324647903442, "update_id": "learner_001_00000006_f000_f4058530a422"}
{"actor": "learner_001", "event_type": "heartbeat_written", "hostname": "mg0004", "local_step": 6, "timestamp": 1783730912.247876}
{"actor": "learner_001", "current_global_merge_event": 2, "event_type": "fragment_latest_polled", "found_global_merge_event": 3, "hostname": "mg0004", "timestamp": 1783730912.650099}
{"actor": "learner_001", "event_type": "inner_optimizer_reset", "fragments": [0], "hostname": "mg0004", "timestamp": 1783730912.6522038, "version": 3}
{"actor": "learner_001", "event_type": "fragments_adopted", "fragment_versions": {"0": 2, "1": 1}, "fragments": [0], "global_merge_event": 3, "hostname": "mg0004", "timestamp": 1783730912.6537173}
{"actor": "learner_001", "event_type": "inner_step_summary", "global_merge_event": 3, "hostname": "mg0004", "local_step": 7, "timestamp": 1783730912.6585686, "train_loss": 4.350332260131836}
{"actor": "learner_001", "event_type": "heartbeat_written", "hostname": "mg0004", "local_step": 7, "timestamp": 1783730912.6626792}
{"actor": "learner_001", "event_type": "inner_step_summary", "global_merge_event": 3, "hostname": "mg0004", "local_step": 8, "timestamp": 1783730912.6650827, "train_loss": 4.295559406280518}
{"actor": "learner_001", "base_fragment_version": 1, "event_type": "fragment_update_written", "file_path": "/work/xg24i002/x10041/fs_based_decoupled_diloco/runs/duraloco/M00/20260711_m00_680126a_1node_requal/fragment/updates/pending/learner_001/update_0e637225d363_fragment_001.params.safetensors", "fragment_id": 1, "hostname": "mg0004", "local_step": 8, "timestamp": 1783730912.680398, "tokens": 64, "train_loss": 4.322945833206177, "update_id": "learner_001_00000008_f001_0e637225d363"}
{"actor": "learner_001", "event_type": "heartbeat_written", "hostname": "mg0004", "local_step": 8, "timestamp": 1783730912.684604}
{"actor": "learner_001", "current_global_merge_event": 3, "event_type": "fragment_latest_polled", "found_global_merge_event": 4, "hostname": "mg0004", "timestamp": 1783730912.8872013}
{"actor": "learner_001", "event_type": "inner_optimizer_reset", "fragments": [1], "hostname": "mg0004", "timestamp": 1783730912.8889716, "version": 4}
{"actor": "learner_001", "event_type": "fragments_adopted", "fragment_versions": {"0": 2, "1": 2}, "fragments": [1], "global_merge_event": 4, "hostname": "mg0004", "timestamp": 1783730912.8898518}
{"actor": "learner_001", "event_type": "stop_seen", "hostname": "mg0004", "reason": "stop_after_outer_steps", "timestamp": 1783730912.8915155}
{"actor": "learner_001", "deleted_files": 8, "event_type": "retention_cleanup", "hostname": "mg0004", "keep_last": 0, "role": "learner", "timestamp": 1783730912.901361, "update_dir": "/work/xg24i002/x10041/fs_based_decoupled_diloco/runs/duraloco/M00/20260711_m00_680126a_1node_requal/fragment/updates/pending/learner_001"}
{"actor": "learner_001", "event_type": "process_exit", "fragment_adopt_count": 4, "fragment_versions": {"0": 2, "1": 2}, "global_version": 4, "hostname": "mg0004", "local_step": 8, "timestamp": 1783730912.9022427}
