{"actor": "learner_000", "device": "cpu", "event_type": "process_start", "fragment_mode": true, "hostname": "mg0004", "learner_id": "learner_000", "run_id": "20260711_m00_680126a_1node_requal-fragment", "timestamp": 1783730910.5694668}
{"actor": "learner_000", "event_type": "loaded_fragment_latest", "fragment_versions": {"0": 0, "1": 0}, "global_merge_event": 0, "hostname": "mg0004", "timestamp": 1783730911.5372543}
{"actor": "learner_000", "event_type": "inner_optimizer_reset", "hostname": "mg0004", "timestamp": 1783730911.538863, "version": 0}
{"actor": "learner_000", "event_type": "inner_step_summary", "global_merge_event": 0, "hostname": "mg0004", "local_step": 1, "timestamp": 1783730911.5499687, "train_loss": 4.276628017425537}
{"actor": "learner_000", "event_type": "inner_step_summary", "global_merge_event": 0, "hostname": "mg0004", "local_step": 2, "timestamp": 1783730911.5536015, "train_loss": 4.1022138595581055}
{"actor": "learner_000", "base_fragment_version": 0, "event_type": "fragment_update_written", "file_path": "/work/xg24i002/x10041/fs_based_decoupled_diloco/runs/duraloco/M00/20260711_m00_680126a_1node_requal/fragment/updates/pending/learner_000/update_5963872d6e5b_fragment_000.params.safetensors", "fragment_id": 0, "hostname": "mg0004", "local_step": 2, "timestamp": 1783730911.5735734, "tokens": 64, "train_loss": 4.189420938491821, "update_id": "learner_000_00000002_f000_5963872d6e5b"}
{"actor": "learner_000", "event_type": "heartbeat_written", "hostname": "mg0004", "local_step": 2, "timestamp": 1783730911.5798068}
{"actor": "learner_000", "current_global_merge_event": 0, "event_type": "fragment_latest_polled", "found_global_merge_event": 1, "hostname": "mg0004", "timestamp": 1783730911.982694}
{"actor": "learner_000", "event_type": "inner_optimizer_reset", "fragments": [0], "hostname": "mg0004", "timestamp": 1783730911.985162, "version": 1}
{"actor": "learner_000", "event_type": "fragments_adopted", "fragment_versions": {"0": 1, "1": 0}, "fragments": [0], "global_merge_event": 1, "hostname": "mg0004", "timestamp": 1783730911.986311}
{"actor": "learner_000", "event_type": "inner_step_summary", "global_merge_event": 1, "hostname": "mg0004", "local_step": 3, "timestamp": 1783730911.989489, "train_loss": 4.269276142120361}
{"actor": "learner_000", "event_type": "inner_step_summary", "global_merge_event": 1, "hostname": "mg0004", "local_step": 4, "timestamp": 1783730911.991784, "train_loss": 4.310305118560791}
{"actor": "learner_000", "base_fragment_version": 0, "event_type": "fragment_update_written", "file_path": "/work/xg24i002/x10041/fs_based_decoupled_diloco/runs/duraloco/M00/20260711_m00_680126a_1node_requal/fragment/updates/pending/learner_000/update_3dd6b347d909_fragment_001.params.safetensors", "fragment_id": 1, "hostname": "mg0004", "local_step": 4, "timestamp": 1783730912.0063608, "tokens": 64, "train_loss": 4.289790630340576, "update_id": "learner_000_00000004_f001_3dd6b347d909"}
{"actor": "learner_000", "event_type": "heartbeat_written", "hostname": "mg0004", "local_step": 4, "timestamp": 1783730912.0202518}
{"actor": "learner_000", "current_global_merge_event": 1, "event_type": "fragment_latest_polled", "found_global_merge_event": 2, "hostname": "mg0004", "timestamp": 1783730912.2223518}
{"actor": "learner_000", "event_type": "inner_optimizer_reset", "fragments": [1], "hostname": "mg0004", "timestamp": 1783730912.2243524, "version": 2}
{"actor": "learner_000", "event_type": "fragments_adopted", "fragment_versions": {"0": 1, "1": 1}, "fragments": [1], "global_merge_event": 2, "hostname": "mg0004", "timestamp": 1783730912.2253053}
{"actor": "learner_000", "event_type": "inner_step_summary", "global_merge_event": 2, "hostname": "mg0004", "local_step": 5, "timestamp": 1783730912.2281077, "train_loss": 4.377167701721191}
{"actor": "learner_000", "event_type": "inner_step_summary", "global_merge_event": 2, "hostname": "mg0004", "local_step": 6, "timestamp": 1783730912.2303538, "train_loss": 4.177792549133301}
{"actor": "learner_000", "base_fragment_version": 1, "event_type": "fragment_update_written", "file_path": "/work/xg24i002/x10041/fs_based_decoupled_diloco/runs/duraloco/M00/20260711_m00_680126a_1node_requal/fragment/updates/pending/learner_000/update_3cc3bef9b377_fragment_000.params.safetensors", "fragment_id": 0, "hostname": "mg0004", "local_step": 6, "timestamp": 1783730912.2435548, "tokens": 64, "train_loss": 4.277480125427246, "update_id": "learner_000_00000006_f000_3cc3bef9b377"}
{"actor": "learner_000", "event_type": "heartbeat_written", "hostname": "mg0004", "local_step": 6, "timestamp": 1783730912.2482386}
{"actor": "learner_000", "current_global_merge_event": 2, "event_type": "fragment_latest_polled", "found_global_merge_event": 3, "hostname": "mg0004", "timestamp": 1783730912.6502686}
{"actor": "learner_000", "event_type": "inner_optimizer_reset", "fragments": [0], "hostname": "mg0004", "timestamp": 1783730912.652018, "version": 3}
{"actor": "learner_000", "event_type": "fragments_adopted", "fragment_versions": {"0": 2, "1": 1}, "fragments": [0], "global_merge_event": 3, "hostname": "mg0004", "timestamp": 1783730912.6533482}
{"actor": "learner_000", "event_type": "inner_step_summary", "global_merge_event": 3, "hostname": "mg0004", "local_step": 7, "timestamp": 1783730912.655745, "train_loss": 4.223138332366943}
{"actor": "learner_000", "event_type": "heartbeat_written", "hostname": "mg0004", "local_step": 7, "timestamp": 1783730912.6599233}
{"actor": "learner_000", "event_type": "inner_step_summary", "global_merge_event": 3, "hostname": "mg0004", "local_step": 8, "timestamp": 1783730912.6621454, "train_loss": 4.182503700256348}
{"actor": "learner_000", "base_fragment_version": 1, "event_type": "fragment_update_written", "file_path": "/work/xg24i002/x10041/fs_based_decoupled_diloco/runs/duraloco/M00/20260711_m00_680126a_1node_requal/fragment/updates/pending/learner_000/update_35a6c9278253_fragment_001.params.safetensors", "fragment_id": 1, "hostname": "mg0004", "local_step": 8, "timestamp": 1783730912.677241, "tokens": 64, "train_loss": 4.2028210163116455, "update_id": "learner_000_00000008_f001_35a6c9278253"}
{"actor": "learner_000", "event_type": "heartbeat_written", "hostname": "mg0004", "local_step": 8, "timestamp": 1783730912.6817183}
{"actor": "learner_000", "current_global_merge_event": 3, "event_type": "fragment_latest_polled", "found_global_merge_event": 4, "hostname": "mg0004", "timestamp": 1783730912.883623}
{"actor": "learner_000", "event_type": "inner_optimizer_reset", "fragments": [1], "hostname": "mg0004", "timestamp": 1783730912.88573, "version": 4}
{"actor": "learner_000", "event_type": "fragments_adopted", "fragment_versions": {"0": 2, "1": 2}, "fragments": [1], "global_merge_event": 4, "hostname": "mg0004", "timestamp": 1783730912.8866832}
{"actor": "learner_000", "event_type": "stop_seen", "hostname": "mg0004", "reason": "stop_after_outer_steps", "timestamp": 1783730912.8884306}
{"actor": "learner_000", "deleted_files": 8, "event_type": "retention_cleanup", "hostname": "mg0004", "keep_last": 0, "role": "learner", "timestamp": 1783730912.8983488, "update_dir": "/work/xg24i002/x10041/fs_based_decoupled_diloco/runs/duraloco/M00/20260711_m00_680126a_1node_requal/fragment/updates/pending/learner_000"}
{"actor": "learner_000", "event_type": "process_exit", "fragment_adopt_count": 4, "fragment_versions": {"0": 2, "1": 2}, "global_version": 4, "hostname": "mg0004", "local_step": 8, "timestamp": 1783730912.89921}
