{"actor": "learner_000", "device": "cuda", "event_type": "process_start", "hostname": "mg0006", "learner_id": "learner_000", "run_id": "20260711_p06_repair_2581a4d_2node-training", "timestamp": 1783750270.2117672}
{"actor": "learner_000", "event_type": "loaded_global", "hostname": "mg0006", "timestamp": 1783750272.844797, "version": 1}
{"actor": "learner_000", "event_type": "inner_optimizer_reset", "hostname": "mg0006", "timestamp": 1783750272.8465233, "version": 1}
{"actor": "learner_000", "committed_intervals": 0, "event_type": "warm_recovery", "hostname": "mg0006", "lost_tokens": 0, "max_uncommitted_base_commit_seq": null, "new_session": {"learner_id": "learner_000", "learner_session_id": "learner_000-70f9743d363444ce909155b673528f6e", "protocol_version": 2, "record_type": "learner_session", "run_generation": 0, "run_id": "20260711_p06_repair_2581a4d_2node-training"}, "next_sequence": 1, "published_intervals": 0, "repeated_tokens_estimate": 0, "timestamp": 1783750272.8738816, "uncommitted_intervals": 0, "warm_not_exact": true}
{"actor": "learner_000", "event_type": "inner_step_summary", "global_version": 1, "hostname": "mg0006", "local_step": 1, "timestamp": 1783750273.1858654, "train_loss": 5.018815517425537}
{"actor": "learner_000", "event_type": "inner_step_summary", "global_version": 1, "hostname": "mg0006", "local_step": 2, "timestamp": 1783750273.1899183, "train_loss": 5.10272216796875}
{"actor": "learner_000", "event_type": "update_written", "file_path": "/work/xg24i002/x10041/duraloco_worktrees/p06-repair-2581a4d/runs/duraloco/P06/20260711_p06_repair_2581a4d_2node/updates/pending/learner_000/update_b411b78d18c2.params.safetensors", "hostname": "mg0006", "interval_digest": "3948738aecf4c269bfc2f95182da34c86c43dcf0af33730cc12f973bb991a847", "local_step": 2, "publication_proposal_id": "proposal-1499b13eb8d8a5f5f629a066916c7c47cdc63d1a5bb8a6201667b764ca08fa12", "publication_request_id": "learner-publish-8a99adce2049ee4b759a1827bc35192442993031992318138da46f8c1384cc27", "timestamp": 1783750273.2459147, "tokens": 64, "train_loss": 5.0607688426971436, "update_id": "learner_000_00000002_b411b78d18c2"}
{"actor": "learner_000", "event_type": "heartbeat_written", "hostname": "mg0006", "local_step": 2, "timestamp": 1783750273.2523196}
{"actor": "learner_000", "device": "cuda", "event_type": "process_start", "hostname": "mg0006", "learner_id": "learner_000", "run_id": "20260711_p06_repair_2581a4d_2node-training", "timestamp": 1783750274.9298074}
{"actor": "learner_000", "event_type": "loaded_global", "hostname": "mg0006", "timestamp": 1783750275.982157, "version": 2}
{"actor": "learner_000", "event_type": "inner_optimizer_reset", "hostname": "mg0006", "timestamp": 1783750275.9834836, "version": 2}
{"actor": "learner_000", "committed_intervals": 1, "event_type": "warm_recovery", "hostname": "mg0006", "lost_tokens": 0, "max_uncommitted_base_commit_seq": null, "new_session": {"learner_id": "learner_000", "learner_session_id": "learner_000-1c63a29c7f2c4ff9876d3ce3da55ca4e", "protocol_version": 2, "record_type": "learner_session", "run_generation": 0, "run_id": "20260711_p06_repair_2581a4d_2node-training"}, "next_sequence": 1, "published_intervals": 1, "repeated_tokens_estimate": 0, "timestamp": 1783750276.0167758, "uncommitted_intervals": 0, "warm_not_exact": true}
{"actor": "learner_000", "event_type": "inner_step_summary", "global_version": 2, "hostname": "mg0006", "local_step": 1, "timestamp": 1783750276.125525, "train_loss": 4.953310966491699}
{"actor": "learner_000", "event_type": "inner_step_summary", "global_version": 2, "hostname": "mg0006", "local_step": 2, "timestamp": 1783750276.12997, "train_loss": 5.074460506439209}
{"actor": "learner_000", "event_type": "update_written", "file_path": "/work/xg24i002/x10041/duraloco_worktrees/p06-repair-2581a4d/runs/duraloco/P06/20260711_p06_repair_2581a4d_2node/updates/pending/learner_000/update_604042c87b42.params.safetensors", "hostname": "mg0006", "interval_digest": "b776f89ca36c4ad1480007283fd77eec6eb6cedf06005d5904fa12225a80fd5c", "local_step": 2, "publication_proposal_id": "proposal-f7537858121839b180776528be9d9b11a4624d94576df6b9df3986f2d807c31d", "publication_request_id": "learner-publish-9cf8ac0a47e143d45df7d58a1295e2dad54788c12bdaad370d0980eff4631f6d", "timestamp": 1783750276.1666906, "tokens": 64, "train_loss": 5.013885736465454, "update_id": "learner_000_00000002_604042c87b42"}
{"actor": "learner_000", "event_type": "heartbeat_written", "hostname": "mg0006", "local_step": 2, "timestamp": 1783750276.1725636}
{"actor": "learner_000", "current_version": 2, "event_type": "latest_polled", "found_version": 4, "hostname": "mg0006", "timestamp": 1783750276.5756485}
{"actor": "learner_000", "event_type": "global_adopted", "hostname": "mg0006", "timestamp": 1783750276.578892, "version": 4}
{"actor": "learner_000", "adoption_state_digest": "4d2d07c495d07a3d5b0b6247264cc4bde2c04ed85fdb4e19620adfe183625bcc", "event_type": "inner_optimizer_adoption", "hostname": "mg0006", "policy": "reset_all", "reset_parameter_count": 2, "timestamp": 1783750276.5799181, "version": 4}
{"actor": "learner_000", "event_type": "stop_seen", "hostname": "mg0006", "reason": "stop_after_outer_steps", "timestamp": 1783750276.5832841}
{"actor": "learner_000", "event_type": "process_exit", "global_version": 4, "hostname": "mg0006", "local_step": 2, "timestamp": 1783750276.5950904}
