{"actor": "syncer", "authority_root": "/work/xg24i002/x10041/duraloco_worktrees/p06-repair-2581a4d/runs/duraloco/P06/20260711_p06_repair_2581a4d_2node/authority", "cuda_visible_devices": "0", "device": "cuda", "event_type": "process_start", "hostname": "mg0005", "owner_id": "syncer-a", "owner_session_id": "20260711_p06_repair_2581a4d_2node-training-owner", "run_generation": 0, "run_id": "20260711_p06_repair_2581a4d_2node-training", "shared_root": "/work/xg24i002/x10041/duraloco_worktrees/p06-repair-2581a4d/runs/duraloco/P06/20260711_p06_repair_2581a4d_2node", "standby": false, "timestamp": 1783750269.5776625}
{"actor": "syncer", "event_type": "wandb_disabled", "hostname": "mg0005", "timestamp": 1783750269.58471}
{"actor": "syncer", "commit_seq": 0, "event_type": "generation_initialized", "hostname": "mg0005", "timestamp": 1783750269.841052, "view_digest": "c5854c31a53d7ae94e3e853e7667f80760fe1247dd1defdcf05e5d113706387d"}
{"actor": "syncer", "event_type": "coordination_stage_completed", "hostname": "mg0005", "lease_sequence": 1, "owner_id": "syncer-a", "owner_session_id": "20260711_p06_repair_2581a4d_2node-training-owner", "proposed_fencing_epoch": 1, "seconds": 0.00743399397470057, "stage": "lease_acquire", "timestamp": 1783750269.8510025}
{"actor": "syncer", "commit_seq": 1, "event_type": "coordination_stage_completed", "fencing_epoch": 1, "hostname": "mg0005", "optimizer_transition_count": 0, "owner_id": "syncer-a", "owner_session_id": "20260711_p06_repair_2581a4d_2node-training-owner", "seconds": 0.03424049401655793, "stage": "fence_commit_and_strict_replay", "timestamp": 1783750269.8862076}
{"actor": "syncer", "commit_seq": 1, "eligible": 0, "event_type": "quorum_wait", "fragment_id": 0, "hostname": "mg0005", "quorum_min": 1, "timestamp": 1783750270.111483}
{"actor": "syncer", "commit_seq": 1, "eligible": 0, "event_type": "quorum_wait", "fragment_id": 0, "hostname": "mg0005", "quorum_min": 1, "timestamp": 1783750270.5142832}
{"actor": "syncer", "commit_seq": 1, "eligible": 0, "event_type": "quorum_wait", "fragment_id": 0, "hostname": "mg0005", "quorum_min": 1, "timestamp": 1783750270.9162045}
{"actor": "syncer", "commit_seq": 1, "eligible": 0, "event_type": "quorum_wait", "fragment_id": 0, "hostname": "mg0005", "quorum_min": 1, "timestamp": 1783750271.3180664}
{"actor": "syncer", "commit_seq": 1, "eligible": 0, "event_type": "quorum_wait", "fragment_id": 0, "hostname": "mg0005", "quorum_min": 1, "timestamp": 1783750271.7199342}
{"actor": "syncer", "commit_seq": 1, "eligible": 0, "event_type": "quorum_wait", "fragment_id": 0, "hostname": "mg0005", "quorum_min": 1, "timestamp": 1783750272.12191}
{"actor": "syncer", "commit_seq": 1, "eligible": 0, "event_type": "quorum_wait", "fragment_id": 0, "hostname": "mg0005", "quorum_min": 1, "timestamp": 1783750272.5236835}
{"actor": "syncer", "commit_seq": 1, "eligible": 0, "event_type": "quorum_wait", "fragment_id": 0, "hostname": "mg0005", "quorum_min": 1, "timestamp": 1783750272.9273407}
{"actor": "syncer", "event_type": "transaction_stage_completed", "hostname": "mg0005", "seconds": 0.20625653298338875, "selected_count": 1, "stage": "catalog", "target_commit_seq": 2, "timestamp": 1783750273.3365371}
{"actor": "syncer", "event_type": "transaction_stage_completed", "hostname": "mg0005", "seconds": 0.012419792008586228, "stage": "proposal_observation", "target_commit_seq": 2, "timestamp": 1783750273.3471186}
{"actor": "syncer", "event_type": "transaction_stage_completed", "hostname": "mg0005", "seconds": 0.013718291011173278, "stage": "aggregation", "target_commit_seq": 2, "timestamp": 1783750273.3608372}
{"actor": "syncer", "event_type": "transaction_stage_completed", "hostname": "mg0005", "seconds": 0.00881050800671801, "stage": "outer_step", "target_commit_seq": 2, "timestamp": 1783750273.3696473}
{"actor": "syncer", "event_type": "transaction_stage_completed", "hostname": "mg0005", "seconds": 0.0268492839531973, "stage": "successor_prepare", "target_commit_seq": 2, "timestamp": 1783750273.397533}
{"actor": "syncer", "commit_id": "c-dd3220320fafc1dd774170503eddaf22c4aca0a479e05132d0367e151de3ab71", "commit_seq": 2, "event_type": "head_cas_completed", "hostname": "mg0005", "seconds": 0.008252555038779974, "timestamp": 1783750273.4057848}
{"actor": "syncer", "commit_id": "c-dd3220320fafc1dd774170503eddaf22c4aca0a479e05132d0367e151de3ab71", "commit_seq": 2, "event_type": "post_cas_replay_completed", "hostname": "mg0005", "seconds": 0.012064049020409584, "timestamp": 1783750273.4187932}
{"actor": "syncer", "event_type": "transaction_stage_completed", "hostname": "mg0005", "seconds": 0.01981439400697127, "stage": "materialized_export", "target_commit_seq": 2, "timestamp": 1783750273.4396188}
{"actor": "syncer", "commit_id": "c-dd3220320fafc1dd774170503eddaf22c4aca0a479e05132d0367e151de3ab71", "commit_seq": 2, "event_type": "transition_committed", "fragment_id": 0, "hostname": "mg0005", "selected_proposal_ids": ["p-599c91dabf378155e8d9ce00834a10c4d034439ee4ce01726f4f837e6679d9be"], "timestamp": 1783750273.4418504, "view_digest": "635d0dda38379bcddd2354f6ac971db34080540f08eab1c2774062a38941a032"}
{"actor": "syncer", "commit_seq": 2, "eligible": 0, "event_type": "quorum_wait", "fragment_id": 0, "hostname": "mg0005", "quorum_min": 1, "timestamp": 1783750273.6480732}
{"actor": "syncer", "commit_seq": 2, "eligible": 0, "event_type": "quorum_wait", "fragment_id": 0, "hostname": "mg0005", "quorum_min": 1, "timestamp": 1783750274.0671725}
{"actor": "syncer", "commit_seq": 2, "eligible": 0, "event_type": "quorum_wait", "fragment_id": 0, "hostname": "mg0005", "quorum_min": 1, "timestamp": 1783750274.4747343}
{"actor": "syncer", "commit_seq": 2, "eligible": 0, "event_type": "quorum_wait", "fragment_id": 0, "hostname": "mg0005", "quorum_min": 1, "timestamp": 1783750274.8832083}
{"actor": "syncer", "commit_seq": 2, "eligible": 0, "event_type": "quorum_wait", "fragment_id": 0, "hostname": "mg0005", "quorum_min": 1, "timestamp": 1783750275.2898097}
{"actor": "syncer", "commit_seq": 2, "eligible": 0, "event_type": "quorum_wait", "fragment_id": 0, "hostname": "mg0005", "quorum_min": 1, "timestamp": 1783750275.702558}
{"actor": "syncer", "commit_seq": 2, "eligible": 0, "event_type": "quorum_wait", "fragment_id": 0, "hostname": "mg0005", "quorum_min": 1, "timestamp": 1783750276.1101153}
{"actor": "syncer", "event_type": "transaction_stage_completed", "hostname": "mg0005", "seconds": 0.005333671055268496, "selected_count": 1, "stage": "catalog", "target_commit_seq": 3, "timestamp": 1783750276.318344}
{"actor": "syncer", "event_type": "transaction_stage_completed", "hostname": "mg0005", "seconds": 0.009993644955102354, "stage": "proposal_observation", "target_commit_seq": 3, "timestamp": 1783750276.3265796}
{"actor": "syncer", "event_type": "transaction_stage_completed", "hostname": "mg0005", "seconds": 0.0009742730180732906, "stage": "aggregation", "target_commit_seq": 3, "timestamp": 1783750276.3275528}
{"actor": "syncer", "event_type": "transaction_stage_completed", "hostname": "mg0005", "seconds": 0.003188676026184112, "stage": "outer_step", "target_commit_seq": 3, "timestamp": 1783750276.3307424}
{"actor": "syncer", "event_type": "transaction_stage_completed", "hostname": "mg0005", "seconds": 0.032518539985176176, "stage": "successor_prepare", "target_commit_seq": 3, "timestamp": 1783750276.3641944}
{"actor": "syncer", "commit_id": "c-a9f03fc0924eba30847283096559b53846ca2eeb367c6f5ca82d8bfc4ee60bef", "commit_seq": 3, "event_type": "head_cas_completed", "hostname": "mg0005", "seconds": 0.008320395019836724, "timestamp": 1783750276.3725145}
{"actor": "syncer", "commit_id": "c-a9f03fc0924eba30847283096559b53846ca2eeb367c6f5ca82d8bfc4ee60bef", "commit_seq": 3, "event_type": "post_cas_replay_completed", "hostname": "mg0005", "seconds": 0.015514165977947414, "timestamp": 1783750276.3888817}
{"actor": "syncer", "event_type": "transaction_stage_completed", "hostname": "mg0005", "seconds": 0.020424602960702032, "stage": "materialized_export", "target_commit_seq": 3, "timestamp": 1783750276.410193}
{"actor": "syncer", "commit_id": "c-a9f03fc0924eba30847283096559b53846ca2eeb367c6f5ca82d8bfc4ee60bef", "commit_seq": 3, "event_type": "transition_committed", "fragment_id": 0, "hostname": "mg0005", "selected_proposal_ids": ["p-b766ecf87b35099da26d0cd2e85b567c0c276d489b2274ad35406901f1cf7ed3"], "timestamp": 1783750276.4118755, "view_digest": "6055435464b298e842b9d990ee98d6b85492819cffe974c77365547a0e6cde64"}
{"actor": "syncer", "commit_seq": 4, "event_type": "coordination_stage_completed", "hostname": "mg0005", "optimizer_transition_count": 2, "seconds": 0.05164387699915096, "stage": "authoritative_stop", "timestamp": 1783750276.4644265}
{"actor": "syncer", "commit_id": "c-2b134911fab9f25f572c9f79739bbfeb3682e2bb724dcd8d802ed9ac33c84879", "commit_seq": 4, "event_type": "stop_published", "hostname": "mg0005", "reason": "stop_after_outer_steps", "timestamp": 1783750276.5254538}
{"actor": "syncer", "deleted_files": 2, "event_type": "retention_cleanup", "hostname": "mg0005", "keep_last": 3, "role": "syncer", "timestamp": 1783750276.5289671}
{"actor": "syncer", "commit_seq": 4, "event_type": "process_exit", "hostname": "mg0005", "reason": "stop_after_outer_steps", "timestamp": 1783750276.53477}
