{"actor": "learner_000", "device": "cuda", "event_type": "process_start", "hostname": "mg0005", "learner_id": "learner_000", "run_id": "20260711_p06b_final_d5e2901_d1-training", "timestamp": 1783766658.4228556}
[transformers] `torch_dtype` is deprecated! Use `dtype` instead!
Loading weights:   0%|          | 0/148 [00:00<?, ?it/s]Loading weights:  64%|██████▎   | 94/148 [00:00<00:00, 931.96it/s]Loading weights: 100%|██████████| 148/148 [00:00<00:00, 866.53it/s]
{"actor": "learner_000", "event_type": "loaded_global", "hostname": "mg0005", "timestamp": 1783766680.9794784, "version": 1}
{"actor": "learner_000", "event_type": "inner_optimizer_reset", "hostname": "mg0005", "timestamp": 1783766680.9812565, "version": 1}
{"actor": "learner_000", "committed_intervals": 0, "event_type": "warm_recovery", "hostname": "mg0005", "lost_tokens": 0, "max_uncommitted_base_commit_seq": null, "new_session": {"learner_id": "learner_000", "learner_session_id": "20260711_p06b_final_d5e2901_d1-training-learner_000-session", "protocol_version": 2, "record_type": "learner_session", "run_generation": 0, "run_id": "20260711_p06b_final_d5e2901_d1-training"}, "next_sequence": 1, "published_intervals": 0, "repeated_tokens_estimate": 0, "timestamp": 1783766689.1181061, "uncommitted_intervals": 0, "warm_not_exact": true}
[transformers] `loss_type=None` was set in the config but it is unrecognized. Using the default loss: `ForCausalLMLoss`.
{"actor": "learner_000", "event_type": "inner_step_summary", "global_version": 1, "gpu_step_seconds": 0.4734885760117322, "hostname": "mg0005", "local_step": 1, "timestamp": 1783766689.5938282, "train_loss": 4.241382598876953}
{"actor": "learner_000", "event_type": "inner_step_summary", "global_version": 1, "gpu_step_seconds": 0.027925567992497236, "hostname": "mg0005", "local_step": 2, "timestamp": 1783766689.6246917, "train_loss": 4.632730007171631}
{"actor": "learner_000", "event_type": "update_written", "file_path": "/work/xg24i002/x10041/fs_based_decoupled_diloco/runs/duraloco/20260711_p06b_final_d5e2901_d1/training/updates/pending/learner_000/update_8da9eae44351.params.safetensors", "hostname": "mg0005", "interval_digest": "b45a43a72abf9729f0e2b8ad615554f6d68d3a4b25e47d8d9197587c7232eb80", "local_step": 2, "publication_proposal_id": "proposal-9d3193bd38d000d8dc8e7f6efbe502b268cdff0b21f3d7c1462afc7f9cf9888f", "publication_request_id": "learner-publish-f9c9431ad22c782e0793ca61a74cc5d8a2c7b6a5b763a9f23a0d09fca4896f41", "timestamp": 1783766691.1061523, "tokens": 256, "train_loss": 4.437056303024292, "update_id": "learner_000_00000002_8da9eae44351"}
{"actor": "learner_000", "event_type": "heartbeat_written", "hostname": "mg0005", "local_step": 2, "timestamp": 1783766691.1125388}
{"actor": "learner_000", "current_version": 1, "event_type": "latest_polled", "found_version": 2, "hostname": "mg0005", "timestamp": 1783766706.1249049}
{"actor": "learner_000", "event_type": "global_adopted", "hostname": "mg0005", "timestamp": 1783766706.1717234, "version": 2}
{"actor": "learner_000", "adoption_state_digest": "95ffc82a6116274ad8c3dd7ead97feb3803ff1761bb9f62a2a91cda091f7bfe4", "event_type": "inner_optimizer_adoption", "hostname": "mg0005", "policy": "reset_all", "reset_parameter_count": 148, "timestamp": 1783766706.1732552, "version": 2}
{"actor": "learner_000", "event_type": "inner_step_summary", "global_version": 2, "gpu_step_seconds": 0.03060402604751289, "hostname": "mg0005", "local_step": 3, "timestamp": 1783766706.2051876, "train_loss": 4.157248497009277}
{"actor": "learner_000", "event_type": "heartbeat_written", "hostname": "mg0005", "local_step": 3, "timestamp": 1783766706.2094991}
{"actor": "learner_000", "event_type": "inner_step_summary", "global_version": 2, "gpu_step_seconds": 0.02528862899634987, "hostname": "mg0005", "local_step": 4, "timestamp": 1783766706.2359898, "train_loss": 4.630003929138184}
{"actor": "learner_000", "event_type": "update_written", "file_path": "/work/xg24i002/x10041/fs_based_decoupled_diloco/runs/duraloco/20260711_p06b_final_d5e2901_d1/training/updates/pending/learner_000/update_bcea65aaed08.params.safetensors", "hostname": "mg0005", "interval_digest": "2d21ff640cf16126d6e564697bae53f2ed3a9c688540bef0af7286f3026b9fc6", "local_step": 4, "publication_proposal_id": "proposal-aeae3df0ad4ec5d65422a2722a6c64965b7fca86d1873dfe92f9e4d2b2d5d017", "publication_request_id": "learner-publish-e5e50cd59c8b57a2aa306fceb4b12817e0231df62c45642f89b0a42cf878aec0", "timestamp": 1783766707.5144987, "tokens": 256, "train_loss": 4.3936262130737305, "update_id": "learner_000_00000004_bcea65aaed08"}
{"actor": "learner_000", "event_type": "heartbeat_written", "hostname": "mg0005", "local_step": 4, "timestamp": 1783766707.5197728}
{"actor": "learner_000", "current_version": 2, "event_type": "latest_polled", "found_version": null, "hostname": "mg0005", "timestamp": 1783766710.5233498}
{"actor": "learner_000", "event_type": "stop_seen", "hostname": "mg0005", "reason": "stop_after_outer_steps", "timestamp": 1783766710.5250647}
{"actor": "learner_000", "event_type": "process_exit", "global_version": 2, "hostname": "mg0005", "local_step": 4, "timestamp": 1783766710.5330396}
