{"actor": "learner_000", "device": "cuda", "event_type": "process_start", "hostname": "mg0017", "learner_id": "learner_000", "run_id": "20260711_p06_impl_ed4e604_1node-training", "timestamp": 1783749216.4173546}
[transformers] `torch_dtype` is deprecated! Use `dtype` instead!
Loading weights:   0%|          | 0/148 [00:00<?, ?it/s]Loading weights:  64%|██████▎   | 94/148 [00:00<00:00, 904.07it/s]Loading weights: 100%|██████████| 148/148 [00:00<00:00, 810.44it/s]
{"actor": "learner_000", "event_type": "loaded_global", "hostname": "mg0017", "timestamp": 1783749238.8917663, "version": 1}
{"actor": "learner_000", "event_type": "inner_optimizer_reset", "hostname": "mg0017", "timestamp": 1783749238.8937116, "version": 1}
Generating test split:   0%|          | 0/4358 [00:00<?, ? examples/s]Generating test split: 100%|██████████| 4358/4358 [00:00<00:00, 92318.92 examples/s]
Generating train split:   0%|          | 0/36718 [00:00<?, ? examples/s]Generating train split: 100%|██████████| 36718/36718 [00:00<00:00, 1688019.45 examples/s]
Generating validation split:   0%|          | 0/3760 [00:00<?, ? examples/s]Generating validation split: 100%|██████████| 3760/3760 [00:00<00:00, 667057.91 examples/s]
{"actor": "learner_000", "committed_intervals": 0, "event_type": "warm_recovery", "hostname": "mg0017", "lost_tokens": 0, "new_session": {"learner_id": "learner_000", "learner_session_id": "learner_000-6b278340af73449c8db2abb671aaabbe", "protocol_version": 2, "record_type": "learner_session", "run_generation": 0, "run_id": "20260711_p06_impl_ed4e604_1node-training"}, "next_sequence": 1, "published_intervals": 0, "repeated_tokens_estimate": 0, "timestamp": 1783749247.2636442, "warm_not_exact": true}
[transformers] `loss_type=None` was set in the config but it is unrecognized. Using the default loss: `ForCausalLMLoss`.
{"actor": "learner_000", "event_type": "inner_step_summary", "global_version": 1, "hostname": "mg0017", "local_step": 1, "timestamp": 1783749247.6735487, "train_loss": 4.241382598876953}
{"actor": "learner_000", "event_type": "inner_step_summary", "global_version": 1, "hostname": "mg0017", "local_step": 2, "timestamp": 1783749247.7073753, "train_loss": 4.632730007171631}
{"actor": "learner_000", "event_type": "update_written", "file_path": "/work/xg24i002/x10041/duraloco_worktrees/p06-final-ed4e604/runs/duraloco/P06/20260711_p06_impl_ed4e604_1node/training/updates/pending/learner_000/update_b180d9d9a960.params.safetensors", "hostname": "mg0017", "interval_digest": "d0bc0cfc003b1a7c4bc3d456f68925477f936e0ca0426deb1a52742b73f276c3", "local_step": 2, "publication_proposal_id": "proposal-25bb99251b75efab295ab66ed9ca827ba70a52e706111ee5beed69f93a2157a7", "publication_request_id": "learner-publish-5c249925e31b273b07154c84bb11154d3d3216d7d840818ab345ed4c6a5e43ed", "timestamp": 1783749249.199775, "tokens": 256, "train_loss": 4.437056303024292, "update_id": "learner_000_00000002_b180d9d9a960"}
{"actor": "learner_000", "event_type": "heartbeat_written", "hostname": "mg0017", "local_step": 2, "timestamp": 1783749249.206162}
{"actor": "learner_000", "current_version": 1, "event_type": "latest_polled", "found_version": 2, "hostname": "mg0017", "timestamp": 1783749258.2150424}
{"actor": "learner_000", "event_type": "global_adopted", "hostname": "mg0017", "timestamp": 1783749258.2629204, "version": 2}
{"actor": "learner_000", "adoption_state_digest": "1a6831513500ef04fbf9c051bca78c67398b5f7fa64beca96fd3c6bf865e9e94", "event_type": "inner_optimizer_adoption", "hostname": "mg0017", "policy": "reset_all", "reset_parameter_count": 148, "timestamp": 1783749258.2645674, "version": 2}
{"actor": "learner_000", "event_type": "inner_step_summary", "global_version": 2, "hostname": "mg0017", "local_step": 3, "timestamp": 1783749258.299501, "train_loss": 4.157248497009277}
{"actor": "learner_000", "event_type": "heartbeat_written", "hostname": "mg0017", "local_step": 3, "timestamp": 1783749258.3065214}
{"actor": "learner_000", "event_type": "inner_step_summary", "global_version": 2, "hostname": "mg0017", "local_step": 4, "timestamp": 1783749258.335722, "train_loss": 4.630003929138184}
{"actor": "learner_000", "event_type": "update_written", "file_path": "/work/xg24i002/x10041/duraloco_worktrees/p06-final-ed4e604/runs/duraloco/P06/20260711_p06_impl_ed4e604_1node/training/updates/pending/learner_000/update_74a0050d1769.params.safetensors", "hostname": "mg0017", "interval_digest": "216e82a89f70ebb43ecd736b5bc1fc0ff69adc901870c29e19eb6f2c3c4e6837", "local_step": 4, "publication_proposal_id": "proposal-1d6c069f542fecfb8cf9e4321798578377e046df4d2ae15a2b58d58ea2b4d3e7", "publication_request_id": "learner-publish-b42b51b0f37624447a831fae85d0f6e0d7110e7ca787828d0864c17cbbd9074f", "timestamp": 1783749259.6619534, "tokens": 256, "train_loss": 4.3936262130737305, "update_id": "learner_000_00000004_74a0050d1769"}
{"actor": "learner_000", "event_type": "heartbeat_written", "hostname": "mg0017", "local_step": 4, "timestamp": 1783749259.6676698}
{"actor": "learner_000", "current_version": 2, "event_type": "latest_polled", "found_version": 3, "hostname": "mg0017", "timestamp": 1783749263.671807}
{"actor": "learner_000", "event_type": "global_adopted", "hostname": "mg0017", "timestamp": 1783749263.7203336, "version": 3}
{"actor": "learner_000", "adoption_state_digest": "92b9b9d960fb1dfe6c54eadb12c3540b0402d5fa3aa242fc335c7ea7fdfc197c", "event_type": "inner_optimizer_adoption", "hostname": "mg0017", "policy": "reset_all", "reset_parameter_count": 148, "timestamp": 1783749263.7222054, "version": 3}
{"actor": "learner_000", "event_type": "stop_seen", "hostname": "mg0017", "reason": "stop_after_outer_steps", "timestamp": 1783749263.7238677}
{"actor": "learner_000", "event_type": "process_exit", "global_version": 3, "hostname": "mg0017", "local_step": 4, "timestamp": 1783749263.7313693}
