{
  "finding_count": 0,
  "findings": [],
  "scanned_files": 235,
  "status": "PASS"
}
{
  "action_counts": {
    "commit": 2666,
    "decide": 1047,
    "invalid_unknown_selection": 899,
    "publish": 7388,
    "restart": 1424
  },
  "count": 1000,
  "start_seed": 0,
  "suite_digest": "bf7c6538396f59b02c9240b03c13354dd6d3a84e18ff67848b689b448560dfb1",
  "unique_state_digests": 1000
}
........................................................................ [ 19%]
........................................................................ [ 38%]
........................................................................ [ 57%]
...................................s.................................... [ 76%]
........................................................................ [ 95%]
..................                                                       [100%]
377 passed, 1 skipped in 19.74s
{
  "authority": "committed-transition-log",
  "commit_id": "c-a1ec1aab818ecec1955e3ed7ec50d31f43ea3e8c0c4a9ff903710ece79f611e7",
  "commit_seq": 3,
  "committed_selected_counts_by_event": {
    "1": 1
  },
  "committed_state_digest": "4db87bf5c57bc2db811959e3aaa7a6c4ab188f1c1ba360814e860d44eae74d74",
  "consumed_proposal_count": 1,
  "fragment_versions": {
    "0": 1
  },
  "frontier_sha256": "e4f8e2a75544353cf49bfee82a7514b0aef8cc120d7b5987d39a644b2e2734a2",
  "global_merge_event": 1,
  "heartbeats": {
    "learner_000": {
      "format_version": 1,
      "hostname": "mg0017",
      "last_loaded_global_version": 3,
      "last_local_step": 4,
      "last_update_id": "learner_000_00000004_74a0050d1769",
      "learner_id": "learner_000",
      "phase": "process_exit",
      "pid": 3793165,
      "run_id": "20260711_p06_impl_ed4e604_1node-training",
      "status": "stopped",
      "timestamp": 1783749263.724882,
      "tokens_per_sec": null
    }
  },
  "latest": {
    "authority": "committed-transition-log-and-head-fence",
    "commit_id": "c-a1ec1aab818ecec1955e3ed7ec50d31f43ea3e8c0c4a9ff903710ece79f611e7",
    "commit_seq": 3,
    "committed_state_digest": "4db87bf5c57bc2db811959e3aaa7a6c4ab188f1c1ba360814e860d44eae74d74",
    "created_at": 1783749263.6491764,
    "fencing_epoch": 1,
    "format_version": 1,
    "fragment_versions": {
      "0": 1
    },
    "frontier_sha256": "e4f8e2a75544353cf49bfee82a7514b0aef8cc120d7b5987d39a644b2e2734a2",
    "global_merge_event": 1,
    "optim_path": "/work/xg24i002/x10041/duraloco_worktrees/p06-final-ed4e604/runs/duraloco/P06/20260711_p06_impl_ed4e604_1node/training/optim/outer_v000003.safetensors",
    "optimizer_transition_count": 1,
    "owner_id": "syncer-a",
    "owner_session_id": "20260711_p06_impl_ed4e604_1node-owner",
    "param_index_path": "/work/xg24i002/x10041/duraloco_worktrees/p06-final-ed4e604/runs/duraloco/P06/20260711_p06_impl_ed4e604_1node/training/control/param_index.json",
    "run_generation": 0,
    "run_id": "20260711_p06_impl_ed4e604_1node-training",
    "runtime_view_digest": "a1268a406ee528a447ee393c52ab88ca36a9d4d2e85c3ce44e539a8adcf23680",
    "total_seen_tokens": 256,
    "version": 3,
    "weight_path": "/work/xg24i002/x10041/duraloco_worktrees/p06-final-ed4e604/runs/duraloco/P06/20260711_p06_impl_ed4e604_1node/training/weights/global_v000003.safetensors"
  },
  "latest_export_valid": true,
  "latest_kind": "full",
  "learner_fragment_adoption": {
    "learner_000": {
      "adoption_events": 0,
      "has_adopted_after_initial": false
    }
  },
  "learner_local_steps": {
    "learner_000": 4
  },
  "learner_metrics": {
    "exists": true,
    "path": "/work/xg24i002/x10041/duraloco_worktrees/p06-final-ed4e604/runs/duraloco/P06/20260711_p06_impl_ed4e604_1node/training/metrics/learner_metrics.csv",
    "rows": 2
  },
  "loss_summary": {
    "count": 2,
    "invalid_or_nonfinite": 0,
    "max": 4.437056303024292,
    "min": 4.3936262130737305,
    "obvious_divergence": false
  },
  "materialized_weight_exists": true,
  "optimizer_transition_count": 1,
  "payload_codec": "safetensors-flat-v1",
  "run_generation": 0,
  "run_id": "20260711_p06_impl_ed4e604_1node-training",
  "runtime_view_digest": "a1268a406ee528a447ee393c52ab88ca36a9d4d2e85c3ce44e539a8adcf23680",
  "shared_root": "/work/xg24i002/x10041/duraloco_worktrees/p06-final-ed4e604/runs/duraloco/P06/20260711_p06_impl_ed4e604_1node/training",
  "stop_reason": "stop_after_outer_steps",
  "syncer_log_flags": {
    "error": false,
    "no_progress_timeout": false,
    "uncaught_exception": false
  },
  "syncer_metrics": {
    "exists": true,
    "path": "/work/xg24i002/x10041/duraloco_worktrees/p06-final-ed4e604/runs/duraloco/P06/20260711_p06_impl_ed4e604_1node/training/metrics/syncer_metrics.csv",
    "rows": 1
  },
  "total_seen_tokens": 256,
  "update_manifest": {
    "exists": true,
    "path": "/work/xg24i002/x10041/duraloco_worktrees/p06-final-ed4e604/runs/duraloco/P06/20260711_p06_impl_ed4e604_1node/training/metrics/update_manifest.csv",
    "rows": 2
  }
}
{
  "boundary_adoptions": 2,
  "finite_losses": [
    4.437056303024292,
    4.3936262130737305
  ],
  "local_steps": 4,
  "publication_request_ids": [
    "learner-publish-5c249925e31b273b07154c84bb11154d3d3216d7d840818ab345ed4c6a5e43ed",
    "learner-publish-b42b51b0f37624447a831fae85d0f6e0d7110e7ca787828d0864c17cbbd9074f"
  ],
  "published_intervals": 2,
  "status": "PASS"
}
