{"actor": "syncer", "authority_root": "/work/xg24i002/x10041/duraloco_worktrees/p06-final-ed4e604/runs/duraloco/P06/20260711_p06_impl_ed4e604_1node/training/authority", "cuda_visible_devices": "0", "device": "cuda", "event_type": "process_start", "hostname": "mg0017", "owner_id": "syncer-a", "owner_session_id": "20260711_p06_impl_ed4e604_1node-owner", "run_generation": 0, "run_id": "20260711_p06_impl_ed4e604_1node-training", "shared_root": "/work/xg24i002/x10041/duraloco_worktrees/p06-final-ed4e604/runs/duraloco/P06/20260711_p06_impl_ed4e604_1node/training", "standby": false, "timestamp": 1783749211.3174155}
[transformers] `torch_dtype` is deprecated! Use `dtype` instead!
Loading weights:   0%|          | 0/148 [00:00<?, ?it/s]Loading weights:  64%|██████▎   | 94/148 [00:00<00:00, 938.48it/s]Loading weights: 100%|██████████| 148/148 [00:00<00:00, 822.30it/s]
{"actor": "syncer", "commit_seq": 0, "event_type": "generation_initialized", "hostname": "mg0017", "timestamp": 1783749233.5907366, "view_digest": "8ce4519fa7cda3ec2dde5a17aa69b31394ded08fad106407954e8dba3eef9c09"}
{"actor": "syncer", "event_type": "coordination_stage_completed", "hostname": "mg0017", "lease_sequence": 1, "owner_id": "syncer-a", "owner_session_id": "20260711_p06_impl_ed4e604_1node-owner", "proposed_fencing_epoch": 1, "seconds": 0.013493349077180028, "stage": "lease_acquire", "timestamp": 1783749233.6077752}
{"actor": "syncer", "commit_seq": 1, "event_type": "coordination_stage_completed", "fencing_epoch": 1, "hostname": "mg0017", "optimizer_transition_count": 0, "owner_id": "syncer-a", "owner_session_id": "20260711_p06_impl_ed4e604_1node-owner", "seconds": 2.6704026870429516, "stage": "fence_commit_and_strict_replay", "timestamp": 1783749236.2792747}
{"actor": "syncer", "commit_seq": 1, "eligible": 0, "event_type": "quorum_wait", "fragment_id": 0, "hostname": "mg0017", "quorum_min": 1, "timestamp": 1783749239.2427819}
{"actor": "syncer", "commit_seq": 1, "eligible": 0, "event_type": "quorum_wait", "fragment_id": 0, "hostname": "mg0017", "quorum_min": 1, "timestamp": 1783749241.2456276}
{"actor": "syncer", "commit_seq": 1, "eligible": 0, "event_type": "quorum_wait", "fragment_id": 0, "hostname": "mg0017", "quorum_min": 1, "timestamp": 1783749243.2486448}
{"actor": "syncer", "commit_seq": 1, "eligible": 0, "event_type": "quorum_wait", "fragment_id": 0, "hostname": "mg0017", "quorum_min": 1, "timestamp": 1783749245.2513926}
{"actor": "syncer", "commit_seq": 1, "eligible": 0, "event_type": "quorum_wait", "fragment_id": 0, "hostname": "mg0017", "quorum_min": 1, "timestamp": 1783749247.2579386}
{"actor": "syncer", "event_type": "coordination_stage_completed", "fencing_epoch": 1, "hostname": "mg0017", "lease_sequence": 2, "renew_margin_seconds": 45.0, "seconds": 0.00895393406972289, "stage": "lease_renew", "timestamp": 1783749248.2708871}
{"actor": "syncer", "event_type": "transaction_stage_completed", "hostname": "mg0017", "seconds": 1.426975904032588, "selected_count": 1, "stage": "catalog", "target_commit_seq": 2, "timestamp": 1783749249.7008076}
{"actor": "syncer", "event_type": "transaction_stage_completed", "hostname": "mg0017", "seconds": 0.6595967840403318, "stage": "proposal_observation", "target_commit_seq": 2, "timestamp": 1783749250.3591986}
{"actor": "syncer", "event_type": "transaction_stage_completed", "hostname": "mg0017", "seconds": 0.0017808729317039251, "stage": "aggregation", "target_commit_seq": 2, "timestamp": 1783749250.360976}
{"actor": "syncer", "event_type": "transaction_stage_completed", "hostname": "mg0017", "seconds": 0.011389882070943713, "stage": "outer_step", "target_commit_seq": 2, "timestamp": 1783749250.3723662}
{"actor": "syncer", "event_type": "transaction_stage_completed", "hostname": "mg0017", "seconds": 3.2648123239632696, "stage": "successor_prepare", "target_commit_seq": 2, "timestamp": 1783749253.6384275}
{"actor": "syncer", "commit_id": "c-0eda36cf44069966bf95f95fd9881cc9ce0b8279d66e8013a31b81bb0fbf8515", "commit_seq": 2, "event_type": "head_cas_completed", "hostname": "mg0017", "seconds": 0.00983957014977932, "timestamp": 1783749253.6482632}
{"actor": "syncer", "commit_id": "c-0eda36cf44069966bf95f95fd9881cc9ce0b8279d66e8013a31b81bb0fbf8515", "commit_seq": 2, "event_type": "post_cas_replay_completed", "hostname": "mg0017", "seconds": 2.2038087700493634, "timestamp": 1783749255.8531272}
{"actor": "syncer", "event_type": "transaction_stage_completed", "hostname": "mg0017", "seconds": 2.1416113029699773, "stage": "materialized_export", "target_commit_seq": 2, "timestamp": 1783749257.9975598}
{"actor": "syncer", "commit_id": "c-0eda36cf44069966bf95f95fd9881cc9ce0b8279d66e8013a31b81bb0fbf8515", "commit_seq": 2, "event_type": "transition_committed", "fragment_id": 0, "hostname": "mg0017", "selected_proposal_ids": ["p-da8374e85954ea451acdb995be88fe492651619ac902ea47206b0752f5662095"], "timestamp": 1783749258.0003784, "view_digest": "5841e609ddb47bb07269c304615c45cb14a14b8cf400b15b15a2fdcfd0aeb3ac"}
{"actor": "syncer", "commit_seq": 3, "event_type": "coordination_stage_completed", "hostname": "mg0017", "optimizer_transition_count": 1, "seconds": 3.5545283530373126, "stage": "authoritative_stop", "timestamp": 1783749261.5564208}
{"actor": "syncer", "commit_id": "c-a1ec1aab818ecec1955e3ed7ec50d31f43ea3e8c0c4a9ff903710ece79f611e7", "commit_seq": 3, "event_type": "stop_published", "hostname": "mg0017", "reason": "stop_after_outer_steps", "timestamp": 1783749263.6558022}
{"actor": "syncer", "commit_seq": 3, "event_type": "process_exit", "hostname": "mg0017", "reason": "stop_after_outer_steps", "timestamp": 1783749263.6650162}
