{"actor": "learner_000", "device": "cpu", "event_type": "process_start", "fragment_mode": true, "hostname": "mg0003", "learner_id": "learner_000", "run_id": "20260711_m00_1056f0d_1node_requal-fragment", "timestamp": 1783730127.821054}
{"actor": "learner_000", "event_type": "loaded_fragment_latest", "fragment_versions": {"0": 0, "1": 0}, "global_merge_event": 0, "hostname": "mg0003", "timestamp": 1783730128.7580695}
{"actor": "learner_000", "event_type": "inner_optimizer_reset", "hostname": "mg0003", "timestamp": 1783730128.7594476, "version": 0}
{"actor": "learner_000", "event_type": "inner_step_summary", "global_merge_event": 0, "hostname": "mg0003", "local_step": 1, "timestamp": 1783730128.7736902, "train_loss": 4.331010341644287}
{"actor": "learner_000", "event_type": "inner_step_summary", "global_merge_event": 0, "hostname": "mg0003", "local_step": 2, "timestamp": 1783730128.7821856, "train_loss": 4.3522796630859375}
{"actor": "learner_000", "base_fragment_version": 0, "event_type": "fragment_update_written", "file_path": "/work/xg24i002/x10041/fs_based_decoupled_diloco/runs/duraloco/M00/20260711_m00_1056f0d_1node_requal/fragment/updates/pending/learner_000/update_284a3a2ee839_fragment_000.params.safetensors", "fragment_id": 0, "hostname": "mg0003", "local_step": 2, "timestamp": 1783730128.7950616, "tokens": 64, "train_loss": 4.341645002365112, "update_id": "learner_000_00000002_f000_284a3a2ee839"}
{"actor": "learner_000", "event_type": "heartbeat_written", "hostname": "mg0003", "local_step": 2, "timestamp": 1783730128.8013554}
{"actor": "learner_000", "current_global_merge_event": 0, "event_type": "fragment_latest_polled", "found_global_merge_event": 1, "hostname": "mg0003", "timestamp": 1783730129.0032144}
{"actor": "learner_000", "event_type": "inner_optimizer_reset", "fragments": [0], "hostname": "mg0003", "timestamp": 1783730129.0046992, "version": 1}
{"actor": "learner_000", "event_type": "fragments_adopted", "fragment_versions": {"0": 1, "1": 0}, "fragments": [0], "global_merge_event": 1, "hostname": "mg0003", "timestamp": 1783730129.0055723}
{"actor": "learner_000", "event_type": "inner_step_summary", "global_merge_event": 1, "hostname": "mg0003", "local_step": 3, "timestamp": 1783730129.0106876, "train_loss": 4.3441481590271}
{"actor": "learner_000", "event_type": "inner_step_summary", "global_merge_event": 1, "hostname": "mg0003", "local_step": 4, "timestamp": 1783730129.0133946, "train_loss": 4.27958869934082}
{"actor": "learner_000", "base_fragment_version": 0, "event_type": "fragment_update_written", "file_path": "/work/xg24i002/x10041/fs_based_decoupled_diloco/runs/duraloco/M00/20260711_m00_1056f0d_1node_requal/fragment/updates/pending/learner_000/update_de0f298f7bb2_fragment_001.params.safetensors", "fragment_id": 1, "hostname": "mg0003", "local_step": 4, "timestamp": 1783730129.0210788, "tokens": 64, "train_loss": 4.31186842918396, "update_id": "learner_000_00000004_f001_de0f298f7bb2"}
{"actor": "learner_000", "event_type": "heartbeat_written", "hostname": "mg0003", "local_step": 4, "timestamp": 1783730129.0254474}
{"actor": "learner_000", "current_global_merge_event": 1, "event_type": "fragment_latest_polled", "found_global_merge_event": 2, "hostname": "mg0003", "timestamp": 1783730129.4276218}
{"actor": "learner_000", "event_type": "inner_optimizer_reset", "fragments": [1], "hostname": "mg0003", "timestamp": 1783730129.4291518, "version": 2}
{"actor": "learner_000", "event_type": "fragments_adopted", "fragment_versions": {"0": 1, "1": 1}, "fragments": [1], "global_merge_event": 2, "hostname": "mg0003", "timestamp": 1783730129.4300451}
{"actor": "learner_000", "event_type": "inner_step_summary", "global_merge_event": 2, "hostname": "mg0003", "local_step": 5, "timestamp": 1783730129.4417877, "train_loss": 4.31590461730957}
{"actor": "learner_000", "event_type": "inner_step_summary", "global_merge_event": 2, "hostname": "mg0003", "local_step": 6, "timestamp": 1783730129.4451685, "train_loss": 4.532193660736084}
{"actor": "learner_000", "base_fragment_version": 1, "event_type": "fragment_update_written", "file_path": "/work/xg24i002/x10041/fs_based_decoupled_diloco/runs/duraloco/M00/20260711_m00_1056f0d_1node_requal/fragment/updates/pending/learner_000/update_c8fa33eb1ca3_fragment_000.params.safetensors", "fragment_id": 0, "hostname": "mg0003", "local_step": 6, "timestamp": 1783730129.4550538, "tokens": 64, "train_loss": 4.424049139022827, "update_id": "learner_000_00000006_f000_c8fa33eb1ca3"}
{"actor": "learner_000", "event_type": "heartbeat_written", "hostname": "mg0003", "local_step": 6, "timestamp": 1783730129.4600825}
{"actor": "learner_000", "current_global_merge_event": 2, "event_type": "fragment_latest_polled", "found_global_merge_event": 3, "hostname": "mg0003", "timestamp": 1783730129.8625648}
{"actor": "learner_000", "event_type": "inner_optimizer_reset", "fragments": [0], "hostname": "mg0003", "timestamp": 1783730129.8644557, "version": 3}
{"actor": "learner_000", "event_type": "fragments_adopted", "fragment_versions": {"0": 2, "1": 1}, "fragments": [0], "global_merge_event": 3, "hostname": "mg0003", "timestamp": 1783730129.8654785}
{"actor": "learner_000", "event_type": "inner_step_summary", "global_merge_event": 3, "hostname": "mg0003", "local_step": 7, "timestamp": 1783730129.8689528, "train_loss": 4.391817569732666}
{"actor": "learner_000", "event_type": "heartbeat_written", "hostname": "mg0003", "local_step": 7, "timestamp": 1783730129.8726537}
{"actor": "learner_000", "event_type": "inner_step_summary", "global_merge_event": 3, "hostname": "mg0003", "local_step": 8, "timestamp": 1783730129.8757885, "train_loss": 4.174221992492676}
{"actor": "learner_000", "base_fragment_version": 1, "event_type": "fragment_update_written", "file_path": "/work/xg24i002/x10041/fs_based_decoupled_diloco/runs/duraloco/M00/20260711_m00_1056f0d_1node_requal/fragment/updates/pending/learner_000/update_62ba7ca7463d_fragment_001.params.safetensors", "fragment_id": 1, "hostname": "mg0003", "local_step": 8, "timestamp": 1783730129.884809, "tokens": 64, "train_loss": 4.283019781112671, "update_id": "learner_000_00000008_f001_62ba7ca7463d"}
{"actor": "learner_000", "event_type": "heartbeat_written", "hostname": "mg0003", "local_step": 8, "timestamp": 1783730129.8891473}
{"actor": "learner_000", "current_global_merge_event": 3, "event_type": "fragment_latest_polled", "found_global_merge_event": 4, "hostname": "mg0003", "timestamp": 1783730130.0913777}
{"actor": "learner_000", "event_type": "inner_optimizer_reset", "fragments": [1], "hostname": "mg0003", "timestamp": 1783730130.0931418, "version": 4}
{"actor": "learner_000", "event_type": "fragments_adopted", "fragment_versions": {"0": 2, "1": 2}, "fragments": [1], "global_merge_event": 4, "hostname": "mg0003", "timestamp": 1783730130.094035}
{"actor": "learner_000", "event_type": "stop_seen", "hostname": "mg0003", "reason": "stop_after_outer_steps", "timestamp": 1783730130.0957637}
{"actor": "learner_000", "deleted_files": 8, "event_type": "retention_cleanup", "hostname": "mg0003", "keep_last": 0, "role": "learner", "timestamp": 1783730130.105448, "update_dir": "/work/xg24i002/x10041/fs_based_decoupled_diloco/runs/duraloco/M00/20260711_m00_1056f0d_1node_requal/fragment/updates/pending/learner_000"}
{"actor": "learner_000", "event_type": "process_exit", "fragment_adopt_count": 4, "fragment_versions": {"0": 2, "1": 2}, "global_version": 4, "hostname": "mg0003", "local_step": 8, "timestamp": 1783730130.1063337}
