{"actor": "learner_001", "device": "cpu", "event_type": "process_start", "fragment_mode": true, "hostname": "mg0003", "learner_id": "learner_001", "run_id": "20260711_m00_1056f0d_1node_requal-fragment", "timestamp": 1783730127.8210301}
{"actor": "learner_001", "event_type": "loaded_fragment_latest", "fragment_versions": {"0": 0, "1": 0}, "global_merge_event": 0, "hostname": "mg0003", "timestamp": 1783730128.758323}
{"actor": "learner_001", "event_type": "inner_optimizer_reset", "hostname": "mg0003", "timestamp": 1783730128.7596676, "version": 0}
{"actor": "learner_001", "event_type": "inner_step_summary", "global_merge_event": 0, "hostname": "mg0003", "local_step": 1, "timestamp": 1783730128.7809021, "train_loss": 4.339262008666992}
{"actor": "learner_001", "event_type": "inner_step_summary", "global_merge_event": 0, "hostname": "mg0003", "local_step": 2, "timestamp": 1783730128.7837691, "train_loss": 4.367192268371582}
{"actor": "learner_001", "base_fragment_version": 0, "event_type": "fragment_update_written", "file_path": "/work/xg24i002/x10041/fs_based_decoupled_diloco/runs/duraloco/M00/20260711_m00_1056f0d_1node_requal/fragment/updates/pending/learner_001/update_60f90f6fa93d_fragment_000.params.safetensors", "fragment_id": 0, "hostname": "mg0003", "local_step": 2, "timestamp": 1783730128.795174, "tokens": 64, "train_loss": 4.353227138519287, "update_id": "learner_001_00000002_f000_60f90f6fa93d"}
{"actor": "learner_001", "event_type": "heartbeat_written", "hostname": "mg0003", "local_step": 2, "timestamp": 1783730128.800931}
{"actor": "learner_001", "current_global_merge_event": 0, "event_type": "fragment_latest_polled", "found_global_merge_event": 1, "hostname": "mg0003", "timestamp": 1783730129.002803}
{"actor": "learner_001", "event_type": "inner_optimizer_reset", "fragments": [0], "hostname": "mg0003", "timestamp": 1783730129.0044231, "version": 1}
{"actor": "learner_001", "event_type": "fragments_adopted", "fragment_versions": {"0": 1, "1": 0}, "fragments": [0], "global_merge_event": 1, "hostname": "mg0003", "timestamp": 1783730129.0052903}
{"actor": "learner_001", "event_type": "inner_step_summary", "global_merge_event": 1, "hostname": "mg0003", "local_step": 3, "timestamp": 1783730129.0099156, "train_loss": 4.238268852233887}
{"actor": "learner_001", "event_type": "inner_step_summary", "global_merge_event": 1, "hostname": "mg0003", "local_step": 4, "timestamp": 1783730129.0123007, "train_loss": 4.1834869384765625}
{"actor": "learner_001", "base_fragment_version": 0, "event_type": "fragment_update_written", "file_path": "/work/xg24i002/x10041/fs_based_decoupled_diloco/runs/duraloco/M00/20260711_m00_1056f0d_1node_requal/fragment/updates/pending/learner_001/update_f4eb6991a635_fragment_001.params.safetensors", "fragment_id": 1, "hostname": "mg0003", "local_step": 4, "timestamp": 1783730129.0205925, "tokens": 64, "train_loss": 4.210877895355225, "update_id": "learner_001_00000004_f001_f4eb6991a635"}
{"actor": "learner_001", "event_type": "heartbeat_written", "hostname": "mg0003", "local_step": 4, "timestamp": 1783730129.025127}
{"actor": "learner_001", "current_global_merge_event": 1, "event_type": "fragment_latest_polled", "found_global_merge_event": 2, "hostname": "mg0003", "timestamp": 1783730129.4273794}
{"actor": "learner_001", "event_type": "inner_optimizer_reset", "fragments": [1], "hostname": "mg0003", "timestamp": 1783730129.4289224, "version": 2}
{"actor": "learner_001", "event_type": "fragments_adopted", "fragment_versions": {"0": 1, "1": 1}, "fragments": [1], "global_merge_event": 2, "hostname": "mg0003", "timestamp": 1783730129.4298177}
{"actor": "learner_001", "event_type": "inner_step_summary", "global_merge_event": 2, "hostname": "mg0003", "local_step": 5, "timestamp": 1783730129.4412763, "train_loss": 4.32097864151001}
{"actor": "learner_001", "event_type": "inner_step_summary", "global_merge_event": 2, "hostname": "mg0003", "local_step": 6, "timestamp": 1783730129.4438412, "train_loss": 4.209980010986328}
{"actor": "learner_001", "base_fragment_version": 1, "event_type": "fragment_update_written", "file_path": "/work/xg24i002/x10041/fs_based_decoupled_diloco/runs/duraloco/M00/20260711_m00_1056f0d_1node_requal/fragment/updates/pending/learner_001/update_976ea2f108e7_fragment_000.params.safetensors", "fragment_id": 0, "hostname": "mg0003", "local_step": 6, "timestamp": 1783730129.4534073, "tokens": 64, "train_loss": 4.265479326248169, "update_id": "learner_001_00000006_f000_976ea2f108e7"}
{"actor": "learner_001", "event_type": "heartbeat_written", "hostname": "mg0003", "local_step": 6, "timestamp": 1783730129.4576132}
{"actor": "learner_001", "current_global_merge_event": 2, "event_type": "fragment_latest_polled", "found_global_merge_event": 3, "hostname": "mg0003", "timestamp": 1783730129.8599582}
{"actor": "learner_001", "event_type": "inner_optimizer_reset", "fragments": [0], "hostname": "mg0003", "timestamp": 1783730129.8616655, "version": 3}
{"actor": "learner_001", "event_type": "fragments_adopted", "fragment_versions": {"0": 2, "1": 1}, "fragments": [0], "global_merge_event": 3, "hostname": "mg0003", "timestamp": 1783730129.8627925}
{"actor": "learner_001", "event_type": "inner_step_summary", "global_merge_event": 3, "hostname": "mg0003", "local_step": 7, "timestamp": 1783730129.8652499, "train_loss": 4.203761577606201}
{"actor": "learner_001", "event_type": "heartbeat_written", "hostname": "mg0003", "local_step": 7, "timestamp": 1783730129.8696785}
{"actor": "learner_001", "event_type": "inner_step_summary", "global_merge_event": 3, "hostname": "mg0003", "local_step": 8, "timestamp": 1783730129.8717673, "train_loss": 4.313780307769775}
{"actor": "learner_001", "base_fragment_version": 1, "event_type": "fragment_update_written", "file_path": "/work/xg24i002/x10041/fs_based_decoupled_diloco/runs/duraloco/M00/20260711_m00_1056f0d_1node_requal/fragment/updates/pending/learner_001/update_b61154868cd3_fragment_001.params.safetensors", "fragment_id": 1, "hostname": "mg0003", "local_step": 8, "timestamp": 1783730129.880756, "tokens": 64, "train_loss": 4.258770942687988, "update_id": "learner_001_00000008_f001_b61154868cd3"}
{"actor": "learner_001", "event_type": "heartbeat_written", "hostname": "mg0003", "local_step": 8, "timestamp": 1783730129.8884249}
{"actor": "learner_001", "current_global_merge_event": 3, "event_type": "fragment_latest_polled", "found_global_merge_event": 4, "hostname": "mg0003", "timestamp": 1783730130.0958474}
{"actor": "learner_001", "event_type": "inner_optimizer_reset", "fragments": [1], "hostname": "mg0003", "timestamp": 1783730130.0977867, "version": 4}
{"actor": "learner_001", "event_type": "fragments_adopted", "fragment_versions": {"0": 2, "1": 2}, "fragments": [1], "global_merge_event": 4, "hostname": "mg0003", "timestamp": 1783730130.098753}
{"actor": "learner_001", "event_type": "stop_seen", "hostname": "mg0003", "reason": "stop_after_outer_steps", "timestamp": 1783730130.1003802}
{"actor": "learner_001", "deleted_files": 8, "event_type": "retention_cleanup", "hostname": "mg0003", "keep_last": 0, "role": "learner", "timestamp": 1783730130.1095312, "update_dir": "/work/xg24i002/x10041/fs_based_decoupled_diloco/runs/duraloco/M00/20260711_m00_1056f0d_1node_requal/fragment/updates/pending/learner_001"}
{"actor": "learner_001", "event_type": "process_exit", "fragment_adopt_count": 4, "fragment_versions": {"0": 2, "1": 2}, "global_version": 4, "hostname": "mg0003", "local_step": 8, "timestamp": 1783730130.110396}
