{"actor": "learner_000", "device": "cuda", "event_type": "process_start", "hostname": "mg0008", "learner_id": "learner_000", "run_id": "20260711_p06a_final_fce378f_c1-training", "timestamp": 1783761213.8374147}
[transformers] `torch_dtype` is deprecated! Use `dtype` instead!
Loading weights:   0%|          | 0/148 [00:00<?, ?it/s]Loading weights:  73%|███████▎  | 108/148 [00:00<00:00, 1075.75it/s]Loading weights: 100%|██████████| 148/148 [00:00<00:00, 802.63it/s] 
{"actor": "learner_000", "event_type": "loaded_global", "hostname": "mg0008", "timestamp": 1783761236.4525602, "version": 1}
{"actor": "learner_000", "event_type": "inner_optimizer_reset", "hostname": "mg0008", "timestamp": 1783761236.4552581, "version": 1}
{"actor": "learner_000", "committed_intervals": 0, "event_type": "warm_recovery", "hostname": "mg0008", "lost_tokens": 0, "max_uncommitted_base_commit_seq": null, "new_session": {"learner_id": "learner_000", "learner_session_id": "learner_000-c57e3e1bab57488590bb2621cc26237b", "protocol_version": 2, "record_type": "learner_session", "run_generation": 0, "run_id": "20260711_p06a_final_fce378f_c1-training"}, "next_sequence": 1, "published_intervals": 0, "repeated_tokens_estimate": 0, "timestamp": 1783761244.795234, "uncommitted_intervals": 0, "warm_not_exact": true}
[transformers] `loss_type=None` was set in the config but it is unrecognized. Using the default loss: `ForCausalLMLoss`.
{"actor": "learner_000", "event_type": "inner_step_summary", "global_version": 1, "hostname": "mg0008", "local_step": 1, "timestamp": 1783761245.1986709, "train_loss": 4.241382598876953}
{"actor": "learner_000", "event_type": "inner_step_summary", "global_version": 1, "hostname": "mg0008", "local_step": 2, "timestamp": 1783761245.2282841, "train_loss": 4.632730007171631}
{"actor": "learner_000", "event_type": "update_written", "file_path": "/work/xg24i002/x10041/fs_based_decoupled_diloco/runs/duraloco/20260711_p06a_final_fce378f_c1/training/updates/pending/learner_000/update_4c915e48a17c.params.safetensors", "hostname": "mg0008", "interval_digest": "a2620f439b824456930a8c5df71e7771eacbd156273f0db36897bc2c7aa0d2d2", "local_step": 2, "publication_proposal_id": "proposal-03e3d711962e776bf75b260e8176aa5fdd0669d74befbfc6b7debaf96707f48a", "publication_request_id": "learner-publish-a979f2333f2215daebca32c68bfdd57cf52d98816affe36afb8354e0a1b8970a", "timestamp": 1783761246.6730323, "tokens": 256, "train_loss": 4.437056303024292, "update_id": "learner_000_00000002_4c915e48a17c"}
{"actor": "learner_000", "event_type": "heartbeat_written", "hostname": "mg0008", "local_step": 2, "timestamp": 1783761246.6800752}
{"actor": "learner_000", "current_version": 1, "event_type": "latest_polled", "found_version": 2, "hostname": "mg0008", "timestamp": 1783761257.6906955}
{"actor": "learner_000", "event_type": "global_adopted", "hostname": "mg0008", "timestamp": 1783761257.734056, "version": 2}
{"actor": "learner_000", "adoption_state_digest": "bee90784262a7229689c72f3836c7b0cac346f26e007f37d75cfeda72a88297e", "event_type": "inner_optimizer_adoption", "hostname": "mg0008", "policy": "reset_all", "reset_parameter_count": 148, "timestamp": 1783761257.736522, "version": 2}
{"actor": "learner_000", "event_type": "inner_step_summary", "global_version": 2, "hostname": "mg0008", "local_step": 3, "timestamp": 1783761257.7702405, "train_loss": 4.157248497009277}
{"actor": "learner_000", "event_type": "heartbeat_written", "hostname": "mg0008", "local_step": 3, "timestamp": 1783761257.7751834}
{"actor": "learner_000", "event_type": "inner_step_summary", "global_version": 2, "hostname": "mg0008", "local_step": 4, "timestamp": 1783761257.8027163, "train_loss": 4.630003929138184}
{"actor": "learner_000", "event_type": "update_written", "file_path": "/work/xg24i002/x10041/fs_based_decoupled_diloco/runs/duraloco/20260711_p06a_final_fce378f_c1/training/updates/pending/learner_000/update_97838d167218.params.safetensors", "hostname": "mg0008", "interval_digest": "7862959d984052e1144765463e3880337bf6893d728be9d9393f1d3f63b6d2d8", "local_step": 4, "publication_proposal_id": "proposal-7e7451b0cc0aeb2cbac9dfc2a91042ab7a99ca028b867b1880fb394c8a233020", "publication_request_id": "learner-publish-688f1f8846705584bb066e90239cbe5ba24a3f2b60c463eb81deff8990990f98", "timestamp": 1783761259.1434429, "tokens": 256, "train_loss": 4.3936262130737305, "update_id": "learner_000_00000004_97838d167218"}
{"actor": "learner_000", "event_type": "heartbeat_written", "hostname": "mg0008", "local_step": 4, "timestamp": 1783761259.1492844}
{"actor": "learner_000", "current_version": 2, "event_type": "latest_polled", "found_version": 3, "hostname": "mg0008", "timestamp": 1783761264.1548324}
{"actor": "learner_000", "event_type": "global_adopted", "hostname": "mg0008", "timestamp": 1783761264.1858933, "version": 3}
{"actor": "learner_000", "adoption_state_digest": "bb15b826254e9593de501e102f397cf874dce0d2a95b1a615921a8ea9b889870", "event_type": "inner_optimizer_adoption", "hostname": "mg0008", "policy": "reset_all", "reset_parameter_count": 148, "timestamp": 1783761264.1878467, "version": 3}
{"actor": "learner_000", "event_type": "stop_seen", "hostname": "mg0008", "reason": "stop_after_outer_steps", "timestamp": 1783761264.1896079}
{"actor": "learner_000", "event_type": "process_exit", "global_version": 3, "hostname": "mg0008", "local_step": 4, "timestamp": 1783761264.2016413}
