{"actor": "syncer", "authority_root": "/work/xg24i002/x10041/fs_based_decoupled_diloco/runs/duraloco/20260711_p06a_final_fce378f_c1/training/authority", "cuda_visible_devices": "0", "device": "cuda", "event_type": "process_start", "hostname": "mg0008", "owner_id": "syncer-a", "owner_session_id": "20260711_p06a_final_fce378f_c1-owner", "run_generation": 0, "run_id": "20260711_p06a_final_fce378f_c1-training", "shared_root": "/work/xg24i002/x10041/fs_based_decoupled_diloco/runs/duraloco/20260711_p06a_final_fce378f_c1/training", "standby": false, "timestamp": 1783761208.7211657}
[transformers] `torch_dtype` is deprecated! Use `dtype` instead!
Loading weights:   0%|          | 0/148 [00:00<?, ?it/s]Loading weights:  73%|███████▎  | 108/148 [00:00<00:00, 1053.14it/s]Loading weights: 100%|██████████| 148/148 [00:00<00:00, 793.31it/s] 
{"actor": "syncer", "commit_seq": 0, "event_type": "generation_initialized", "hostname": "mg0008", "timestamp": 1783761231.148776, "view_digest": "0e5fe0563c2cbd6104c5a172c6cc60f8e0705dc7324777d19da0e3c8acd78eb5"}
{"actor": "syncer", "event_type": "coordination_stage_completed", "hostname": "mg0008", "lease_sequence": 1, "owner_id": "syncer-a", "owner_session_id": "20260711_p06a_final_fce378f_c1-owner", "proposed_fencing_epoch": 1, "seconds": 0.010225547943264246, "stage": "lease_acquire", "timestamp": 1783761231.163279}
{"actor": "syncer", "commit_seq": 1, "event_type": "coordination_stage_completed", "fencing_epoch": 1, "hostname": "mg0008", "optimizer_transition_count": 0, "owner_id": "syncer-a", "owner_session_id": "20260711_p06a_final_fce378f_c1-owner", "seconds": 2.593560099019669, "stage": "fence_commit_and_strict_replay", "timestamp": 1783761233.7580833}
{"actor": "syncer", "commit_seq": 1, "eligible": 0, "event_type": "quorum_wait", "fragment_id": 0, "hostname": "mg0008", "quorum_min": 1, "timestamp": 1783761236.6957438}
{"actor": "syncer", "commit_seq": 1, "eligible": 0, "event_type": "quorum_wait", "fragment_id": 0, "hostname": "mg0008", "quorum_min": 1, "timestamp": 1783761238.699177}
{"actor": "syncer", "commit_seq": 1, "eligible": 0, "event_type": "quorum_wait", "fragment_id": 0, "hostname": "mg0008", "quorum_min": 1, "timestamp": 1783761240.7018743}
{"actor": "syncer", "commit_seq": 1, "eligible": 0, "event_type": "quorum_wait", "fragment_id": 0, "hostname": "mg0008", "quorum_min": 1, "timestamp": 1783761242.7049456}
{"actor": "syncer", "commit_seq": 1, "eligible": 0, "event_type": "quorum_wait", "fragment_id": 0, "hostname": "mg0008", "quorum_min": 1, "timestamp": 1783761244.7091968}
{"actor": "syncer", "event_type": "coordination_stage_completed", "fencing_epoch": 1, "hostname": "mg0008", "lease_sequence": 2, "renew_margin_seconds": 45.0, "seconds": 0.007500799954868853, "stage": "lease_renew", "timestamp": 1783761245.7185435}
{"actor": "syncer", "event_type": "transaction_stage_completed", "hostname": "mg0008", "seconds": 1.414022896962706, "selected_count": 1, "stage": "catalog", "target_commit_seq": 2, "timestamp": 1783761247.1352575}
{"actor": "syncer", "event_type": "transaction_stage_completed", "hostname": "mg0008", "seconds": 0.6459354620310478, "stage": "proposal_observation", "target_commit_seq": 2, "timestamp": 1783761247.7800517}
{"actor": "syncer", "event_type": "transaction_stage_completed", "hostname": "mg0008", "seconds": 0.0034723029821179807, "stage": "aggregation", "target_commit_seq": 2, "timestamp": 1783761247.78352}
{"actor": "syncer", "event_type": "transaction_stage_completed", "hostname": "mg0008", "seconds": 2.0737477610236965, "stage": "outer_step", "target_commit_seq": 2, "timestamp": 1783761249.8572705}
{"actor": "syncer", "event_type": "transaction_stage_completed", "hostname": "mg0008", "seconds": 2.33555661002174, "stage": "successor_prepare", "target_commit_seq": 2, "timestamp": 1783761253.1545851}
{"actor": "syncer", "commit_id": "c-74b9928f5ad06411cfcf386a11d86db47648e6f9d040e8b0b2af7616b126d109", "commit_seq": 2, "event_type": "head_cas_completed", "hostname": "mg0008", "seconds": 0.011829201015643775, "timestamp": 1783761253.1664112}
{"actor": "syncer", "commit_id": "c-74b9928f5ad06411cfcf386a11d86db47648e6f9d040e8b0b2af7616b126d109", "commit_seq": 2, "event_type": "post_cas_replay_completed", "hostname": "mg0008", "seconds": 2.152057564991992, "timestamp": 1783761255.3196146}
{"actor": "syncer", "event_type": "transaction_stage_completed", "hostname": "mg0008", "seconds": 2.2216594890342094, "stage": "materialized_export", "target_commit_seq": 2, "timestamp": 1783761257.5435185}
{"actor": "syncer", "commit_id": "c-74b9928f5ad06411cfcf386a11d86db47648e6f9d040e8b0b2af7616b126d109", "commit_seq": 2, "event_type": "transition_committed", "fragment_id": 0, "hostname": "mg0008", "selected_proposal_ids": ["p-8f261934eaf54cfc9972e20d5557e9bd1bcc7e34bcba1ad21a85a318f7063f01"], "timestamp": 1783761257.5461364, "view_digest": "ddd37e56305813eb31b9b1ab8fb0efc8351a8860e1220c9a82b0234ee7982719"}
{"actor": "syncer", "event_type": "coordination_stage_completed", "fencing_epoch": 1, "hostname": "mg0008", "lease_sequence": 3, "renew_margin_seconds": 45.0, "seconds": 0.0062621390097774565, "stage": "lease_renew", "timestamp": 1783761257.5535378}
{"actor": "syncer", "commit_seq": 3, "event_type": "coordination_stage_completed", "hostname": "mg0008", "optimizer_transition_count": 1, "seconds": 3.4807899240404367, "stage": "authoritative_stop", "timestamp": 1783761261.0354135}
{"actor": "syncer", "commit_id": "c-ad8585251611f7a6f239f32f0a7ffc7e4c89b4c14a8a9bb69c11b891db1d04d3", "commit_seq": 3, "event_type": "stop_published", "hostname": "mg0008", "reason": "stop_after_outer_steps", "timestamp": 1783761263.1673481}
{"actor": "syncer", "commit_seq": 3, "event_type": "process_exit", "hostname": "mg0008", "reason": "stop_after_outer_steps", "timestamp": 1783761263.1758552}
