{"actor": "syncer", "authority_root": "/work/xg24i002/x10041/duraloco_worktrees/p05-full-a29adab/runs/duraloco/P05/20260711_p05_full_a29adab_1node/fragment/authority", "cuda_visible_devices": "", "device": "cpu", "event_type": "process_start", "hostname": "mg0003", "owner_id": "syncer-active", "owner_session_id": "20260711_p05_full_a29adab_1node-fragment-active", "run_generation": 0, "run_id": "20260711_p05_full_a29adab_1node-fragment", "shared_root": "/work/xg24i002/x10041/duraloco_worktrees/p05-full-a29adab/runs/duraloco/P05/20260711_p05_full_a29adab_1node/fragment", "standby": false, "timestamp": 1783745684.7287745}
{"actor": "syncer", "commit_seq": 0, "event_type": "generation_initialized", "hostname": "mg0003", "timestamp": 1783745685.4042745, "view_digest": "fc3a2018dde30c89a4b6ff54a0b0fe633ae95bf8db44436016839d6520a343e7"}
{"actor": "syncer", "event_type": "coordination_stage_completed", "hostname": "mg0003", "lease_sequence": 1, "owner_id": "syncer-active", "owner_session_id": "20260711_p05_full_a29adab_1node-fragment-active", "proposed_fencing_epoch": 1, "seconds": 0.00499031797517091, "stage": "lease_acquire", "timestamp": 1783745685.4123788}
{"actor": "syncer", "commit_seq": 1, "event_type": "coordination_stage_completed", "fencing_epoch": 1, "hostname": "mg0003", "optimizer_transition_count": 0, "owner_id": "syncer-active", "owner_session_id": "20260711_p05_full_a29adab_1node-fragment-active", "seconds": 0.04201077402103692, "stage": "fence_commit_and_strict_replay", "timestamp": 1783745685.4555113}
{"actor": "syncer", "commit_seq": 1, "eligible": 0, "event_type": "quorum_wait", "fragment_id": 0, "hostname": "mg0003", "quorum_min": 1, "timestamp": 1783745685.6852162}
{"actor": "syncer", "commit_seq": 1, "eligible": 0, "event_type": "quorum_wait", "fragment_id": 0, "hostname": "mg0003", "quorum_min": 1, "timestamp": 1783745686.0875587}
{"actor": "syncer", "commit_seq": 1, "eligible": 0, "event_type": "quorum_wait", "fragment_id": 0, "hostname": "mg0003", "quorum_min": 1, "timestamp": 1783745686.4898016}
{"actor": "syncer", "commit_seq": 1, "eligible": 0, "event_type": "quorum_wait", "fragment_id": 0, "hostname": "mg0003", "quorum_min": 1, "timestamp": 1783745686.8920455}
{"actor": "syncer", "commit_seq": 1, "eligible": 0, "event_type": "quorum_wait", "fragment_id": 0, "hostname": "mg0003", "quorum_min": 1, "timestamp": 1783745687.294234}
{"actor": "syncer", "commit_seq": 1, "eligible": 0, "event_type": "quorum_wait", "fragment_id": 0, "hostname": "mg0003", "quorum_min": 1, "timestamp": 1783745687.718792}
{"actor": "syncer", "event_type": "transaction_stage_completed", "hostname": "mg0003", "seconds": 0.00441508402582258, "selected_count": 2, "stage": "catalog", "target_commit_seq": 2, "timestamp": 1783745687.9263752}
{"actor": "syncer", "event_type": "transaction_stage_completed", "hostname": "mg0003", "seconds": 0.013770982972346246, "stage": "proposal_observation", "target_commit_seq": 2, "timestamp": 1783745687.9389293}
{"actor": "syncer", "event_type": "transaction_stage_completed", "hostname": "mg0003", "seconds": 0.0010242590215057135, "stage": "aggregation", "target_commit_seq": 2, "timestamp": 1783745687.9399533}
{"actor": "syncer", "event_type": "transaction_stage_completed", "hostname": "mg0003", "seconds": 0.0010133140021935105, "stage": "outer_step", "target_commit_seq": 2, "timestamp": 1783745687.9409664}
{"actor": "syncer", "event_type": "transaction_stage_completed", "hostname": "mg0003", "seconds": 0.027298092027194798, "stage": "successor_prepare", "target_commit_seq": 2, "timestamp": 1783745687.9720156}
{"actor": "syncer", "commit_id": "c-23d8b2ce5b038867d5666e15138024ee0115c3a5cc91c0ff27136bc191bf47ef", "commit_seq": 2, "event_type": "head_cas_completed", "hostname": "mg0003", "seconds": 0.008131191018037498, "timestamp": 1783745687.9801464}
{"actor": "syncer", "commit_id": "c-23d8b2ce5b038867d5666e15138024ee0115c3a5cc91c0ff27136bc191bf47ef", "commit_seq": 2, "event_type": "post_cas_replay_completed", "hostname": "mg0003", "seconds": 0.014067206997424364, "timestamp": 1783745687.99506}
{"actor": "syncer", "event_type": "transaction_stage_completed", "hostname": "mg0003", "seconds": 0.022202558000572026, "stage": "materialized_export", "target_commit_seq": 2, "timestamp": 1783745688.0182593}
{"actor": "syncer", "commit_id": "c-23d8b2ce5b038867d5666e15138024ee0115c3a5cc91c0ff27136bc191bf47ef", "commit_seq": 2, "event_type": "transition_committed", "fragment_id": 0, "hostname": "mg0003", "selected_proposal_ids": ["p-19baeb30d74e5a831d16f73ad0055cc5da0e06a8fad75f3d5fece94c84b87f8e", "p-19feb6a0276135944c6b19578183cfdb9c33fe6f430ad87f01c2b82306c0cec0"], "timestamp": 1783745688.0201557, "view_digest": "6953214c9ded3530014de385d02644dae45091e7bc00f2dba298ca91eaed29f1"}
{"actor": "syncer", "event_type": "transaction_stage_completed", "hostname": "mg0003", "seconds": 0.2088782790233381, "selected_count": 2, "stage": "catalog", "target_commit_seq": 3, "timestamp": 1783745688.2311983}
{"actor": "syncer", "event_type": "transaction_stage_completed", "hostname": "mg0003", "seconds": 0.01370202301768586, "stage": "proposal_observation", "target_commit_seq": 3, "timestamp": 1783745688.2436378}
{"actor": "syncer", "event_type": "transaction_stage_completed", "hostname": "mg0003", "seconds": 0.0010123219690285623, "stage": "aggregation", "target_commit_seq": 3, "timestamp": 1783745688.2446494}
{"actor": "syncer", "event_type": "transaction_stage_completed", "hostname": "mg0003", "seconds": 0.0010096349869854748, "stage": "outer_step", "target_commit_seq": 3, "timestamp": 1783745688.245659}
{"actor": "syncer", "event_type": "transaction_stage_completed", "hostname": "mg0003", "seconds": 0.03192181803751737, "stage": "successor_prepare", "target_commit_seq": 3, "timestamp": 1783745688.278549}
{"actor": "syncer", "commit_id": "c-38349ba82f000f930277e1c05e608b43cf620e8308e1ad07978dc1f55ed45f08", "commit_seq": 3, "event_type": "head_cas_completed", "hostname": "mg0003", "seconds": 0.007651477004401386, "timestamp": 1783745688.2862003}
{"actor": "syncer", "commit_id": "c-38349ba82f000f930277e1c05e608b43cf620e8308e1ad07978dc1f55ed45f08", "commit_seq": 3, "event_type": "post_cas_replay_completed", "hostname": "mg0003", "seconds": 0.020014520036056638, "timestamp": 1783745688.307085}
{"actor": "syncer", "event_type": "transaction_stage_completed", "hostname": "mg0003", "seconds": 0.021855933009646833, "stage": "materialized_export", "target_commit_seq": 3, "timestamp": 1783745688.3299627}
{"actor": "syncer", "commit_id": "c-38349ba82f000f930277e1c05e608b43cf620e8308e1ad07978dc1f55ed45f08", "commit_seq": 3, "event_type": "transition_committed", "fragment_id": 1, "hostname": "mg0003", "selected_proposal_ids": ["p-08ee7cafc302eeb85695e0e8827c787bb3b0823bc1acbf3dfa300b49d9aca8c2", "p-4572e9a3501126a7942094167d1a747a9c4ac15b0b6b3d7bfb19b2f6c7683cee"], "timestamp": 1783745688.331526, "view_digest": "079d3e5d1d812ed93508e9b7bbc8a29110254ea100f81480373c9efbe423155f"}
{"actor": "syncer", "event_type": "transaction_stage_completed", "hostname": "mg0003", "seconds": 0.24519777297973633, "selected_count": 2, "stage": "catalog", "target_commit_seq": 4, "timestamp": 1783745688.5788176}
{"actor": "syncer", "event_type": "transaction_stage_completed", "hostname": "mg0003", "seconds": 0.01991551200626418, "stage": "proposal_observation", "target_commit_seq": 4, "timestamp": 1783745688.597474}
{"actor": "syncer", "event_type": "transaction_stage_completed", "hostname": "mg0003", "seconds": 0.0013356520212255418, "stage": "aggregation", "target_commit_seq": 4, "timestamp": 1783745688.5988092}
{"actor": "syncer", "event_type": "transaction_stage_completed", "hostname": "mg0003", "seconds": 0.0010605140123516321, "stage": "outer_step", "target_commit_seq": 4, "timestamp": 1783745688.59987}
{"actor": "syncer", "event_type": "transaction_stage_completed", "hostname": "mg0003", "seconds": 0.04130814701784402, "stage": "successor_prepare", "target_commit_seq": 4, "timestamp": 1783745688.642109}
{"actor": "syncer", "commit_id": "c-79950071cfa0302730d9272bb606b9336adb3937390d2f691c7170ae26903b01", "commit_seq": 4, "event_type": "head_cas_completed", "hostname": "mg0003", "seconds": 0.0370322959497571, "timestamp": 1783745688.679141}
{"actor": "syncer", "commit_id": "c-79950071cfa0302730d9272bb606b9336adb3937390d2f691c7170ae26903b01", "commit_seq": 4, "event_type": "post_cas_replay_completed", "hostname": "mg0003", "seconds": 0.024398083973210305, "timestamp": 1783745688.7049592}
{"actor": "syncer", "event_type": "transaction_stage_completed", "hostname": "mg0003", "seconds": 0.031211799010634422, "stage": "materialized_export", "target_commit_seq": 4, "timestamp": 1783745688.737116}
{"actor": "syncer", "commit_id": "c-79950071cfa0302730d9272bb606b9336adb3937390d2f691c7170ae26903b01", "commit_seq": 4, "event_type": "transition_committed", "fragment_id": 0, "hostname": "mg0003", "selected_proposal_ids": ["p-90116d75a7d26a16a45a3d3a67b73848d840bb1fbbbd40103a212742ba70fff1", "p-93a48af891a0156cbfde90ace2d35ea323d5feb39cf59a522198bb70167e0732"], "timestamp": 1783745688.7387586, "view_digest": "70747713847fbc4bae0daf2a1533f9192ae6cc30099e7478b93d0db032cbd65e"}
{"actor": "syncer", "event_type": "transaction_stage_completed", "hostname": "mg0003", "seconds": 0.24597793503198773, "selected_count": 2, "stage": "catalog", "target_commit_seq": 5, "timestamp": 1783745688.9868646}
{"actor": "syncer", "event_type": "transaction_stage_completed", "hostname": "mg0003", "seconds": 0.014202407968696207, "stage": "proposal_observation", "target_commit_seq": 5, "timestamp": 1783745688.9997945}
{"actor": "syncer", "event_type": "transaction_stage_completed", "hostname": "mg0003", "seconds": 0.001095587038435042, "stage": "aggregation", "target_commit_seq": 5, "timestamp": 1783745689.00089}
{"actor": "syncer", "event_type": "transaction_stage_completed", "hostname": "mg0003", "seconds": 0.0010430109687149525, "stage": "outer_step", "target_commit_seq": 5, "timestamp": 1783745689.001933}
{"actor": "syncer", "event_type": "transaction_stage_completed", "hostname": "mg0003", "seconds": 0.04418021801393479, "stage": "successor_prepare", "target_commit_seq": 5, "timestamp": 1783745689.047042}
{"actor": "syncer", "commit_id": "c-4ba4845e78b7b7ac5f5a94eeeda1d011b149227bbc173a03246c65da5ae690fd", "commit_seq": 5, "event_type": "head_cas_completed", "hostname": "mg0003", "seconds": 0.00800872698891908, "timestamp": 1783745689.05505}
{"actor": "syncer", "commit_id": "c-4ba4845e78b7b7ac5f5a94eeeda1d011b149227bbc173a03246c65da5ae690fd", "commit_seq": 5, "event_type": "post_cas_replay_completed", "hostname": "mg0003", "seconds": 0.029909619013778865, "timestamp": 1783745689.0858715}
{"actor": "syncer", "event_type": "transaction_stage_completed", "hostname": "mg0003", "seconds": 0.026044775964692235, "stage": "materialized_export", "target_commit_seq": 5, "timestamp": 1783745689.1129}
{"actor": "syncer", "commit_id": "c-4ba4845e78b7b7ac5f5a94eeeda1d011b149227bbc173a03246c65da5ae690fd", "commit_seq": 5, "event_type": "transition_committed", "fragment_id": 1, "hostname": "mg0003", "selected_proposal_ids": ["p-5ddf988fadae2cca6cb85590a7bfb7b7b1755cda4776e25818a4abe8b6d62cb1", "p-8412e180c4e9e8c5ace52016fcda129d8c39b06619e6bf47b395967b6ea373a6"], "timestamp": 1783745689.1144493, "view_digest": "32c8bc4cc0d2d851c40fcbfd2d3cbe909a7a45d6cf3dba16e81fe7fd6d5d260d"}
{"actor": "syncer", "commit_seq": 6, "event_type": "coordination_stage_completed", "hostname": "mg0003", "optimizer_transition_count": 4, "seconds": 0.08949279400985688, "stage": "authoritative_stop", "timestamp": 1783745689.2049398}
{"actor": "syncer", "commit_id": "c-82464ef986997df037e02809cdab5ce392c93918a849b63bb6da3dfb2503fc7e", "commit_seq": 6, "event_type": "stop_published", "hostname": "mg0003", "reason": "stop_after_outer_steps", "timestamp": 1783745689.2309484}
{"actor": "syncer", "commit_seq": 6, "event_type": "process_exit", "hostname": "mg0003", "reason": "stop_after_outer_steps", "timestamp": 1783745689.231852}
