{"actor": "learner_001", "device": "cpu", "event_type": "process_start", "fragment_mode": true, "hostname": "mg0003", "learner_id": "learner_001", "run_id": "20260711_p05_full_a29adab_1node-fragment", "timestamp": 1783745686.7555034}
{"actor": "learner_001", "event_type": "loaded_fragment_latest", "fragment_versions": {"0": 0, "1": 0}, "global_merge_event": 0, "hostname": "mg0003", "timestamp": 1783745687.6944091}
{"actor": "learner_001", "event_type": "inner_optimizer_reset", "hostname": "mg0003", "timestamp": 1783745687.6963332, "version": 0}
{"actor": "learner_001", "event_type": "inner_step_summary", "global_merge_event": 0, "hostname": "mg0003", "local_step": 1, "timestamp": 1783745687.7165627, "train_loss": 4.299109935760498}
{"actor": "learner_001", "event_type": "inner_step_summary", "global_merge_event": 0, "hostname": "mg0003", "local_step": 2, "timestamp": 1783745687.722131, "train_loss": 4.225545406341553}
{"actor": "learner_001", "base_fragment_version": 0, "event_type": "fragment_update_written", "file_path": "/work/xg24i002/x10041/duraloco_worktrees/p05-full-a29adab/runs/duraloco/P05/20260711_p05_full_a29adab_1node/fragment/updates/pending/learner_001/update_1ebc347687c5_fragment_000.params.safetensors", "fragment_id": 0, "hostname": "mg0003", "local_step": 2, "timestamp": 1783745687.7397065, "tokens": 64, "train_loss": 4.262327671051025, "update_id": "learner_001_00000002_f000_1ebc347687c5"}
{"actor": "learner_001", "event_type": "heartbeat_written", "hostname": "mg0003", "local_step": 2, "timestamp": 1783745687.748172}
{"actor": "learner_001", "current_global_merge_event": 0, "event_type": "fragment_latest_polled", "found_global_merge_event": 1, "hostname": "mg0003", "timestamp": 1783745688.1504643}
{"actor": "learner_001", "event_type": "inner_optimizer_reset", "fragments": [0], "hostname": "mg0003", "timestamp": 1783745688.1521447, "version": 1}
{"actor": "learner_001", "event_type": "fragments_adopted", "fragment_versions": {"0": 1, "1": 0}, "fragments": [0], "global_merge_event": 1, "hostname": "mg0003", "timestamp": 1783745688.153035}
{"actor": "learner_001", "event_type": "inner_step_summary", "global_merge_event": 1, "hostname": "mg0003", "local_step": 3, "timestamp": 1783745688.1567035, "train_loss": 4.447336196899414}
{"actor": "learner_001", "event_type": "inner_step_summary", "global_merge_event": 1, "hostname": "mg0003", "local_step": 4, "timestamp": 1783745688.1605866, "train_loss": 4.3487935066223145}
{"actor": "learner_001", "base_fragment_version": 0, "event_type": "fragment_update_written", "file_path": "/work/xg24i002/x10041/duraloco_worktrees/p05-full-a29adab/runs/duraloco/P05/20260711_p05_full_a29adab_1node/fragment/updates/pending/learner_001/update_aa668f493983_fragment_001.params.safetensors", "fragment_id": 1, "hostname": "mg0003", "local_step": 4, "timestamp": 1783745688.1736727, "tokens": 64, "train_loss": 4.398064851760864, "update_id": "learner_001_00000004_f001_aa668f493983"}
{"actor": "learner_001", "event_type": "heartbeat_written", "hostname": "mg0003", "local_step": 4, "timestamp": 1783745688.1784039}
{"actor": "learner_001", "current_global_merge_event": 1, "event_type": "fragment_latest_polled", "found_global_merge_event": 2, "hostname": "mg0003", "timestamp": 1783745688.3801825}
{"actor": "learner_001", "event_type": "inner_optimizer_reset", "fragments": [1], "hostname": "mg0003", "timestamp": 1783745688.3834214, "version": 2}
{"actor": "learner_001", "event_type": "fragments_adopted", "fragment_versions": {"0": 1, "1": 1}, "fragments": [1], "global_merge_event": 2, "hostname": "mg0003", "timestamp": 1783745688.3843455}
{"actor": "learner_001", "event_type": "inner_step_summary", "global_merge_event": 2, "hostname": "mg0003", "local_step": 5, "timestamp": 1783745688.3920033, "train_loss": 4.413426399230957}
{"actor": "learner_001", "event_type": "inner_step_summary", "global_merge_event": 2, "hostname": "mg0003", "local_step": 6, "timestamp": 1783745688.3948767, "train_loss": 4.344351291656494}
{"actor": "learner_001", "base_fragment_version": 1, "event_type": "fragment_update_written", "file_path": "/work/xg24i002/x10041/duraloco_worktrees/p05-full-a29adab/runs/duraloco/P05/20260711_p05_full_a29adab_1node/fragment/updates/pending/learner_001/update_6e0d19da2a5e_fragment_000.params.safetensors", "fragment_id": 0, "hostname": "mg0003", "local_step": 6, "timestamp": 1783745688.4082954, "tokens": 64, "train_loss": 4.378888845443726, "update_id": "learner_001_00000006_f000_6e0d19da2a5e"}
{"actor": "learner_001", "event_type": "heartbeat_written", "hostname": "mg0003", "local_step": 6, "timestamp": 1783745688.413733}
{"actor": "learner_001", "current_global_merge_event": 2, "event_type": "fragment_latest_polled", "found_global_merge_event": 3, "hostname": "mg0003", "timestamp": 1783745688.816002}
{"actor": "learner_001", "event_type": "inner_optimizer_reset", "fragments": [0], "hostname": "mg0003", "timestamp": 1783745688.8177314, "version": 3}
{"actor": "learner_001", "event_type": "fragments_adopted", "fragment_versions": {"0": 2, "1": 1}, "fragments": [0], "global_merge_event": 3, "hostname": "mg0003", "timestamp": 1783745688.8187494}
{"actor": "learner_001", "event_type": "inner_step_summary", "global_merge_event": 3, "hostname": "mg0003", "local_step": 7, "timestamp": 1783745688.8211386, "train_loss": 4.179391384124756}
{"actor": "learner_001", "event_type": "heartbeat_written", "hostname": "mg0003", "local_step": 7, "timestamp": 1783745688.824919}
{"actor": "learner_001", "event_type": "inner_step_summary", "global_merge_event": 3, "hostname": "mg0003", "local_step": 8, "timestamp": 1783745688.8273687, "train_loss": 4.207085132598877}
{"actor": "learner_001", "base_fragment_version": 1, "event_type": "fragment_update_written", "file_path": "/work/xg24i002/x10041/duraloco_worktrees/p05-full-a29adab/runs/duraloco/P05/20260711_p05_full_a29adab_1node/fragment/updates/pending/learner_001/update_38f54723586d_fragment_001.params.safetensors", "fragment_id": 1, "hostname": "mg0003", "local_step": 8, "timestamp": 1783745688.8419106, "tokens": 64, "train_loss": 4.193238258361816, "update_id": "learner_001_00000008_f001_38f54723586d"}
{"actor": "learner_001", "event_type": "heartbeat_written", "hostname": "mg0003", "local_step": 8, "timestamp": 1783745688.846444}
{"actor": "learner_001", "current_global_merge_event": 3, "event_type": "fragment_latest_polled", "found_global_merge_event": 4, "hostname": "mg0003", "timestamp": 1783745689.2486055}
{"actor": "learner_001", "event_type": "inner_optimizer_reset", "fragments": [1], "hostname": "mg0003", "timestamp": 1783745689.2514253, "version": 4}
{"actor": "learner_001", "event_type": "fragments_adopted", "fragment_versions": {"0": 2, "1": 2}, "fragments": [1], "global_merge_event": 4, "hostname": "mg0003", "timestamp": 1783745689.252425}
{"actor": "learner_001", "event_type": "stop_seen", "hostname": "mg0003", "reason": "stop_after_outer_steps", "timestamp": 1783745689.2554862}
{"actor": "learner_001", "deleted_files": 8, "event_type": "retention_cleanup", "hostname": "mg0003", "keep_last": 0, "role": "learner", "timestamp": 1783745689.2658823, "update_dir": "/work/xg24i002/x10041/duraloco_worktrees/p05-full-a29adab/runs/duraloco/P05/20260711_p05_full_a29adab_1node/fragment/updates/pending/learner_001"}
{"actor": "learner_001", "event_type": "process_exit", "fragment_adopt_count": 4, "fragment_versions": {"0": 2, "1": 2}, "global_version": 4, "hostname": "mg0003", "local_step": 8, "timestamp": 1783745689.267013}
