{"actor": "learner_000", "device": "cuda", "event_type": "process_start", "hostname": "mg0007", "learner_id": "learner_000", "run_id": "20260711_p06_repair_2581a4d_1node-training", "timestamp": 1783750171.927898}
[transformers] `torch_dtype` is deprecated! Use `dtype` instead!
Loading weights:   0%|          | 0/148 [00:00<?, ?it/s]Loading weights:  72%|███████▏  | 106/148 [00:00<00:00, 1033.74it/s]Loading weights: 100%|██████████| 148/148 [00:00<00:00, 807.64it/s] 
{"actor": "learner_000", "event_type": "loaded_global", "hostname": "mg0007", "timestamp": 1783750193.2635088, "version": 1}
{"actor": "learner_000", "event_type": "inner_optimizer_reset", "hostname": "mg0007", "timestamp": 1783750193.2658904, "version": 1}
Generating test split:   0%|          | 0/4358 [00:00<?, ? examples/s]Generating test split: 100%|██████████| 4358/4358 [00:00<00:00, 128072.59 examples/s]
Generating train split:   0%|          | 0/36718 [00:00<?, ? examples/s]Generating train split: 100%|██████████| 36718/36718 [00:00<00:00, 1704988.04 examples/s]
Generating validation split:   0%|          | 0/3760 [00:00<?, ? examples/s]Generating validation split: 100%|██████████| 3760/3760 [00:00<00:00, 665593.95 examples/s]
{"actor": "learner_000", "committed_intervals": 0, "event_type": "warm_recovery", "hostname": "mg0007", "lost_tokens": 0, "max_uncommitted_base_commit_seq": null, "new_session": {"learner_id": "learner_000", "learner_session_id": "learner_000-cdf88f4dbacf4784ae69eae70378dbea", "protocol_version": 2, "record_type": "learner_session", "run_generation": 0, "run_id": "20260711_p06_repair_2581a4d_1node-training"}, "next_sequence": 1, "published_intervals": 0, "repeated_tokens_estimate": 0, "timestamp": 1783750201.5123227, "uncommitted_intervals": 0, "warm_not_exact": true}
[transformers] `loss_type=None` was set in the config but it is unrecognized. Using the default loss: `ForCausalLMLoss`.
{"actor": "learner_000", "event_type": "inner_step_summary", "global_version": 1, "hostname": "mg0007", "local_step": 1, "timestamp": 1783750201.9120994, "train_loss": 4.241382598876953}
{"actor": "learner_000", "event_type": "inner_step_summary", "global_version": 1, "hostname": "mg0007", "local_step": 2, "timestamp": 1783750201.9423153, "train_loss": 4.632730007171631}
{"actor": "learner_000", "event_type": "update_written", "file_path": "/work/xg24i002/x10041/duraloco_worktrees/p06-repair-2581a4d/runs/duraloco/P06/20260711_p06_repair_2581a4d_1node/training/updates/pending/learner_000/update_30526f924202.params.safetensors", "hostname": "mg0007", "interval_digest": "b96f4dbae1abbb00a63aec653f442ee9f7206d791f30ba30f416407a61ba2301", "local_step": 2, "publication_proposal_id": "proposal-edb5a7466b2fc5930d2e0cdb734fc7e5e6a951a727dbeda660dafa99606c5c21", "publication_request_id": "learner-publish-caae963a322c2502c0cb4287ebfcc9c61bc2e31ffb2e9b001fe83339a9b9b263", "timestamp": 1783750203.5416722, "tokens": 256, "train_loss": 4.437056303024292, "update_id": "learner_000_00000002_30526f924202"}
{"actor": "learner_000", "event_type": "heartbeat_written", "hostname": "mg0007", "local_step": 2, "timestamp": 1783750203.5486267}
{"actor": "learner_000", "current_version": 1, "event_type": "latest_polled", "found_version": 2, "hostname": "mg0007", "timestamp": 1783750213.5577867}
{"actor": "learner_000", "event_type": "global_adopted", "hostname": "mg0007", "timestamp": 1783750213.6021605, "version": 2}
{"actor": "learner_000", "adoption_state_digest": "583f658d442f868f8391aa209c5d78a827ff7138ea386e63d6e9b915f1e7d88d", "event_type": "inner_optimizer_adoption", "hostname": "mg0007", "policy": "reset_all", "reset_parameter_count": 148, "timestamp": 1783750213.6037338, "version": 2}
{"actor": "learner_000", "event_type": "inner_step_summary", "global_version": 2, "hostname": "mg0007", "local_step": 3, "timestamp": 1783750213.6361277, "train_loss": 4.157248497009277}
{"actor": "learner_000", "event_type": "heartbeat_written", "hostname": "mg0007", "local_step": 3, "timestamp": 1783750213.6689072}
{"actor": "learner_000", "event_type": "inner_step_summary", "global_version": 2, "hostname": "mg0007", "local_step": 4, "timestamp": 1783750213.6968129, "train_loss": 4.630003929138184}
{"actor": "learner_000", "event_type": "update_written", "file_path": "/work/xg24i002/x10041/duraloco_worktrees/p06-repair-2581a4d/runs/duraloco/P06/20260711_p06_repair_2581a4d_1node/training/updates/pending/learner_000/update_00ce077836f4.params.safetensors", "hostname": "mg0007", "interval_digest": "d64cfc6dfe523f7ec0f6c0be17ed84f29dac0bf4416895c3d3fd08c6e71c26f0", "local_step": 4, "publication_proposal_id": "proposal-06023e54ab7c49b6684dd6ba05c6201e846966178e4c1bd97a3c7cf40936ff6b", "publication_request_id": "learner-publish-2f1d59b743018e8e7e90b4b1fcd15bac3f3f185d7528ebbdee4d692bf0b81380", "timestamp": 1783750214.9994683, "tokens": 256, "train_loss": 4.3936262130737305, "update_id": "learner_000_00000004_00ce077836f4"}
{"actor": "learner_000", "event_type": "heartbeat_written", "hostname": "mg0007", "local_step": 4, "timestamp": 1783750215.005021}
{"actor": "learner_000", "current_version": 2, "event_type": "latest_polled", "found_version": 3, "hostname": "mg0007", "timestamp": 1783750219.010821}
{"actor": "learner_000", "event_type": "global_adopted", "hostname": "mg0007", "timestamp": 1783750219.043369, "version": 3}
{"actor": "learner_000", "adoption_state_digest": "275d342cff6bbedee4ac279c63e41d69b35f4a50f8ea0c787482f3c416e2588a", "event_type": "inner_optimizer_adoption", "hostname": "mg0007", "policy": "reset_all", "reset_parameter_count": 148, "timestamp": 1783750219.044999, "version": 3}
{"actor": "learner_000", "event_type": "stop_seen", "hostname": "mg0007", "reason": "stop_after_outer_steps", "timestamp": 1783750219.046562}
{"actor": "learner_000", "event_type": "process_exit", "global_version": 3, "hostname": "mg0007", "local_step": 4, "timestamp": 1783750219.05658}
