{
  "finding_count": 0,
  "findings": [],
  "scanned_files": 238,
  "status": "PASS"
}
{
  "action_counts": {
    "commit": 2666,
    "decide": 1047,
    "invalid_unknown_selection": 899,
    "publish": 7388,
    "restart": 1424
  },
  "count": 1000,
  "start_seed": 0,
  "suite_digest": "bf7c6538396f59b02c9240b03c13354dd6d3a84e18ff67848b689b448560dfb1",
  "unique_state_digests": 1000
}
........................................................................ [ 18%]
........................................................................ [ 37%]
........................................................................ [ 56%]
....................................s................................... [ 75%]
........................................................................ [ 94%]
...................                                                      [100%]
378 passed, 1 skipped in 19.27s
{
  "authority": "committed-transition-log",
  "commit_id": "c-eaae91f676d0869f1d7ba60e455288af484c82ba0212890d0ddb8b482149ce4d",
  "commit_seq": 3,
  "committed_selected_counts_by_event": {
    "1": 1
  },
  "committed_state_digest": "93001f4a464bf0c29c3656b6bd495447959dfaf06a53af0ae72925cceacdf356",
  "consumed_proposal_count": 1,
  "fragment_versions": {
    "0": 1
  },
  "frontier_sha256": "18ec9c04601128401c4b77cc22f0fc343368a5313594b8cc97d805604bbfe3b1",
  "global_merge_event": 1,
  "heartbeats": {
    "learner_000": {
      "format_version": 1,
      "hostname": "mg0007",
      "last_loaded_global_version": 3,
      "last_local_step": 4,
      "last_update_id": "learner_000_00000004_00ce077836f4",
      "learner_id": "learner_000",
      "phase": "process_exit",
      "pid": 3898090,
      "run_id": "20260711_p06_repair_2581a4d_1node-training",
      "status": "stopped",
      "timestamp": 1783750219.047468,
      "tokens_per_sec": null
    }
  },
  "latest": {
    "authority": "committed-transition-log-and-head-fence",
    "commit_id": "c-eaae91f676d0869f1d7ba60e455288af484c82ba0212890d0ddb8b482149ce4d",
    "commit_seq": 3,
    "committed_interval_identities": [
      [
        "learner_000",
        "learner_000-cdf88f4dbacf4784ae69eae70378dbea",
        0,
        1
      ]
    ],
    "committed_state_digest": "93001f4a464bf0c29c3656b6bd495447959dfaf06a53af0ae72925cceacdf356",
    "created_at": 1783750218.1605978,
    "fencing_epoch": 1,
    "format_version": 1,
    "fragment_versions": {
      "0": 1
    },
    "frontier_sha256": "18ec9c04601128401c4b77cc22f0fc343368a5313594b8cc97d805604bbfe3b1",
    "global_merge_event": 1,
    "optim_path": "/work/xg24i002/x10041/duraloco_worktrees/p06-repair-2581a4d/runs/duraloco/P06/20260711_p06_repair_2581a4d_1node/training/optim/outer_v000003.safetensors",
    "optimizer_transition_count": 1,
    "owner_id": "syncer-a",
    "owner_session_id": "20260711_p06_repair_2581a4d_1node-owner",
    "param_index_path": "/work/xg24i002/x10041/duraloco_worktrees/p06-repair-2581a4d/runs/duraloco/P06/20260711_p06_repair_2581a4d_1node/training/control/param_index.json",
    "run_generation": 0,
    "run_id": "20260711_p06_repair_2581a4d_1node-training",
    "runtime_view_digest": "3f8e6dffdc01b33f68b738d67266eeceec3e1923468c2504c48e3bf366c3c595",
    "total_seen_tokens": 256,
    "version": 3,
    "weight_path": "/work/xg24i002/x10041/duraloco_worktrees/p06-repair-2581a4d/runs/duraloco/P06/20260711_p06_repair_2581a4d_1node/training/weights/global_v000003.safetensors"
  },
  "latest_export_valid": true,
  "latest_kind": "full",
  "learner_fragment_adoption": {
    "learner_000": {
      "adoption_events": 0,
      "has_adopted_after_initial": false
    }
  },
  "learner_local_steps": {
    "learner_000": 4
  },
  "learner_metrics": {
    "exists": true,
    "path": "/work/xg24i002/x10041/duraloco_worktrees/p06-repair-2581a4d/runs/duraloco/P06/20260711_p06_repair_2581a4d_1node/training/metrics/learner_metrics.csv",
    "rows": 2
  },
  "loss_summary": {
    "count": 2,
    "invalid_or_nonfinite": 0,
    "max": 4.437056303024292,
    "min": 4.3936262130737305,
    "obvious_divergence": false
  },
  "materialized_weight_exists": true,
  "optimizer_transition_count": 1,
  "payload_codec": "safetensors-flat-v1",
  "run_generation": 0,
  "run_id": "20260711_p06_repair_2581a4d_1node-training",
  "runtime_view_digest": "3f8e6dffdc01b33f68b738d67266eeceec3e1923468c2504c48e3bf366c3c595",
  "shared_root": "/work/xg24i002/x10041/duraloco_worktrees/p06-repair-2581a4d/runs/duraloco/P06/20260711_p06_repair_2581a4d_1node/training",
  "stop_reason": "stop_after_outer_steps",
  "syncer_log_flags": {
    "error": false,
    "no_progress_timeout": false,
    "uncaught_exception": false
  },
  "syncer_metrics": {
    "exists": true,
    "path": "/work/xg24i002/x10041/duraloco_worktrees/p06-repair-2581a4d/runs/duraloco/P06/20260711_p06_repair_2581a4d_1node/training/metrics/syncer_metrics.csv",
    "rows": 1
  },
  "total_seen_tokens": 256,
  "update_manifest": {
    "exists": true,
    "path": "/work/xg24i002/x10041/duraloco_worktrees/p06-repair-2581a4d/runs/duraloco/P06/20260711_p06_repair_2581a4d_1node/training/metrics/update_manifest.csv",
    "rows": 2
  }
}
{
  "boundary_adoptions": 2,
  "finite_losses": [
    4.437056303024292,
    4.3936262130737305
  ],
  "local_steps": 4,
  "publication_request_ids": [
    "learner-publish-caae963a322c2502c0cb4287ebfcc9c61bc2e31ffb2e9b001fe83339a9b9b263",
    "learner-publish-2f1d59b743018e8e7e90b4b1fcd15bac3f3f185d7528ebbdee4d692bf0b81380"
  ],
  "published_intervals": 2,
  "status": "PASS"
}
