{"actor": "syncer", "authority_root": "/work/xg24i002/x10041/duraloco_worktrees/p06-repair-2581a4d/runs/duraloco/P06/20260711_p06_repair_2581a4d_1node/training/authority", "cuda_visible_devices": "0", "device": "cuda", "event_type": "process_start", "hostname": "mg0007", "owner_id": "syncer-a", "owner_session_id": "20260711_p06_repair_2581a4d_1node-owner", "run_generation": 0, "run_id": "20260711_p06_repair_2581a4d_1node-training", "shared_root": "/work/xg24i002/x10041/duraloco_worktrees/p06-repair-2581a4d/runs/duraloco/P06/20260711_p06_repair_2581a4d_1node/training", "standby": false, "timestamp": 1783750166.8612995}
[transformers] `torch_dtype` is deprecated! Use `dtype` instead!
Loading weights:   0%|          | 0/148 [00:00<?, ?it/s]Loading weights:  72%|███████▏  | 106/148 [00:00<00:00, 1049.48it/s]Loading weights: 100%|██████████| 148/148 [00:00<00:00, 853.59it/s] 
{"actor": "syncer", "commit_seq": 0, "event_type": "generation_initialized", "hostname": "mg0007", "timestamp": 1783750188.3479495, "view_digest": "6805b81c3272ef2bcfbb97c1051eb41bc6fcd40e89d7d5a7956fbd36e626cb53"}
{"actor": "syncer", "event_type": "coordination_stage_completed", "hostname": "mg0007", "lease_sequence": 1, "owner_id": "syncer-a", "owner_session_id": "20260711_p06_repair_2581a4d_1node-owner", "proposed_fencing_epoch": 1, "seconds": 0.013156041037291288, "stage": "lease_acquire", "timestamp": 1783750188.3646357}
{"actor": "syncer", "commit_seq": 1, "event_type": "coordination_stage_completed", "fencing_epoch": 1, "hostname": "mg0007", "optimizer_transition_count": 0, "owner_id": "syncer-a", "owner_session_id": "20260711_p06_repair_2581a4d_1node-owner", "seconds": 2.657398772891611, "stage": "fence_commit_and_strict_replay", "timestamp": 1783750191.0236065}
{"actor": "syncer", "commit_seq": 1, "eligible": 0, "event_type": "quorum_wait", "fragment_id": 0, "hostname": "mg0007", "quorum_min": 1, "timestamp": 1783750193.9175434}
{"actor": "syncer", "commit_seq": 1, "eligible": 0, "event_type": "quorum_wait", "fragment_id": 0, "hostname": "mg0007", "quorum_min": 1, "timestamp": 1783750195.920557}
{"actor": "syncer", "commit_seq": 1, "eligible": 0, "event_type": "quorum_wait", "fragment_id": 0, "hostname": "mg0007", "quorum_min": 1, "timestamp": 1783750197.9232059}
{"actor": "syncer", "commit_seq": 1, "eligible": 0, "event_type": "quorum_wait", "fragment_id": 0, "hostname": "mg0007", "quorum_min": 1, "timestamp": 1783750199.9271972}
{"actor": "syncer", "commit_seq": 1, "eligible": 0, "event_type": "quorum_wait", "fragment_id": 0, "hostname": "mg0007", "quorum_min": 1, "timestamp": 1783750201.9299743}
{"actor": "syncer", "event_type": "coordination_stage_completed", "fencing_epoch": 1, "hostname": "mg0007", "lease_sequence": 2, "renew_margin_seconds": 45.0, "seconds": 0.007305527105927467, "stage": "lease_renew", "timestamp": 1783750202.9386008}
{"actor": "syncer", "event_type": "transaction_stage_completed", "hostname": "mg0007", "seconds": 1.4260497910436243, "selected_count": 1, "stage": "catalog", "target_commit_seq": 2, "timestamp": 1783750204.367306}
{"actor": "syncer", "event_type": "transaction_stage_completed", "hostname": "mg0007", "seconds": 0.6448183599859476, "stage": "proposal_observation", "target_commit_seq": 2, "timestamp": 1783750205.0110686}
{"actor": "syncer", "event_type": "transaction_stage_completed", "hostname": "mg0007", "seconds": 0.0017807409167289734, "stage": "aggregation", "target_commit_seq": 2, "timestamp": 1783750205.0128467}
{"actor": "syncer", "event_type": "transaction_stage_completed", "hostname": "mg0007", "seconds": 0.011145378928631544, "stage": "outer_step", "target_commit_seq": 2, "timestamp": 1783750205.0239925}
{"actor": "syncer", "event_type": "transaction_stage_completed", "hostname": "mg0007", "seconds": 3.2457529548555613, "stage": "successor_prepare", "target_commit_seq": 2, "timestamp": 1783750208.270894}
{"actor": "syncer", "commit_id": "c-bd36647105ced02cc8928d1297f841c74ea2672bf05fabca6c4bea2e6d0499e4", "commit_seq": 2, "event_type": "head_cas_completed", "hostname": "mg0007", "seconds": 0.010214528068900108, "timestamp": 1783750208.2811062}
{"actor": "syncer", "commit_id": "c-bd36647105ced02cc8928d1297f841c74ea2672bf05fabca6c4bea2e6d0499e4", "commit_seq": 2, "event_type": "post_cas_replay_completed", "hostname": "mg0007", "seconds": 2.1654884808231145, "timestamp": 1783750210.4477136}
{"actor": "syncer", "event_type": "transaction_stage_completed", "hostname": "mg0007", "seconds": 2.1636203478556126, "stage": "materialized_export", "target_commit_seq": 2, "timestamp": 1783750212.6218865}
{"actor": "syncer", "commit_id": "c-bd36647105ced02cc8928d1297f841c74ea2672bf05fabca6c4bea2e6d0499e4", "commit_seq": 2, "event_type": "transition_committed", "fragment_id": 0, "hostname": "mg0007", "selected_proposal_ids": ["p-3c2d06d84ca0bdd5135b7a3d4e500e2c6b6b2e4209882dc7da0ccb620f38ef5f"], "timestamp": 1783750212.6245973, "view_digest": "a6b4c2c42a87b0d1324a6e3e81eac42f516dcb8017f3bc3a8eb9fb88238c3f16"}
{"actor": "syncer", "commit_seq": 3, "event_type": "coordination_stage_completed", "hostname": "mg0007", "optimizer_transition_count": 1, "seconds": 3.482338053872809, "stage": "authoritative_stop", "timestamp": 1783750216.1079621}
{"actor": "syncer", "commit_id": "c-eaae91f676d0869f1d7ba60e455288af484c82ba0212890d0ddb8b482149ce4d", "commit_seq": 3, "event_type": "stop_published", "hostname": "mg0007", "reason": "stop_after_outer_steps", "timestamp": 1783750218.166353}
{"actor": "syncer", "commit_seq": 3, "event_type": "process_exit", "hostname": "mg0007", "reason": "stop_after_outer_steps", "timestamp": 1783750218.1748183}
