{"actor": "learner_000", "device": "cuda", "event_type": "process_start", "hostname": "mg0042", "learner_id": "learner_000", "run_id": "20260711_p06a_repair_5a71502_c1-training", "timestamp": 1783761486.0953214}
[transformers] `torch_dtype` is deprecated! Use `dtype` instead!
Loading weights:   0%|          | 0/148 [00:00<?, ?it/s]Loading weights:  65%|██████▍   | 96/148 [00:00<00:00, 943.64it/s]Loading weights: 100%|██████████| 148/148 [00:00<00:00, 846.56it/s]
{"actor": "learner_000", "event_type": "loaded_global", "hostname": "mg0042", "timestamp": 1783761507.5192075, "version": 1}
{"actor": "learner_000", "event_type": "inner_optimizer_reset", "hostname": "mg0042", "timestamp": 1783761507.5215323, "version": 1}
{"actor": "learner_000", "committed_intervals": 0, "event_type": "warm_recovery", "hostname": "mg0042", "lost_tokens": 0, "max_uncommitted_base_commit_seq": null, "new_session": {"learner_id": "learner_000", "learner_session_id": "learner_000-fb39875227054174971f6e90c4c8f820", "protocol_version": 2, "record_type": "learner_session", "run_generation": 0, "run_id": "20260711_p06a_repair_5a71502_c1-training"}, "next_sequence": 1, "published_intervals": 0, "repeated_tokens_estimate": 0, "timestamp": 1783761515.8364828, "uncommitted_intervals": 0, "warm_not_exact": true}
[transformers] `loss_type=None` was set in the config but it is unrecognized. Using the default loss: `ForCausalLMLoss`.
{"actor": "learner_000", "event_type": "inner_step_summary", "global_version": 1, "hostname": "mg0042", "local_step": 1, "timestamp": 1783761516.2826169, "train_loss": 4.241382598876953}
{"actor": "learner_000", "event_type": "inner_step_summary", "global_version": 1, "hostname": "mg0042", "local_step": 2, "timestamp": 1783761516.3188999, "train_loss": 4.632730007171631}
{"actor": "learner_000", "event_type": "update_written", "file_path": "/work/xg24i002/x10041/fs_based_decoupled_diloco/runs/duraloco/20260711_p06a_repair_5a71502_c1/training/updates/pending/learner_000/update_c00fd52a82a6.params.safetensors", "hostname": "mg0042", "interval_digest": "a29d953b68c1b0535b87a0f0eecac0b3b02de73ed4e975bc81aa4ad0b9aaebb3", "local_step": 2, "publication_proposal_id": "proposal-8c020f5187e57de73fbd1a3a466d75ae7475a07377b00ef21eb24221d81e95ad", "publication_request_id": "learner-publish-27acb859444c4cfc892f9393379a161411e4c4122ed22aa9b337cb616b4f845a", "timestamp": 1783761517.747414, "tokens": 256, "train_loss": 4.437056303024292, "update_id": "learner_000_00000002_c00fd52a82a6"}
{"actor": "learner_000", "event_type": "heartbeat_written", "hostname": "mg0042", "local_step": 2, "timestamp": 1783761517.7568715}
{"actor": "learner_000", "current_version": 1, "event_type": "latest_polled", "found_version": 2, "hostname": "mg0042", "timestamp": 1783761529.7679093}
{"actor": "learner_000", "event_type": "global_adopted", "hostname": "mg0042", "timestamp": 1783761529.81332, "version": 2}
{"actor": "learner_000", "adoption_state_digest": "bc8336e34aa5f1a7f8994c991bca55437ac305605b8675362a637651e17d4c19", "event_type": "inner_optimizer_adoption", "hostname": "mg0042", "policy": "reset_all", "reset_parameter_count": 148, "timestamp": 1783761529.815042, "version": 2}
{"actor": "learner_000", "event_type": "inner_step_summary", "global_version": 2, "hostname": "mg0042", "local_step": 3, "timestamp": 1783761529.850249, "train_loss": 4.157248497009277}
{"actor": "learner_000", "event_type": "heartbeat_written", "hostname": "mg0042", "local_step": 3, "timestamp": 1783761529.856687}
{"actor": "learner_000", "event_type": "inner_step_summary", "global_version": 2, "hostname": "mg0042", "local_step": 4, "timestamp": 1783761529.8865306, "train_loss": 4.630003929138184}
{"actor": "learner_000", "event_type": "update_written", "file_path": "/work/xg24i002/x10041/fs_based_decoupled_diloco/runs/duraloco/20260711_p06a_repair_5a71502_c1/training/updates/pending/learner_000/update_84b4e752e897.params.safetensors", "hostname": "mg0042", "interval_digest": "101cc1d2e4d93186e79d7e35239ff1fd165733fbe013545bc32936dd5f61a3f6", "local_step": 4, "publication_proposal_id": "proposal-fc6c52d577da938c047b94851eff31755888ebe2e7b8e8b7575fa9c4af1e755d", "publication_request_id": "learner-publish-3286777add6a805ed1c1f76f3eed1a04311ff4fabd15fc8b75109c0e1d984f3e", "timestamp": 1783761531.2079961, "tokens": 256, "train_loss": 4.3936262130737305, "update_id": "learner_000_00000004_84b4e752e897"}
{"actor": "learner_000", "event_type": "heartbeat_written", "hostname": "mg0042", "local_step": 4, "timestamp": 1783761531.2158377}
{"actor": "learner_000", "current_version": 2, "event_type": "latest_polled", "found_version": 3, "hostname": "mg0042", "timestamp": 1783761535.2210987}
{"actor": "learner_000", "event_type": "global_adopted", "hostname": "mg0042", "timestamp": 1783761535.268563, "version": 3}
{"actor": "learner_000", "adoption_state_digest": "ea3c44797dd2af5a4a17e3d26404f06f4b44accc7ceeeb19915579bb94efcfd6", "event_type": "inner_optimizer_adoption", "hostname": "mg0042", "policy": "reset_all", "reset_parameter_count": 148, "timestamp": 1783761535.2704716, "version": 3}
{"actor": "learner_000", "event_type": "stop_seen", "hostname": "mg0042", "reason": "stop_after_outer_steps", "timestamp": 1783761535.2720876}
{"actor": "learner_000", "event_type": "process_exit", "global_version": 3, "hostname": "mg0042", "local_step": 4, "timestamp": 1783761535.2800124}
