{"actor": "syncer", "authority_root": "/work/xg24i002/x10041/fs_based_decoupled_diloco/runs/duraloco/20260711_p06a_repair_5a71502_c1/training/authority", "cuda_visible_devices": "0", "device": "cuda", "event_type": "process_start", "hostname": "mg0042", "owner_id": "syncer-a", "owner_session_id": "20260711_p06a_repair_5a71502_c1-owner", "run_generation": 0, "run_id": "20260711_p06a_repair_5a71502_c1-training", "shared_root": "/work/xg24i002/x10041/fs_based_decoupled_diloco/runs/duraloco/20260711_p06a_repair_5a71502_c1/training", "standby": false, "timestamp": 1783761481.0181794}
[transformers] `torch_dtype` is deprecated! Use `dtype` instead!
Loading weights:   0%|          | 0/148 [00:00<?, ?it/s]Loading weights:  65%|██████▍   | 96/148 [00:00<00:00, 957.24it/s]Loading weights: 100%|██████████| 148/148 [00:00<00:00, 850.78it/s]
{"actor": "syncer", "commit_seq": 0, "event_type": "generation_initialized", "hostname": "mg0042", "timestamp": 1783761502.4512863, "view_digest": "d23853054cf0c4d7a0966fad442d626c2b1169e0cbe922df033381bffe2a9261"}
{"actor": "syncer", "event_type": "coordination_stage_completed", "hostname": "mg0042", "lease_sequence": 1, "owner_id": "syncer-a", "owner_session_id": "20260711_p06a_repair_5a71502_c1-owner", "proposed_fencing_epoch": 1, "seconds": 0.015434260945767164, "stage": "lease_acquire", "timestamp": 1783761502.4703631}
{"actor": "syncer", "commit_seq": 1, "event_type": "coordination_stage_completed", "fencing_epoch": 1, "hostname": "mg0042", "optimizer_transition_count": 0, "owner_id": "syncer-a", "owner_session_id": "20260711_p06a_repair_5a71502_c1-owner", "seconds": 2.6807357168290764, "stage": "fence_commit_and_strict_replay", "timestamp": 1783761505.1522455}
{"actor": "syncer", "commit_seq": 1, "eligible": 0, "event_type": "quorum_wait", "fragment_id": 0, "hostname": "mg0042", "quorum_min": 1, "timestamp": 1783761508.1903718}
{"actor": "syncer", "commit_seq": 1, "eligible": 0, "event_type": "quorum_wait", "fragment_id": 0, "hostname": "mg0042", "quorum_min": 1, "timestamp": 1783761510.1931713}
{"actor": "syncer", "commit_seq": 1, "eligible": 0, "event_type": "quorum_wait", "fragment_id": 0, "hostname": "mg0042", "quorum_min": 1, "timestamp": 1783761512.1960056}
{"actor": "syncer", "commit_seq": 1, "eligible": 0, "event_type": "quorum_wait", "fragment_id": 0, "hostname": "mg0042", "quorum_min": 1, "timestamp": 1783761514.1986966}
{"actor": "syncer", "commit_seq": 1, "eligible": 0, "event_type": "quorum_wait", "fragment_id": 0, "hostname": "mg0042", "quorum_min": 1, "timestamp": 1783761516.202021}
{"actor": "syncer", "event_type": "coordination_stage_completed", "fencing_epoch": 1, "hostname": "mg0042", "lease_sequence": 2, "renew_margin_seconds": 45.0, "seconds": 0.0080483159981668, "stage": "lease_renew", "timestamp": 1783761517.2116604}
{"actor": "syncer", "event_type": "transaction_stage_completed", "hostname": "mg0042", "seconds": 1.4213434911798686, "selected_count": 1, "stage": "catalog", "target_commit_seq": 2, "timestamp": 1783761518.635417}
{"actor": "syncer", "event_type": "transaction_stage_completed", "hostname": "mg0042", "seconds": 0.6548926460091025, "stage": "proposal_observation", "target_commit_seq": 2, "timestamp": 1783761519.2891338}
{"actor": "syncer", "event_type": "transaction_stage_completed", "hostname": "mg0042", "seconds": 0.003834444796666503, "stage": "aggregation", "target_commit_seq": 2, "timestamp": 1783761519.2929654}
{"actor": "syncer", "event_type": "transaction_stage_completed", "hostname": "mg0042", "seconds": 2.39987377403304, "stage": "outer_step", "target_commit_seq": 2, "timestamp": 1783761521.6928418}
{"actor": "syncer", "event_type": "transaction_stage_completed", "hostname": "mg0042", "seconds": 2.4505490178707987, "stage": "successor_prepare", "target_commit_seq": 2, "timestamp": 1783761525.1003728}
{"actor": "syncer", "commit_id": "c-18935564794fbb3afaa6707e338390da4e9f315c3ddc7b6001f711a23a0fe809", "commit_seq": 2, "event_type": "head_cas_completed", "hostname": "mg0042", "seconds": 0.0083117401227355, "timestamp": 1783761525.1086812}
{"actor": "syncer", "commit_id": "c-18935564794fbb3afaa6707e338390da4e9f315c3ddc7b6001f711a23a0fe809", "commit_seq": 2, "event_type": "post_cas_replay_completed", "hostname": "mg0042", "seconds": 2.175520058022812, "timestamp": 1783761527.2852638}
{"actor": "syncer", "event_type": "transaction_stage_completed", "hostname": "mg0042", "seconds": 2.1428054498974234, "stage": "materialized_export", "target_commit_seq": 2, "timestamp": 1783761529.4297395}
{"actor": "syncer", "commit_id": "c-18935564794fbb3afaa6707e338390da4e9f315c3ddc7b6001f711a23a0fe809", "commit_seq": 2, "event_type": "transition_committed", "fragment_id": 0, "hostname": "mg0042", "selected_proposal_ids": ["p-db924c27d9a51d31c8ebf384bd490b90325b7914acdc70f4be323e0284bf7ad7"], "timestamp": 1783761529.4331822, "view_digest": "b0742f1bbf01b030cc3388a9d976ca26c1fb6464949640eec92dea6591db45f7"}
{"actor": "syncer", "event_type": "coordination_stage_completed", "fencing_epoch": 1, "hostname": "mg0042", "lease_sequence": 3, "renew_margin_seconds": 45.0, "seconds": 0.006776054855436087, "stage": "lease_renew", "timestamp": 1783761529.4411101}
{"actor": "syncer", "commit_seq": 3, "event_type": "coordination_stage_completed", "hostname": "mg0042", "optimizer_transition_count": 1, "seconds": 3.4931792540010065, "stage": "authoritative_stop", "timestamp": 1783761532.9353073}
{"actor": "syncer", "commit_id": "c-28130c3057118e9d27fc2f0422d5d005ff7ffc5b1fc06daf1f47109b55b94282", "commit_seq": 3, "event_type": "stop_published", "hostname": "mg0042", "reason": "stop_after_outer_steps", "timestamp": 1783761535.1311212}
{"actor": "syncer", "commit_seq": 3, "event_type": "process_exit", "hostname": "mg0042", "reason": "stop_after_outer_steps", "timestamp": 1783761535.13927}
