{"actor": "syncer", "authority_root": "/work/xg24i002/x10041/fs_based_decoupled_diloco/runs/m00_qualification/20260711_m00_c052438_1node_requal/fragment/authority", "cuda_visible_devices": "", "device": "cpu", "event_type": "process_start", "hostname": "mg0003", "run_generation": 0, "run_id": "20260711_m00_c052438_1node_requal-fragment", "shared_root": "/work/xg24i002/x10041/fs_based_decoupled_diloco/runs/m00_qualification/20260711_m00_c052438_1node_requal/fragment", "timestamp": 1783732489.253531}
{"actor": "syncer", "commit_seq": 0, "event_type": "generation_initialized", "hostname": "mg0003", "timestamp": 1783732489.931612, "view_digest": "f58c843de5f9f72c757a3c57a76f6846a8ca604ebb2971ee8739260123239d0f"}
{"actor": "syncer", "commit_seq": 0, "eligible": 0, "event_type": "quorum_wait", "fragment_id": 0, "hostname": "mg0003", "quorum_min": 1, "timestamp": 1783732490.162314}
{"actor": "syncer", "commit_seq": 0, "eligible": 0, "event_type": "quorum_wait", "fragment_id": 0, "hostname": "mg0003", "quorum_min": 1, "timestamp": 1783732490.5647864}
{"actor": "syncer", "commit_seq": 0, "eligible": 0, "event_type": "quorum_wait", "fragment_id": 0, "hostname": "mg0003", "quorum_min": 1, "timestamp": 1783732490.9671822}
{"actor": "syncer", "commit_seq": 0, "eligible": 0, "event_type": "quorum_wait", "fragment_id": 0, "hostname": "mg0003", "quorum_min": 1, "timestamp": 1783732491.3702605}
{"actor": "syncer", "commit_seq": 0, "eligible": 0, "event_type": "quorum_wait", "fragment_id": 0, "hostname": "mg0003", "quorum_min": 1, "timestamp": 1783732491.7728865}
{"actor": "syncer", "commit_seq": 0, "eligible": 0, "event_type": "quorum_wait", "fragment_id": 0, "hostname": "mg0003", "quorum_min": 1, "timestamp": 1783732492.17538}
{"actor": "syncer", "event_type": "transaction_stage_completed", "hostname": "mg0003", "seconds": 0.0044558180088642985, "selected_count": 2, "stage": "catalog", "target_commit_seq": 1, "timestamp": 1783732492.3823633}
{"actor": "syncer", "event_type": "transaction_stage_completed", "hostname": "mg0003", "seconds": 0.014847587997792289, "stage": "proposal_observation", "target_commit_seq": 1, "timestamp": 1783732492.3959389}
{"actor": "syncer", "event_type": "transaction_stage_completed", "hostname": "mg0003", "seconds": 0.001093761995434761, "stage": "aggregation", "target_commit_seq": 1, "timestamp": 1783732492.3970325}
{"actor": "syncer", "event_type": "transaction_stage_completed", "hostname": "mg0003", "seconds": 0.0010444829822517931, "stage": "outer_step", "target_commit_seq": 1, "timestamp": 1783732492.3980768}
{"actor": "syncer", "event_type": "transaction_stage_completed", "hostname": "mg0003", "seconds": 0.025326747010694817, "stage": "successor_prepare", "target_commit_seq": 1, "timestamp": 1783732492.4243374}
{"actor": "syncer", "commit_id": "c-57c8bf0074ab9627d8abb3165ca8b627f4cc0cdacae4dd00d315b6f652910316", "commit_seq": 1, "event_type": "head_cas_completed", "hostname": "mg0003", "seconds": 0.007396978005999699, "timestamp": 1783732492.431734}
{"actor": "syncer", "commit_id": "c-57c8bf0074ab9627d8abb3165ca8b627f4cc0cdacae4dd00d315b6f652910316", "commit_seq": 1, "event_type": "post_cas_replay_completed", "hostname": "mg0003", "seconds": 0.011701564013492316, "timestamp": 1783732492.444427}
{"actor": "syncer", "event_type": "transaction_stage_completed", "hostname": "mg0003", "seconds": 0.027727362990844995, "stage": "materialized_export", "target_commit_seq": 1, "timestamp": 1783732492.4730966}
{"actor": "syncer", "commit_id": "c-57c8bf0074ab9627d8abb3165ca8b627f4cc0cdacae4dd00d315b6f652910316", "commit_seq": 1, "event_type": "transition_committed", "fragment_id": 0, "hostname": "mg0003", "selected_proposal_ids": ["p-6ae0df83d770d47fffa09a15543e05f9fc51d956e3034f378672660788ac3172", "p-b108f52f383db1a0b3d0018dd258639303e86f09836b6f50d427a8078d2ae59f"], "timestamp": 1783732492.4758024, "view_digest": "369a3c78f7d07b3941a949ce8769d90d12701b0f60c43e42300e4a5612f16676"}
{"actor": "syncer", "event_type": "transaction_stage_completed", "hostname": "mg0003", "seconds": 0.21099989098729566, "selected_count": 1, "stage": "catalog", "target_commit_seq": 2, "timestamp": 1783732492.68905}
{"actor": "syncer", "event_type": "transaction_stage_completed", "hostname": "mg0003", "seconds": 0.008707539993338287, "stage": "proposal_observation", "target_commit_seq": 2, "timestamp": 1783732492.6965053}
{"actor": "syncer", "event_type": "transaction_stage_completed", "hostname": "mg0003", "seconds": 0.000997474999167025, "stage": "aggregation", "target_commit_seq": 2, "timestamp": 1783732492.6975021}
{"actor": "syncer", "event_type": "transaction_stage_completed", "hostname": "mg0003", "seconds": 0.0009796820231713355, "stage": "outer_step", "target_commit_seq": 2, "timestamp": 1783732492.6984816}
{"actor": "syncer", "event_type": "transaction_stage_completed", "hostname": "mg0003", "seconds": 0.028120385977672413, "stage": "successor_prepare", "target_commit_seq": 2, "timestamp": 1783732492.727714}
{"actor": "syncer", "commit_id": "c-35ca5a021c4be8c1e872cdcc830e3cff01f9c4ee4999ccc05f42ee9ebe4a94c2", "commit_seq": 2, "event_type": "head_cas_completed", "hostname": "mg0003", "seconds": 0.006917392020113766, "timestamp": 1783732492.7346315}
{"actor": "syncer", "commit_id": "c-35ca5a021c4be8c1e872cdcc830e3cff01f9c4ee4999ccc05f42ee9ebe4a94c2", "commit_seq": 2, "event_type": "post_cas_replay_completed", "hostname": "mg0003", "seconds": 0.014399810985196382, "timestamp": 1783732492.749939}
{"actor": "syncer", "event_type": "transaction_stage_completed", "hostname": "mg0003", "seconds": 0.023128310975153, "stage": "materialized_export", "target_commit_seq": 2, "timestamp": 1783732492.7750478}
{"actor": "syncer", "commit_id": "c-35ca5a021c4be8c1e872cdcc830e3cff01f9c4ee4999ccc05f42ee9ebe4a94c2", "commit_seq": 2, "event_type": "transition_committed", "fragment_id": 1, "hostname": "mg0003", "selected_proposal_ids": ["p-abddd9585d1be47eaf48c04c2ef07add47086d162a87ac9c147e06a3d3c4ad5a"], "timestamp": 1783732492.7767959, "view_digest": "3dc51243745a296264f3b5947e2797e91d2904b34422f21fddb76c6699aeacd4"}
{"actor": "syncer", "event_type": "transaction_stage_completed", "hostname": "mg0003", "seconds": 0.21381256901076995, "selected_count": 2, "stage": "catalog", "target_commit_seq": 3, "timestamp": 1783732492.9926674}
{"actor": "syncer", "event_type": "transaction_stage_completed", "hostname": "mg0003", "seconds": 0.014320674003101885, "stage": "proposal_observation", "target_commit_seq": 3, "timestamp": 1783732493.005804}
{"actor": "syncer", "event_type": "transaction_stage_completed", "hostname": "mg0003", "seconds": 0.000994786008959636, "stage": "aggregation", "target_commit_seq": 3, "timestamp": 1783732493.0067983}
{"actor": "syncer", "event_type": "transaction_stage_completed", "hostname": "mg0003", "seconds": 0.0009457949781790376, "stage": "outer_step", "target_commit_seq": 3, "timestamp": 1783732493.0077443}
{"actor": "syncer", "event_type": "transaction_stage_completed", "hostname": "mg0003", "seconds": 0.03280212500249036, "stage": "successor_prepare", "target_commit_seq": 3, "timestamp": 1783732493.0414603}
{"actor": "syncer", "commit_id": "c-93584a3ec467fba2a4037a8e13d379d2b5806212873e37ce653edecdbc6a453f", "commit_seq": 3, "event_type": "head_cas_completed", "hostname": "mg0003", "seconds": 0.007451760990079492, "timestamp": 1783732493.0489118}
{"actor": "syncer", "commit_id": "c-93584a3ec467fba2a4037a8e13d379d2b5806212873e37ce653edecdbc6a453f", "commit_seq": 3, "event_type": "post_cas_replay_completed", "hostname": "mg0003", "seconds": 0.019832079007755965, "timestamp": 1783732493.0696259}
{"actor": "syncer", "event_type": "transaction_stage_completed", "hostname": "mg0003", "seconds": 0.024904569989303127, "stage": "materialized_export", "target_commit_seq": 3, "timestamp": 1783732493.0954642}
{"actor": "syncer", "commit_id": "c-93584a3ec467fba2a4037a8e13d379d2b5806212873e37ce653edecdbc6a453f", "commit_seq": 3, "event_type": "transition_committed", "fragment_id": 0, "hostname": "mg0003", "selected_proposal_ids": ["p-ba468ed488f9c2816743aaceed94b5553535ee8b458fcd6ccd24943c4140c2c9", "p-d904cb390d27b9f31ea3d67155594d6db78df2d80ec42ebd9ebe3a10ab7d2234"], "timestamp": 1783732493.096997, "view_digest": "db21089853e07989570d707e9c4866d3872cf5edc6296af04772c419701010b2"}
{"actor": "syncer", "event_type": "transaction_stage_completed", "hostname": "mg0003", "seconds": 0.22068772197235376, "selected_count": 2, "stage": "catalog", "target_commit_seq": 4, "timestamp": 1783732493.3200576}
{"actor": "syncer", "event_type": "transaction_stage_completed", "hostname": "mg0003", "seconds": 0.01638992701191455, "stage": "proposal_observation", "target_commit_seq": 4, "timestamp": 1783732493.3351867}
{"actor": "syncer", "event_type": "transaction_stage_completed", "hostname": "mg0003", "seconds": 0.0011410909937694669, "stage": "aggregation", "target_commit_seq": 4, "timestamp": 1783732493.336327}
{"actor": "syncer", "event_type": "transaction_stage_completed", "hostname": "mg0003", "seconds": 0.001022914017084986, "stage": "outer_step", "target_commit_seq": 4, "timestamp": 1783732493.3373506}
{"actor": "syncer", "event_type": "transaction_stage_completed", "hostname": "mg0003", "seconds": 0.03846364299533889, "stage": "successor_prepare", "target_commit_seq": 4, "timestamp": 1783732493.3768098}
{"actor": "syncer", "commit_id": "c-b451bfce135f31010974b27c99a9aa756f46c1535093b6b173aefb150240905f", "commit_seq": 4, "event_type": "head_cas_completed", "hostname": "mg0003", "seconds": 0.006380046979757026, "timestamp": 1783732493.3831894}
{"actor": "syncer", "commit_id": "c-b451bfce135f31010974b27c99a9aa756f46c1535093b6b173aefb150240905f", "commit_seq": 4, "event_type": "post_cas_replay_completed", "hostname": "mg0003", "seconds": 0.024780120991636068, "timestamp": 1783732493.4088492}
{"actor": "syncer", "event_type": "transaction_stage_completed", "hostname": "mg0003", "seconds": 0.021655282995197922, "stage": "materialized_export", "target_commit_seq": 4, "timestamp": 1783732493.4314497}
{"actor": "syncer", "commit_id": "c-b451bfce135f31010974b27c99a9aa756f46c1535093b6b173aefb150240905f", "commit_seq": 4, "event_type": "transition_committed", "fragment_id": 1, "hostname": "mg0003", "selected_proposal_ids": ["p-47df0ed5130730e108e8ac1c2496b75aaa8320d8e3cc6a2d4de9cdb3069ad8ef", "p-5f38f7becd86864cd3ad126751c93a60d8ed000f88e7022202ef3158142ab573"], "timestamp": 1783732493.4330046, "view_digest": "d1a9721c97bb0ddef77d48d7d2a215c603253cfe5d0ff96a0be7f4718973c683"}
{"actor": "syncer", "commit_id": "c-b451bfce135f31010974b27c99a9aa756f46c1535093b6b173aefb150240905f", "commit_seq": 4, "event_type": "stop_published", "hostname": "mg0003", "reason": "stop_after_outer_steps", "timestamp": 1783732493.436795}
{"actor": "syncer", "commit_seq": 4, "event_type": "process_exit", "hostname": "mg0003", "reason": "stop_after_outer_steps", "timestamp": 1783732493.4377816}
