{"actor": "syncer", "authority_root": "/work/xg24i002/x10041/fs_based_decoupled_diloco/runs/m00_qualification/20260711_m00_c052438_1node_requal/full/authority", "cuda_visible_devices": "", "device": "cpu", "event_type": "process_start", "hostname": "mg0003", "run_generation": 0, "run_id": "20260711_m00_c052438_1node_requal-full", "shared_root": "/work/xg24i002/x10041/fs_based_decoupled_diloco/runs/m00_qualification/20260711_m00_c052438_1node_requal/full", "timestamp": 1783732476.5839455}
{"actor": "syncer", "commit_seq": 0, "event_type": "generation_initialized", "hostname": "mg0003", "timestamp": 1783732478.1700215, "view_digest": "dd9eaab9cdc43bb03210fa105da0e6f1adc82d374dc41324f448b0339a9f5e9a"}
{"actor": "syncer", "commit_seq": 0, "eligible": 0, "event_type": "quorum_wait", "fragment_id": 0, "hostname": "mg0003", "quorum_min": 1, "timestamp": 1783732478.3939025}
{"actor": "syncer", "commit_seq": 0, "eligible": 0, "event_type": "quorum_wait", "fragment_id": 0, "hostname": "mg0003", "quorum_min": 1, "timestamp": 1783732478.7962337}
{"actor": "syncer", "commit_seq": 0, "eligible": 0, "event_type": "quorum_wait", "fragment_id": 0, "hostname": "mg0003", "quorum_min": 1, "timestamp": 1783732479.2010312}
{"actor": "syncer", "commit_seq": 0, "eligible": 0, "event_type": "quorum_wait", "fragment_id": 0, "hostname": "mg0003", "quorum_min": 1, "timestamp": 1783732479.6031685}
{"actor": "syncer", "commit_seq": 0, "eligible": 0, "event_type": "quorum_wait", "fragment_id": 0, "hostname": "mg0003", "quorum_min": 1, "timestamp": 1783732480.0053554}
{"actor": "syncer", "commit_seq": 0, "eligible": 0, "event_type": "quorum_wait", "fragment_id": 0, "hostname": "mg0003", "quorum_min": 1, "timestamp": 1783732480.4091933}
{"actor": "syncer", "commit_seq": 0, "eligible": 0, "event_type": "quorum_wait", "fragment_id": 0, "hostname": "mg0003", "quorum_min": 1, "timestamp": 1783732480.8114629}
{"actor": "syncer", "event_type": "transaction_stage_completed", "hostname": "mg0003", "seconds": 0.2045596200041473, "selected_count": 2, "stage": "catalog", "target_commit_seq": 1, "timestamp": 1783732481.2186928}
{"actor": "syncer", "event_type": "transaction_stage_completed", "hostname": "mg0003", "seconds": 0.014309088990557939, "stage": "proposal_observation", "target_commit_seq": 1, "timestamp": 1783732481.2317572}
{"actor": "syncer", "event_type": "transaction_stage_completed", "hostname": "mg0003", "seconds": 0.001104707014746964, "stage": "aggregation", "target_commit_seq": 1, "timestamp": 1783732481.2328613}
{"actor": "syncer", "event_type": "transaction_stage_completed", "hostname": "mg0003", "seconds": 0.001092897990019992, "stage": "outer_step", "target_commit_seq": 1, "timestamp": 1783732481.2339537}
{"actor": "syncer", "event_type": "transaction_stage_completed", "hostname": "mg0003", "seconds": 0.02453481001430191, "stage": "successor_prepare", "target_commit_seq": 1, "timestamp": 1783732481.2594295}
{"actor": "syncer", "commit_id": "c-495e08b88802e1c8a00f457fe28803beb266666a6c720c073d72cc069996c5c6", "commit_seq": 1, "event_type": "head_cas_completed", "hostname": "mg0003", "seconds": 0.006377935002092272, "timestamp": 1783732481.2658074}
{"actor": "syncer", "commit_id": "c-495e08b88802e1c8a00f457fe28803beb266666a6c720c073d72cc069996c5c6", "commit_seq": 1, "event_type": "post_cas_replay_completed", "hostname": "mg0003", "seconds": 0.011085785983595997, "timestamp": 1783732481.277843}
{"actor": "syncer", "event_type": "transaction_stage_completed", "hostname": "mg0003", "seconds": 0.01776541699655354, "stage": "materialized_export", "target_commit_seq": 1, "timestamp": 1783732481.2965543}
{"actor": "syncer", "commit_id": "c-495e08b88802e1c8a00f457fe28803beb266666a6c720c073d72cc069996c5c6", "commit_seq": 1, "event_type": "transition_committed", "fragment_id": 0, "hostname": "mg0003", "selected_proposal_ids": ["p-194c17280432b9248c1f45fc7ece3443dbf0f332bf195edac7d6857b2e583b47", "p-e024ff09104921bc050acec496f10c22d9a09af63e64376a17e1e5eac5b94a2b"], "timestamp": 1783732481.3090708, "view_digest": "7c8aab09e9ae97c7f7a60502179ec56ae5c492f0f49afa6ed1e01fcd5b229fee"}
{"actor": "syncer", "event_type": "transaction_stage_completed", "hostname": "mg0003", "seconds": 0.21060782601125538, "selected_count": 2, "stage": "catalog", "target_commit_seq": 2, "timestamp": 1783732481.5220418}
{"actor": "syncer", "event_type": "transaction_stage_completed", "hostname": "mg0003", "seconds": 0.014156769000692293, "stage": "proposal_observation", "target_commit_seq": 2, "timestamp": 1783732481.534907}
{"actor": "syncer", "event_type": "transaction_stage_completed", "hostname": "mg0003", "seconds": 0.0011539549741428345, "stage": "aggregation", "target_commit_seq": 2, "timestamp": 1783732481.5360599}
{"actor": "syncer", "event_type": "transaction_stage_completed", "hostname": "mg0003", "seconds": 0.0010333780082874, "stage": "outer_step", "target_commit_seq": 2, "timestamp": 1783732481.5370934}
{"actor": "syncer", "event_type": "transaction_stage_completed", "hostname": "mg0003", "seconds": 0.030388936982490122, "stage": "successor_prepare", "target_commit_seq": 2, "timestamp": 1783732481.5684037}
{"actor": "syncer", "commit_id": "c-b9bc7eb6ef7baa337878b3d52f742a251ea2e454e68ace30f4e00c57332a3f7e", "commit_seq": 2, "event_type": "head_cas_completed", "hostname": "mg0003", "seconds": 0.006827887991676107, "timestamp": 1783732481.5752316}
{"actor": "syncer", "commit_id": "c-b9bc7eb6ef7baa337878b3d52f742a251ea2e454e68ace30f4e00c57332a3f7e", "commit_seq": 2, "event_type": "post_cas_replay_completed", "hostname": "mg0003", "seconds": 0.015240515989717096, "timestamp": 1783732481.5913727}
{"actor": "syncer", "event_type": "transaction_stage_completed", "hostname": "mg0003", "seconds": 0.01921812500222586, "stage": "materialized_export", "target_commit_seq": 2, "timestamp": 1783732481.6115327}
{"actor": "syncer", "commit_id": "c-b9bc7eb6ef7baa337878b3d52f742a251ea2e454e68ace30f4e00c57332a3f7e", "commit_seq": 2, "event_type": "transition_committed", "fragment_id": 0, "hostname": "mg0003", "selected_proposal_ids": ["p-1502e446a7635d37eb2f5d331221c23bef3a57e09dc002190d94d1aaf8eeca0a", "p-a1d6190c9e2a06b75c282b00e67beb6a36821467724ebf0eb842075ea75009e0"], "timestamp": 1783732481.6148198, "view_digest": "592c2f29c08ad595047e9f827c5a7c42892f100d0b742e9e094b9ca57a5fb9e6"}
{"actor": "syncer", "commit_id": "c-b9bc7eb6ef7baa337878b3d52f742a251ea2e454e68ace30f4e00c57332a3f7e", "commit_seq": 2, "event_type": "stop_published", "hostname": "mg0003", "reason": "stop_after_outer_steps", "timestamp": 1783732481.619178}
{"actor": "syncer", "commit_seq": 2, "event_type": "process_exit", "hostname": "mg0003", "reason": "stop_after_outer_steps", "timestamp": 1783732481.6201952}
