{"actor": "learner_001", "device": "cpu", "event_type": "process_start", "fragment_mode": true, "hostname": "mg0003", "learner_id": "learner_001", "run_id": "20260711_m00_c052438_1node_requal-fragment", "timestamp": 1783732491.2652144}
{"actor": "learner_001", "event_type": "loaded_fragment_latest", "fragment_versions": {"0": 0, "1": 0}, "global_merge_event": 0, "hostname": "mg0003", "timestamp": 1783732492.20591}
{"actor": "learner_001", "event_type": "inner_optimizer_reset", "hostname": "mg0003", "timestamp": 1783732492.2072194, "version": 0}
{"actor": "learner_001", "event_type": "inner_step_summary", "global_merge_event": 0, "hostname": "mg0003", "local_step": 1, "timestamp": 1783732492.2227335, "train_loss": 4.234231472015381}
{"actor": "learner_001", "event_type": "inner_step_summary", "global_merge_event": 0, "hostname": "mg0003", "local_step": 2, "timestamp": 1783732492.2267156, "train_loss": 4.327690601348877}
{"actor": "learner_001", "base_fragment_version": 0, "event_type": "fragment_update_written", "file_path": "/work/xg24i002/x10041/fs_based_decoupled_diloco/runs/m00_qualification/20260711_m00_c052438_1node_requal/fragment/updates/pending/learner_001/update_052b41c22d7f_fragment_000.params.safetensors", "fragment_id": 0, "hostname": "mg0003", "local_step": 2, "timestamp": 1783732492.274223, "tokens": 64, "train_loss": 4.280961036682129, "update_id": "learner_001_00000002_f000_052b41c22d7f"}
{"actor": "learner_001", "event_type": "heartbeat_written", "hostname": "mg0003", "local_step": 2, "timestamp": 1783732492.2815745}
{"actor": "learner_001", "current_global_merge_event": 0, "event_type": "fragment_latest_polled", "found_global_merge_event": 1, "hostname": "mg0003", "timestamp": 1783732492.4834542}
{"actor": "learner_001", "event_type": "inner_optimizer_reset", "fragments": [0], "hostname": "mg0003", "timestamp": 1783732492.485176, "version": 1}
{"actor": "learner_001", "event_type": "fragments_adopted", "fragment_versions": {"0": 1, "1": 0}, "fragments": [0], "global_merge_event": 1, "hostname": "mg0003", "timestamp": 1783732492.4860516}
{"actor": "learner_001", "event_type": "inner_step_summary", "global_merge_event": 1, "hostname": "mg0003", "local_step": 3, "timestamp": 1783732492.4883037, "train_loss": 4.347777366638184}
{"actor": "learner_001", "event_type": "inner_step_summary", "global_merge_event": 1, "hostname": "mg0003", "local_step": 4, "timestamp": 1783732492.4903755, "train_loss": 4.384575843811035}
{"actor": "learner_001", "base_fragment_version": 0, "event_type": "fragment_update_written", "file_path": "/work/xg24i002/x10041/fs_based_decoupled_diloco/runs/m00_qualification/20260711_m00_c052438_1node_requal/fragment/updates/pending/learner_001/update_c40b7b5249ab_fragment_001.params.safetensors", "fragment_id": 1, "hostname": "mg0003", "local_step": 4, "timestamp": 1783732492.5043979, "tokens": 64, "train_loss": 4.366176605224609, "update_id": "learner_001_00000004_f001_c40b7b5249ab"}
{"actor": "learner_001", "event_type": "heartbeat_written", "hostname": "mg0003", "local_step": 4, "timestamp": 1783732492.5089507}
{"actor": "learner_001", "current_global_merge_event": 1, "event_type": "fragment_latest_polled", "found_global_merge_event": 2, "hostname": "mg0003", "timestamp": 1783732492.9118807}
{"actor": "learner_001", "event_type": "inner_optimizer_reset", "fragments": [1], "hostname": "mg0003", "timestamp": 1783732492.9134755, "version": 2}
{"actor": "learner_001", "event_type": "fragments_adopted", "fragment_versions": {"0": 1, "1": 1}, "fragments": [1], "global_merge_event": 2, "hostname": "mg0003", "timestamp": 1783732492.9143553}
{"actor": "learner_001", "event_type": "inner_step_summary", "global_merge_event": 2, "hostname": "mg0003", "local_step": 5, "timestamp": 1783732492.9175684, "train_loss": 4.34030818939209}
{"actor": "learner_001", "event_type": "inner_step_summary", "global_merge_event": 2, "hostname": "mg0003", "local_step": 6, "timestamp": 1783732492.9197912, "train_loss": 4.373086452484131}
{"actor": "learner_001", "base_fragment_version": 1, "event_type": "fragment_update_written", "file_path": "/work/xg24i002/x10041/fs_based_decoupled_diloco/runs/m00_qualification/20260711_m00_c052438_1node_requal/fragment/updates/pending/learner_001/update_5b40663d83ff_fragment_000.params.safetensors", "fragment_id": 0, "hostname": "mg0003", "local_step": 6, "timestamp": 1783732492.9362006, "tokens": 64, "train_loss": 4.35669732093811, "update_id": "learner_001_00000006_f000_5b40663d83ff"}
{"actor": "learner_001", "event_type": "heartbeat_written", "hostname": "mg0003", "local_step": 6, "timestamp": 1783732492.9407723}
{"actor": "learner_001", "current_global_merge_event": 2, "event_type": "fragment_latest_polled", "found_global_merge_event": 3, "hostname": "mg0003", "timestamp": 1783732493.1424904}
{"actor": "learner_001", "event_type": "inner_optimizer_reset", "fragments": [0], "hostname": "mg0003", "timestamp": 1783732493.1441894, "version": 3}
{"actor": "learner_001", "event_type": "fragments_adopted", "fragment_versions": {"0": 2, "1": 1}, "fragments": [0], "global_merge_event": 3, "hostname": "mg0003", "timestamp": 1783732493.145082}
{"actor": "learner_001", "event_type": "inner_step_summary", "global_merge_event": 3, "hostname": "mg0003", "local_step": 7, "timestamp": 1783732493.147471, "train_loss": 4.300456523895264}
{"actor": "learner_001", "event_type": "inner_step_summary", "global_merge_event": 3, "hostname": "mg0003", "local_step": 8, "timestamp": 1783732493.1496263, "train_loss": 4.292916774749756}
{"actor": "learner_001", "base_fragment_version": 1, "event_type": "fragment_update_written", "file_path": "/work/xg24i002/x10041/fs_based_decoupled_diloco/runs/m00_qualification/20260711_m00_c052438_1node_requal/fragment/updates/pending/learner_001/update_bbdb847ca7d8_fragment_001.params.safetensors", "fragment_id": 1, "hostname": "mg0003", "local_step": 8, "timestamp": 1783732493.1633468, "tokens": 64, "train_loss": 4.29668664932251, "update_id": "learner_001_00000008_f001_bbdb847ca7d8"}
{"actor": "learner_001", "event_type": "heartbeat_written", "hostname": "mg0003", "local_step": 8, "timestamp": 1783732493.1676416}
{"actor": "learner_001", "current_global_merge_event": 3, "event_type": "fragment_latest_polled", "found_global_merge_event": 4, "hostname": "mg0003", "timestamp": 1783732493.5698059}
{"actor": "learner_001", "event_type": "inner_optimizer_reset", "fragments": [1], "hostname": "mg0003", "timestamp": 1783732493.5715919, "version": 4}
{"actor": "learner_001", "event_type": "fragments_adopted", "fragment_versions": {"0": 2, "1": 2}, "fragments": [1], "global_merge_event": 4, "hostname": "mg0003", "timestamp": 1783732493.5725162}
{"actor": "learner_001", "event_type": "stop_seen", "hostname": "mg0003", "reason": "stop_after_outer_steps", "timestamp": 1783732493.574232}
{"actor": "learner_001", "deleted_files": 8, "event_type": "retention_cleanup", "hostname": "mg0003", "keep_last": 0, "role": "learner", "timestamp": 1783732493.5840268, "update_dir": "/work/xg24i002/x10041/fs_based_decoupled_diloco/runs/m00_qualification/20260711_m00_c052438_1node_requal/fragment/updates/pending/learner_001"}
{"actor": "learner_001", "event_type": "process_exit", "fragment_adopt_count": 4, "fragment_versions": {"0": 2, "1": 2}, "global_version": 4, "hostname": "mg0003", "local_step": 8, "timestamp": 1783732493.5849369}
