{"actor": "learner_000", "device": "cuda", "event_type": "process_start", "hostname": "mg0042", "learner_id": "learner_000", "run_id": "20260711_p06a_repair_5a71502_c2-training", "timestamp": 1783761572.0392184}
{"actor": "learner_000", "event_type": "loaded_global", "hostname": "mg0042", "timestamp": 1783761575.652887, "version": 1}
{"actor": "learner_000", "event_type": "inner_optimizer_reset", "hostname": "mg0042", "timestamp": 1783761575.6542163, "version": 1}
{"actor": "learner_000", "committed_intervals": 0, "event_type": "warm_recovery", "hostname": "mg0042", "lost_tokens": 0, "max_uncommitted_base_commit_seq": null, "new_session": {"learner_id": "learner_000", "learner_session_id": "learner_000-cb4a12c96dea446d8595771a056b5701", "protocol_version": 2, "record_type": "learner_session", "run_generation": 0, "run_id": "20260711_p06a_repair_5a71502_c2-training"}, "next_sequence": 1, "published_intervals": 0, "repeated_tokens_estimate": 0, "timestamp": 1783761575.6794078, "uncommitted_intervals": 0, "warm_not_exact": true}
{"actor": "learner_000", "event_type": "inner_step_summary", "global_version": 1, "hostname": "mg0042", "local_step": 1, "timestamp": 1783761576.0203433, "train_loss": 5.155930042266846}
{"actor": "learner_000", "event_type": "inner_step_summary", "global_version": 1, "hostname": "mg0042", "local_step": 2, "timestamp": 1783761576.0243943, "train_loss": 5.054440975189209}
{"actor": "learner_000", "event_type": "update_written", "file_path": "/work/xg24i002/x10041/fs_based_decoupled_diloco/runs/duraloco/20260711_p06a_repair_5a71502_c2/training/updates/pending/learner_000/update_4b5272514f40.params.safetensors", "hostname": "mg0042", "interval_digest": "cb96dce63c76fd50d61f4bb779eafd3180d876752481ecfe3c2a886b6b10f41e", "local_step": 2, "publication_proposal_id": "proposal-5c154d954f195d1ca2750a1ad6cf76ec0239a0cbc343f4106b9b3a21fdb779fa", "publication_request_id": "learner-publish-edcddcb5eadeb456bad61dd05f93b81d691b21c4307b732fb92774b4a4dfe2d5", "timestamp": 1783761576.078712, "tokens": 64, "train_loss": 5.105185508728027, "update_id": "learner_000_00000002_4b5272514f40"}
{"actor": "learner_000", "event_type": "heartbeat_written", "hostname": "mg0042", "local_step": 2, "timestamp": 1783761576.0859542}
{"actor": "learner_000", "device": "cuda", "event_type": "process_start", "hostname": "mg0042", "learner_id": "learner_000", "run_id": "20260711_p06a_repair_5a71502_c2-training", "timestamp": 1783761577.7070181}
{"actor": "learner_000", "event_type": "loaded_global", "hostname": "mg0042", "timestamp": 1783761578.7661688, "version": 2}
{"actor": "learner_000", "event_type": "inner_optimizer_reset", "hostname": "mg0042", "timestamp": 1783761578.7674398, "version": 2}
{"actor": "learner_000", "committed_intervals": 1, "event_type": "warm_recovery", "hostname": "mg0042", "lost_tokens": 0, "max_uncommitted_base_commit_seq": null, "new_session": {"learner_id": "learner_000", "learner_session_id": "learner_000-4085864d590342fc9251fd14bc7b50c4", "protocol_version": 2, "record_type": "learner_session", "run_generation": 0, "run_id": "20260711_p06a_repair_5a71502_c2-training"}, "next_sequence": 1, "published_intervals": 1, "repeated_tokens_estimate": 0, "timestamp": 1783761578.7984054, "uncommitted_intervals": 0, "warm_not_exact": true}
{"actor": "learner_000", "event_type": "inner_step_summary", "global_version": 2, "hostname": "mg0042", "local_step": 1, "timestamp": 1783761578.91083, "train_loss": 5.0893659591674805}
{"actor": "learner_000", "event_type": "inner_step_summary", "global_version": 2, "hostname": "mg0042", "local_step": 2, "timestamp": 1783761578.915005, "train_loss": 5.025691986083984}
{"actor": "learner_000", "event_type": "update_written", "file_path": "/work/xg24i002/x10041/fs_based_decoupled_diloco/runs/duraloco/20260711_p06a_repair_5a71502_c2/training/updates/pending/learner_000/update_1b318f2d8594.params.safetensors", "hostname": "mg0042", "interval_digest": "1a430c2182545e21734c1947296ccb4748ea5529a565ca1fa247360be9837598", "local_step": 2, "publication_proposal_id": "proposal-79e549b555dfebfa28a60674c84a95423bd67eda1c80571a9561be26fa9b8a8f", "publication_request_id": "learner-publish-827c283faf785a1001d530f535ffc2651af2b8a0f4a86cc65e4446a0c66d7d0c", "timestamp": 1783761578.9522374, "tokens": 64, "train_loss": 5.057528972625732, "update_id": "learner_000_00000002_1b318f2d8594"}
{"actor": "learner_000", "event_type": "heartbeat_written", "hostname": "mg0042", "local_step": 2, "timestamp": 1783761578.9602437}
{"actor": "learner_000", "current_version": 2, "event_type": "latest_polled", "found_version": 4, "hostname": "mg0042", "timestamp": 1783761579.363759}
{"actor": "learner_000", "event_type": "global_adopted", "hostname": "mg0042", "timestamp": 1783761579.3666747, "version": 4}
{"actor": "learner_000", "adoption_state_digest": "33c2ba1c5e828dbdbfaa826f97273f56c8e80a234fc4c55bf01d567eb3510566", "event_type": "inner_optimizer_adoption", "hostname": "mg0042", "policy": "reset_all", "reset_parameter_count": 2, "timestamp": 1783761579.3681276, "version": 4}
{"actor": "learner_000", "event_type": "stop_seen", "hostname": "mg0042", "reason": "stop_after_outer_steps", "timestamp": 1783761579.3718863}
{"actor": "learner_000", "event_type": "process_exit", "global_version": 4, "hostname": "mg0042", "local_step": 2, "timestamp": 1783761579.3811398}
