{"actor": "syncer", "authority_root": "/work/xg24i002/x10041/fs_based_decoupled_diloco/runs/duraloco/20260711_p06a_repair_5a71502_c2/training/authority", "cuda_visible_devices": "0", "device": "cuda", "event_type": "process_start", "hostname": "mg0035", "owner_id": "syncer-a", "owner_session_id": "20260711_p06a_repair_5a71502_c2-training-owner", "run_generation": 0, "run_id": "20260711_p06a_repair_5a71502_c2-training", "shared_root": "/work/xg24i002/x10041/fs_based_decoupled_diloco/runs/duraloco/20260711_p06a_repair_5a71502_c2/training", "standby": false, "timestamp": 1783761572.1397462}
{"actor": "syncer", "event_type": "wandb_disabled", "hostname": "mg0035", "timestamp": 1783761572.1440425}
{"actor": "syncer", "commit_seq": 0, "event_type": "generation_initialized", "hostname": "mg0035", "timestamp": 1783761572.3678384, "view_digest": "528502a5e59ab7594e0114b3f7e932cdf3ceb4b31c121634fb55425a4053ebda"}
{"actor": "syncer", "event_type": "coordination_stage_completed", "hostname": "mg0035", "lease_sequence": 1, "owner_id": "syncer-a", "owner_session_id": "20260711_p06a_repair_5a71502_c2-training-owner", "proposed_fencing_epoch": 1, "seconds": 0.005293227965012193, "stage": "lease_acquire", "timestamp": 1783761572.3776758}
{"actor": "syncer", "commit_seq": 1, "event_type": "coordination_stage_completed", "fencing_epoch": 1, "hostname": "mg0035", "optimizer_transition_count": 0, "owner_id": "syncer-a", "owner_session_id": "20260711_p06a_repair_5a71502_c2-training-owner", "seconds": 0.038197712041437626, "stage": "fence_commit_and_strict_replay", "timestamp": 1783761572.4171667}
{"actor": "syncer", "commit_seq": 1, "eligible": 0, "event_type": "quorum_wait", "fragment_id": 0, "hostname": "mg0035", "quorum_min": 1, "timestamp": 1783761572.6444297}
{"actor": "syncer", "commit_seq": 1, "eligible": 0, "event_type": "quorum_wait", "fragment_id": 0, "hostname": "mg0035", "quorum_min": 1, "timestamp": 1783761573.0463626}
{"actor": "syncer", "commit_seq": 1, "eligible": 0, "event_type": "quorum_wait", "fragment_id": 0, "hostname": "mg0035", "quorum_min": 1, "timestamp": 1783761573.4573283}
{"actor": "syncer", "commit_seq": 1, "eligible": 0, "event_type": "quorum_wait", "fragment_id": 0, "hostname": "mg0035", "quorum_min": 1, "timestamp": 1783761573.8592327}
{"actor": "syncer", "commit_seq": 1, "eligible": 0, "event_type": "quorum_wait", "fragment_id": 0, "hostname": "mg0035", "quorum_min": 1, "timestamp": 1783761574.261208}
{"actor": "syncer", "commit_seq": 1, "eligible": 0, "event_type": "quorum_wait", "fragment_id": 0, "hostname": "mg0035", "quorum_min": 1, "timestamp": 1783761574.6630523}
{"actor": "syncer", "commit_seq": 1, "eligible": 0, "event_type": "quorum_wait", "fragment_id": 0, "hostname": "mg0035", "quorum_min": 1, "timestamp": 1783761575.06497}
{"actor": "syncer", "commit_seq": 1, "eligible": 0, "event_type": "quorum_wait", "fragment_id": 0, "hostname": "mg0035", "quorum_min": 1, "timestamp": 1783761575.4668758}
{"actor": "syncer", "commit_seq": 1, "eligible": 0, "event_type": "quorum_wait", "fragment_id": 0, "hostname": "mg0035", "quorum_min": 1, "timestamp": 1783761575.870515}
{"actor": "syncer", "event_type": "transaction_stage_completed", "hostname": "mg0035", "seconds": 0.20622138399630785, "selected_count": 1, "stage": "catalog", "target_commit_seq": 2, "timestamp": 1783761576.2797964}
{"actor": "syncer", "event_type": "transaction_stage_completed", "hostname": "mg0035", "seconds": 0.013845884008333087, "stage": "proposal_observation", "target_commit_seq": 2, "timestamp": 1783761576.2918878}
{"actor": "syncer", "event_type": "transaction_stage_completed", "hostname": "mg0035", "seconds": 0.04336399305611849, "stage": "aggregation", "target_commit_seq": 2, "timestamp": 1783761576.3352537}
{"actor": "syncer", "event_type": "transaction_stage_completed", "hostname": "mg0035", "seconds": 0.010486581944860518, "stage": "outer_step", "target_commit_seq": 2, "timestamp": 1783761576.3457384}
{"actor": "syncer", "event_type": "transaction_stage_completed", "hostname": "mg0035", "seconds": 0.027731128968298435, "stage": "successor_prepare", "target_commit_seq": 2, "timestamp": 1783761576.3749828}
{"actor": "syncer", "commit_id": "c-bffa33a1c7f893a14eddb074d4ef94cd5dc008e8d48ad65c19d21a7c4e31408e", "commit_seq": 2, "event_type": "head_cas_completed", "hostname": "mg0035", "seconds": 0.0092793790390715, "timestamp": 1783761576.384262}
{"actor": "syncer", "commit_id": "c-bffa33a1c7f893a14eddb074d4ef94cd5dc008e8d48ad65c19d21a7c4e31408e", "commit_seq": 2, "event_type": "post_cas_replay_completed", "hostname": "mg0035", "seconds": 0.012514362926594913, "timestamp": 1783761576.3978314}
{"actor": "syncer", "event_type": "transaction_stage_completed", "hostname": "mg0035", "seconds": 0.021432650974020362, "stage": "materialized_export", "target_commit_seq": 2, "timestamp": 1783761576.4202278}
{"actor": "syncer", "commit_id": "c-bffa33a1c7f893a14eddb074d4ef94cd5dc008e8d48ad65c19d21a7c4e31408e", "commit_seq": 2, "event_type": "transition_committed", "fragment_id": 0, "hostname": "mg0035", "selected_proposal_ids": ["p-f037afac600e6a987da8ebf78d4d36283fc7fbd9eaebf4fccd321001f28f1c05"], "timestamp": 1783761576.4227548, "view_digest": "47168d89e87c60ce613493e741ed5fb422650b4ed50f9ab423897396f4d2b348"}
{"actor": "syncer", "commit_seq": 2, "eligible": 0, "event_type": "quorum_wait", "fragment_id": 0, "hostname": "mg0035", "quorum_min": 1, "timestamp": 1783761576.631364}
{"actor": "syncer", "commit_seq": 2, "eligible": 0, "event_type": "quorum_wait", "fragment_id": 0, "hostname": "mg0035", "quorum_min": 1, "timestamp": 1783761577.0387988}
{"actor": "syncer", "commit_seq": 2, "eligible": 0, "event_type": "quorum_wait", "fragment_id": 0, "hostname": "mg0035", "quorum_min": 1, "timestamp": 1783761577.4458368}
{"actor": "syncer", "commit_seq": 2, "eligible": 0, "event_type": "quorum_wait", "fragment_id": 0, "hostname": "mg0035", "quorum_min": 1, "timestamp": 1783761577.8532784}
{"actor": "syncer", "commit_seq": 2, "eligible": 0, "event_type": "quorum_wait", "fragment_id": 0, "hostname": "mg0035", "quorum_min": 1, "timestamp": 1783761578.261319}
{"actor": "syncer", "commit_seq": 2, "eligible": 0, "event_type": "quorum_wait", "fragment_id": 0, "hostname": "mg0035", "quorum_min": 1, "timestamp": 1783761578.672145}
{"actor": "syncer", "event_type": "transaction_stage_completed", "hostname": "mg0035", "seconds": 0.20628858404234052, "selected_count": 1, "stage": "catalog", "target_commit_seq": 3, "timestamp": 1783761579.0813503}
{"actor": "syncer", "event_type": "transaction_stage_completed", "hostname": "mg0035", "seconds": 0.010486612911336124, "stage": "proposal_observation", "target_commit_seq": 3, "timestamp": 1783761579.0900848}
{"actor": "syncer", "event_type": "transaction_stage_completed", "hostname": "mg0035", "seconds": 0.001295458059757948, "stage": "aggregation", "target_commit_seq": 3, "timestamp": 1783761579.09138}
{"actor": "syncer", "event_type": "transaction_stage_completed", "hostname": "mg0035", "seconds": 0.0020977009553462267, "stage": "outer_step", "target_commit_seq": 3, "timestamp": 1783761579.093477}
{"actor": "syncer", "event_type": "transaction_stage_completed", "hostname": "mg0035", "seconds": 0.030893984017893672, "stage": "successor_prepare", "target_commit_seq": 3, "timestamp": 1783761579.1257234}
{"actor": "syncer", "commit_id": "c-97ae7515b9845513350a9c7b5587719c83757436aef2f1e1005ec79314091941", "commit_seq": 3, "event_type": "head_cas_completed", "hostname": "mg0035", "seconds": 0.008774898014962673, "timestamp": 1783761579.1344972}
{"actor": "syncer", "commit_id": "c-97ae7515b9845513350a9c7b5587719c83757436aef2f1e1005ec79314091941", "commit_seq": 3, "event_type": "post_cas_replay_completed", "hostname": "mg0035", "seconds": 0.016453825985081494, "timestamp": 1783761579.1518238}
{"actor": "syncer", "event_type": "transaction_stage_completed", "hostname": "mg0035", "seconds": 0.021778476075269282, "stage": "materialized_export", "target_commit_seq": 3, "timestamp": 1783761579.1745465}
{"actor": "syncer", "commit_id": "c-97ae7515b9845513350a9c7b5587719c83757436aef2f1e1005ec79314091941", "commit_seq": 3, "event_type": "transition_committed", "fragment_id": 0, "hostname": "mg0035", "selected_proposal_ids": ["p-1398ae0fc1b5152b9f1010d0f0cf9753d3aa76bd4f73255ae0967d28a93a00df"], "timestamp": 1783761579.1768878, "view_digest": "876c74b78167a0c176a1ae0b8a6a5f1e89d3acf8fed461c0de8f1a5003e2d53f"}
{"actor": "syncer", "commit_seq": 4, "event_type": "coordination_stage_completed", "hostname": "mg0035", "optimizer_transition_count": 2, "seconds": 0.05940847401507199, "stage": "authoritative_stop", "timestamp": 1783761579.2377474}
{"actor": "syncer", "commit_id": "c-c8c5989facb1c0bcf50019fafa6aef61a9a21152e76fd085fd779a4b720ee20f", "commit_seq": 4, "event_type": "stop_published", "hostname": "mg0035", "reason": "stop_after_outer_steps", "timestamp": 1783761579.2619195}
{"actor": "syncer", "deleted_files": 2, "event_type": "retention_cleanup", "hostname": "mg0035", "keep_last": 3, "role": "syncer", "timestamp": 1783761579.26496}
{"actor": "syncer", "commit_seq": 4, "event_type": "process_exit", "hostname": "mg0035", "reason": "stop_after_outer_steps", "timestamp": 1783761579.2707677}
