{"actor": "learner_000", "device": "cuda", "event_type": "process_start", "hostname": "mg0008", "learner_id": "learner_000", "run_id": "20260711_p06a_final_fce378f_c2-training", "timestamp": 1783761293.2108107}
{"actor": "learner_000", "event_type": "loaded_global", "hostname": "mg0008", "timestamp": 1783761296.8230677, "version": 1}
{"actor": "learner_000", "event_type": "inner_optimizer_reset", "hostname": "mg0008", "timestamp": 1783761296.8243504, "version": 1}
{"actor": "learner_000", "committed_intervals": 0, "event_type": "warm_recovery", "hostname": "mg0008", "lost_tokens": 0, "max_uncommitted_base_commit_seq": null, "new_session": {"learner_id": "learner_000", "learner_session_id": "learner_000-bbe38a9911d64e27a03a5595c5b6a912", "protocol_version": 2, "record_type": "learner_session", "run_generation": 0, "run_id": "20260711_p06a_final_fce378f_c2-training"}, "next_sequence": 1, "published_intervals": 0, "repeated_tokens_estimate": 0, "timestamp": 1783761296.86372, "uncommitted_intervals": 0, "warm_not_exact": true}
{"actor": "learner_000", "event_type": "inner_step_summary", "global_version": 1, "hostname": "mg0008", "local_step": 1, "timestamp": 1783761297.178123, "train_loss": 4.902191162109375}
{"actor": "learner_000", "event_type": "inner_step_summary", "global_version": 1, "hostname": "mg0008", "local_step": 2, "timestamp": 1783761297.1828282, "train_loss": 4.938507080078125}
{"actor": "learner_000", "event_type": "update_written", "file_path": "/work/xg24i002/x10041/fs_based_decoupled_diloco/runs/duraloco/20260711_p06a_final_fce378f_c2/training/updates/pending/learner_000/update_890d8c8aceff.params.safetensors", "hostname": "mg0008", "interval_digest": "91eb5f65c71e068484659cd0fbbab6e0f9783e542ecc0c1bd6337959907491c5", "local_step": 2, "publication_proposal_id": "proposal-195267e8a7c65c3cf26a8bce0827d0ea0833bfd43baf7b62897a912eea813bb6", "publication_request_id": "learner-publish-e5ff18ad69617dd9f514d97055751bf18d9148c5215723149ac96d78a936508a", "timestamp": 1783761297.237184, "tokens": 64, "train_loss": 4.92034912109375, "update_id": "learner_000_00000002_890d8c8aceff"}
{"actor": "learner_000", "event_type": "heartbeat_written", "hostname": "mg0008", "local_step": 2, "timestamp": 1783761297.2435374}
{"actor": "learner_000", "device": "cuda", "event_type": "process_start", "hostname": "mg0008", "learner_id": "learner_000", "run_id": "20260711_p06a_final_fce378f_c2-training", "timestamp": 1783761298.9387484}
{"actor": "learner_000", "event_type": "loaded_global", "hostname": "mg0008", "timestamp": 1783761299.9653494, "version": 2}
{"actor": "learner_000", "event_type": "inner_optimizer_reset", "hostname": "mg0008", "timestamp": 1783761299.9665632, "version": 2}
{"actor": "learner_000", "committed_intervals": 1, "event_type": "warm_recovery", "hostname": "mg0008", "lost_tokens": 0, "max_uncommitted_base_commit_seq": null, "new_session": {"learner_id": "learner_000", "learner_session_id": "learner_000-af7a8b63403f4bba9d3d3fb1031303a8", "protocol_version": 2, "record_type": "learner_session", "run_generation": 0, "run_id": "20260711_p06a_final_fce378f_c2-training"}, "next_sequence": 1, "published_intervals": 1, "repeated_tokens_estimate": 0, "timestamp": 1783761299.9986856, "uncommitted_intervals": 0, "warm_not_exact": true}
{"actor": "learner_000", "event_type": "inner_step_summary", "global_version": 2, "hostname": "mg0008", "local_step": 1, "timestamp": 1783761300.1092112, "train_loss": 4.8345561027526855}
{"actor": "learner_000", "event_type": "inner_step_summary", "global_version": 2, "hostname": "mg0008", "local_step": 2, "timestamp": 1783761300.113382, "train_loss": 4.910181522369385}
{"actor": "learner_000", "event_type": "update_written", "file_path": "/work/xg24i002/x10041/fs_based_decoupled_diloco/runs/duraloco/20260711_p06a_final_fce378f_c2/training/updates/pending/learner_000/update_bccab48a821a.params.safetensors", "hostname": "mg0008", "interval_digest": "896d5c01d512855a87441f2a0476bf88f8ff5b05accb67f5caa53813a342fc09", "local_step": 2, "publication_proposal_id": "proposal-f6905947e4d7997a6330d8416311675deb8262e647212f6be24791691c825578", "publication_request_id": "learner-publish-c01d15c1866ab90e10e5d6e3415c33fe7a6a23179537e0821b2809681052790e", "timestamp": 1783761300.1494935, "tokens": 64, "train_loss": 4.872368812561035, "update_id": "learner_000_00000002_bccab48a821a"}
{"actor": "learner_000", "event_type": "heartbeat_written", "hostname": "mg0008", "local_step": 2, "timestamp": 1783761300.1555731}
{"actor": "learner_000", "current_version": 2, "event_type": "latest_polled", "found_version": 3, "hostname": "mg0008", "timestamp": 1783761300.3581657}
{"actor": "learner_000", "event_type": "global_adopted", "hostname": "mg0008", "timestamp": 1783761300.3624325, "version": 3}
{"actor": "learner_000", "adoption_state_digest": "ceaa995de1a92e801cacb15f761516469a7a339b11f3d7c9a1bc970e0445b4ba", "event_type": "inner_optimizer_adoption", "hostname": "mg0008", "policy": "reset_all", "reset_parameter_count": 2, "timestamp": 1783761300.3635566, "version": 3}
{"actor": "learner_000", "event_type": "inner_step_summary", "global_version": 3, "hostname": "mg0008", "local_step": 3, "timestamp": 1783761300.3665307, "train_loss": 5.0583815574646}
{"actor": "learner_000", "adopted_commit_seq": 3, "adoption_deferred_to_boundary": true, "event_type": "successor_observed_mid_interval", "hostname": "mg0008", "observed_commit_seq": 4, "timestamp": 1783761300.36864}
{"actor": "learner_000", "event_type": "error", "exc_info": "Traceback (most recent call last):\n  File \"/work/xg24i002/x10041/fs_based_decoupled_diloco/fs_diloco/learner.py\", line 1272, in run_learner\n    update_id, tensor_path, _meta_path, metadata, publication = write_update(\n                                                                ~~~~~~~~~~~~^\n        paths=paths,\n        ^^^^^^^^^^^^\n    ...<25 lines>...\n        flat=flat,\n        ^^^^^^^^^^\n    )\n    ^\n  File \"/work/xg24i002/x10041/fs_based_decoupled_diloco/fs_diloco/learner.py\", line 478, in write_update\n    \"file_size_bytes\": file_size(tensor_path),\n                       ~~~~~~~~~^^^^^^^^^^^^^\n  File \"/work/xg24i002/x10041/fs_based_decoupled_diloco/fs_diloco/atomic_io.py\", line 96, in file_size\n    return Path(path).stat().st_size\n           ~~~~~~~~~~~~~~~^^\n  File \"/home/x10041/.local/share/uv/python/cpython-3.13.13-linux-aarch64-gnu/lib/python3.13/pathlib/_local.py\", line 515, in stat\n    return os.stat(self, follow_symlinks=follow_symlinks)\n           ~~~~~~~^^^^^^^^^^^^^^^^^^^^^^^^^^^^^^^^^^^^^^^\nFileNotFoundError: [Errno 2] No such file or directory: '/work/xg24i002/x10041/fs_based_decoupled_diloco/runs/duraloco/20260711_p06a_final_fce378f_c2/training/updates/pending/learner_000/update_60da95d274a7.params.safetensors'\n", "global_version": 3, "hostname": "mg0008", "local_step": 3, "timestamp": 1783761300.3985546}
{"actor": "learner_000", "event_type": "stop_seen", "hostname": "mg0008", "reason": "stop_after_outer_steps", "timestamp": 1783761300.4007916}
{"actor": "learner_000", "event_type": "process_exit", "global_version": 3, "hostname": "mg0008", "local_step": 3, "timestamp": 1783761300.4075584}
{"actor": "learner_000", "event_type": "error", "exc_type": "FileNotFoundError", "hostname": "mg0008", "message": "[Errno 2] No such file or directory: '/work/xg24i002/x10041/fs_based_decoupled_diloco/runs/duraloco/20260711_p06a_final_fce378f_c2/training/updates/pending/learner_000/update_60da95d274a7.params.safetensors'", "timestamp": 1783761300.4103074, "traceback": "Traceback (most recent call last):\n  File \"<frozen runpy>\", line 198, in _run_module_as_main\n  File \"<frozen runpy>\", line 88, in _run_code\n  File \"/work/xg24i002/x10041/fs_based_decoupled_diloco/fs_diloco/learner.py\", line 1459, in <module>\n    main()\n    ~~~~^^\n  File \"/work/xg24i002/x10041/fs_based_decoupled_diloco/fs_diloco/learner.py\", line 1455, in main\n    run_learner(config, args.learner_id)\n    ~~~~~~~~~~~^^^^^^^^^^^^^^^^^^^^^^^^^\n  File \"/work/xg24i002/x10041/fs_based_decoupled_diloco/fs_diloco/learner.py\", line 1272, in run_learner\n    update_id, tensor_path, _meta_path, metadata, publication = write_update(\n                                                                ~~~~~~~~~~~~^\n        paths=paths,\n        ^^^^^^^^^^^^\n    ...<25 lines>...\n        flat=flat,\n        ^^^^^^^^^^\n    )\n    ^\n  File \"/work/xg24i002/x10041/fs_based_decoupled_diloco/fs_diloco/learner.py\", line 478, in write_update\n    \"file_size_bytes\": file_size(tensor_path),\n                       ~~~~~~~~~^^^^^^^^^^^^^\n  File \"/work/xg24i002/x10041/fs_based_decoupled_diloco/fs_diloco/atomic_io.py\", line 96, in file_size\n    return Path(path).stat().st_size\n           ~~~~~~~~~~~~~~~^^\n  File \"/home/x10041/.local/share/uv/python/cpython-3.13.13-linux-aarch64-gnu/lib/python3.13/pathlib/_local.py\", line 515, in stat\n    return os.stat(self, follow_symlinks=follow_symlinks)\n           ~~~~~~~^^^^^^^^^^^^^^^^^^^^^^^^^^^^^^^^^^^^^^^\nFileNotFoundError: [Errno 2] No such file or directory: '/work/xg24i002/x10041/fs_based_decoupled_diloco/runs/duraloco/20260711_p06a_final_fce378f_c2/training/updates/pending/learner_000/update_60da95d274a7.params.safetensors'\n"}
Traceback (most recent call last):
  File "<frozen runpy>", line 198, in _run_module_as_main
  File "<frozen runpy>", line 88, in _run_code
  File "/work/xg24i002/x10041/fs_based_decoupled_diloco/fs_diloco/learner.py", line 1459, in <module>
    main()
    ~~~~^^
  File "/work/xg24i002/x10041/fs_based_decoupled_diloco/fs_diloco/learner.py", line 1455, in main
    run_learner(config, args.learner_id)
    ~~~~~~~~~~~^^^^^^^^^^^^^^^^^^^^^^^^^
  File "/work/xg24i002/x10041/fs_based_decoupled_diloco/fs_diloco/learner.py", line 1272, in run_learner
    update_id, tensor_path, _meta_path, metadata, publication = write_update(
                                                                ~~~~~~~~~~~~^
        paths=paths,
        ^^^^^^^^^^^^
    ...<25 lines>...
        flat=flat,
        ^^^^^^^^^^
    )
    ^
  File "/work/xg24i002/x10041/fs_based_decoupled_diloco/fs_diloco/learner.py", line 478, in write_update
    "file_size_bytes": file_size(tensor_path),
                       ~~~~~~~~~^^^^^^^^^^^^^
  File "/work/xg24i002/x10041/fs_based_decoupled_diloco/fs_diloco/atomic_io.py", line 96, in file_size
    return Path(path).stat().st_size
           ~~~~~~~~~~~~~~~^^
  File "/home/x10041/.local/share/uv/python/cpython-3.13.13-linux-aarch64-gnu/lib/python3.13/pathlib/_local.py", line 515, in stat
    return os.stat(self, follow_symlinks=follow_symlinks)
           ~~~~~~~^^^^^^^^^^^^^^^^^^^^^^^^^^^^^^^^^^^^^^^
FileNotFoundError: [Errno 2] No such file or directory: '/work/xg24i002/x10041/fs_based_decoupled_diloco/runs/duraloco/20260711_p06a_final_fce378f_c2/training/updates/pending/learner_000/update_60da95d274a7.params.safetensors'
