{"actor": "syncer", "authority_root": "/work/xg24i002/x10041/duraloco_worktrees/p05-full-2a8ab75/runs/duraloco/P05/20260711_p05_full_2a8ab75_1node/full/authority", "cuda_visible_devices": "", "device": "cpu", "event_type": "process_start", "hostname": "mg0009", "owner_id": "syncer-active", "owner_session_id": "20260711_p05_full_2a8ab75_1node-full-active", "run_generation": 0, "run_id": "20260711_p05_full_2a8ab75_1node-full", "shared_root": "/work/xg24i002/x10041/duraloco_worktrees/p05-full-2a8ab75/runs/duraloco/P05/20260711_p05_full_2a8ab75_1node/full", "standby": false, "timestamp": 1783745895.68639}
{"actor": "syncer", "commit_seq": 0, "event_type": "generation_initialized", "hostname": "mg0009", "timestamp": 1783745897.2843451, "view_digest": "68c26c870703faaddd3eace54570d19d0272ac036d2da4fd9742f0c3cf8cea32"}
{"actor": "syncer", "event_type": "coordination_stage_completed", "hostname": "mg0009", "lease_sequence": 1, "owner_id": "syncer-active", "owner_session_id": "20260711_p05_full_2a8ab75_1node-full-active", "proposed_fencing_epoch": 1, "seconds": 0.00529298500623554, "stage": "lease_acquire", "timestamp": 1783745897.2928703}
{"actor": "syncer", "commit_seq": 1, "event_type": "coordination_stage_completed", "fencing_epoch": 1, "hostname": "mg0009", "optimizer_transition_count": 0, "owner_id": "syncer-active", "owner_session_id": "20260711_p05_full_2a8ab75_1node-full-active", "seconds": 0.036390738969203085, "stage": "fence_commit_and_strict_replay", "timestamp": 1783745897.3303409}
{"actor": "syncer", "commit_seq": 1, "eligible": 0, "event_type": "quorum_wait", "fragment_id": 0, "hostname": "mg0009", "quorum_min": 1, "timestamp": 1783745897.5576363}
{"actor": "syncer", "commit_seq": 1, "eligible": 0, "event_type": "quorum_wait", "fragment_id": 0, "hostname": "mg0009", "quorum_min": 1, "timestamp": 1783745897.9601765}
{"actor": "syncer", "commit_seq": 1, "eligible": 0, "event_type": "quorum_wait", "fragment_id": 0, "hostname": "mg0009", "quorum_min": 1, "timestamp": 1783745898.362487}
{"actor": "syncer", "commit_seq": 1, "eligible": 0, "event_type": "quorum_wait", "fragment_id": 0, "hostname": "mg0009", "quorum_min": 1, "timestamp": 1783745898.7653747}
{"actor": "syncer", "commit_seq": 1, "eligible": 0, "event_type": "quorum_wait", "fragment_id": 0, "hostname": "mg0009", "quorum_min": 1, "timestamp": 1783745899.1677358}
{"actor": "syncer", "commit_seq": 1, "eligible": 0, "event_type": "quorum_wait", "fragment_id": 0, "hostname": "mg0009", "quorum_min": 1, "timestamp": 1783745899.569869}
{"actor": "syncer", "commit_seq": 1, "eligible": 0, "event_type": "quorum_wait", "fragment_id": 0, "hostname": "mg0009", "quorum_min": 1, "timestamp": 1783745899.9749446}
{"actor": "syncer", "event_type": "transaction_stage_completed", "hostname": "mg0009", "seconds": 0.2130813329713419, "selected_count": 2, "stage": "catalog", "target_commit_seq": 2, "timestamp": 1783745900.3906093}
{"actor": "syncer", "event_type": "transaction_stage_completed", "hostname": "mg0009", "seconds": 0.015715309011284262, "stage": "proposal_observation", "target_commit_seq": 2, "timestamp": 1783745900.4050295}
{"actor": "syncer", "event_type": "transaction_stage_completed", "hostname": "mg0009", "seconds": 0.001106885029003024, "stage": "aggregation", "target_commit_seq": 2, "timestamp": 1783745900.406136}
{"actor": "syncer", "event_type": "transaction_stage_completed", "hostname": "mg0009", "seconds": 0.0011161979637108743, "stage": "outer_step", "target_commit_seq": 2, "timestamp": 1783745900.4072526}
{"actor": "syncer", "event_type": "transaction_stage_completed", "hostname": "mg0009", "seconds": 0.034959947981406, "stage": "successor_prepare", "target_commit_seq": 2, "timestamp": 1783745900.443187}
{"actor": "syncer", "commit_id": "c-fcb09b8e8962e75c3fd9d33c350b1a7e63485bf6689c7978f727718f61ae4157", "commit_seq": 2, "event_type": "head_cas_completed", "hostname": "mg0009", "seconds": 0.007929669984150678, "timestamp": 1783745900.451116}
{"actor": "syncer", "commit_id": "c-fcb09b8e8962e75c3fd9d33c350b1a7e63485bf6689c7978f727718f61ae4157", "commit_seq": 2, "event_type": "post_cas_replay_completed", "hostname": "mg0009", "seconds": 0.013718403002712876, "timestamp": 1783745900.4657815}
{"actor": "syncer", "event_type": "transaction_stage_completed", "hostname": "mg0009", "seconds": 0.01890732499305159, "stage": "materialized_export", "target_commit_seq": 2, "timestamp": 1783745900.4857523}
{"actor": "syncer", "commit_id": "c-fcb09b8e8962e75c3fd9d33c350b1a7e63485bf6689c7978f727718f61ae4157", "commit_seq": 2, "event_type": "transition_committed", "fragment_id": 0, "hostname": "mg0009", "selected_proposal_ids": ["p-75279beee7fa33162ee58c7d4de089c957822d05dd804e352340fb1755860b2d", "p-916402950e3e342d38e628cd46655e43b5a2bdcef8e38a15c82ca4a5b5a81c18"], "timestamp": 1783745900.4878497, "view_digest": "6dca7be4fb0089c3942212ba4aebaf42eb39869c5f6a4b82d9771c0e19698803"}
{"actor": "syncer", "event_type": "transaction_stage_completed", "hostname": "mg0009", "seconds": 0.21251368301454931, "selected_count": 2, "stage": "catalog", "target_commit_seq": 3, "timestamp": 1783745900.7025356}
{"actor": "syncer", "event_type": "transaction_stage_completed", "hostname": "mg0009", "seconds": 0.014530247019138187, "stage": "proposal_observation", "target_commit_seq": 3, "timestamp": 1783745900.7157958}
{"actor": "syncer", "event_type": "transaction_stage_completed", "hostname": "mg0009", "seconds": 0.0010303729795850813, "stage": "aggregation", "target_commit_seq": 3, "timestamp": 1783745900.7168255}
{"actor": "syncer", "event_type": "transaction_stage_completed", "hostname": "mg0009", "seconds": 0.0010179249802604318, "stage": "outer_step", "target_commit_seq": 3, "timestamp": 1783745900.7178435}
{"actor": "syncer", "event_type": "transaction_stage_completed", "hostname": "mg0009", "seconds": 0.03142453799955547, "stage": "successor_prepare", "target_commit_seq": 3, "timestamp": 1783745900.7502236}
{"actor": "syncer", "commit_id": "c-eb8ac2049fe38da4112466fba0190c48b7df406821bb0352e4b150ce969087c5", "commit_seq": 3, "event_type": "head_cas_completed", "hostname": "mg0009", "seconds": 0.008083624008577317, "timestamp": 1783745900.7583067}
{"actor": "syncer", "commit_id": "c-eb8ac2049fe38da4112466fba0190c48b7df406821bb0352e4b150ce969087c5", "commit_seq": 3, "event_type": "post_cas_replay_completed", "hostname": "mg0009", "seconds": 0.018106841016560793, "timestamp": 1783745900.7773912}
{"actor": "syncer", "event_type": "transaction_stage_completed", "hostname": "mg0009", "seconds": 0.023784435994457453, "stage": "materialized_export", "target_commit_seq": 3, "timestamp": 1783745900.8021505}
{"actor": "syncer", "commit_id": "c-eb8ac2049fe38da4112466fba0190c48b7df406821bb0352e4b150ce969087c5", "commit_seq": 3, "event_type": "transition_committed", "fragment_id": 0, "hostname": "mg0009", "selected_proposal_ids": ["p-2059c754e8ff2b8c429b91fa64b67ec04761ca2979752cef5d5a567f5c3cfe02", "p-eadc7e061b5f950e333f47bb8e5ba44d8d1ece7ce2a39394122ad23963150bb0"], "timestamp": 1783745900.8037064, "view_digest": "68d2a3fe75ee956ea638e569844e92d95fe1e9656f7a8389b43daa087ad90707"}
{"actor": "syncer", "commit_seq": 4, "event_type": "coordination_stage_completed", "hostname": "mg0009", "optimizer_transition_count": 2, "seconds": 0.05535527999745682, "stage": "authoritative_stop", "timestamp": 1783745900.8599916}
{"actor": "syncer", "commit_id": "c-ddd55c8a5ca129983d024204efc4874228e14aa80c1f18a07d2a8e6a4982f2bf", "commit_seq": 4, "event_type": "stop_published", "hostname": "mg0009", "reason": "stop_after_outer_steps", "timestamp": 1783745900.8835363}
{"actor": "syncer", "commit_seq": 4, "event_type": "process_exit", "hostname": "mg0009", "reason": "stop_after_outer_steps", "timestamp": 1783745900.8844519}
