{"actor": "learner_000", "device": "cpu", "event_type": "process_start", "fragment_mode": true, "hostname": "mg0009", "learner_id": "learner_000", "run_id": "20260711_p05_full_2a8ab75_1node-fragment", "timestamp": 1783745910.4257112}
{"actor": "learner_000", "event_type": "loaded_fragment_latest", "fragment_versions": {"0": 0, "1": 0}, "global_merge_event": 0, "hostname": "mg0009", "timestamp": 1783745911.372726}
{"actor": "learner_000", "event_type": "inner_optimizer_reset", "hostname": "mg0009", "timestamp": 1783745911.3740642, "version": 0}
{"actor": "learner_000", "event_type": "inner_step_summary", "global_merge_event": 0, "hostname": "mg0009", "local_step": 1, "timestamp": 1783745911.413795, "train_loss": 4.4085211753845215}
{"actor": "learner_000", "event_type": "inner_step_summary", "global_merge_event": 0, "hostname": "mg0009", "local_step": 2, "timestamp": 1783745911.4176238, "train_loss": 4.236637115478516}
{"actor": "learner_000", "base_fragment_version": 0, "event_type": "fragment_update_written", "file_path": "/work/xg24i002/x10041/duraloco_worktrees/p05-full-2a8ab75/runs/duraloco/P05/20260711_p05_full_2a8ab75_1node/fragment/updates/pending/learner_000/update_bd37c19c4441_fragment_000.params.safetensors", "fragment_id": 0, "hostname": "mg0009", "local_step": 2, "timestamp": 1783745911.438193, "tokens": 64, "train_loss": 4.3225791454315186, "update_id": "learner_000_00000002_f000_bd37c19c4441"}
{"actor": "learner_000", "event_type": "heartbeat_written", "hostname": "mg0009", "local_step": 2, "timestamp": 1783745911.4436378}
{"actor": "learner_000", "current_global_merge_event": 0, "event_type": "fragment_latest_polled", "found_global_merge_event": 1, "hostname": "mg0009", "timestamp": 1783745911.8456705}
{"actor": "learner_000", "event_type": "inner_optimizer_reset", "fragments": [0], "hostname": "mg0009", "timestamp": 1783745911.8473897, "version": 1}
{"actor": "learner_000", "event_type": "fragments_adopted", "fragment_versions": {"0": 1, "1": 0}, "fragments": [0], "global_merge_event": 1, "hostname": "mg0009", "timestamp": 1783745911.8483343}
{"actor": "learner_000", "event_type": "inner_step_summary", "global_merge_event": 1, "hostname": "mg0009", "local_step": 3, "timestamp": 1783745911.8531168, "train_loss": 4.461277961730957}
{"actor": "learner_000", "event_type": "inner_step_summary", "global_merge_event": 1, "hostname": "mg0009", "local_step": 4, "timestamp": 1783745911.8554358, "train_loss": 4.1891188621521}
{"actor": "learner_000", "base_fragment_version": 0, "event_type": "fragment_update_written", "file_path": "/work/xg24i002/x10041/duraloco_worktrees/p05-full-2a8ab75/runs/duraloco/P05/20260711_p05_full_2a8ab75_1node/fragment/updates/pending/learner_000/update_297cb7dd3e62_fragment_001.params.safetensors", "fragment_id": 1, "hostname": "mg0009", "local_step": 4, "timestamp": 1783745911.8729396, "tokens": 64, "train_loss": 4.325198411941528, "update_id": "learner_000_00000004_f001_297cb7dd3e62"}
{"actor": "learner_000", "event_type": "heartbeat_written", "hostname": "mg0009", "local_step": 4, "timestamp": 1783745911.8782332}
{"actor": "learner_000", "current_global_merge_event": 1, "event_type": "fragment_latest_polled", "found_global_merge_event": 2, "hostname": "mg0009", "timestamp": 1783745912.0801377}
{"actor": "learner_000", "event_type": "inner_optimizer_reset", "fragments": [1], "hostname": "mg0009", "timestamp": 1783745912.0818055, "version": 2}
{"actor": "learner_000", "event_type": "fragments_adopted", "fragment_versions": {"0": 1, "1": 1}, "fragments": [1], "global_merge_event": 2, "hostname": "mg0009", "timestamp": 1783745912.0830467}
{"actor": "learner_000", "event_type": "inner_step_summary", "global_merge_event": 2, "hostname": "mg0009", "local_step": 5, "timestamp": 1783745912.0855763, "train_loss": 4.406547546386719}
{"actor": "learner_000", "event_type": "inner_step_summary", "global_merge_event": 2, "hostname": "mg0009", "local_step": 6, "timestamp": 1783745912.0883298, "train_loss": 4.292060852050781}
{"actor": "learner_000", "base_fragment_version": 1, "event_type": "fragment_update_written", "file_path": "/work/xg24i002/x10041/duraloco_worktrees/p05-full-2a8ab75/runs/duraloco/P05/20260711_p05_full_2a8ab75_1node/fragment/updates/pending/learner_000/update_cca08117eb72_fragment_000.params.safetensors", "fragment_id": 0, "hostname": "mg0009", "local_step": 6, "timestamp": 1783745912.1042793, "tokens": 64, "train_loss": 4.34930419921875, "update_id": "learner_000_00000006_f000_cca08117eb72"}
{"actor": "learner_000", "event_type": "heartbeat_written", "hostname": "mg0009", "local_step": 6, "timestamp": 1783745912.1091847}
{"actor": "learner_000", "current_global_merge_event": 2, "event_type": "fragment_latest_polled", "found_global_merge_event": 3, "hostname": "mg0009", "timestamp": 1783745912.5116181}
{"actor": "learner_000", "event_type": "inner_optimizer_reset", "fragments": [0], "hostname": "mg0009", "timestamp": 1783745912.5132616, "version": 3}
{"actor": "learner_000", "event_type": "fragments_adopted", "fragment_versions": {"0": 2, "1": 1}, "fragments": [0], "global_merge_event": 3, "hostname": "mg0009", "timestamp": 1783745912.514218}
{"actor": "learner_000", "event_type": "inner_step_summary", "global_merge_event": 3, "hostname": "mg0009", "local_step": 7, "timestamp": 1783745912.5165417, "train_loss": 4.427523612976074}
{"actor": "learner_000", "event_type": "heartbeat_written", "hostname": "mg0009", "local_step": 7, "timestamp": 1783745912.5213516}
{"actor": "learner_000", "event_type": "inner_step_summary", "global_merge_event": 3, "hostname": "mg0009", "local_step": 8, "timestamp": 1783745912.523373, "train_loss": 4.314696311950684}
{"actor": "learner_000", "base_fragment_version": 1, "event_type": "fragment_update_written", "file_path": "/work/xg24i002/x10041/duraloco_worktrees/p05-full-2a8ab75/runs/duraloco/P05/20260711_p05_full_2a8ab75_1node/fragment/updates/pending/learner_000/update_79bea59b0f92_fragment_001.params.safetensors", "fragment_id": 1, "hostname": "mg0009", "local_step": 8, "timestamp": 1783745912.5373626, "tokens": 64, "train_loss": 4.371109962463379, "update_id": "learner_000_00000008_f001_79bea59b0f92"}
{"actor": "learner_000", "event_type": "heartbeat_written", "hostname": "mg0009", "local_step": 8, "timestamp": 1783745912.5418005}
{"actor": "learner_000", "current_global_merge_event": 3, "event_type": "fragment_latest_polled", "found_global_merge_event": 4, "hostname": "mg0009", "timestamp": 1783745912.9442363}
{"actor": "learner_000", "event_type": "inner_optimizer_reset", "fragments": [1], "hostname": "mg0009", "timestamp": 1783745912.9461389, "version": 4}
{"actor": "learner_000", "event_type": "fragments_adopted", "fragment_versions": {"0": 2, "1": 2}, "fragments": [1], "global_merge_event": 4, "hostname": "mg0009", "timestamp": 1783745912.9470305}
{"actor": "learner_000", "event_type": "stop_seen", "hostname": "mg0009", "reason": "stop_after_outer_steps", "timestamp": 1783745912.9491787}
{"actor": "learner_000", "deleted_files": 8, "event_type": "retention_cleanup", "hostname": "mg0009", "keep_last": 0, "role": "learner", "timestamp": 1783745912.9597323, "update_dir": "/work/xg24i002/x10041/duraloco_worktrees/p05-full-2a8ab75/runs/duraloco/P05/20260711_p05_full_2a8ab75_1node/fragment/updates/pending/learner_000"}
{"actor": "learner_000", "event_type": "process_exit", "fragment_adopt_count": 4, "fragment_versions": {"0": 2, "1": 2}, "global_version": 4, "hostname": "mg0009", "local_step": 8, "timestamp": 1783745912.960616}
