{"actor": "syncer", "authority_root": "/work/xg24i002/x10041/duraloco_worktrees/p05-full-2a8ab75/runs/duraloco/P05/20260711_p05_full_2a8ab75_1node/fragment/authority", "cuda_visible_devices": "", "device": "cpu", "event_type": "process_start", "hostname": "mg0009", "owner_id": "syncer-active", "owner_session_id": "20260711_p05_full_2a8ab75_1node-fragment-active", "run_generation": 0, "run_id": "20260711_p05_full_2a8ab75_1node-fragment", "shared_root": "/work/xg24i002/x10041/duraloco_worktrees/p05-full-2a8ab75/runs/duraloco/P05/20260711_p05_full_2a8ab75_1node/fragment", "standby": false, "timestamp": 1783745908.4252706}
{"actor": "syncer", "commit_seq": 0, "event_type": "generation_initialized", "hostname": "mg0009", "timestamp": 1783745909.12395, "view_digest": "84f750b7c9b2a994c3bd711831f9a92b09371956c042bade6c7764937b24b32a"}
{"actor": "syncer", "event_type": "coordination_stage_completed", "hostname": "mg0009", "lease_sequence": 1, "owner_id": "syncer-active", "owner_session_id": "20260711_p05_full_2a8ab75_1node-fragment-active", "proposed_fencing_epoch": 1, "seconds": 0.005988318007439375, "stage": "lease_acquire", "timestamp": 1783745909.1332245}
{"actor": "syncer", "commit_seq": 1, "event_type": "coordination_stage_completed", "fencing_epoch": 1, "hostname": "mg0009", "optimizer_transition_count": 0, "owner_id": "syncer-active", "owner_session_id": "20260711_p05_full_2a8ab75_1node-fragment-active", "seconds": 0.04103546601254493, "stage": "fence_commit_and_strict_replay", "timestamp": 1783745909.175355}
{"actor": "syncer", "commit_seq": 1, "eligible": 0, "event_type": "quorum_wait", "fragment_id": 0, "hostname": "mg0009", "quorum_min": 1, "timestamp": 1783745909.40782}
{"actor": "syncer", "commit_seq": 1, "eligible": 0, "event_type": "quorum_wait", "fragment_id": 0, "hostname": "mg0009", "quorum_min": 1, "timestamp": 1783745909.8100579}
{"actor": "syncer", "commit_seq": 1, "eligible": 0, "event_type": "quorum_wait", "fragment_id": 0, "hostname": "mg0009", "quorum_min": 1, "timestamp": 1783745910.2123442}
{"actor": "syncer", "commit_seq": 1, "eligible": 0, "event_type": "quorum_wait", "fragment_id": 0, "hostname": "mg0009", "quorum_min": 1, "timestamp": 1783745910.6146638}
{"actor": "syncer", "commit_seq": 1, "eligible": 0, "event_type": "quorum_wait", "fragment_id": 0, "hostname": "mg0009", "quorum_min": 1, "timestamp": 1783745911.0201268}
{"actor": "syncer", "commit_seq": 1, "eligible": 0, "event_type": "quorum_wait", "fragment_id": 0, "hostname": "mg0009", "quorum_min": 1, "timestamp": 1783745911.4245274}
{"actor": "syncer", "event_type": "transaction_stage_completed", "hostname": "mg0009", "seconds": 0.01318477001041174, "selected_count": 2, "stage": "catalog", "target_commit_seq": 2, "timestamp": 1783745911.6402128}
{"actor": "syncer", "event_type": "transaction_stage_completed", "hostname": "mg0009", "seconds": 0.02038685098523274, "stage": "proposal_observation", "target_commit_seq": 2, "timestamp": 1783745911.659319}
{"actor": "syncer", "event_type": "transaction_stage_completed", "hostname": "mg0009", "seconds": 0.0016202640254050493, "stage": "aggregation", "target_commit_seq": 2, "timestamp": 1783745911.6609387}
{"actor": "syncer", "event_type": "transaction_stage_completed", "hostname": "mg0009", "seconds": 0.001108773984014988, "stage": "outer_step", "target_commit_seq": 2, "timestamp": 1783745911.662047}
{"actor": "syncer", "event_type": "transaction_stage_completed", "hostname": "mg0009", "seconds": 0.02814861695514992, "stage": "successor_prepare", "target_commit_seq": 2, "timestamp": 1783745911.6912482}
{"actor": "syncer", "commit_id": "c-096e1a4893bf10f166e05cab9a019655436a11efd53c8c2485af6e21b1e63553", "commit_seq": 2, "event_type": "head_cas_completed", "hostname": "mg0009", "seconds": 0.008204073004890233, "timestamp": 1783745911.6994517}
{"actor": "syncer", "commit_id": "c-096e1a4893bf10f166e05cab9a019655436a11efd53c8c2485af6e21b1e63553", "commit_seq": 2, "event_type": "post_cas_replay_completed", "hostname": "mg0009", "seconds": 0.014356965955812484, "timestamp": 1783745911.7147222}
{"actor": "syncer", "event_type": "transaction_stage_completed", "hostname": "mg0009", "seconds": 0.024495063989888877, "stage": "materialized_export", "target_commit_seq": 2, "timestamp": 1783745911.7401764}
{"actor": "syncer", "commit_id": "c-096e1a4893bf10f166e05cab9a019655436a11efd53c8c2485af6e21b1e63553", "commit_seq": 2, "event_type": "transition_committed", "fragment_id": 0, "hostname": "mg0009", "selected_proposal_ids": ["p-1b23e0d5102d1081f4d9c67f0559c655a248bd75c9f4b589f3f7022d0e0da38d", "p-2fae619f7f0eb2e346b85779c550bbd4a6ff0220096ef42d4144cf4a6276aa63"], "timestamp": 1783745911.7422562, "view_digest": "8cf36f7691baf2b2783b8ceab82a9fc0b4eb57e46e6adde86ef36bd7087c90d9"}
{"actor": "syncer", "event_type": "transaction_stage_completed", "hostname": "mg0009", "seconds": 0.2154300170368515, "selected_count": 2, "stage": "catalog", "target_commit_seq": 3, "timestamp": 1783745911.959855}
{"actor": "syncer", "event_type": "transaction_stage_completed", "hostname": "mg0009", "seconds": 0.01465674297651276, "stage": "proposal_observation", "target_commit_seq": 3, "timestamp": 1783745911.9732404}
{"actor": "syncer", "event_type": "transaction_stage_completed", "hostname": "mg0009", "seconds": 0.0010482940124347806, "stage": "aggregation", "target_commit_seq": 3, "timestamp": 1783745911.974288}
{"actor": "syncer", "event_type": "transaction_stage_completed", "hostname": "mg0009", "seconds": 0.0010178289958275855, "stage": "outer_step", "target_commit_seq": 3, "timestamp": 1783745911.9753063}
{"actor": "syncer", "event_type": "transaction_stage_completed", "hostname": "mg0009", "seconds": 0.03344307700172067, "stage": "successor_prepare", "target_commit_seq": 3, "timestamp": 1783745912.0096922}
{"actor": "syncer", "commit_id": "c-3feea6df962fd7e5325d301b8af0acd5be49175f83d9d6be65f04e01905362a9", "commit_seq": 3, "event_type": "head_cas_completed", "hostname": "mg0009", "seconds": 0.008654569974169135, "timestamp": 1783745912.0183468}
{"actor": "syncer", "commit_id": "c-3feea6df962fd7e5325d301b8af0acd5be49175f83d9d6be65f04e01905362a9", "commit_seq": 3, "event_type": "post_cas_replay_completed", "hostname": "mg0009", "seconds": 0.019190141989383847, "timestamp": 1783745912.0384188}
{"actor": "syncer", "event_type": "transaction_stage_completed", "hostname": "mg0009", "seconds": 0.026875588984694332, "stage": "materialized_export", "target_commit_seq": 3, "timestamp": 1783745912.0662105}
{"actor": "syncer", "commit_id": "c-3feea6df962fd7e5325d301b8af0acd5be49175f83d9d6be65f04e01905362a9", "commit_seq": 3, "event_type": "transition_committed", "fragment_id": 1, "hostname": "mg0009", "selected_proposal_ids": ["p-b06f5d52e53b6aa9f5d36dc008a4bbf3557581089926cfd132304a417c27e8c6", "p-c8a5bee253dd229f5cf8e3d9d44d415790947838f2760f0c81ca40de539a018c"], "timestamp": 1783745912.0679643, "view_digest": "7ade7b655b5da784cc3dd43d1de0399c7d0bc892bd58c90ad706f6fdd95a5d80"}
{"actor": "syncer", "event_type": "transaction_stage_completed", "hostname": "mg0009", "seconds": 0.21832711901515722, "selected_count": 2, "stage": "catalog", "target_commit_seq": 4, "timestamp": 1783745912.2884884}
{"actor": "syncer", "event_type": "transaction_stage_completed", "hostname": "mg0009", "seconds": 0.015597675985191017, "stage": "proposal_observation", "target_commit_seq": 4, "timestamp": 1783745912.302809}
{"actor": "syncer", "event_type": "transaction_stage_completed", "hostname": "mg0009", "seconds": 0.002469388011377305, "stage": "aggregation", "target_commit_seq": 4, "timestamp": 1783745912.3052783}
{"actor": "syncer", "event_type": "transaction_stage_completed", "hostname": "mg0009", "seconds": 0.00327163195470348, "stage": "outer_step", "target_commit_seq": 4, "timestamp": 1783745912.30855}
{"actor": "syncer", "event_type": "transaction_stage_completed", "hostname": "mg0009", "seconds": 0.037682586000300944, "stage": "successor_prepare", "target_commit_seq": 4, "timestamp": 1783745912.3503828}
{"actor": "syncer", "commit_id": "c-aee6de0cfc88acafae00ed3c594afec7a1f00df4476b8bcf52ecb5959eaea63d", "commit_seq": 4, "event_type": "head_cas_completed", "hostname": "mg0009", "seconds": 0.007879334036260843, "timestamp": 1783745912.358262}
{"actor": "syncer", "commit_id": "c-aee6de0cfc88acafae00ed3c594afec7a1f00df4476b8bcf52ecb5959eaea63d", "commit_seq": 4, "event_type": "post_cas_replay_completed", "hostname": "mg0009", "seconds": 0.024596536997705698, "timestamp": 1783745912.3850727}
{"actor": "syncer", "event_type": "transaction_stage_completed", "hostname": "mg0009", "seconds": 0.02346645196666941, "stage": "materialized_export", "target_commit_seq": 4, "timestamp": 1783745912.4094672}
{"actor": "syncer", "commit_id": "c-aee6de0cfc88acafae00ed3c594afec7a1f00df4476b8bcf52ecb5959eaea63d", "commit_seq": 4, "event_type": "transition_committed", "fragment_id": 0, "hostname": "mg0009", "selected_proposal_ids": ["p-900d13f6dad10f5c0bd9f4ee01b9a81388c2bde0a07529173ffbc6e9f6a8be1a", "p-a5eb0b3e41b5960838d8905317968a200e66e2f4d02d22be72970e3250664729"], "timestamp": 1783745912.410896, "view_digest": "da3254e54d6e35fee393bfe43366f2f71ac4a6cadd19197dda4a6e5e943c8653"}
{"actor": "syncer", "event_type": "transaction_stage_completed", "hostname": "mg0009", "seconds": 0.22322032594820485, "selected_count": 2, "stage": "catalog", "target_commit_seq": 5, "timestamp": 1783745912.6362526}
{"actor": "syncer", "event_type": "transaction_stage_completed", "hostname": "mg0009", "seconds": 0.017588118033017963, "stage": "proposal_observation", "target_commit_seq": 5, "timestamp": 1783745912.6525683}
{"actor": "syncer", "event_type": "transaction_stage_completed", "hostname": "mg0009", "seconds": 0.0011461820104159415, "stage": "aggregation", "target_commit_seq": 5, "timestamp": 1783745912.6537144}
{"actor": "syncer", "event_type": "transaction_stage_completed", "hostname": "mg0009", "seconds": 0.0010257649701088667, "stage": "outer_step", "target_commit_seq": 5, "timestamp": 1783745912.6547406}
{"actor": "syncer", "event_type": "transaction_stage_completed", "hostname": "mg0009", "seconds": 0.04314261203398928, "stage": "successor_prepare", "target_commit_seq": 5, "timestamp": 1783745912.6990492}
{"actor": "syncer", "commit_id": "c-f7da4c4e989ba9edfa8bef2d671d2ce762b7877995fb56ada4b3bc0bad5138f0", "commit_seq": 5, "event_type": "head_cas_completed", "hostname": "mg0009", "seconds": 0.007740998000372201, "timestamp": 1783745912.7067902}
{"actor": "syncer", "commit_id": "c-f7da4c4e989ba9edfa8bef2d671d2ce762b7877995fb56ada4b3bc0bad5138f0", "commit_seq": 5, "event_type": "post_cas_replay_completed", "hostname": "mg0009", "seconds": 0.02988446701783687, "timestamp": 1783745912.7375913}
{"actor": "syncer", "event_type": "transaction_stage_completed", "hostname": "mg0009", "seconds": 0.025711518013849854, "stage": "materialized_export", "target_commit_seq": 5, "timestamp": 1783745912.7642953}
{"actor": "syncer", "commit_id": "c-f7da4c4e989ba9edfa8bef2d671d2ce762b7877995fb56ada4b3bc0bad5138f0", "commit_seq": 5, "event_type": "transition_committed", "fragment_id": 1, "hostname": "mg0009", "selected_proposal_ids": ["p-0f1488a1e99c5c8e3b6bed3ec451618cd29ed43ae59da931213256fbc15ce9a5", "p-46d232883d06b25b67cc81881095ce674f449728309d43cf5143a416bd84780f"], "timestamp": 1783745912.7657416, "view_digest": "3d7c9ba5325bf84486c4d2ba4f8f9ffd276901cbf650317ba1675ce72052373d"}
{"actor": "syncer", "commit_seq": 6, "event_type": "coordination_stage_completed", "hostname": "mg0009", "optimizer_transition_count": 4, "seconds": 0.09094361396273598, "stage": "authoritative_stop", "timestamp": 1783745912.8576112}
{"actor": "syncer", "commit_id": "c-9fd748b95308d227768f6e1ac2ddd7851524e74083a1f701e9901b58a546c0ed", "commit_seq": 6, "event_type": "stop_published", "hostname": "mg0009", "reason": "stop_after_outer_steps", "timestamp": 1783745912.8844614}
{"actor": "syncer", "commit_seq": 6, "event_type": "process_exit", "hostname": "mg0009", "reason": "stop_after_outer_steps", "timestamp": 1783745912.8854115}
