{"actor": "learner_001", "device": "cpu", "event_type": "process_start", "fragment_mode": true, "hostname": "mg0009", "learner_id": "learner_001", "run_id": "20260711_p05_full_2a8ab75_1node-fragment", "timestamp": 1783745910.4255426}
{"actor": "learner_001", "event_type": "loaded_fragment_latest", "fragment_versions": {"0": 0, "1": 0}, "global_merge_event": 0, "hostname": "mg0009", "timestamp": 1783745911.3713439}
{"actor": "learner_001", "event_type": "inner_optimizer_reset", "hostname": "mg0009", "timestamp": 1783745911.3728082, "version": 0}
{"actor": "learner_001", "event_type": "inner_step_summary", "global_merge_event": 0, "hostname": "mg0009", "local_step": 1, "timestamp": 1783745911.4144497, "train_loss": 4.317879676818848}
{"actor": "learner_001", "event_type": "inner_step_summary", "global_merge_event": 0, "hostname": "mg0009", "local_step": 2, "timestamp": 1783745911.418439, "train_loss": 4.2471699714660645}
{"actor": "learner_001", "base_fragment_version": 0, "event_type": "fragment_update_written", "file_path": "/work/xg24i002/x10041/duraloco_worktrees/p05-full-2a8ab75/runs/duraloco/P05/20260711_p05_full_2a8ab75_1node/fragment/updates/pending/learner_001/update_31e0f2beaf4e_fragment_000.params.safetensors", "fragment_id": 0, "hostname": "mg0009", "local_step": 2, "timestamp": 1783745911.4377134, "tokens": 64, "train_loss": 4.282524824142456, "update_id": "learner_001_00000002_f000_31e0f2beaf4e"}
{"actor": "learner_001", "event_type": "heartbeat_written", "hostname": "mg0009", "local_step": 2, "timestamp": 1783745911.4439585}
{"actor": "learner_001", "current_global_merge_event": 0, "event_type": "fragment_latest_polled", "found_global_merge_event": 1, "hostname": "mg0009", "timestamp": 1783745911.845906}
{"actor": "learner_001", "event_type": "inner_optimizer_reset", "fragments": [0], "hostname": "mg0009", "timestamp": 1783745911.847525, "version": 1}
{"actor": "learner_001", "event_type": "fragments_adopted", "fragment_versions": {"0": 1, "1": 0}, "fragments": [0], "global_merge_event": 1, "hostname": "mg0009", "timestamp": 1783745911.8483944}
{"actor": "learner_001", "event_type": "inner_step_summary", "global_merge_event": 1, "hostname": "mg0009", "local_step": 3, "timestamp": 1783745911.853412, "train_loss": 4.215604782104492}
{"actor": "learner_001", "event_type": "inner_step_summary", "global_merge_event": 1, "hostname": "mg0009", "local_step": 4, "timestamp": 1783745911.8564496, "train_loss": 4.340822696685791}
{"actor": "learner_001", "base_fragment_version": 0, "event_type": "fragment_update_written", "file_path": "/work/xg24i002/x10041/duraloco_worktrees/p05-full-2a8ab75/runs/duraloco/P05/20260711_p05_full_2a8ab75_1node/fragment/updates/pending/learner_001/update_69c4b11a6535_fragment_001.params.safetensors", "fragment_id": 1, "hostname": "mg0009", "local_step": 4, "timestamp": 1783745911.8748677, "tokens": 64, "train_loss": 4.278213739395142, "update_id": "learner_001_00000004_f001_69c4b11a6535"}
{"actor": "learner_001", "event_type": "heartbeat_written", "hostname": "mg0009", "local_step": 4, "timestamp": 1783745911.879472}
{"actor": "learner_001", "current_global_merge_event": 1, "event_type": "fragment_latest_polled", "found_global_merge_event": 2, "hostname": "mg0009", "timestamp": 1783745912.081191}
{"actor": "learner_001", "event_type": "inner_optimizer_reset", "fragments": [1], "hostname": "mg0009", "timestamp": 1783745912.0831065, "version": 2}
{"actor": "learner_001", "event_type": "fragments_adopted", "fragment_versions": {"0": 1, "1": 1}, "fragments": [1], "global_merge_event": 2, "hostname": "mg0009", "timestamp": 1783745912.084102}
{"actor": "learner_001", "event_type": "inner_step_summary", "global_merge_event": 2, "hostname": "mg0009", "local_step": 5, "timestamp": 1783745912.0873005, "train_loss": 4.40041971206665}
{"actor": "learner_001", "event_type": "inner_step_summary", "global_merge_event": 2, "hostname": "mg0009", "local_step": 6, "timestamp": 1783745912.089706, "train_loss": 4.2826457023620605}
{"actor": "learner_001", "base_fragment_version": 1, "event_type": "fragment_update_written", "file_path": "/work/xg24i002/x10041/duraloco_worktrees/p05-full-2a8ab75/runs/duraloco/P05/20260711_p05_full_2a8ab75_1node/fragment/updates/pending/learner_001/update_6f370f71b8f0_fragment_000.params.safetensors", "fragment_id": 0, "hostname": "mg0009", "local_step": 6, "timestamp": 1783745912.1117465, "tokens": 64, "train_loss": 4.3415327072143555, "update_id": "learner_001_00000006_f000_6f370f71b8f0"}
{"actor": "learner_001", "event_type": "heartbeat_written", "hostname": "mg0009", "local_step": 6, "timestamp": 1783745912.116612}
{"actor": "learner_001", "current_global_merge_event": 2, "event_type": "fragment_latest_polled", "found_global_merge_event": 3, "hostname": "mg0009", "timestamp": 1783745912.5194676}
{"actor": "learner_001", "event_type": "inner_optimizer_reset", "fragments": [0], "hostname": "mg0009", "timestamp": 1783745912.5212598, "version": 3}
{"actor": "learner_001", "event_type": "fragments_adopted", "fragment_versions": {"0": 2, "1": 1}, "fragments": [0], "global_merge_event": 3, "hostname": "mg0009", "timestamp": 1783745912.522203}
{"actor": "learner_001", "event_type": "inner_step_summary", "global_merge_event": 3, "hostname": "mg0009", "local_step": 7, "timestamp": 1783745912.5249817, "train_loss": 4.30113410949707}
{"actor": "learner_001", "event_type": "heartbeat_written", "hostname": "mg0009", "local_step": 7, "timestamp": 1783745912.5289748}
{"actor": "learner_001", "event_type": "inner_step_summary", "global_merge_event": 3, "hostname": "mg0009", "local_step": 8, "timestamp": 1783745912.5313144, "train_loss": 4.314328193664551}
{"actor": "learner_001", "base_fragment_version": 1, "event_type": "fragment_update_written", "file_path": "/work/xg24i002/x10041/duraloco_worktrees/p05-full-2a8ab75/runs/duraloco/P05/20260711_p05_full_2a8ab75_1node/fragment/updates/pending/learner_001/update_85abd027f17d_fragment_001.params.safetensors", "fragment_id": 1, "hostname": "mg0009", "local_step": 8, "timestamp": 1783745912.5451717, "tokens": 64, "train_loss": 4.3077311515808105, "update_id": "learner_001_00000008_f001_85abd027f17d"}
{"actor": "learner_001", "event_type": "heartbeat_written", "hostname": "mg0009", "local_step": 8, "timestamp": 1783745912.5498614}
{"actor": "learner_001", "current_global_merge_event": 3, "event_type": "fragment_latest_polled", "found_global_merge_event": 4, "hostname": "mg0009", "timestamp": 1783745912.9522457}
{"actor": "learner_001", "event_type": "inner_optimizer_reset", "fragments": [1], "hostname": "mg0009", "timestamp": 1783745912.9544222, "version": 4}
{"actor": "learner_001", "event_type": "fragments_adopted", "fragment_versions": {"0": 2, "1": 2}, "fragments": [1], "global_merge_event": 4, "hostname": "mg0009", "timestamp": 1783745912.9554276}
{"actor": "learner_001", "event_type": "stop_seen", "hostname": "mg0009", "reason": "stop_after_outer_steps", "timestamp": 1783745912.9572742}
{"actor": "learner_001", "deleted_files": 8, "event_type": "retention_cleanup", "hostname": "mg0009", "keep_last": 0, "role": "learner", "timestamp": 1783745912.9671028, "update_dir": "/work/xg24i002/x10041/duraloco_worktrees/p05-full-2a8ab75/runs/duraloco/P05/20260711_p05_full_2a8ab75_1node/fragment/updates/pending/learner_001"}
{"actor": "learner_001", "event_type": "process_exit", "fragment_adopt_count": 4, "fragment_versions": {"0": 2, "1": 2}, "global_version": 4, "hostname": "mg0009", "local_step": 8, "timestamp": 1783745912.9680645}
