{
  "db": {
    "applied_updates": 2,
    "contributors": [
      {
        "applied_version": 1,
        "effective_weight": 0.5,
        "learner_id": "learner_000",
        "update_id": "learner_000_00000008_f0b5ba45e3fb"
      },
      {
        "applied_version": 1,
        "effective_weight": 0.5,
        "learner_id": "learner_001",
        "update_id": "learner_001_00000008_d193df36bf67"
      }
    ],
    "dropped_updates": 6,
    "exists": true,
    "fragment_applied_updates": 0,
    "fragment_dropped_updates": 0,
    "fragment_learners_with_updates": [],
    "fragment_pending_updates": 0,
    "fragment_selected_counts_by_event": {},
    "fragment_staleness_values": [],
    "fragment_update_integrity": {
      "corrupt": [],
      "missing": [],
      "ok": true
    },
    "fragment_versions_rows": [],
    "global_versions": 2,
    "path": "/work/xg24i002/x10041/fs_based_decoupled_diloco_p00/runs/fs_diloco/20260710_clean_p00_993accd_full/db_dumps/metadata_20260710_224306_v000001.db",
    "pending_updates": 0
  },
  "fragment_merge_counts": {},
  "fragment_sizes": {
    "imbalance_ratio": 0.0,
    "max": 0,
    "mean": 0.0,
    "min": 0
  },
  "fragment_staleness_distribution": {
    "count": 0
  },
  "fragment_versions": {},
  "global_merge_event": 1,
  "heartbeats": {
    "learner_000": {
      "format_version": 1,
      "hostname": "mg0026",
      "last_loaded_global_version": 0,
      "last_local_step": 8,
      "last_update_id": "learner_000_00000008_f0b5ba45e3fb",
      "learner_id": "learner_000",
      "phase": "process_exit",
      "pid": 534120,
      "run_id": "20260710_clean_p00_993accd_full",
      "status": "stopped",
      "timestamp": 1783690956.3422544,
      "tokens_per_sec": null
    },
    "learner_001": {
      "format_version": 1,
      "hostname": "mg0026",
      "last_loaded_global_version": 0,
      "last_local_step": 8,
      "last_update_id": "learner_001_00000008_d193df36bf67",
      "learner_id": "learner_001",
      "phase": "process_exit",
      "pid": 534121,
      "run_id": "20260710_clean_p00_993accd_full",
      "status": "stopped",
      "timestamp": 1783690956.3373854,
      "tokens_per_sec": null
    }
  },
  "latest": {
    "created_at": 1783690956.4752076,
    "format_version": 1,
    "optim_path": "/work/xg24i002/x10041/fs_based_decoupled_diloco_p00/runs/fs_diloco/20260710_clean_p00_993accd_full/optim/outer_v000001.safetensors",
    "param_index_path": "/work/xg24i002/x10041/fs_based_decoupled_diloco_p00/runs/fs_diloco/20260710_clean_p00_993accd_full/control/param_index.json",
    "run_id": "20260710_clean_p00_993accd_full",
    "total_seen_tokens": 128,
    "version": 1,
    "weight_path": "/work/xg24i002/x10041/fs_based_decoupled_diloco_p00/runs/fs_diloco/20260710_clean_p00_993accd_full/weights/global_v000001.safetensors"
  },
  "latest_kind": "full",
  "learner_fragment_adoption": {
    "learner_000": {
      "fragment_adopt_count": 0,
      "has_adopted_after_initial": false,
      "last_adopted_fragments": [],
      "last_loaded_fragment_versions": {}
    },
    "learner_001": {
      "fragment_adopt_count": 0,
      "has_adopted_after_initial": false,
      "last_adopted_fragments": [],
      "last_loaded_fragment_versions": {}
    }
  },
  "learner_local_steps": {
    "learner_000": 8,
    "learner_001": 8
  },
  "learner_metrics": {
    "exists": true,
    "last": {
      "base_fragment_version": "",
      "fragment_adopt_count": "",
      "fragment_id": "",
      "fragment_norm": "",
      "global_merge_event": "",
      "global_version": "0",
      "last_loaded_fragment_versions_json": "",
      "learner_id": "learner_000",
      "local_step": "8",
      "param_norm": "32.25364685058594",
      "phase": "update_written",
      "timestamp": "1783690956.3363388",
      "tokens": "64",
      "tokens_per_sec": "4843.635734251113",
      "train_loss": "4.361299991607666",
      "update_write_seconds": "0.008175623137503862"
    },
    "rows": 9
  },
  "loss_summary": {
    "count": 8,
    "first_10_mean": 4.3337898552417755,
    "last_10_mean": 4.3337898552417755,
    "last_vs_first_ratio": 1.0,
    "max": 4.453975200653076,
    "mean": 4.3337898552417755,
    "min": 4.174031734466553,
    "obvious_divergence": false
  },
  "materialized_weight_exists": false,
  "selected_count_distribution": {
    "2": 1
  },
  "shared_root": "/work/xg24i002/x10041/fs_based_decoupled_diloco_p00/runs/fs_diloco/20260710_clean_p00_993accd_full",
  "stop": {
    "format_version": 1,
    "reason": "no_progress_timeout",
    "run_id": "20260710_clean_p00_993accd_full",
    "timestamp": 1783690986.5367293,
    "total_seen_tokens": 128,
    "version": 1
  },
  "stop_reason": "no_progress_timeout",
  "syncer_log_flags": {
    "error": false,
    "exists": true,
    "no_progress_timeout": true,
    "uncaught_exception": false
  },
  "syncer_metrics": {
    "exists": true,
    "last": {
      "aggregation_seconds": "0.006065563997253776",
      "fragment_aggregation_seconds": "",
      "fragment_id": "",
      "fragment_read_seconds": "",
      "fragment_staleness_max": "",
      "fragment_staleness_mean": "",
      "fragment_staleness_min": "",
      "fragment_version": "",
      "global_interval_seconds": "3.29504132270813",
      "global_merge_event": "",
      "materialize_full_seconds": "",
      "outer_step_seconds": "0.00026633800007402897",
      "publish_seconds": "0.012506779050454497",
      "read_seconds": "0.0015600400511175394",
      "selected_count": "2",
      "stale_updates_dropped": "6",
      "timestamp": "1783690956.486405",
      "total_update_tokens": "128",
      "version": "1"
    },
    "rows": 1
  },
  "update_manifest": {
    "exists": true,
    "last": {
      "base_fragment_version": "",
      "base_global_merge_event": "",
      "base_global_version": "0",
      "file_path": "/work/xg24i002/x10041/fs_based_decoupled_diloco_p00/runs/fs_diloco/20260710_clean_p00_993accd_full/updates/pending/learner_000/update_f0b5ba45e3fb.params.safetensors",
      "file_size_bytes": "8272",
      "fragment_id": "",
      "learner_id": "learner_000",
      "local_step_end": "8",
      "local_step_start": "6",
      "sha256": "eac8d1f64cbd5b47001117749cbd5db69b882ea226b94596d92a0a506f3ec81f",
      "timestamp": "1783690956.3369129",
      "tokens_this_update": "64",
      "update_id": "learner_000_00000008_f0b5ba45e3fb",
      "update_kind": ""
    },
    "rows": 9
  }
}
