{"actor": "learner_003", "device": "cuda", "event_type": "process_start", "hostname": "mg0887", "learner_id": "learner_003", "run_id": "20260711_p06b_final_d5e2901_d8-training", "timestamp": 1783766823.5070412}
Warning: You are sending unauthenticated requests to the HF Hub. Please set a HF_TOKEN to enable higher rate limits and faster downloads.
[transformers] `torch_dtype` is deprecated! Use `dtype` instead!
Loading weights:   0%|          | 0/148 [00:00<?, ?it/s]Loading weights:  64%|██████▎   | 94/148 [00:00<00:00, 910.08it/s]Loading weights: 100%|██████████| 148/148 [00:00<00:00, 715.71it/s]
{"actor": "learner_003", "event_type": "loaded_global", "hostname": "mg0887", "timestamp": 1783766848.619019, "version": 1}
{"actor": "learner_003", "event_type": "inner_optimizer_reset", "hostname": "mg0887", "timestamp": 1783766848.6207516, "version": 1}
{"actor": "learner_003", "committed_intervals": 0, "event_type": "warm_recovery", "hostname": "mg0887", "lost_tokens": 0, "max_uncommitted_base_commit_seq": null, "new_session": {"learner_id": "learner_003", "learner_session_id": "20260711_p06b_final_d5e2901_d8-training-learner_003-session", "protocol_version": 2, "record_type": "learner_session", "run_generation": 0, "run_id": "20260711_p06b_final_d5e2901_d8-training"}, "next_sequence": 1, "published_intervals": 0, "repeated_tokens_estimate": 0, "timestamp": 1783766853.4805257, "uncommitted_intervals": 0, "warm_not_exact": true}
[transformers] `loss_type=None` was set in the config but it is unrecognized. Using the default loss: `ForCausalLMLoss`.
{"actor": "learner_003", "event_type": "inner_step_summary", "global_version": 1, "gpu_step_seconds": 0.02720008499454707, "hostname": "mg0887", "local_step": 10, "timestamp": 1783766854.1495461, "train_loss": 3.695762872695923}
{"actor": "learner_003", "event_type": "inner_step_summary", "global_version": 1, "gpu_step_seconds": 0.026916915900073946, "hostname": "mg0887", "local_step": 20, "timestamp": 1783766854.4227679, "train_loss": 4.286275386810303}
{"actor": "learner_003", "event_type": "inner_step_summary", "global_version": 1, "gpu_step_seconds": 0.0270959249464795, "hostname": "mg0887", "local_step": 30, "timestamp": 1783766854.698129, "train_loss": 3.719120502471924}
{"actor": "learner_003", "event_type": "inner_step_summary", "global_version": 1, "gpu_step_seconds": 0.02691266010515392, "hostname": "mg0887", "local_step": 40, "timestamp": 1783766854.9719229, "train_loss": 4.565461158752441}
{"actor": "learner_003", "event_type": "inner_step_summary", "global_version": 1, "gpu_step_seconds": 0.027248276979662478, "hostname": "mg0887", "local_step": 50, "timestamp": 1783766855.2448835, "train_loss": 4.617752552032471}
{"actor": "learner_003", "event_type": "update_written", "file_path": "/work/xg24i002/x10041/fs_based_decoupled_diloco/runs/duraloco/20260711_p06b_final_d5e2901_d8/training/updates/pending/learner_003/update_5d99d3899b74.params.safetensors", "hostname": "mg0887", "interval_digest": "aa31d44a1d03231a376e0c3de0643053deb9fef981b36a8e7a2282c845e53d56", "local_step": 50, "publication_proposal_id": "proposal-a6f4263291a7f935e95eaa00280d5c620c7ce29eb2d2b74574b6f4514cee2308", "publication_request_id": "learner-publish-4f37122f9d1a7a89561740b984a3e38a88457fef1f8b830fc64019431908a6a7", "timestamp": 1783766856.1871665, "tokens": 6400, "train_loss": 4.3965653133392335, "update_id": "learner_003_00000050_5d99d3899b74"}
{"actor": "learner_003", "event_type": "heartbeat_written", "hostname": "mg0887", "local_step": 50, "timestamp": 1783766856.1957555}
{"actor": "learner_003", "current_version": 1, "event_type": "latest_polled", "found_version": 2, "hostname": "mg0887", "timestamp": 1783766879.2103522}
{"actor": "learner_003", "event_type": "global_adopted", "hostname": "mg0887", "timestamp": 1783766879.6093712, "version": 2}
{"actor": "learner_003", "adoption_state_digest": "8804ea26ae20cade77ba89e932b077382d184078fa7e260fa4b6acc10b689e30", "event_type": "inner_optimizer_adoption", "hostname": "mg0887", "policy": "reset_all", "reset_parameter_count": 148, "timestamp": 1783766879.6108096, "version": 2}
{"actor": "learner_003", "event_type": "heartbeat_written", "hostname": "mg0887", "local_step": 51, "timestamp": 1783766879.6485896}
{"actor": "learner_003", "event_type": "inner_step_summary", "global_version": 2, "gpu_step_seconds": 0.027679936960339546, "hostname": "mg0887", "local_step": 60, "timestamp": 1783766879.902893, "train_loss": 4.131847381591797}
{"actor": "learner_003", "event_type": "inner_step_summary", "global_version": 2, "gpu_step_seconds": 0.027113919029943645, "hostname": "mg0887", "local_step": 70, "timestamp": 1783766880.18155, "train_loss": 4.077579021453857}
{"actor": "learner_003", "event_type": "inner_step_summary", "global_version": 2, "gpu_step_seconds": 0.027330495067872107, "hostname": "mg0887", "local_step": 80, "timestamp": 1783766880.458064, "train_loss": 4.115782260894775}
{"actor": "learner_003", "event_type": "inner_step_summary", "global_version": 2, "gpu_step_seconds": 0.026716701919212937, "hostname": "mg0887", "local_step": 90, "timestamp": 1783766880.738128, "train_loss": 4.370696544647217}
{"actor": "learner_003", "event_type": "inner_step_summary", "global_version": 2, "gpu_step_seconds": 0.02711331006139517, "hostname": "mg0887", "local_step": 100, "timestamp": 1783766881.0192084, "train_loss": 3.8115761280059814}
{"actor": "learner_003", "event_type": "update_written", "file_path": "/work/xg24i002/x10041/fs_based_decoupled_diloco/runs/duraloco/20260711_p06b_final_d5e2901_d8/training/updates/pending/learner_003/update_982171a9c7b0.params.safetensors", "hostname": "mg0887", "interval_digest": "90711de1f11c32cc49b04852dc8dcbbbdbfc54838b5a8975ba16a48965058446", "local_step": 100, "publication_proposal_id": "proposal-d66f416f65058b199e31379c2828bf85fc312d561e8308f177231ef1140fc737", "publication_request_id": "learner-publish-97845f377ba7829885ef83dcd11a843767ee1f60558b80a327d14b7947b9c8ca", "timestamp": 1783766881.7250936, "tokens": 6400, "train_loss": 4.179707002639771, "update_id": "learner_003_00000100_982171a9c7b0"}
{"actor": "learner_003", "event_type": "heartbeat_written", "hostname": "mg0887", "local_step": 100, "timestamp": 1783766881.7331505}
{"actor": "learner_003", "current_version": 2, "event_type": "latest_polled", "found_version": 3, "hostname": "mg0887", "timestamp": 1783766904.749472}
{"actor": "learner_003", "event_type": "global_adopted", "hostname": "mg0887", "timestamp": 1783766905.0849895, "version": 3}
{"actor": "learner_003", "adoption_state_digest": "c83fe75c869237cb00c4f027d0d8f0ae5e5de26bc7c78c6574543ba6f4043c1f", "event_type": "inner_optimizer_adoption", "hostname": "mg0887", "policy": "reset_all", "reset_parameter_count": 148, "timestamp": 1783766905.0865228, "version": 3}
{"actor": "learner_003", "event_type": "heartbeat_written", "hostname": "mg0887", "local_step": 101, "timestamp": 1783766905.1249628}
{"actor": "learner_003", "event_type": "inner_step_summary", "global_version": 3, "gpu_step_seconds": 0.027461758931167424, "hostname": "mg0887", "local_step": 110, "timestamp": 1783766905.377359, "train_loss": 3.8710014820098877}
{"actor": "learner_003", "event_type": "inner_step_summary", "global_version": 3, "gpu_step_seconds": 0.027132223010994494, "hostname": "mg0887", "local_step": 120, "timestamp": 1783766905.653213, "train_loss": 3.8548977375030518}
{"actor": "learner_003", "event_type": "inner_step_summary", "global_version": 3, "gpu_step_seconds": 0.02660537394694984, "hostname": "mg0887", "local_step": 130, "timestamp": 1783766905.9248195, "train_loss": 4.475784778594971}
{"actor": "learner_003", "event_type": "inner_step_summary", "global_version": 3, "gpu_step_seconds": 0.026708574034273624, "hostname": "mg0887", "local_step": 140, "timestamp": 1783766906.1964092, "train_loss": 4.036808013916016}
{"actor": "learner_003", "event_type": "inner_step_summary", "global_version": 3, "gpu_step_seconds": 0.026856606011278927, "hostname": "mg0887", "local_step": 150, "timestamp": 1783766906.4672782, "train_loss": 3.943857192993164}
{"actor": "learner_003", "event_type": "update_written", "file_path": "/work/xg24i002/x10041/fs_based_decoupled_diloco/runs/duraloco/20260711_p06b_final_d5e2901_d8/training/updates/pending/learner_003/update_dcacc9204bec.params.safetensors", "hostname": "mg0887", "interval_digest": "1a44d252b04865ae418796283313312d1e670357d084df2e8c77fb6fb9ccbc6f", "local_step": 150, "publication_proposal_id": "proposal-3427d0864be7867b54e11fc034d5708f2085e9e83f18e588bf6800f26bc02ca4", "publication_request_id": "learner-publish-6ff349e783230bcf8496e9fd64381d7b3800a51e9a7b3578241987ee2457158d", "timestamp": 1783766907.17895, "tokens": 6400, "train_loss": 4.065807046890259, "update_id": "learner_003_00000150_dcacc9204bec"}
{"actor": "learner_003", "event_type": "heartbeat_written", "hostname": "mg0887", "local_step": 150, "timestamp": 1783766907.186891}
{"actor": "learner_003", "current_version": 3, "event_type": "latest_polled", "found_version": 4, "hostname": "mg0887", "timestamp": 1783766930.2027667}
{"actor": "learner_003", "event_type": "global_adopted", "hostname": "mg0887", "timestamp": 1783766930.611196, "version": 4}
{"actor": "learner_003", "adoption_state_digest": "6ec7efcda3ed152e8dea52f4db881439d3bee5198992c38965db6123530de50e", "event_type": "inner_optimizer_adoption", "hostname": "mg0887", "policy": "reset_all", "reset_parameter_count": 148, "timestamp": 1783766930.6158388, "version": 4}
{"actor": "learner_003", "event_type": "heartbeat_written", "hostname": "mg0887", "local_step": 151, "timestamp": 1783766930.657016}
{"actor": "learner_003", "event_type": "inner_step_summary", "global_version": 4, "gpu_step_seconds": 0.02721427008509636, "hostname": "mg0887", "local_step": 160, "timestamp": 1783766930.9143379, "train_loss": 4.446354389190674}
{"actor": "learner_003", "event_type": "inner_step_summary", "global_version": 4, "gpu_step_seconds": 0.02716998301912099, "hostname": "mg0887", "local_step": 170, "timestamp": 1783766931.1897244, "train_loss": 3.49422287940979}
{"actor": "learner_003", "event_type": "inner_step_summary", "global_version": 4, "gpu_step_seconds": 0.027165791019797325, "hostname": "mg0887", "local_step": 180, "timestamp": 1783766931.4630826, "train_loss": 4.514169692993164}
{"actor": "learner_003", "event_type": "inner_step_summary", "global_version": 4, "gpu_step_seconds": 0.02693564596120268, "hostname": "mg0887", "local_step": 190, "timestamp": 1783766931.738265, "train_loss": 4.058378219604492}
{"actor": "learner_003", "event_type": "inner_step_summary", "global_version": 4, "gpu_step_seconds": 0.027086621965281665, "hostname": "mg0887", "local_step": 200, "timestamp": 1783766932.01188, "train_loss": 3.632845401763916}
{"actor": "learner_003", "event_type": "update_written", "file_path": "/work/xg24i002/x10041/fs_based_decoupled_diloco/runs/duraloco/20260711_p06b_final_d5e2901_d8/training/updates/pending/learner_003/update_2a3faf4af198.params.safetensors", "hostname": "mg0887", "interval_digest": "3317bdf3e7099e29800428138dd6cd6566f6671df58096f11224c26faa0aa264", "local_step": 200, "publication_proposal_id": "proposal-f28787edbe145249bcf2d4b41d808c2825fbeefdd0c4f4c05f8d455c0b975c0d", "publication_request_id": "learner-publish-2190a2b8e5b75989b8916ba186d5b9f2a8689688e3c666ad1b71997e5a5d8818", "timestamp": 1783766932.7193248, "tokens": 6400, "train_loss": 3.765785336494446, "update_id": "learner_003_00000200_2a3faf4af198"}
{"actor": "learner_003", "event_type": "heartbeat_written", "hostname": "mg0887", "local_step": 200, "timestamp": 1783766932.728968}
{"actor": "learner_003", "current_version": 4, "event_type": "latest_polled", "found_version": 5, "hostname": "mg0887", "timestamp": 1783766954.745389}
{"actor": "learner_003", "event_type": "global_adopted", "hostname": "mg0887", "timestamp": 1783766955.0707514, "version": 5}
{"actor": "learner_003", "adoption_state_digest": "8d9ba54cd539955e9a523379bedb70c7f5a4c7612d81fd5e31cb7baed86c686c", "event_type": "inner_optimizer_adoption", "hostname": "mg0887", "policy": "reset_all", "reset_parameter_count": 148, "timestamp": 1783766955.0721774, "version": 5}
{"actor": "learner_003", "event_type": "heartbeat_written", "hostname": "mg0887", "local_step": 201, "timestamp": 1783766955.110028}
{"actor": "learner_003", "event_type": "inner_step_summary", "global_version": 5, "gpu_step_seconds": 0.027341756969690323, "hostname": "mg0887", "local_step": 210, "timestamp": 1783766955.3642642, "train_loss": 4.009136199951172}
{"actor": "learner_003", "event_type": "inner_step_summary", "global_version": 5, "gpu_step_seconds": 0.027421725098975003, "hostname": "mg0887", "local_step": 220, "timestamp": 1783766955.6419587, "train_loss": 3.9664056301116943}
{"actor": "learner_003", "event_type": "inner_step_summary", "global_version": 5, "gpu_step_seconds": 0.04261990310624242, "hostname": "mg0887", "local_step": 230, "timestamp": 1783766955.9344969, "train_loss": 3.4569313526153564}
{"actor": "learner_003", "event_type": "inner_step_summary", "global_version": 5, "gpu_step_seconds": 0.02758998202625662, "hostname": "mg0887", "local_step": 240, "timestamp": 1783766956.2611477, "train_loss": 3.234376907348633}
{"actor": "learner_003", "event_type": "inner_step_summary", "global_version": 5, "gpu_step_seconds": 0.02714207593817264, "hostname": "mg0887", "local_step": 250, "timestamp": 1783766956.540521, "train_loss": 3.8660380840301514}
{"actor": "learner_003", "event_type": "update_written", "file_path": "/work/xg24i002/x10041/fs_based_decoupled_diloco/runs/duraloco/20260711_p06b_final_d5e2901_d8/training/updates/pending/learner_003/update_782cfed23dd3.params.safetensors", "hostname": "mg0887", "interval_digest": "94dae4c753d36ac41e31f697c4b108a6b1fc0d62e8cb4c63b2cf19d3da9473ec", "local_step": 250, "publication_proposal_id": "proposal-28a03c4c7bcc27425b632484b7ead224c0c28ecd24b1dd67d90e5eb43287ceb0", "publication_request_id": "learner-publish-e0f447ae2ded25eb43e6d72e34567056d6eb617b5286fb28fecc2e748dc89bc2", "timestamp": 1783766957.2303798, "tokens": 6400, "train_loss": 3.7397113704681395, "update_id": "learner_003_00000250_782cfed23dd3"}
{"actor": "learner_003", "event_type": "heartbeat_written", "hostname": "mg0887", "local_step": 250, "timestamp": 1783766957.238687}
{"actor": "learner_003", "current_version": 5, "event_type": "latest_polled", "found_version": 6, "hostname": "mg0887", "timestamp": 1783766981.2559996}
{"actor": "learner_003", "event_type": "global_adopted", "hostname": "mg0887", "timestamp": 1783766981.6323664, "version": 6}
{"actor": "learner_003", "adoption_state_digest": "5e825ae726479128c6019477b1f29ec124a12f8a91aeb5a9c6f640e1f5832730", "event_type": "inner_optimizer_adoption", "hostname": "mg0887", "policy": "reset_all", "reset_parameter_count": 148, "timestamp": 1783766981.6341774, "version": 6}
{"actor": "learner_003", "event_type": "heartbeat_written", "hostname": "mg0887", "local_step": 251, "timestamp": 1783766981.6709402}
{"actor": "learner_003", "event_type": "inner_step_summary", "global_version": 6, "gpu_step_seconds": 0.027243675896897912, "hostname": "mg0887", "local_step": 260, "timestamp": 1783766981.9199755, "train_loss": 4.479705333709717}
{"actor": "learner_003", "event_type": "inner_step_summary", "global_version": 6, "gpu_step_seconds": 0.026999068912118673, "hostname": "mg0887", "local_step": 270, "timestamp": 1783766982.1946635, "train_loss": 4.391057968139648}
{"actor": "learner_003", "event_type": "inner_step_summary", "global_version": 6, "gpu_step_seconds": 0.02701407705899328, "hostname": "mg0887", "local_step": 280, "timestamp": 1783766982.469278, "train_loss": 3.298497200012207}
{"actor": "learner_003", "event_type": "inner_step_summary", "global_version": 6, "gpu_step_seconds": 0.02686566102784127, "hostname": "mg0887", "local_step": 290, "timestamp": 1783766982.7437682, "train_loss": 3.5860836505889893}
{"actor": "learner_003", "event_type": "inner_step_summary", "global_version": 6, "gpu_step_seconds": 0.027048478019423783, "hostname": "mg0887", "local_step": 300, "timestamp": 1783766983.018684, "train_loss": 3.4099583625793457}
{"actor": "learner_003", "event_type": "update_written", "file_path": "/work/xg24i002/x10041/fs_based_decoupled_diloco/runs/duraloco/20260711_p06b_final_d5e2901_d8/training/updates/pending/learner_003/update_d1e4e1e8ebbe.params.safetensors", "hostname": "mg0887", "interval_digest": "d146e38145e5c75ed7ea6417c1ee12d287acd72e93f8f381880e593c7ffa5625", "local_step": 300, "publication_proposal_id": "proposal-53ff8b4288b97de3a3d9243a26ea4c5f965b461a974ffdee3181f291b682cc5b", "publication_request_id": "learner-publish-4e3a1ceb800153ec0ebe6efde2d7d839efa59e5191ba6437a0379422b5e42913", "timestamp": 1783766983.7106128, "tokens": 6400, "train_loss": 3.8787007761001586, "update_id": "learner_003_00000300_d1e4e1e8ebbe"}
{"actor": "learner_003", "event_type": "heartbeat_written", "hostname": "mg0887", "local_step": 300, "timestamp": 1783766983.7188468}
{"actor": "learner_003", "current_version": 6, "event_type": "latest_polled", "found_version": 7, "hostname": "mg0887", "timestamp": 1783767006.7358441}
{"actor": "learner_003", "event_type": "global_adopted", "hostname": "mg0887", "timestamp": 1783767007.0873935, "version": 7}
{"actor": "learner_003", "adoption_state_digest": "306aeab730858feb3c0d0c3a92b24bd0feaebd982fc1960bf485e032e033d8f4", "event_type": "inner_optimizer_adoption", "hostname": "mg0887", "policy": "reset_all", "reset_parameter_count": 148, "timestamp": 1783767007.0889044, "version": 7}
{"actor": "learner_003", "event_type": "heartbeat_written", "hostname": "mg0887", "local_step": 301, "timestamp": 1783767007.1262777}
{"actor": "learner_003", "event_type": "inner_step_summary", "global_version": 7, "gpu_step_seconds": 0.02745622000657022, "hostname": "mg0887", "local_step": 310, "timestamp": 1783767007.376737, "train_loss": 3.912709951400757}
{"actor": "learner_003", "event_type": "inner_step_summary", "global_version": 7, "gpu_step_seconds": 0.027052475954405963, "hostname": "mg0887", "local_step": 320, "timestamp": 1783767007.6496086, "train_loss": 3.167313575744629}
{"actor": "learner_003", "event_type": "inner_step_summary", "global_version": 7, "gpu_step_seconds": 0.02670831501018256, "hostname": "mg0887", "local_step": 330, "timestamp": 1783767007.9214764, "train_loss": 3.5631439685821533}
{"actor": "learner_003", "event_type": "inner_step_summary", "global_version": 7, "gpu_step_seconds": 0.026844121981412172, "hostname": "mg0887", "local_step": 340, "timestamp": 1783767008.1927917, "train_loss": 3.9139442443847656}
{"actor": "learner_003", "event_type": "inner_step_summary", "global_version": 7, "gpu_step_seconds": 0.026747387018986046, "hostname": "mg0887", "local_step": 350, "timestamp": 1783767008.4640853, "train_loss": 3.520062208175659}
{"actor": "learner_003", "event_type": "update_written", "file_path": "/work/xg24i002/x10041/fs_based_decoupled_diloco/runs/duraloco/20260711_p06b_final_d5e2901_d8/training/updates/pending/learner_003/update_88fd5ad62899.params.safetensors", "hostname": "mg0887", "interval_digest": "6cdb541358b8021fdc5344da32e63b166a0ae63d3d23bc4a518260f81adfd732", "local_step": 350, "publication_proposal_id": "proposal-82ec169aebdc9257233c4939cffcf148bc1fe837f9f134aa81d98fd104ffd4df", "publication_request_id": "learner-publish-2dc12aead284db75f87aadc5ae2b0f80d280feced6f7ea73b5c8792b094d0125", "timestamp": 1783767009.1678572, "tokens": 6400, "train_loss": 3.764758615493774, "update_id": "learner_003_00000350_88fd5ad62899"}
{"actor": "learner_003", "event_type": "heartbeat_written", "hostname": "mg0887", "local_step": 350, "timestamp": 1783767009.176118}
{"actor": "learner_003", "current_version": 7, "event_type": "latest_polled", "found_version": 8, "hostname": "mg0887", "timestamp": 1783767032.192697}
{"actor": "learner_003", "event_type": "global_adopted", "hostname": "mg0887", "timestamp": 1783767032.5584009, "version": 8}
{"actor": "learner_003", "adoption_state_digest": "31864ceceecdf71767ccb766c13183198c5babfd436c3231e19c857e8e83e47b", "event_type": "inner_optimizer_adoption", "hostname": "mg0887", "policy": "reset_all", "reset_parameter_count": 148, "timestamp": 1783767032.56048, "version": 8}
{"actor": "learner_003", "event_type": "heartbeat_written", "hostname": "mg0887", "local_step": 351, "timestamp": 1783767032.5997534}
{"actor": "learner_003", "event_type": "inner_step_summary", "global_version": 8, "gpu_step_seconds": 0.02802073408383876, "hostname": "mg0887", "local_step": 360, "timestamp": 1783767032.8551605, "train_loss": 4.651728630065918}
{"actor": "learner_003", "event_type": "inner_step_summary", "global_version": 8, "gpu_step_seconds": 0.02760118094738573, "hostname": "mg0887", "local_step": 370, "timestamp": 1783767033.1361892, "train_loss": 4.253297805786133}
{"actor": "learner_003", "event_type": "inner_step_summary", "global_version": 8, "gpu_step_seconds": 0.027523068943992257, "hostname": "mg0887", "local_step": 380, "timestamp": 1783767033.416472, "train_loss": 4.269021034240723}
{"actor": "learner_003", "event_type": "inner_step_summary", "global_version": 8, "gpu_step_seconds": 0.027709886082448065, "hostname": "mg0887", "local_step": 390, "timestamp": 1783767033.6967678, "train_loss": 4.512266635894775}
{"actor": "learner_003", "event_type": "inner_step_summary", "global_version": 8, "gpu_step_seconds": 0.027580925030633807, "hostname": "mg0887", "local_step": 400, "timestamp": 1783767033.9768717, "train_loss": 4.119571208953857}
{"actor": "learner_003", "event_type": "update_written", "file_path": "/work/xg24i002/x10041/fs_based_decoupled_diloco/runs/duraloco/20260711_p06b_final_d5e2901_d8/training/updates/pending/learner_003/update_fc93215721d8.params.safetensors", "hostname": "mg0887", "interval_digest": "f5cbf323bd03bb056a407b5545c1957fd34cc2b7084d35407ddd2f15366b233a", "local_step": 400, "publication_proposal_id": "proposal-5c0e7161a40bb5bde6a554a53949d43ddbbcec2c33a3469cef118d1985ddb9b4", "publication_request_id": "learner-publish-41d89217401381e5be64b47a2c65cb1f78b27e0da4f7f29e85f5dbe3f15cb30b", "timestamp": 1783767034.6779306, "tokens": 6400, "train_loss": 4.086638402938843, "update_id": "learner_003_00000400_fc93215721d8"}
{"actor": "learner_003", "event_type": "heartbeat_written", "hostname": "mg0887", "local_step": 400, "timestamp": 1783767034.6864223}
{"actor": "learner_003", "current_version": 8, "event_type": "latest_polled", "found_version": 9, "hostname": "mg0887", "timestamp": 1783767058.701741}
{"actor": "learner_003", "event_type": "global_adopted", "hostname": "mg0887", "timestamp": 1783767059.0696783, "version": 9}
{"actor": "learner_003", "adoption_state_digest": "dba42366bb264033b937adcacfb3236a2c2ce9db3afd7bf01e63fb6cba8da026", "event_type": "inner_optimizer_adoption", "hostname": "mg0887", "policy": "reset_all", "reset_parameter_count": 148, "timestamp": 1783767059.0711513, "version": 9}
{"actor": "learner_003", "event_type": "heartbeat_written", "hostname": "mg0887", "local_step": 401, "timestamp": 1783767059.110687}
{"actor": "learner_003", "event_type": "inner_step_summary", "global_version": 9, "gpu_step_seconds": 0.02797138993628323, "hostname": "mg0887", "local_step": 410, "timestamp": 1783767059.3700368, "train_loss": 4.151209831237793}
{"actor": "learner_003", "event_type": "inner_step_summary", "global_version": 9, "gpu_step_seconds": 0.0277311330428347, "hostname": "mg0887", "local_step": 420, "timestamp": 1783767059.6500697, "train_loss": 3.784611225128174}
{"actor": "learner_003", "event_type": "inner_step_summary", "global_version": 9, "gpu_step_seconds": 0.027155324001796544, "hostname": "mg0887", "local_step": 430, "timestamp": 1783767059.9283302, "train_loss": 4.206788063049316}
{"actor": "learner_003", "event_type": "inner_step_summary", "global_version": 9, "gpu_step_seconds": 0.027583900024183095, "hostname": "mg0887", "local_step": 440, "timestamp": 1783767060.2068086, "train_loss": 3.2521562576293945}
{"actor": "learner_003", "event_type": "inner_step_summary", "global_version": 9, "gpu_step_seconds": 0.027209499035961926, "hostname": "mg0887", "local_step": 450, "timestamp": 1783767060.4843376, "train_loss": 3.2915782928466797}
{"actor": "learner_003", "event_type": "update_written", "file_path": "/work/xg24i002/x10041/fs_based_decoupled_diloco/runs/duraloco/20260711_p06b_final_d5e2901_d8/training/updates/pending/learner_003/update_f130f361efc1.params.safetensors", "hostname": "mg0887", "interval_digest": "cd75878f3b8261b66002d8bb16da596749d8277e39d554f4b67ab8d0d3226f73", "local_step": 450, "publication_proposal_id": "proposal-4c6922dad79d3fc40b73728abf4558875875a4b051b6ac26d56bb33debf21768", "publication_request_id": "learner-publish-e2cd6b7c1c17efb10bfa40bbf1fde043ebde1fe4ca7ba827d338e9f21a98889c", "timestamp": 1783767061.1897943, "tokens": 6400, "train_loss": 4.00407386302948, "update_id": "learner_003_00000450_f130f361efc1"}
{"actor": "learner_003", "event_type": "heartbeat_written", "hostname": "mg0887", "local_step": 450, "timestamp": 1783767061.1983404}
{"actor": "learner_003", "current_version": 9, "event_type": "latest_polled", "found_version": 10, "hostname": "mg0887", "timestamp": 1783767084.218596}
{"actor": "learner_003", "event_type": "global_adopted", "hostname": "mg0887", "timestamp": 1783767084.5955439, "version": 10}
{"actor": "learner_003", "adoption_state_digest": "e7aabe300c7cdf6fb4216ec9326b3820f834382800cfde86a755db90a46bd9fa", "event_type": "inner_optimizer_adoption", "hostname": "mg0887", "policy": "reset_all", "reset_parameter_count": 148, "timestamp": 1783767084.5999353, "version": 10}
{"actor": "learner_003", "event_type": "heartbeat_written", "hostname": "mg0887", "local_step": 451, "timestamp": 1783767084.6388078}
{"actor": "learner_003", "event_type": "inner_step_summary", "global_version": 10, "gpu_step_seconds": 0.027218079078011215, "hostname": "mg0887", "local_step": 460, "timestamp": 1783767084.891195, "train_loss": 4.114304065704346}
{"actor": "learner_003", "event_type": "inner_step_summary", "global_version": 10, "gpu_step_seconds": 0.02694499003700912, "hostname": "mg0887", "local_step": 470, "timestamp": 1783767085.1669037, "train_loss": 3.8736612796783447}
{"actor": "learner_003", "event_type": "inner_step_summary", "global_version": 10, "gpu_step_seconds": 0.027177982032299042, "hostname": "mg0887", "local_step": 480, "timestamp": 1783767085.440091, "train_loss": 4.028078556060791}
{"actor": "learner_003", "event_type": "inner_step_summary", "global_version": 10, "gpu_step_seconds": 0.027079167077317834, "hostname": "mg0887", "local_step": 490, "timestamp": 1783767085.7140577, "train_loss": 3.720170497894287}
{"actor": "learner_003", "event_type": "inner_step_summary", "global_version": 10, "gpu_step_seconds": 0.027094973949715495, "hostname": "mg0887", "local_step": 500, "timestamp": 1783767085.9881182, "train_loss": 4.186972141265869}
{"actor": "learner_003", "event_type": "update_written", "file_path": "/work/xg24i002/x10041/fs_based_decoupled_diloco/runs/duraloco/20260711_p06b_final_d5e2901_d8/training/updates/pending/learner_003/update_4d26e6ffde73.params.safetensors", "hostname": "mg0887", "interval_digest": "9d969e8f18d16cac72c7478cfbb7443ee28102e6af290a9f500b90b7d679b68a", "local_step": 500, "publication_proposal_id": "proposal-83a8c63d3aecc951fc5339d293c38d1ab4295c891f576b35b0d2faad7befadff", "publication_request_id": "learner-publish-e4b9efe46c37188c47ba5be32c6d7c626744dd3faf53f97b287a27d806e5f17f", "timestamp": 1783767086.6935723, "tokens": 6400, "train_loss": 3.9118887853622435, "update_id": "learner_003_00000500_4d26e6ffde73"}
{"actor": "learner_003", "event_type": "heartbeat_written", "hostname": "mg0887", "local_step": 500, "timestamp": 1783767086.7014754}
{"actor": "learner_003", "current_version": 10, "event_type": "latest_polled", "found_version": 11, "hostname": "mg0887", "timestamp": 1783767110.7178795}
{"actor": "learner_003", "event_type": "global_adopted", "hostname": "mg0887", "timestamp": 1783767111.1040592, "version": 11}
{"actor": "learner_003", "adoption_state_digest": "f61770a5e20cef51f5ac72572a020b00f0990ba7b3fbe06a4fc36a700fbd3340", "event_type": "inner_optimizer_adoption", "hostname": "mg0887", "policy": "reset_all", "reset_parameter_count": 148, "timestamp": 1783767111.1056178, "version": 11}
{"actor": "learner_003", "event_type": "heartbeat_written", "hostname": "mg0887", "local_step": 501, "timestamp": 1783767111.1437418}
{"actor": "learner_003", "event_type": "inner_step_summary", "global_version": 11, "gpu_step_seconds": 0.027248703059740365, "hostname": "mg0887", "local_step": 510, "timestamp": 1783767111.3966508, "train_loss": 4.003693103790283}
{"actor": "learner_003", "event_type": "inner_step_summary", "global_version": 11, "gpu_step_seconds": 0.02718982193619013, "hostname": "mg0887", "local_step": 520, "timestamp": 1783767111.6720364, "train_loss": 3.6704671382904053}
{"actor": "learner_003", "event_type": "inner_step_summary", "global_version": 11, "gpu_step_seconds": 0.027245662990026176, "hostname": "mg0887", "local_step": 530, "timestamp": 1783767111.9455914, "train_loss": 4.060037612915039}
{"actor": "learner_003", "event_type": "inner_step_summary", "global_version": 11, "gpu_step_seconds": 0.026859869016334414, "hostname": "mg0887", "local_step": 540, "timestamp": 1783767112.2184267, "train_loss": 4.137473106384277}
{"actor": "learner_003", "event_type": "inner_step_summary", "global_version": 11, "gpu_step_seconds": 0.026888125925324857, "hostname": "mg0887", "local_step": 550, "timestamp": 1783767112.4974174, "train_loss": 3.7560832500457764}
{"actor": "learner_003", "event_type": "update_written", "file_path": "/work/xg24i002/x10041/fs_based_decoupled_diloco/runs/duraloco/20260711_p06b_final_d5e2901_d8/training/updates/pending/learner_003/update_92507ed3186d.params.safetensors", "hostname": "mg0887", "interval_digest": "6aab448ecf391230ddd49852703b4e3c35d4aaed35609c61bf1748e75200c32d", "local_step": 550, "publication_proposal_id": "proposal-4db2cfee2d33d0b58126a00a7e876de846ff06f5d3663159018c79fb237ae6cc", "publication_request_id": "learner-publish-c26265bdef48fbbaf6273621b738293aa83ca8caf8f4106c10247a7353384583", "timestamp": 1783767113.2118726, "tokens": 6400, "train_loss": 3.833064651489258, "update_id": "learner_003_00000550_92507ed3186d"}
{"actor": "learner_003", "event_type": "heartbeat_written", "hostname": "mg0887", "local_step": 550, "timestamp": 1783767113.221851}
{"actor": "learner_003", "current_version": 11, "event_type": "latest_polled", "found_version": null, "hostname": "mg0887", "timestamp": 1783767162.2538366}
{"actor": "learner_003", "event_type": "stop_seen", "hostname": "mg0887", "reason": "stop_after_outer_steps", "timestamp": 1783767162.2557197}
{"actor": "learner_003", "deleted_files": 20, "event_type": "retention_cleanup", "hostname": "mg0887", "keep_last": 1, "role": "learner", "timestamp": 1783767162.2850301, "update_dir": "/work/xg24i002/x10041/fs_based_decoupled_diloco/runs/duraloco/20260711_p06b_final_d5e2901_d8/training/updates/pending/learner_003"}
{"actor": "learner_003", "event_type": "process_exit", "global_version": 11, "hostname": "mg0887", "local_step": 550, "timestamp": 1783767162.2862732}
