{"actor": "learner_001", "device": "cuda", "event_type": "process_start", "hostname": "mg0874", "learner_id": "learner_001", "run_id": "20260711_p06b_final_d5e2901_d8-training", "timestamp": 1783766823.5532067}
Warning: You are sending unauthenticated requests to the HF Hub. Please set a HF_TOKEN to enable higher rate limits and faster downloads.
[transformers] `torch_dtype` is deprecated! Use `dtype` instead!
Loading weights:   0%|          | 0/148 [00:00<?, ?it/s]Loading weights:  49%|████▊     | 72/148 [00:00<00:00, 680.27it/s]Loading weights: 100%|██████████| 148/148 [00:00<00:00, 724.94it/s]
{"actor": "learner_001", "event_type": "loaded_global", "hostname": "mg0874", "timestamp": 1783766849.078198, "version": 1}
{"actor": "learner_001", "event_type": "inner_optimizer_reset", "hostname": "mg0874", "timestamp": 1783766849.0799065, "version": 1}
{"actor": "learner_001", "committed_intervals": 0, "event_type": "warm_recovery", "hostname": "mg0874", "lost_tokens": 0, "max_uncommitted_base_commit_seq": null, "new_session": {"learner_id": "learner_001", "learner_session_id": "20260711_p06b_final_d5e2901_d8-training-learner_001-session", "protocol_version": 2, "record_type": "learner_session", "run_generation": 0, "run_id": "20260711_p06b_final_d5e2901_d8-training"}, "next_sequence": 1, "published_intervals": 0, "repeated_tokens_estimate": 0, "timestamp": 1783766853.5790193, "uncommitted_intervals": 0, "warm_not_exact": true}
[transformers] `loss_type=None` was set in the config but it is unrecognized. Using the default loss: `ForCausalLMLoss`.
{"actor": "learner_001", "event_type": "inner_step_summary", "global_version": 1, "gpu_step_seconds": 0.02663883101195097, "hostname": "mg0874", "local_step": 10, "timestamp": 1783766854.2396667, "train_loss": 4.5960612297058105}
{"actor": "learner_001", "event_type": "inner_step_summary", "global_version": 1, "gpu_step_seconds": 0.026621198980137706, "hostname": "mg0874", "local_step": 20, "timestamp": 1783766854.507825, "train_loss": 3.6231658458709717}
{"actor": "learner_001", "event_type": "inner_step_summary", "global_version": 1, "gpu_step_seconds": 0.0265059020020999, "hostname": "mg0874", "local_step": 30, "timestamp": 1783766854.7759147, "train_loss": 4.24212121963501}
{"actor": "learner_001", "event_type": "inner_step_summary", "global_version": 1, "gpu_step_seconds": 0.02614529203856364, "hostname": "mg0874", "local_step": 40, "timestamp": 1783766855.0463436, "train_loss": 3.972079277038574}
{"actor": "learner_001", "event_type": "inner_step_summary", "global_version": 1, "gpu_step_seconds": 0.02631098998244852, "hostname": "mg0874", "local_step": 50, "timestamp": 1783766855.3132844, "train_loss": 4.102843761444092}
{"actor": "learner_001", "event_type": "update_written", "file_path": "/work/xg24i002/x10041/fs_based_decoupled_diloco/runs/duraloco/20260711_p06b_final_d5e2901_d8/training/updates/pending/learner_001/update_33ba7a1a2b05.params.safetensors", "hostname": "mg0874", "interval_digest": "daef609f39a5c55fff24ecfa234f9a5a82f8a9457523965a7294ff80f667527d", "local_step": 50, "publication_proposal_id": "proposal-e2dfbc1fa4fa69597615e72ba7e5e1d153967de4c37a18b66944d4807abcecd4", "publication_request_id": "learner-publish-84d8c815dfa76a7fd2134778a0dcf2cffe0039d79ee92745fb000b7f96efef4b", "timestamp": 1783766856.2964835, "tokens": 6400, "train_loss": 4.219730610847473, "update_id": "learner_001_00000050_33ba7a1a2b05"}
{"actor": "learner_001", "event_type": "heartbeat_written", "hostname": "mg0874", "local_step": 50, "timestamp": 1783766856.305064}
{"actor": "learner_001", "current_version": 1, "event_type": "latest_polled", "found_version": 2, "hostname": "mg0874", "timestamp": 1783766879.3199527}
{"actor": "learner_001", "event_type": "global_adopted", "hostname": "mg0874", "timestamp": 1783766879.696822, "version": 2}
{"actor": "learner_001", "adoption_state_digest": "8804ea26ae20cade77ba89e932b077382d184078fa7e260fa4b6acc10b689e30", "event_type": "inner_optimizer_adoption", "hostname": "mg0874", "policy": "reset_all", "reset_parameter_count": 148, "timestamp": 1783766879.6990185, "version": 2}
{"actor": "learner_001", "event_type": "heartbeat_written", "hostname": "mg0874", "local_step": 51, "timestamp": 1783766879.7380936}
{"actor": "learner_001", "event_type": "inner_step_summary", "global_version": 2, "gpu_step_seconds": 0.027369524003006518, "hostname": "mg0874", "local_step": 60, "timestamp": 1783766879.9913027, "train_loss": 3.3252079486846924}
{"actor": "learner_001", "event_type": "inner_step_summary", "global_version": 2, "gpu_step_seconds": 0.026606926985550672, "hostname": "mg0874", "local_step": 70, "timestamp": 1783766880.2679405, "train_loss": 4.528475284576416}
{"actor": "learner_001", "event_type": "inner_step_summary", "global_version": 2, "gpu_step_seconds": 0.026566574000753462, "hostname": "mg0874", "local_step": 80, "timestamp": 1783766880.5391946, "train_loss": 3.951157569885254}
{"actor": "learner_001", "event_type": "inner_step_summary", "global_version": 2, "gpu_step_seconds": 0.026729999983217567, "hostname": "mg0874", "local_step": 90, "timestamp": 1783766880.8088522, "train_loss": 3.935530185699463}
{"actor": "learner_001", "event_type": "inner_step_summary", "global_version": 2, "gpu_step_seconds": 0.026498510967940092, "hostname": "mg0874", "local_step": 100, "timestamp": 1783766881.0785568, "train_loss": 3.4545249938964844}
{"actor": "learner_001", "event_type": "update_written", "file_path": "/work/xg24i002/x10041/fs_based_decoupled_diloco/runs/duraloco/20260711_p06b_final_d5e2901_d8/training/updates/pending/learner_001/update_aaf59782ea2d.params.safetensors", "hostname": "mg0874", "interval_digest": "6810a4afdf4eb7e25e50556c7f98761cdc85ff4c6e54b08bcf0f42d4be480d43", "local_step": 100, "publication_proposal_id": "proposal-1bdf5f6bd70e96902484b34dde2cae90fefec27202fc3f2d7005b79b05a3c60a", "publication_request_id": "learner-publish-052c5780b667f3ac28c8b3f3e399e8ebd2088c90c45d7aaa05c0ff1ac27c4535", "timestamp": 1783766881.8490558, "tokens": 6400, "train_loss": 4.117763032913208, "update_id": "learner_001_00000100_aaf59782ea2d"}
{"actor": "learner_001", "event_type": "heartbeat_written", "hostname": "mg0874", "local_step": 100, "timestamp": 1783766881.8956373}
{"actor": "learner_001", "current_version": 2, "event_type": "latest_polled", "found_version": 3, "hostname": "mg0874", "timestamp": 1783766903.9170423}
{"actor": "learner_001", "event_type": "global_adopted", "hostname": "mg0874", "timestamp": 1783766904.22771, "version": 3}
{"actor": "learner_001", "adoption_state_digest": "c83fe75c869237cb00c4f027d0d8f0ae5e5de26bc7c78c6574543ba6f4043c1f", "event_type": "inner_optimizer_adoption", "hostname": "mg0874", "policy": "reset_all", "reset_parameter_count": 148, "timestamp": 1783766904.2292144, "version": 3}
{"actor": "learner_001", "event_type": "heartbeat_written", "hostname": "mg0874", "local_step": 101, "timestamp": 1783766904.2700558}
{"actor": "learner_001", "event_type": "inner_step_summary", "global_version": 3, "gpu_step_seconds": 0.028546940011437982, "hostname": "mg0874", "local_step": 110, "timestamp": 1783766904.5331428, "train_loss": 3.794585943222046}
{"actor": "learner_001", "event_type": "inner_step_summary", "global_version": 3, "gpu_step_seconds": 0.027517545968294144, "hostname": "mg0874", "local_step": 120, "timestamp": 1783766904.8135076, "train_loss": 3.431360960006714}
{"actor": "learner_001", "event_type": "inner_step_summary", "global_version": 3, "gpu_step_seconds": 0.027337159030139446, "hostname": "mg0874", "local_step": 130, "timestamp": 1783766905.0917006, "train_loss": 3.6801536083221436}
{"actor": "learner_001", "event_type": "inner_step_summary", "global_version": 3, "gpu_step_seconds": 0.027317831991240382, "hostname": "mg0874", "local_step": 140, "timestamp": 1783766905.3666258, "train_loss": 3.684938430786133}
{"actor": "learner_001", "event_type": "inner_step_summary", "global_version": 3, "gpu_step_seconds": 0.02695245301583782, "hostname": "mg0874", "local_step": 150, "timestamp": 1783766905.6427584, "train_loss": 3.7399115562438965}
{"actor": "learner_001", "event_type": "update_written", "file_path": "/work/xg24i002/x10041/fs_based_decoupled_diloco/runs/duraloco/20260711_p06b_final_d5e2901_d8/training/updates/pending/learner_001/update_d153379370ab.params.safetensors", "hostname": "mg0874", "interval_digest": "21ec6b3ad3f1ace579d54a1fac107e5d16676948acaa558421b2fc35e3438243", "local_step": 150, "publication_proposal_id": "proposal-aec4c3ce961cbb3fb8aed80112edf71285224fbcac9dff852828fb209cba348d", "publication_request_id": "learner-publish-2e51ebc8b5dafcdec1dd50b93cd499eb1d7a2c56f06fd134b22c9e114e413ab9", "timestamp": 1783766906.339627, "tokens": 6400, "train_loss": 3.7653986549377443, "update_id": "learner_001_00000150_d153379370ab"}
{"actor": "learner_001", "event_type": "heartbeat_written", "hostname": "mg0874", "local_step": 150, "timestamp": 1783766906.3736084}
{"actor": "learner_001", "current_version": 3, "event_type": "latest_polled", "found_version": 4, "hostname": "mg0874", "timestamp": 1783766929.4291763}
{"actor": "learner_001", "event_type": "global_adopted", "hostname": "mg0874", "timestamp": 1783766929.8817117, "version": 4}
{"actor": "learner_001", "adoption_state_digest": "6ec7efcda3ed152e8dea52f4db881439d3bee5198992c38965db6123530de50e", "event_type": "inner_optimizer_adoption", "hostname": "mg0874", "policy": "reset_all", "reset_parameter_count": 148, "timestamp": 1783766929.883136, "version": 4}
{"actor": "learner_001", "event_type": "heartbeat_written", "hostname": "mg0874", "local_step": 151, "timestamp": 1783766929.9253716}
{"actor": "learner_001", "event_type": "inner_step_summary", "global_version": 4, "gpu_step_seconds": 0.028263501008041203, "hostname": "mg0874", "local_step": 160, "timestamp": 1783766930.190556, "train_loss": 4.069027423858643}
{"actor": "learner_001", "event_type": "inner_step_summary", "global_version": 4, "gpu_step_seconds": 0.027556009008549154, "hostname": "mg0874", "local_step": 170, "timestamp": 1783766930.4721873, "train_loss": 3.4648303985595703}
{"actor": "learner_001", "event_type": "inner_step_summary", "global_version": 4, "gpu_step_seconds": 0.027499433024786413, "hostname": "mg0874", "local_step": 180, "timestamp": 1783766930.7502751, "train_loss": 3.8894755840301514}
{"actor": "learner_001", "event_type": "inner_step_summary", "global_version": 4, "gpu_step_seconds": 0.027297702967189252, "hostname": "mg0874", "local_step": 190, "timestamp": 1783766931.025807, "train_loss": 4.310364246368408}
{"actor": "learner_001", "event_type": "inner_step_summary", "global_version": 4, "gpu_step_seconds": 0.02705466200131923, "hostname": "mg0874", "local_step": 200, "timestamp": 1783766931.299578, "train_loss": 4.205951690673828}
{"actor": "learner_001", "event_type": "update_written", "file_path": "/work/xg24i002/x10041/fs_based_decoupled_diloco/runs/duraloco/20260711_p06b_final_d5e2901_d8/training/updates/pending/learner_001/update_a1142c2be10c.params.safetensors", "hostname": "mg0874", "interval_digest": "b6c425cc91e566d9892d3b2132abf8a2417a1aacf9545c26c54ff993f61d8476", "local_step": 200, "publication_proposal_id": "proposal-b6c760aba60aa3afca5a7b1bb9ebd959c27ce0ad112c76124bd5e7674f727731", "publication_request_id": "learner-publish-373495d368cdb80c7e002df04b1c0edd67f0448402928733576b919b236a526d", "timestamp": 1783766931.9820654, "tokens": 6400, "train_loss": 3.7807117462158204, "update_id": "learner_001_00000200_a1142c2be10c"}
{"actor": "learner_001", "event_type": "heartbeat_written", "hostname": "mg0874", "local_step": 200, "timestamp": 1783766931.9892871}
{"actor": "learner_001", "current_version": 4, "event_type": "latest_polled", "found_version": 5, "hostname": "mg0874", "timestamp": 1783766955.0056798}
{"actor": "learner_001", "event_type": "global_adopted", "hostname": "mg0874", "timestamp": 1783766955.3356109, "version": 5}
{"actor": "learner_001", "adoption_state_digest": "8d9ba54cd539955e9a523379bedb70c7f5a4c7612d81fd5e31cb7baed86c686c", "event_type": "inner_optimizer_adoption", "hostname": "mg0874", "policy": "reset_all", "reset_parameter_count": 148, "timestamp": 1783766955.3370833, "version": 5}
{"actor": "learner_001", "event_type": "heartbeat_written", "hostname": "mg0874", "local_step": 201, "timestamp": 1783766955.376804}
{"actor": "learner_001", "event_type": "inner_step_summary", "global_version": 5, "gpu_step_seconds": 0.027338070038240403, "hostname": "mg0874", "local_step": 210, "timestamp": 1783766955.6297662, "train_loss": 4.440309047698975}
{"actor": "learner_001", "event_type": "inner_step_summary", "global_version": 5, "gpu_step_seconds": 0.026829938986338675, "hostname": "mg0874", "local_step": 220, "timestamp": 1783766955.9048493, "train_loss": 4.025735378265381}
{"actor": "learner_001", "event_type": "inner_step_summary", "global_version": 5, "gpu_step_seconds": 0.02744725497905165, "hostname": "mg0874", "local_step": 230, "timestamp": 1783766956.1799169, "train_loss": 4.131033420562744}
{"actor": "learner_001", "event_type": "inner_step_summary", "global_version": 5, "gpu_step_seconds": 0.02714603702770546, "hostname": "mg0874", "local_step": 240, "timestamp": 1783766956.4564898, "train_loss": 3.304805278778076}
{"actor": "learner_001", "event_type": "inner_step_summary", "global_version": 5, "gpu_step_seconds": 0.026913043984677643, "hostname": "mg0874", "local_step": 250, "timestamp": 1783766956.7314668, "train_loss": 3.82021164894104}
{"actor": "learner_001", "event_type": "update_written", "file_path": "/work/xg24i002/x10041/fs_based_decoupled_diloco/runs/duraloco/20260711_p06b_final_d5e2901_d8/training/updates/pending/learner_001/update_2bbaa3a34d13.params.safetensors", "hostname": "mg0874", "interval_digest": "2372878f10bf0d776006b615d24cdcf89bfb1906a443cd14f3ce15322ca54c10", "local_step": 250, "publication_proposal_id": "proposal-cddf9fab765c35fae3da4e951d38f09313ac80119ae9c59e4e5eece8252e97b1", "publication_request_id": "learner-publish-f6f0fe2b0c4b758c2e771612407f11b4d736254555d08ffbaf985cfa4c419659", "timestamp": 1783766957.411908, "tokens": 6400, "train_loss": 3.9386944580078125, "update_id": "learner_001_00000250_2bbaa3a34d13"}
{"actor": "learner_001", "event_type": "heartbeat_written", "hostname": "mg0874", "local_step": 250, "timestamp": 1783766957.4204311}
{"actor": "learner_001", "current_version": 5, "event_type": "latest_polled", "found_version": 6, "hostname": "mg0874", "timestamp": 1783766980.4360662}
{"actor": "learner_001", "event_type": "global_adopted", "hostname": "mg0874", "timestamp": 1783766980.827823, "version": 6}
{"actor": "learner_001", "adoption_state_digest": "5e825ae726479128c6019477b1f29ec124a12f8a91aeb5a9c6f640e1f5832730", "event_type": "inner_optimizer_adoption", "hostname": "mg0874", "policy": "reset_all", "reset_parameter_count": 148, "timestamp": 1783766980.8293748, "version": 6}
{"actor": "learner_001", "event_type": "heartbeat_written", "hostname": "mg0874", "local_step": 251, "timestamp": 1783766980.869638}
{"actor": "learner_001", "event_type": "inner_step_summary", "global_version": 6, "gpu_step_seconds": 0.02776293602073565, "hostname": "mg0874", "local_step": 260, "timestamp": 1783766981.1303306, "train_loss": 3.743558883666992}
{"actor": "learner_001", "event_type": "inner_step_summary", "global_version": 6, "gpu_step_seconds": 0.02751957398140803, "hostname": "mg0874", "local_step": 270, "timestamp": 1783766981.410868, "train_loss": 3.366419553756714}
{"actor": "learner_001", "event_type": "inner_step_summary", "global_version": 6, "gpu_step_seconds": 0.027330835990142077, "hostname": "mg0874", "local_step": 280, "timestamp": 1783766981.6876628, "train_loss": 4.053403854370117}
{"actor": "learner_001", "event_type": "inner_step_summary", "global_version": 6, "gpu_step_seconds": 0.027244114957284182, "hostname": "mg0874", "local_step": 290, "timestamp": 1783766981.9634812, "train_loss": 4.082556247711182}
{"actor": "learner_001", "event_type": "inner_step_summary", "global_version": 6, "gpu_step_seconds": 0.027016274980269372, "hostname": "mg0874", "local_step": 300, "timestamp": 1783766982.2393637, "train_loss": 3.4927165508270264}
{"actor": "learner_001", "event_type": "update_written", "file_path": "/work/xg24i002/x10041/fs_based_decoupled_diloco/runs/duraloco/20260711_p06b_final_d5e2901_d8/training/updates/pending/learner_001/update_537ca371278d.params.safetensors", "hostname": "mg0874", "interval_digest": "b5285d410dd2727cd391813f11c7fca92da197ecf4414cae3f34a2985eb02a30", "local_step": 300, "publication_proposal_id": "proposal-cae2808a39d5735579c75ff79d9839f9982725995f49826f82bbb4b8d8659b5b", "publication_request_id": "learner-publish-5f6153f33a27472e641c2f3644fe6323c1b3bc8ea00fe7f337e880112914b4ca", "timestamp": 1783766982.9458573, "tokens": 6400, "train_loss": 3.9002241325378417, "update_id": "learner_001_00000300_537ca371278d"}
{"actor": "learner_001", "event_type": "heartbeat_written", "hostname": "mg0874", "local_step": 300, "timestamp": 1783766982.9541223}
{"actor": "learner_001", "current_version": 6, "event_type": "latest_polled", "found_version": 7, "hostname": "mg0874", "timestamp": 1783767005.9699175}
{"actor": "learner_001", "event_type": "global_adopted", "hostname": "mg0874", "timestamp": 1783767006.333594, "version": 7}
{"actor": "learner_001", "adoption_state_digest": "306aeab730858feb3c0d0c3a92b24bd0feaebd982fc1960bf485e032e033d8f4", "event_type": "inner_optimizer_adoption", "hostname": "mg0874", "policy": "reset_all", "reset_parameter_count": 148, "timestamp": 1783767006.3350644, "version": 7}
{"actor": "learner_001", "event_type": "heartbeat_written", "hostname": "mg0874", "local_step": 301, "timestamp": 1783767006.3719869}
{"actor": "learner_001", "event_type": "inner_step_summary", "global_version": 7, "gpu_step_seconds": 0.02672113594599068, "hostname": "mg0874", "local_step": 310, "timestamp": 1783767006.6138701, "train_loss": 3.6735494136810303}
{"actor": "learner_001", "event_type": "inner_step_summary", "global_version": 7, "gpu_step_seconds": 0.02642491104779765, "hostname": "mg0874", "local_step": 320, "timestamp": 1783767006.8811984, "train_loss": 4.368526458740234}
{"actor": "learner_001", "event_type": "inner_step_summary", "global_version": 7, "gpu_step_seconds": 0.026127469027414918, "hostname": "mg0874", "local_step": 330, "timestamp": 1783767007.1493485, "train_loss": 4.558670997619629}
{"actor": "learner_001", "event_type": "inner_step_summary", "global_version": 7, "gpu_step_seconds": 0.026618896052241325, "hostname": "mg0874", "local_step": 340, "timestamp": 1783767007.417049, "train_loss": 4.769879341125488}
{"actor": "learner_001", "event_type": "inner_step_summary", "global_version": 7, "gpu_step_seconds": 0.026504270965233445, "hostname": "mg0874", "local_step": 350, "timestamp": 1783767007.684763, "train_loss": 3.864152669906616}
{"actor": "learner_001", "event_type": "update_written", "file_path": "/work/xg24i002/x10041/fs_based_decoupled_diloco/runs/duraloco/20260711_p06b_final_d5e2901_d8/training/updates/pending/learner_001/update_80beba23291d.params.safetensors", "hostname": "mg0874", "interval_digest": "d6073ae677ee2591d1b25ae26949cb368caac69c213bb6fb61f775623fe08864", "local_step": 350, "publication_proposal_id": "proposal-f7d0eaa75d3f8ca494db1564f8540e45717fe5a4a6d988e48984e332a166642a", "publication_request_id": "learner-publish-cc36a942e072c60d83907726aa54489f59033a65669905ff09e23da1b59140ca", "timestamp": 1783767008.4001157, "tokens": 6400, "train_loss": 3.99347900390625, "update_id": "learner_001_00000350_80beba23291d"}
{"actor": "learner_001", "event_type": "heartbeat_written", "hostname": "mg0874", "local_step": 350, "timestamp": 1783767008.4115186}
{"actor": "learner_001", "current_version": 7, "event_type": "latest_polled", "found_version": 8, "hostname": "mg0874", "timestamp": 1783767032.4279773}
{"actor": "learner_001", "event_type": "global_adopted", "hostname": "mg0874", "timestamp": 1783767032.783389, "version": 8}
{"actor": "learner_001", "adoption_state_digest": "31864ceceecdf71767ccb766c13183198c5babfd436c3231e19c857e8e83e47b", "event_type": "inner_optimizer_adoption", "hostname": "mg0874", "policy": "reset_all", "reset_parameter_count": 148, "timestamp": 1783767032.7881217, "version": 8}
{"actor": "learner_001", "event_type": "heartbeat_written", "hostname": "mg0874", "local_step": 351, "timestamp": 1783767032.8350616}
{"actor": "learner_001", "event_type": "inner_step_summary", "global_version": 8, "gpu_step_seconds": 0.02641831897199154, "hostname": "mg0874", "local_step": 360, "timestamp": 1783767033.074313, "train_loss": 4.487447738647461}
{"actor": "learner_001", "event_type": "inner_step_summary", "global_version": 8, "gpu_step_seconds": 0.026489295007195324, "hostname": "mg0874", "local_step": 370, "timestamp": 1783767033.3414118, "train_loss": 3.944005250930786}
{"actor": "learner_001", "event_type": "inner_step_summary", "global_version": 8, "gpu_step_seconds": 0.02631294197635725, "hostname": "mg0874", "local_step": 380, "timestamp": 1783767033.6071877, "train_loss": 4.56752872467041}
{"actor": "learner_001", "event_type": "inner_step_summary", "global_version": 8, "gpu_step_seconds": 0.02639348799129948, "hostname": "mg0874", "local_step": 390, "timestamp": 1783767033.8736322, "train_loss": 4.150759696960449}
{"actor": "learner_001", "event_type": "inner_step_summary", "global_version": 8, "gpu_step_seconds": 0.026199597981758416, "hostname": "mg0874", "local_step": 400, "timestamp": 1783767034.1391816, "train_loss": 4.539469242095947}
{"actor": "learner_001", "event_type": "update_written", "file_path": "/work/xg24i002/x10041/fs_based_decoupled_diloco/runs/duraloco/20260711_p06b_final_d5e2901_d8/training/updates/pending/learner_001/update_b00209de7850.params.safetensors", "hostname": "mg0874", "interval_digest": "413e37bbb284ba61bcdf993b759970bf3f357ab3bb27889a3b798b4941beded5", "local_step": 400, "publication_proposal_id": "proposal-9676155125a40f9b20de35f11258bf2b5b45c0e050b5394126430e4efd17444e", "publication_request_id": "learner-publish-c152d1450a4eb0915dd6684a9299f2199e32a9a7a9f2ec7170e338140fa3e1b4", "timestamp": 1783767034.8757813, "tokens": 6400, "train_loss": 4.1151865148544315, "update_id": "learner_001_00000400_b00209de7850"}
{"actor": "learner_001", "event_type": "heartbeat_written", "hostname": "mg0874", "local_step": 400, "timestamp": 1783767034.884637}
{"actor": "learner_001", "current_version": 8, "event_type": "latest_polled", "found_version": 9, "hostname": "mg0874", "timestamp": 1783767058.9015055}
{"actor": "learner_001", "event_type": "global_adopted", "hostname": "mg0874", "timestamp": 1783767059.2719545, "version": 9}
{"actor": "learner_001", "adoption_state_digest": "dba42366bb264033b937adcacfb3236a2c2ce9db3afd7bf01e63fb6cba8da026", "event_type": "inner_optimizer_adoption", "hostname": "mg0874", "policy": "reset_all", "reset_parameter_count": 148, "timestamp": 1783767059.273485, "version": 9}
{"actor": "learner_001", "event_type": "heartbeat_written", "hostname": "mg0874", "local_step": 401, "timestamp": 1783767059.3118281}
{"actor": "learner_001", "event_type": "inner_step_summary", "global_version": 9, "gpu_step_seconds": 0.025429674016777426, "hostname": "mg0874", "local_step": 410, "timestamp": 1783767059.548099, "train_loss": 4.334866523742676}
{"actor": "learner_001", "event_type": "inner_step_summary", "global_version": 9, "gpu_step_seconds": 0.025868010998237878, "hostname": "mg0874", "local_step": 420, "timestamp": 1783767059.8102686, "train_loss": 4.186925411224365}
{"actor": "learner_001", "event_type": "inner_step_summary", "global_version": 9, "gpu_step_seconds": 0.025463817990384996, "hostname": "mg0874", "local_step": 430, "timestamp": 1783767060.070864, "train_loss": 3.7742717266082764}
{"actor": "learner_001", "event_type": "inner_step_summary", "global_version": 9, "gpu_step_seconds": 0.026036333991214633, "hostname": "mg0874", "local_step": 440, "timestamp": 1783767060.3325102, "train_loss": 5.22550630569458}
{"actor": "learner_001", "event_type": "inner_step_summary", "global_version": 9, "gpu_step_seconds": 0.025642923021223396, "hostname": "mg0874", "local_step": 450, "timestamp": 1783767060.5928242, "train_loss": 3.7523245811462402}
{"actor": "learner_001", "event_type": "update_written", "file_path": "/work/xg24i002/x10041/fs_based_decoupled_diloco/runs/duraloco/20260711_p06b_final_d5e2901_d8/training/updates/pending/learner_001/update_5f708edf1c0d.params.safetensors", "hostname": "mg0874", "interval_digest": "e518918529ea63cf12745a10cf1c3d2f491bb08ec7d4c76ea90118c6cd526dad", "local_step": 450, "publication_proposal_id": "proposal-f666194776e33fae96792edad738b3b1324d970657712ef9764871ca78a140ed", "publication_request_id": "learner-publish-2952ddf2db863f2b4c05be5b03baba1e9474825b1191bf24efe5ee9837ba9b25", "timestamp": 1783767061.2695107, "tokens": 6400, "train_loss": 4.038317995071411, "update_id": "learner_001_00000450_5f708edf1c0d"}
{"actor": "learner_001", "event_type": "heartbeat_written", "hostname": "mg0874", "local_step": 450, "timestamp": 1783767061.2780213}
{"actor": "learner_001", "current_version": 9, "event_type": "latest_polled", "found_version": 10, "hostname": "mg0874", "timestamp": 1783767084.2945557}
{"actor": "learner_001", "event_type": "global_adopted", "hostname": "mg0874", "timestamp": 1783767084.6492336, "version": 10}
{"actor": "learner_001", "adoption_state_digest": "e7aabe300c7cdf6fb4216ec9326b3820f834382800cfde86a755db90a46bd9fa", "event_type": "inner_optimizer_adoption", "hostname": "mg0874", "policy": "reset_all", "reset_parameter_count": 148, "timestamp": 1783767084.650735, "version": 10}
{"actor": "learner_001", "event_type": "heartbeat_written", "hostname": "mg0874", "local_step": 451, "timestamp": 1783767084.6893003}
{"actor": "learner_001", "event_type": "inner_step_summary", "global_version": 10, "gpu_step_seconds": 0.027339830005075783, "hostname": "mg0874", "local_step": 460, "timestamp": 1783767084.940591, "train_loss": 3.0789144039154053}
{"actor": "learner_001", "event_type": "inner_step_summary", "global_version": 10, "gpu_step_seconds": 0.026901044009719044, "hostname": "mg0874", "local_step": 470, "timestamp": 1783767085.2153883, "train_loss": 4.828054904937744}
{"actor": "learner_001", "event_type": "inner_step_summary", "global_version": 10, "gpu_step_seconds": 0.02688942797249183, "hostname": "mg0874", "local_step": 480, "timestamp": 1783767085.489183, "train_loss": 3.37153697013855}
{"actor": "learner_001", "event_type": "inner_step_summary", "global_version": 10, "gpu_step_seconds": 0.026585330022498965, "hostname": "mg0874", "local_step": 490, "timestamp": 1783767085.7624657, "train_loss": 4.253015995025635}
{"actor": "learner_001", "event_type": "inner_step_summary", "global_version": 10, "gpu_step_seconds": 0.02708302898099646, "hostname": "mg0874", "local_step": 500, "timestamp": 1783767086.036183, "train_loss": 3.773176431655884}
{"actor": "learner_001", "event_type": "update_written", "file_path": "/work/xg24i002/x10041/fs_based_decoupled_diloco/runs/duraloco/20260711_p06b_final_d5e2901_d8/training/updates/pending/learner_001/update_e0fea28da96f.params.safetensors", "hostname": "mg0874", "interval_digest": "a344637d361f6ebad0448dd4d38eeb17e2d500bcc9bf473daf3fe62e9b9be53b", "local_step": 500, "publication_proposal_id": "proposal-fbf443dfb9dfcbe182b342a8df4370ed83b8b49c262f2b2ae39cfa50ccd6e144", "publication_request_id": "learner-publish-88d42973a945aa4a04b3e2e8e759187b7916b1095ab62ef4dd752b55aa9e54e8", "timestamp": 1783767086.7950702, "tokens": 6400, "train_loss": 3.6161872863769533, "update_id": "learner_001_00000500_e0fea28da96f"}
{"actor": "learner_001", "event_type": "heartbeat_written", "hostname": "mg0874", "local_step": 500, "timestamp": 1783767086.8030882}
{"actor": "learner_001", "current_version": 10, "event_type": "latest_polled", "found_version": 11, "hostname": "mg0874", "timestamp": 1783767110.8196185}
{"actor": "learner_001", "event_type": "global_adopted", "hostname": "mg0874", "timestamp": 1783767111.164565, "version": 11}
{"actor": "learner_001", "adoption_state_digest": "f61770a5e20cef51f5ac72572a020b00f0990ba7b3fbe06a4fc36a700fbd3340", "event_type": "inner_optimizer_adoption", "hostname": "mg0874", "policy": "reset_all", "reset_parameter_count": 148, "timestamp": 1783767111.1662962, "version": 11}
{"actor": "learner_001", "event_type": "heartbeat_written", "hostname": "mg0874", "local_step": 501, "timestamp": 1783767111.202848}
{"actor": "learner_001", "event_type": "inner_step_summary", "global_version": 11, "gpu_step_seconds": 0.027028567041270435, "hostname": "mg0874", "local_step": 510, "timestamp": 1783767111.4512389, "train_loss": 3.647475242614746}
{"actor": "learner_001", "event_type": "inner_step_summary", "global_version": 11, "gpu_step_seconds": 0.02690520597388968, "hostname": "mg0874", "local_step": 520, "timestamp": 1783767111.7234852, "train_loss": 3.4637372493743896}
{"actor": "learner_001", "event_type": "inner_step_summary", "global_version": 11, "gpu_step_seconds": 0.02670261199818924, "hostname": "mg0874", "local_step": 530, "timestamp": 1783767111.9952636, "train_loss": 3.5622317790985107}
{"actor": "learner_001", "event_type": "inner_step_summary", "global_version": 11, "gpu_step_seconds": 0.026615827984642237, "hostname": "mg0874", "local_step": 540, "timestamp": 1783767112.2665715, "train_loss": 3.5151774883270264}
{"actor": "learner_001", "event_type": "inner_step_summary", "global_version": 11, "gpu_step_seconds": 0.026772979996167123, "hostname": "mg0874", "local_step": 550, "timestamp": 1783767112.5373988, "train_loss": 4.051642894744873}
{"actor": "learner_001", "event_type": "update_written", "file_path": "/work/xg24i002/x10041/fs_based_decoupled_diloco/runs/duraloco/20260711_p06b_final_d5e2901_d8/training/updates/pending/learner_001/update_9b78df3d292f.params.safetensors", "hostname": "mg0874", "interval_digest": "ce5bbb94be8da71bb93ba2fbafb4adee1f9a57756b9d22d07955bd273e5c4020", "local_step": 550, "publication_proposal_id": "proposal-f22099c384dac5dd3f63d26c082385c85747dfa4b11390a3ecdd3b2fe7e6b0a5", "publication_request_id": "learner-publish-b9637e613a0c6cffb69ac8a01d6fcdb91c3e1dcb6467a42564853aab6924ec92", "timestamp": 1783767113.2190347, "tokens": 6400, "train_loss": 3.6191742753982545, "update_id": "learner_001_00000550_9b78df3d292f"}
{"actor": "learner_001", "event_type": "heartbeat_written", "hostname": "mg0874", "local_step": 550, "timestamp": 1783767113.2271826}
{"actor": "learner_001", "current_version": 11, "event_type": "latest_polled", "found_version": null, "hostname": "mg0874", "timestamp": 1783767162.2586696}
{"actor": "learner_001", "event_type": "stop_seen", "hostname": "mg0874", "reason": "stop_after_outer_steps", "timestamp": 1783767162.2613478}
{"actor": "learner_001", "deleted_files": 20, "event_type": "retention_cleanup", "hostname": "mg0874", "keep_last": 1, "role": "learner", "timestamp": 1783767162.2973485, "update_dir": "/work/xg24i002/x10041/fs_based_decoupled_diloco/runs/duraloco/20260711_p06b_final_d5e2901_d8/training/updates/pending/learner_001"}
{"actor": "learner_001", "event_type": "process_exit", "global_version": 11, "hostname": "mg0874", "local_step": 550, "timestamp": 1783767162.2988396}
