{"actor": "learner_005", "device": "cuda", "event_type": "process_start", "hostname": "mg0893", "learner_id": "learner_005", "run_id": "20260711_p06b_final_d5e2901_d8-training", "timestamp": 1783766823.5282447}
Warning: You are sending unauthenticated requests to the HF Hub. Please set a HF_TOKEN to enable higher rate limits and faster downloads.
[transformers] `torch_dtype` is deprecated! Use `dtype` instead!
Loading weights:   0%|          | 0/148 [00:00<?, ?it/s]Loading weights:  43%|████▎     | 64/148 [00:00<00:00, 624.21it/s]Loading weights: 100%|██████████| 148/148 [00:00<00:00, 773.64it/s]
{"actor": "learner_005", "event_type": "loaded_global", "hostname": "mg0893", "timestamp": 1783766848.7278857, "version": 1}
{"actor": "learner_005", "event_type": "inner_optimizer_reset", "hostname": "mg0893", "timestamp": 1783766848.7294993, "version": 1}
{"actor": "learner_005", "committed_intervals": 0, "event_type": "warm_recovery", "hostname": "mg0893", "lost_tokens": 0, "max_uncommitted_base_commit_seq": null, "new_session": {"learner_id": "learner_005", "learner_session_id": "20260711_p06b_final_d5e2901_d8-training-learner_005-session", "protocol_version": 2, "record_type": "learner_session", "run_generation": 0, "run_id": "20260711_p06b_final_d5e2901_d8-training"}, "next_sequence": 1, "published_intervals": 0, "repeated_tokens_estimate": 0, "timestamp": 1783766853.375649, "uncommitted_intervals": 0, "warm_not_exact": true}
[transformers] `loss_type=None` was set in the config but it is unrecognized. Using the default loss: `ForCausalLMLoss`.
{"actor": "learner_005", "event_type": "inner_step_summary", "global_version": 1, "gpu_step_seconds": 0.0259592249058187, "hostname": "mg0893", "local_step": 10, "timestamp": 1783766854.0392377, "train_loss": 4.186495304107666}
{"actor": "learner_005", "event_type": "inner_step_summary", "global_version": 1, "gpu_step_seconds": 0.025859289104118943, "hostname": "mg0893", "local_step": 20, "timestamp": 1783766854.3003201, "train_loss": 4.151762962341309}
{"actor": "learner_005", "event_type": "inner_step_summary", "global_version": 1, "gpu_step_seconds": 0.025268340948969126, "hostname": "mg0893", "local_step": 30, "timestamp": 1783766854.5601947, "train_loss": 4.667545795440674}
{"actor": "learner_005", "event_type": "inner_step_summary", "global_version": 1, "gpu_step_seconds": 0.025987000903114676, "hostname": "mg0893", "local_step": 40, "timestamp": 1783766854.8254013, "train_loss": 3.9518392086029053}
{"actor": "learner_005", "event_type": "inner_step_summary", "global_version": 1, "gpu_step_seconds": 0.025474518071860075, "hostname": "mg0893", "local_step": 50, "timestamp": 1783766855.0856793, "train_loss": 3.983083724975586}
{"actor": "learner_005", "event_type": "update_written", "file_path": "/work/xg24i002/x10041/fs_based_decoupled_diloco/runs/duraloco/20260711_p06b_final_d5e2901_d8/training/updates/pending/learner_005/update_4ed90f2fcefe.params.safetensors", "hostname": "mg0893", "interval_digest": "69fa3d1c73598537a3b032b3c48bec40768beaf6b4e4ceedfcd6c7b8007a24e4", "local_step": 50, "publication_proposal_id": "proposal-79ddc442c4358ce9d82c0aef29dd6074e5b4baac0712ef866517b033281b973b", "publication_request_id": "learner-publish-307bf975a84ba8e960aa84e84a5924fb837aa556c1bd40c110270a61fb2d1a97", "timestamp": 1783766855.8931477, "tokens": 6400, "train_loss": 4.110892753601075, "update_id": "learner_005_00000050_4ed90f2fcefe"}
{"actor": "learner_005", "event_type": "heartbeat_written", "hostname": "mg0893", "local_step": 50, "timestamp": 1783766855.8997765}
{"actor": "learner_005", "current_version": 1, "event_type": "latest_polled", "found_version": 2, "hostname": "mg0893", "timestamp": 1783766878.9145238}
{"actor": "learner_005", "event_type": "global_adopted", "hostname": "mg0893", "timestamp": 1783766879.2996972, "version": 2}
{"actor": "learner_005", "adoption_state_digest": "8804ea26ae20cade77ba89e932b077382d184078fa7e260fa4b6acc10b689e30", "event_type": "inner_optimizer_adoption", "hostname": "mg0893", "policy": "reset_all", "reset_parameter_count": 148, "timestamp": 1783766879.301123, "version": 2}
{"actor": "learner_005", "event_type": "heartbeat_written", "hostname": "mg0893", "local_step": 51, "timestamp": 1783766879.3390372}
{"actor": "learner_005", "event_type": "inner_step_summary", "global_version": 2, "gpu_step_seconds": 0.02655897196382284, "hostname": "mg0893", "local_step": 60, "timestamp": 1783766879.5874338, "train_loss": 4.337303161621094}
{"actor": "learner_005", "event_type": "inner_step_summary", "global_version": 2, "gpu_step_seconds": 0.026458587031811476, "hostname": "mg0893", "local_step": 70, "timestamp": 1783766879.8563166, "train_loss": 3.9585678577423096}
{"actor": "learner_005", "event_type": "inner_step_summary", "global_version": 2, "gpu_step_seconds": 0.026118168840184808, "hostname": "mg0893", "local_step": 80, "timestamp": 1783766880.1334505, "train_loss": 4.483718395233154}
{"actor": "learner_005", "event_type": "inner_step_summary", "global_version": 2, "gpu_step_seconds": 0.026241529965773225, "hostname": "mg0893", "local_step": 90, "timestamp": 1783766880.3991191, "train_loss": 4.501414775848389}
{"actor": "learner_005", "event_type": "inner_step_summary", "global_version": 2, "gpu_step_seconds": 0.02624085801653564, "hostname": "mg0893", "local_step": 100, "timestamp": 1783766880.6653953, "train_loss": 4.219945907592773}
{"actor": "learner_005", "event_type": "update_written", "file_path": "/work/xg24i002/x10041/fs_based_decoupled_diloco/runs/duraloco/20260711_p06b_final_d5e2901_d8/training/updates/pending/learner_005/update_e14b45b54058.params.safetensors", "hostname": "mg0893", "interval_digest": "ec7b0b1da441305422734ac1881fcbd377b1c0553cae4e5eb469b80fa665d213", "local_step": 100, "publication_proposal_id": "proposal-d80792956fc549143a10c07af8bf14eeab6959b65188dde7887a2f5dbb5d96aa", "publication_request_id": "learner-publish-2feeb9c84635723fb4de9d8a540d86f454b900da930f9ac2c10687ef0909081b", "timestamp": 1783766881.363611, "tokens": 6400, "train_loss": 4.2392571878433225, "update_id": "learner_005_00000100_e14b45b54058"}
{"actor": "learner_005", "event_type": "heartbeat_written", "hostname": "mg0893", "local_step": 100, "timestamp": 1783766881.3730705}
{"actor": "learner_005", "current_version": 2, "event_type": "latest_polled", "found_version": 3, "hostname": "mg0893", "timestamp": 1783766904.3881965}
{"actor": "learner_005", "event_type": "global_adopted", "hostname": "mg0893", "timestamp": 1783766904.711828, "version": 3}
{"actor": "learner_005", "adoption_state_digest": "c83fe75c869237cb00c4f027d0d8f0ae5e5de26bc7c78c6574543ba6f4043c1f", "event_type": "inner_optimizer_adoption", "hostname": "mg0893", "policy": "reset_all", "reset_parameter_count": 148, "timestamp": 1783766904.7153683, "version": 3}
{"actor": "learner_005", "event_type": "heartbeat_written", "hostname": "mg0893", "local_step": 101, "timestamp": 1783766904.7567298}
{"actor": "learner_005", "event_type": "inner_step_summary", "global_version": 3, "gpu_step_seconds": 0.025992985116317868, "hostname": "mg0893", "local_step": 110, "timestamp": 1783766904.9957142, "train_loss": 4.754470348358154}
{"actor": "learner_005", "event_type": "inner_step_summary", "global_version": 3, "gpu_step_seconds": 0.025791703956201673, "hostname": "mg0893", "local_step": 120, "timestamp": 1783766905.259017, "train_loss": 4.8024210929870605}
{"actor": "learner_005", "event_type": "inner_step_summary", "global_version": 3, "gpu_step_seconds": 0.025405941996723413, "hostname": "mg0893", "local_step": 130, "timestamp": 1783766905.5253923, "train_loss": 3.4053099155426025}
{"actor": "learner_005", "event_type": "inner_step_summary", "global_version": 3, "gpu_step_seconds": 0.025624343194067478, "hostname": "mg0893", "local_step": 140, "timestamp": 1783766905.7869165, "train_loss": 4.802177906036377}
{"actor": "learner_005", "event_type": "inner_step_summary", "global_version": 3, "gpu_step_seconds": 0.025726839900016785, "hostname": "mg0893", "local_step": 150, "timestamp": 1783766906.0538461, "train_loss": 4.896742343902588}
{"actor": "learner_005", "event_type": "update_written", "file_path": "/work/xg24i002/x10041/fs_based_decoupled_diloco/runs/duraloco/20260711_p06b_final_d5e2901_d8/training/updates/pending/learner_005/update_8f483e677c6f.params.safetensors", "hostname": "mg0893", "interval_digest": "4164ab1e9cd92cc87719a33bf052bea6e457f44732f1e61516cc94054be670f4", "local_step": 150, "publication_proposal_id": "proposal-53d96c82411e4942c8d00fa44ddd9ca6a38849a92f7a4dc8fefef5685bdb1751", "publication_request_id": "learner-publish-aebd69fbf5d58f26e824cf3ff72baca53016f063fa4f7e23b9c026f902206f0c", "timestamp": 1783766906.7516534, "tokens": 6400, "train_loss": 4.1670723819732665, "update_id": "learner_005_00000150_8f483e677c6f"}
{"actor": "learner_005", "event_type": "heartbeat_written", "hostname": "mg0893", "local_step": 150, "timestamp": 1783766906.7605588}
{"actor": "learner_005", "current_version": 3, "event_type": "latest_polled", "found_version": 4, "hostname": "mg0893", "timestamp": 1783766929.7785416}
{"actor": "learner_005", "event_type": "global_adopted", "hostname": "mg0893", "timestamp": 1783766930.2079675, "version": 4}
{"actor": "learner_005", "adoption_state_digest": "6ec7efcda3ed152e8dea52f4db881439d3bee5198992c38965db6123530de50e", "event_type": "inner_optimizer_adoption", "hostname": "mg0893", "policy": "reset_all", "reset_parameter_count": 148, "timestamp": 1783766930.209486, "version": 4}
{"actor": "learner_005", "event_type": "heartbeat_written", "hostname": "mg0893", "local_step": 151, "timestamp": 1783766930.2467399}
{"actor": "learner_005", "event_type": "inner_step_summary", "global_version": 4, "gpu_step_seconds": 0.026839867932721972, "hostname": "mg0893", "local_step": 160, "timestamp": 1783766930.4954295, "train_loss": 3.9385900497436523}
{"actor": "learner_005", "event_type": "inner_step_summary", "global_version": 4, "gpu_step_seconds": 0.026430553989484906, "hostname": "mg0893", "local_step": 170, "timestamp": 1783766930.7653642, "train_loss": 3.5939767360687256}
{"actor": "learner_005", "event_type": "inner_step_summary", "global_version": 4, "gpu_step_seconds": 0.026515450794249773, "hostname": "mg0893", "local_step": 180, "timestamp": 1783766931.035009, "train_loss": 3.997175931930542}
{"actor": "learner_005", "event_type": "inner_step_summary", "global_version": 4, "gpu_step_seconds": 0.026261657942086458, "hostname": "mg0893", "local_step": 190, "timestamp": 1783766931.3042235, "train_loss": 3.19529128074646}
{"actor": "learner_005", "event_type": "inner_step_summary", "global_version": 4, "gpu_step_seconds": 0.026559195015579462, "hostname": "mg0893", "local_step": 200, "timestamp": 1783766931.574039, "train_loss": 3.403134346008301}
{"actor": "learner_005", "event_type": "update_written", "file_path": "/work/xg24i002/x10041/fs_based_decoupled_diloco/runs/duraloco/20260711_p06b_final_d5e2901_d8/training/updates/pending/learner_005/update_95b0f33bbddd.params.safetensors", "hostname": "mg0893", "interval_digest": "7858a9c56202e4019c392a8f825cfa8cffa088e9a29eebb56477e3e3384a7d3a", "local_step": 200, "publication_proposal_id": "proposal-cc0fe37c794bf82f8618eb03338b1f6b07da6b7941545a0a860590eeb73cfc78", "publication_request_id": "learner-publish-3a2750d888585a63ea93d08bdf36eb276919eb577a6c894f7042174f0f22081d", "timestamp": 1783766932.2751544, "tokens": 6400, "train_loss": 3.720874629020691, "update_id": "learner_005_00000200_95b0f33bbddd"}
{"actor": "learner_005", "event_type": "heartbeat_written", "hostname": "mg0893", "local_step": 200, "timestamp": 1783766932.2887015}
{"actor": "learner_005", "current_version": 4, "event_type": "latest_polled", "found_version": 5, "hostname": "mg0893", "timestamp": 1783766955.304685}
{"actor": "learner_005", "event_type": "global_adopted", "hostname": "mg0893", "timestamp": 1783766955.6413078, "version": 5}
{"actor": "learner_005", "adoption_state_digest": "8d9ba54cd539955e9a523379bedb70c7f5a4c7612d81fd5e31cb7baed86c686c", "event_type": "inner_optimizer_adoption", "hostname": "mg0893", "policy": "reset_all", "reset_parameter_count": 148, "timestamp": 1783766955.6426785, "version": 5}
{"actor": "learner_005", "event_type": "heartbeat_written", "hostname": "mg0893", "local_step": 201, "timestamp": 1783766955.679195}
{"actor": "learner_005", "event_type": "inner_step_summary", "global_version": 5, "gpu_step_seconds": 0.02548251789994538, "hostname": "mg0893", "local_step": 210, "timestamp": 1783766955.9163277, "train_loss": 4.090022563934326}
{"actor": "learner_005", "event_type": "inner_step_summary", "global_version": 5, "gpu_step_seconds": 0.02560427808202803, "hostname": "mg0893", "local_step": 220, "timestamp": 1783766956.1757312, "train_loss": 3.5056376457214355}
{"actor": "learner_005", "event_type": "inner_step_summary", "global_version": 5, "gpu_step_seconds": 0.025465909158810973, "hostname": "mg0893", "local_step": 230, "timestamp": 1783766956.4335544, "train_loss": 3.7841522693634033}
{"actor": "learner_005", "event_type": "inner_step_summary", "global_version": 5, "gpu_step_seconds": 0.025260597933083773, "hostname": "mg0893", "local_step": 240, "timestamp": 1783766956.6908743, "train_loss": 4.415561199188232}
{"actor": "learner_005", "event_type": "inner_step_summary", "global_version": 5, "gpu_step_seconds": 0.025805304059758782, "hostname": "mg0893", "local_step": 250, "timestamp": 1783766956.9487464, "train_loss": 3.140228509902954}
{"actor": "learner_005", "event_type": "update_written", "file_path": "/work/xg24i002/x10041/fs_based_decoupled_diloco/runs/duraloco/20260711_p06b_final_d5e2901_d8/training/updates/pending/learner_005/update_f87813ddd07c.params.safetensors", "hostname": "mg0893", "interval_digest": "5e3dd251627fea52dde23b6648ee30f6cd367a4a6947b98153bfcee7606ebcc2", "local_step": 250, "publication_proposal_id": "proposal-97744fd4539a4e90fb7969f4edb1ad6db9749947aa1f9db5bf1b4401db451e50", "publication_request_id": "learner-publish-edc9ec2358a06b4ff7a326706f279520d3177aa9e331f6ec760a9f8e06d9156e", "timestamp": 1783766957.6871748, "tokens": 6400, "train_loss": 3.9576051902770994, "update_id": "learner_005_00000250_f87813ddd07c"}
{"actor": "learner_005", "event_type": "heartbeat_written", "hostname": "mg0893", "local_step": 250, "timestamp": 1783766957.712063}
{"actor": "learner_005", "current_version": 5, "event_type": "latest_polled", "found_version": 6, "hostname": "mg0893", "timestamp": 1783766980.7272844}
{"actor": "learner_005", "event_type": "global_adopted", "hostname": "mg0893", "timestamp": 1783766981.10491, "version": 6}
{"actor": "learner_005", "adoption_state_digest": "5e825ae726479128c6019477b1f29ec124a12f8a91aeb5a9c6f640e1f5832730", "event_type": "inner_optimizer_adoption", "hostname": "mg0893", "policy": "reset_all", "reset_parameter_count": 148, "timestamp": 1783766981.1064112, "version": 6}
{"actor": "learner_005", "event_type": "heartbeat_written", "hostname": "mg0893", "local_step": 251, "timestamp": 1783766981.1437302}
{"actor": "learner_005", "event_type": "inner_step_summary", "global_version": 6, "gpu_step_seconds": 0.026501593878492713, "hostname": "mg0893", "local_step": 260, "timestamp": 1783766981.3893538, "train_loss": 3.436636447906494}
{"actor": "learner_005", "event_type": "inner_step_summary", "global_version": 6, "gpu_step_seconds": 0.02584427921101451, "hostname": "mg0893", "local_step": 270, "timestamp": 1783766981.654802, "train_loss": 3.499661445617676}
{"actor": "learner_005", "event_type": "inner_step_summary", "global_version": 6, "gpu_step_seconds": 0.026123191928490996, "hostname": "mg0893", "local_step": 280, "timestamp": 1783766981.91745, "train_loss": 4.110440731048584}
{"actor": "learner_005", "event_type": "inner_step_summary", "global_version": 6, "gpu_step_seconds": 0.026059065014123917, "hostname": "mg0893", "local_step": 290, "timestamp": 1783766982.1800725, "train_loss": 4.107651710510254}
{"actor": "learner_005", "event_type": "inner_step_summary", "global_version": 6, "gpu_step_seconds": 0.025909047108143568, "hostname": "mg0893", "local_step": 300, "timestamp": 1783766982.441673, "train_loss": 3.771132469177246}
{"actor": "learner_005", "event_type": "update_written", "file_path": "/work/xg24i002/x10041/fs_based_decoupled_diloco/runs/duraloco/20260711_p06b_final_d5e2901_d8/training/updates/pending/learner_005/update_68a3c99fc118.params.safetensors", "hostname": "mg0893", "interval_digest": "61ad6dcce48a0bb0f8e5f5d623f1be82613b0efb7b1dc96ac52933a2d18cb443", "local_step": 300, "publication_proposal_id": "proposal-6700594f48ed6aa7da208d2f48903cff41869124e72854aa3f995fa4fe2472ad", "publication_request_id": "learner-publish-f520bdef12673972bc2d06221c5cbf938dc6aab895b4a91507391ca391e251ba", "timestamp": 1783766983.1375716, "tokens": 6400, "train_loss": 3.8444760513305662, "update_id": "learner_005_00000300_68a3c99fc118"}
{"actor": "learner_005", "event_type": "heartbeat_written", "hostname": "mg0893", "local_step": 300, "timestamp": 1783766983.1513402}
{"actor": "learner_005", "current_version": 6, "event_type": "latest_polled", "found_version": 7, "hostname": "mg0893", "timestamp": 1783767006.1675038}
{"actor": "learner_005", "event_type": "global_adopted", "hostname": "mg0893", "timestamp": 1783767006.5399616, "version": 7}
{"actor": "learner_005", "adoption_state_digest": "306aeab730858feb3c0d0c3a92b24bd0feaebd982fc1960bf485e032e033d8f4", "event_type": "inner_optimizer_adoption", "hostname": "mg0893", "policy": "reset_all", "reset_parameter_count": 148, "timestamp": 1783767006.5415199, "version": 7}
{"actor": "learner_005", "event_type": "heartbeat_written", "hostname": "mg0893", "local_step": 301, "timestamp": 1783767006.576888}
{"actor": "learner_005", "event_type": "inner_step_summary", "global_version": 7, "gpu_step_seconds": 0.02561734593473375, "hostname": "mg0893", "local_step": 310, "timestamp": 1783767006.815615, "train_loss": 3.74159836769104}
{"actor": "learner_005", "event_type": "inner_step_summary", "global_version": 7, "gpu_step_seconds": 0.02557830512523651, "hostname": "mg0893", "local_step": 320, "timestamp": 1783767007.0765696, "train_loss": 3.665755033493042}
{"actor": "learner_005", "event_type": "inner_step_summary", "global_version": 7, "gpu_step_seconds": 0.025666848989203572, "hostname": "mg0893", "local_step": 330, "timestamp": 1783767007.3368683, "train_loss": 3.194086790084839}
{"actor": "learner_005", "event_type": "inner_step_summary", "global_version": 7, "gpu_step_seconds": 0.025577793829143047, "hostname": "mg0893", "local_step": 340, "timestamp": 1783767007.5961785, "train_loss": 3.743243455886841}
{"actor": "learner_005", "event_type": "inner_step_summary", "global_version": 7, "gpu_step_seconds": 0.02543196897022426, "hostname": "mg0893", "local_step": 350, "timestamp": 1783767007.855911, "train_loss": 4.129065990447998}
{"actor": "learner_005", "event_type": "update_written", "file_path": "/work/xg24i002/x10041/fs_based_decoupled_diloco/runs/duraloco/20260711_p06b_final_d5e2901_d8/training/updates/pending/learner_005/update_62c31e2964b1.params.safetensors", "hostname": "mg0893", "interval_digest": "a3236250903e68772efb4e4090a2748fa33072d74e3db6961c90c8a213224164", "local_step": 350, "publication_proposal_id": "proposal-b5b6637596ae6cb5a4b7bea36e4292bc3d4c20f9eeb6dff1b0a667d48e97fcf8", "publication_request_id": "learner-publish-6cdf938748d36717491cbe19351da23c248f51b05d89f046a6213f5e9c083c1e", "timestamp": 1783767008.5549068, "tokens": 6400, "train_loss": 3.8092254209518432, "update_id": "learner_005_00000350_62c31e2964b1"}
{"actor": "learner_005", "event_type": "heartbeat_written", "hostname": "mg0893", "local_step": 350, "timestamp": 1783767008.563858}
{"actor": "learner_005", "current_version": 7, "event_type": "latest_polled", "found_version": 8, "hostname": "mg0893", "timestamp": 1783767032.580398}
{"actor": "learner_005", "event_type": "global_adopted", "hostname": "mg0893", "timestamp": 1783767032.9272673, "version": 8}
{"actor": "learner_005", "adoption_state_digest": "31864ceceecdf71767ccb766c13183198c5babfd436c3231e19c857e8e83e47b", "event_type": "inner_optimizer_adoption", "hostname": "mg0893", "policy": "reset_all", "reset_parameter_count": 148, "timestamp": 1783767032.9287949, "version": 8}
{"actor": "learner_005", "event_type": "heartbeat_written", "hostname": "mg0893", "local_step": 351, "timestamp": 1783767032.965416}
{"actor": "learner_005", "event_type": "inner_step_summary", "global_version": 8, "gpu_step_seconds": 0.026601956924423575, "hostname": "mg0893", "local_step": 360, "timestamp": 1783767033.2101526, "train_loss": 3.72723388671875}
{"actor": "learner_005", "event_type": "inner_step_summary", "global_version": 8, "gpu_step_seconds": 0.02587302611209452, "hostname": "mg0893", "local_step": 370, "timestamp": 1783767033.4760716, "train_loss": 4.715090751647949}
{"actor": "learner_005", "event_type": "inner_step_summary", "global_version": 8, "gpu_step_seconds": 0.026297252159565687, "hostname": "mg0893", "local_step": 380, "timestamp": 1783767033.7416584, "train_loss": 4.000001430511475}
{"actor": "learner_005", "event_type": "inner_step_summary", "global_version": 8, "gpu_step_seconds": 0.02624592394568026, "hostname": "mg0893", "local_step": 390, "timestamp": 1783767034.0074325, "train_loss": 4.271961688995361}
{"actor": "learner_005", "event_type": "inner_step_summary", "global_version": 8, "gpu_step_seconds": 0.026199492160230875, "hostname": "mg0893", "local_step": 400, "timestamp": 1783767034.2710745, "train_loss": 3.4933722019195557}
{"actor": "learner_005", "event_type": "update_written", "file_path": "/work/xg24i002/x10041/fs_based_decoupled_diloco/runs/duraloco/20260711_p06b_final_d5e2901_d8/training/updates/pending/learner_005/update_4f58bdf6424f.params.safetensors", "hostname": "mg0893", "interval_digest": "4007c3672d90784c391026f92d1e4447ce9fb0764ed45a134e9e77fe5b830778", "local_step": 400, "publication_proposal_id": "proposal-bd44c45c87dd707704c6e57787fb0a00b8c4fcc19c39d97f1faa091eb79f027d", "publication_request_id": "learner-publish-37a7623f889347e6d28a01d67c24d40fa121c577aab30f24a8a80ef40355072d", "timestamp": 1783767034.9612713, "tokens": 6400, "train_loss": 3.947408905029297, "update_id": "learner_005_00000400_4f58bdf6424f"}
{"actor": "learner_005", "event_type": "heartbeat_written", "hostname": "mg0893", "local_step": 400, "timestamp": 1783767034.983806}
{"actor": "learner_005", "current_version": 8, "event_type": "latest_polled", "found_version": 9, "hostname": "mg0893", "timestamp": 1783767058.0116673}
{"actor": "learner_005", "event_type": "global_adopted", "hostname": "mg0893", "timestamp": 1783767058.3862653, "version": 9}
{"actor": "learner_005", "adoption_state_digest": "dba42366bb264033b937adcacfb3236a2c2ce9db3afd7bf01e63fb6cba8da026", "event_type": "inner_optimizer_adoption", "hostname": "mg0893", "policy": "reset_all", "reset_parameter_count": 148, "timestamp": 1783767058.3877237, "version": 9}
{"actor": "learner_005", "event_type": "heartbeat_written", "hostname": "mg0893", "local_step": 401, "timestamp": 1783767058.4237506}
{"actor": "learner_005", "event_type": "inner_step_summary", "global_version": 9, "gpu_step_seconds": 0.025967960013076663, "hostname": "mg0893", "local_step": 410, "timestamp": 1783767058.663771, "train_loss": 3.2783751487731934}
{"actor": "learner_005", "event_type": "inner_step_summary", "global_version": 9, "gpu_step_seconds": 0.02654838003218174, "hostname": "mg0893", "local_step": 420, "timestamp": 1783767058.9337187, "train_loss": 2.944178581237793}
{"actor": "learner_005", "event_type": "inner_step_summary", "global_version": 9, "gpu_step_seconds": 0.02616856899112463, "hostname": "mg0893", "local_step": 430, "timestamp": 1783767059.2047222, "train_loss": 3.755091667175293}
{"actor": "learner_005", "event_type": "inner_step_summary", "global_version": 9, "gpu_step_seconds": 0.028221633983775973, "hostname": "mg0893", "local_step": 440, "timestamp": 1783767059.480716, "train_loss": 3.955399513244629}
{"actor": "learner_005", "event_type": "inner_step_summary", "global_version": 9, "gpu_step_seconds": 0.02704310091212392, "hostname": "mg0893", "local_step": 450, "timestamp": 1783767059.7532122, "train_loss": 3.099517583847046}
{"actor": "learner_005", "event_type": "update_written", "file_path": "/work/xg24i002/x10041/fs_based_decoupled_diloco/runs/duraloco/20260711_p06b_final_d5e2901_d8/training/updates/pending/learner_005/update_329035845bdd.params.safetensors", "hostname": "mg0893", "interval_digest": "a40f8ab8949c1e63f891d4ec5419f502fae9813de36b309fcaa01c75388fcad9", "local_step": 450, "publication_proposal_id": "proposal-6000d7cd468f5ef0fbdc9d5527955ffc13c964d161cb2cd399db203c6e262c7d", "publication_request_id": "learner-publish-b388327a2e0fd5c0e634370cbd2bfc9df70ca5b9619233e6a38905298c8232c8", "timestamp": 1783767060.4308739, "tokens": 6400, "train_loss": 3.689470062255859, "update_id": "learner_005_00000450_329035845bdd"}
{"actor": "learner_005", "event_type": "heartbeat_written", "hostname": "mg0893", "local_step": 450, "timestamp": 1783767060.4561973}
{"actor": "learner_005", "current_version": 9, "event_type": "latest_polled", "found_version": 10, "hostname": "mg0893", "timestamp": 1783767084.5312872}
{"actor": "learner_005", "event_type": "global_adopted", "hostname": "mg0893", "timestamp": 1783767084.9133503, "version": 10}
{"actor": "learner_005", "adoption_state_digest": "e7aabe300c7cdf6fb4216ec9326b3820f834382800cfde86a755db90a46bd9fa", "event_type": "inner_optimizer_adoption", "hostname": "mg0893", "policy": "reset_all", "reset_parameter_count": 148, "timestamp": 1783767084.9149, "version": 10}
{"actor": "learner_005", "event_type": "heartbeat_written", "hostname": "mg0893", "local_step": 451, "timestamp": 1783767084.9504285}
{"actor": "learner_005", "event_type": "inner_step_summary", "global_version": 10, "gpu_step_seconds": 0.02659758785739541, "hostname": "mg0893", "local_step": 460, "timestamp": 1783767085.1904259, "train_loss": 3.1754915714263916}
{"actor": "learner_005", "event_type": "inner_step_summary", "global_version": 10, "gpu_step_seconds": 0.02584100910462439, "hostname": "mg0893", "local_step": 470, "timestamp": 1783767085.4521463, "train_loss": 3.842984199523926}
{"actor": "learner_005", "event_type": "inner_step_summary", "global_version": 10, "gpu_step_seconds": 0.025585168041288853, "hostname": "mg0893", "local_step": 480, "timestamp": 1783767085.7135742, "train_loss": 3.561957836151123}
{"actor": "learner_005", "event_type": "inner_step_summary", "global_version": 10, "gpu_step_seconds": 0.02562686405144632, "hostname": "mg0893", "local_step": 490, "timestamp": 1783767085.9740434, "train_loss": 3.774714946746826}
{"actor": "learner_005", "event_type": "inner_step_summary", "global_version": 10, "gpu_step_seconds": 0.0258015519939363, "hostname": "mg0893", "local_step": 500, "timestamp": 1783767086.2350056, "train_loss": 3.012653112411499}
{"actor": "learner_005", "event_type": "update_written", "file_path": "/work/xg24i002/x10041/fs_based_decoupled_diloco/runs/duraloco/20260711_p06b_final_d5e2901_d8/training/updates/pending/learner_005/update_e1fd9e046f77.params.safetensors", "hostname": "mg0893", "interval_digest": "098ccd24bab395c65ae10ae302a4dd1af11b34bb79e5433ca51d86489c3a76c9", "local_step": 500, "publication_proposal_id": "proposal-91226a4d2e4f08f47c7a805692862bad6f4a1c8777f63723505ae9bcc4f1c8b2", "publication_request_id": "learner-publish-f562b9f396702199a21bddd02872c12bbd719531aa57e7cae34abce80b5fb716", "timestamp": 1783767086.933272, "tokens": 6400, "train_loss": 3.624546756744385, "update_id": "learner_005_00000500_e1fd9e046f77"}
{"actor": "learner_005", "event_type": "heartbeat_written", "hostname": "mg0893", "local_step": 500, "timestamp": 1783767086.9492853}
{"actor": "learner_005", "current_version": 10, "event_type": "latest_polled", "found_version": 11, "hostname": "mg0893", "timestamp": 1783767110.966076}
{"actor": "learner_005", "event_type": "global_adopted", "hostname": "mg0893", "timestamp": 1783767111.3068113, "version": 11}
{"actor": "learner_005", "adoption_state_digest": "f61770a5e20cef51f5ac72572a020b00f0990ba7b3fbe06a4fc36a700fbd3340", "event_type": "inner_optimizer_adoption", "hostname": "mg0893", "policy": "reset_all", "reset_parameter_count": 148, "timestamp": 1783767111.3082802, "version": 11}
{"actor": "learner_005", "event_type": "heartbeat_written", "hostname": "mg0893", "local_step": 501, "timestamp": 1783767111.3483112}
{"actor": "learner_005", "event_type": "inner_step_summary", "global_version": 11, "gpu_step_seconds": 0.025892943842336535, "hostname": "mg0893", "local_step": 510, "timestamp": 1783767111.5927398, "train_loss": 3.048215866088867}
{"actor": "learner_005", "event_type": "inner_step_summary", "global_version": 11, "gpu_step_seconds": 0.02595153800211847, "hostname": "mg0893", "local_step": 520, "timestamp": 1783767111.856638, "train_loss": 3.642011880874634}
{"actor": "learner_005", "event_type": "inner_step_summary", "global_version": 11, "gpu_step_seconds": 0.025890064891427755, "hostname": "mg0893", "local_step": 530, "timestamp": 1783767112.118094, "train_loss": 3.3227481842041016}
{"actor": "learner_005", "event_type": "inner_step_summary", "global_version": 11, "gpu_step_seconds": 0.025673136115074158, "hostname": "mg0893", "local_step": 540, "timestamp": 1783767112.3803983, "train_loss": 3.5237486362457275}
{"actor": "learner_005", "event_type": "inner_step_summary", "global_version": 11, "gpu_step_seconds": 0.025888752192258835, "hostname": "mg0893", "local_step": 550, "timestamp": 1783767112.6435664, "train_loss": 3.1391115188598633}
{"actor": "learner_005", "event_type": "update_written", "file_path": "/work/xg24i002/x10041/fs_based_decoupled_diloco/runs/duraloco/20260711_p06b_final_d5e2901_d8/training/updates/pending/learner_005/update_194267039d65.params.safetensors", "hostname": "mg0893", "interval_digest": "3d9cf14f9c5413077783f8306f6b6b23be90b19eab3a1c3dd6a6deef3cd285fe", "local_step": 550, "publication_proposal_id": "proposal-ecdaffbcacc5e8906d71f634e0f4c9bbc6d7095b3a7adcade43d633648e72476", "publication_request_id": "learner-publish-5c40f69a012506d935b3882c96b0099bf0db52e82ee84ce61248edd31a08bc8c", "timestamp": 1783767113.3310957, "tokens": 6400, "train_loss": 3.297504744529724, "update_id": "learner_005_00000550_194267039d65"}
{"actor": "learner_005", "event_type": "heartbeat_written", "hostname": "mg0893", "local_step": 550, "timestamp": 1783767113.3390448}
{"actor": "learner_005", "current_version": 11, "event_type": "latest_polled", "found_version": null, "hostname": "mg0893", "timestamp": 1783767162.3700542}
{"actor": "learner_005", "event_type": "stop_seen", "hostname": "mg0893", "reason": "stop_after_outer_steps", "timestamp": 1783767162.3721159}
{"actor": "learner_005", "deleted_files": 20, "event_type": "retention_cleanup", "hostname": "mg0893", "keep_last": 1, "role": "learner", "timestamp": 1783767162.4003425, "update_dir": "/work/xg24i002/x10041/fs_based_decoupled_diloco/runs/duraloco/20260711_p06b_final_d5e2901_d8/training/updates/pending/learner_005"}
{"actor": "learner_005", "event_type": "process_exit", "global_version": 11, "hostname": "mg0893", "local_step": 550, "timestamp": 1783767162.4013305}
