{"actor": "learner_004", "device": "cuda", "event_type": "process_start", "hostname": "mg0890", "learner_id": "learner_004", "run_id": "20260711_p06b_final_d5e2901_d8-training", "timestamp": 1783766823.4821782}
Warning: You are sending unauthenticated requests to the HF Hub. Please set a HF_TOKEN to enable higher rate limits and faster downloads.
[transformers] `torch_dtype` is deprecated! Use `dtype` instead!
Loading weights:   0%|          | 0/148 [00:00<?, ?it/s]Loading weights:  55%|█████▌    | 82/148 [00:00<00:00, 741.09it/s]Loading weights: 100%|██████████| 148/148 [00:00<00:00, 754.88it/s]
{"actor": "learner_004", "event_type": "loaded_global", "hostname": "mg0890", "timestamp": 1783766849.0633688, "version": 1}
{"actor": "learner_004", "event_type": "inner_optimizer_reset", "hostname": "mg0890", "timestamp": 1783766849.064907, "version": 1}
{"actor": "learner_004", "committed_intervals": 0, "event_type": "warm_recovery", "hostname": "mg0890", "lost_tokens": 0, "max_uncommitted_base_commit_seq": null, "new_session": {"learner_id": "learner_004", "learner_session_id": "20260711_p06b_final_d5e2901_d8-training-learner_004-session", "protocol_version": 2, "record_type": "learner_session", "run_generation": 0, "run_id": "20260711_p06b_final_d5e2901_d8-training"}, "next_sequence": 1, "published_intervals": 0, "repeated_tokens_estimate": 0, "timestamp": 1783766853.679823, "uncommitted_intervals": 0, "warm_not_exact": true}
[transformers] `loss_type=None` was set in the config but it is unrecognized. Using the default loss: `ForCausalLMLoss`.
{"actor": "learner_004", "event_type": "inner_step_summary", "global_version": 1, "gpu_step_seconds": 0.02843671594746411, "hostname": "mg0890", "local_step": 10, "timestamp": 1783766854.3683739, "train_loss": 4.607664108276367}
{"actor": "learner_004", "event_type": "inner_step_summary", "global_version": 1, "gpu_step_seconds": 0.028244811110198498, "hostname": "mg0890", "local_step": 20, "timestamp": 1783766854.6548138, "train_loss": 4.6790452003479}
{"actor": "learner_004", "event_type": "inner_step_summary", "global_version": 1, "gpu_step_seconds": 0.028114762157201767, "hostname": "mg0890", "local_step": 30, "timestamp": 1783766854.9404857, "train_loss": 3.603583335876465}
{"actor": "learner_004", "event_type": "inner_step_summary", "global_version": 1, "gpu_step_seconds": 0.02860148507170379, "hostname": "mg0890", "local_step": 40, "timestamp": 1783766855.2291303, "train_loss": 3.9317214488983154}
{"actor": "learner_004", "event_type": "inner_step_summary", "global_version": 1, "gpu_step_seconds": 0.02795882406644523, "hostname": "mg0890", "local_step": 50, "timestamp": 1783766855.5148408, "train_loss": 4.068309307098389}
{"actor": "learner_004", "event_type": "update_written", "file_path": "/work/xg24i002/x10041/fs_based_decoupled_diloco/runs/duraloco/20260711_p06b_final_d5e2901_d8/training/updates/pending/learner_004/update_f3781abf0146.params.safetensors", "hostname": "mg0890", "interval_digest": "19464871c568039ac7c160af74df16075ffc235ebbcabdd8fcb7aa2c86249239", "local_step": 50, "publication_proposal_id": "proposal-556c5467d56b9d4bfc9b81e8e3bf5694b79429d515bb90b1f5ff0ddbbc138103", "publication_request_id": "learner-publish-d3a64572154fcf8368a6d575d5a0d86730c407a8e6dd4c01112bc54d2ef073d8", "timestamp": 1783766856.448708, "tokens": 6400, "train_loss": 4.385044903755188, "update_id": "learner_004_00000050_f3781abf0146"}
{"actor": "learner_004", "event_type": "heartbeat_written", "hostname": "mg0890", "local_step": 50, "timestamp": 1783766856.4803822}
{"actor": "learner_004", "current_version": 1, "event_type": "latest_polled", "found_version": 2, "hostname": "mg0890", "timestamp": 1783766879.4964092}
{"actor": "learner_004", "event_type": "global_adopted", "hostname": "mg0890", "timestamp": 1783766879.8684063, "version": 2}
{"actor": "learner_004", "adoption_state_digest": "8804ea26ae20cade77ba89e932b077382d184078fa7e260fa4b6acc10b689e30", "event_type": "inner_optimizer_adoption", "hostname": "mg0890", "policy": "reset_all", "reset_parameter_count": 148, "timestamp": 1783766879.869919, "version": 2}
{"actor": "learner_004", "event_type": "heartbeat_written", "hostname": "mg0890", "local_step": 51, "timestamp": 1783766879.9124737}
{"actor": "learner_004", "event_type": "inner_step_summary", "global_version": 2, "gpu_step_seconds": 0.028919884003698826, "hostname": "mg0890", "local_step": 60, "timestamp": 1783766880.183803, "train_loss": 4.274065971374512}
{"actor": "learner_004", "event_type": "inner_step_summary", "global_version": 2, "gpu_step_seconds": 0.02810192690230906, "hostname": "mg0890", "local_step": 70, "timestamp": 1783766880.4718823, "train_loss": 4.201735019683838}
{"actor": "learner_004", "event_type": "inner_step_summary", "global_version": 2, "gpu_step_seconds": 0.028080742806196213, "hostname": "mg0890", "local_step": 80, "timestamp": 1783766880.7572408, "train_loss": 3.859316825866699}
{"actor": "learner_004", "event_type": "inner_step_summary", "global_version": 2, "gpu_step_seconds": 0.02824413520283997, "hostname": "mg0890", "local_step": 90, "timestamp": 1783766881.0413406, "train_loss": 3.995344400405884}
{"actor": "learner_004", "event_type": "inner_step_summary", "global_version": 2, "gpu_step_seconds": 0.028356136055663228, "hostname": "mg0890", "local_step": 100, "timestamp": 1783766881.329265, "train_loss": 4.63169002532959}
{"actor": "learner_004", "event_type": "update_written", "file_path": "/work/xg24i002/x10041/fs_based_decoupled_diloco/runs/duraloco/20260711_p06b_final_d5e2901_d8/training/updates/pending/learner_004/update_9666da349811.params.safetensors", "hostname": "mg0890", "interval_digest": "ac8fc4850d7b894eb4b1298d0c05ad28ee272cd3af8c52ad15209faa76390ee7", "local_step": 100, "publication_proposal_id": "proposal-58c2a9fc64083a380d9391c3e9f3be9695f36a758ee3474d925b5c1de93e7eba", "publication_request_id": "learner-publish-a9db60396ee425269b96245a60f2beb1ad4a6cebf4113b761fe96dc05d9412fc", "timestamp": 1783766882.0454333, "tokens": 6400, "train_loss": 4.1170352268218995, "update_id": "learner_004_00000100_9666da349811"}
{"actor": "learner_004", "event_type": "heartbeat_written", "hostname": "mg0890", "local_step": 100, "timestamp": 1783766882.0535088}
{"actor": "learner_004", "current_version": 2, "event_type": "latest_polled", "found_version": 3, "hostname": "mg0890", "timestamp": 1783766904.0676632}
{"actor": "learner_004", "event_type": "global_adopted", "hostname": "mg0890", "timestamp": 1783766904.397979, "version": 3}
{"actor": "learner_004", "adoption_state_digest": "c83fe75c869237cb00c4f027d0d8f0ae5e5de26bc7c78c6574543ba6f4043c1f", "event_type": "inner_optimizer_adoption", "hostname": "mg0890", "policy": "reset_all", "reset_parameter_count": 148, "timestamp": 1783766904.3996363, "version": 3}
{"actor": "learner_004", "event_type": "heartbeat_written", "hostname": "mg0890", "local_step": 101, "timestamp": 1783766904.4411848}
{"actor": "learner_004", "event_type": "inner_step_summary", "global_version": 3, "gpu_step_seconds": 0.029090094147250056, "hostname": "mg0890", "local_step": 110, "timestamp": 1783766904.7116022, "train_loss": 4.595295429229736}
{"actor": "learner_004", "event_type": "inner_step_summary", "global_version": 3, "gpu_step_seconds": 0.028815753990784287, "hostname": "mg0890", "local_step": 120, "timestamp": 1783766905.0039978, "train_loss": 4.426045894622803}
{"actor": "learner_004", "event_type": "inner_step_summary", "global_version": 3, "gpu_step_seconds": 0.02863306598737836, "hostname": "mg0890", "local_step": 130, "timestamp": 1783766905.294511, "train_loss": 3.6446547508239746}
{"actor": "learner_004", "event_type": "inner_step_summary", "global_version": 3, "gpu_step_seconds": 0.028548971051350236, "hostname": "mg0890", "local_step": 140, "timestamp": 1783766905.5841212, "train_loss": 3.746122360229492}
{"actor": "learner_004", "event_type": "inner_step_summary", "global_version": 3, "gpu_step_seconds": 0.028505705064162612, "hostname": "mg0890", "local_step": 150, "timestamp": 1783766905.8713694, "train_loss": 4.149385929107666}
{"actor": "learner_004", "event_type": "update_written", "file_path": "/work/xg24i002/x10041/fs_based_decoupled_diloco/runs/duraloco/20260711_p06b_final_d5e2901_d8/training/updates/pending/learner_004/update_92ec9bbae7ca.params.safetensors", "hostname": "mg0890", "interval_digest": "596139b97cfc3e1e66b42db6bc6282f0a7d210d409eb75e908e99762dceac39f", "local_step": 150, "publication_proposal_id": "proposal-a0182f5c0d3d04240e4a7d9da430ed20887323a1dbe1344a8378cd4bec234be3", "publication_request_id": "learner-publish-6c30331eaca6bf492c05bad9fec28fe5072e1a65e837c0d14955913181572cf6", "timestamp": 1783766906.5708117, "tokens": 6400, "train_loss": 4.064704737663269, "update_id": "learner_004_00000150_92ec9bbae7ca"}
{"actor": "learner_004", "event_type": "heartbeat_written", "hostname": "mg0890", "local_step": 150, "timestamp": 1783766906.5833566}
{"actor": "learner_004", "current_version": 3, "event_type": "latest_polled", "found_version": 4, "hostname": "mg0890", "timestamp": 1783766929.5992596}
{"actor": "learner_004", "event_type": "global_adopted", "hostname": "mg0890", "timestamp": 1783766930.0492344, "version": 4}
{"actor": "learner_004", "adoption_state_digest": "6ec7efcda3ed152e8dea52f4db881439d3bee5198992c38965db6123530de50e", "event_type": "inner_optimizer_adoption", "hostname": "mg0890", "policy": "reset_all", "reset_parameter_count": 148, "timestamp": 1783766930.050658, "version": 4}
{"actor": "learner_004", "event_type": "heartbeat_written", "hostname": "mg0890", "local_step": 151, "timestamp": 1783766930.0925045}
{"actor": "learner_004", "event_type": "inner_step_summary", "global_version": 4, "gpu_step_seconds": 0.027979303151369095, "hostname": "mg0890", "local_step": 160, "timestamp": 1783766930.3482702, "train_loss": 4.111734390258789}
{"actor": "learner_004", "event_type": "inner_step_summary", "global_version": 4, "gpu_step_seconds": 0.02782048494555056, "hostname": "mg0890", "local_step": 170, "timestamp": 1783766930.629256, "train_loss": 3.440601348876953}
{"actor": "learner_004", "event_type": "inner_step_summary", "global_version": 4, "gpu_step_seconds": 0.027925285045057535, "hostname": "mg0890", "local_step": 180, "timestamp": 1783766930.9118245, "train_loss": 4.172671318054199}
{"actor": "learner_004", "event_type": "inner_step_summary", "global_version": 4, "gpu_step_seconds": 0.027835461078211665, "hostname": "mg0890", "local_step": 190, "timestamp": 1783766931.1941576, "train_loss": 3.833143711090088}
{"actor": "learner_004", "event_type": "inner_step_summary", "global_version": 4, "gpu_step_seconds": 0.027799749048426747, "hostname": "mg0890", "local_step": 200, "timestamp": 1783766931.476779, "train_loss": 3.7346413135528564}
{"actor": "learner_004", "event_type": "update_written", "file_path": "/work/xg24i002/x10041/fs_based_decoupled_diloco/runs/duraloco/20260711_p06b_final_d5e2901_d8/training/updates/pending/learner_004/update_8d5f6e594eb5.params.safetensors", "hostname": "mg0890", "interval_digest": "3350c276288ca0bd04d806b27a05e56f3f21e4668feb5d7040e0de3055803579", "local_step": 200, "publication_proposal_id": "proposal-b1474b21cb12759958ebd4e5a979376fb0c0dda8e3bb61c76e0186aef8c3c54e", "publication_request_id": "learner-publish-c3600240b74c88e22552edc991d28717b8c965e823a5dc152edc058a4e16ba31", "timestamp": 1783766932.187007, "tokens": 6400, "train_loss": 3.799337387084961, "update_id": "learner_004_00000200_8d5f6e594eb5"}
{"actor": "learner_004", "event_type": "heartbeat_written", "hostname": "mg0890", "local_step": 200, "timestamp": 1783766932.1958566}
{"actor": "learner_004", "current_version": 4, "event_type": "latest_polled", "found_version": 5, "hostname": "mg0890", "timestamp": 1783766955.2116358}
{"actor": "learner_004", "event_type": "global_adopted", "hostname": "mg0890", "timestamp": 1783766955.556767, "version": 5}
{"actor": "learner_004", "adoption_state_digest": "8d9ba54cd539955e9a523379bedb70c7f5a4c7612d81fd5e31cb7baed86c686c", "event_type": "inner_optimizer_adoption", "hostname": "mg0890", "policy": "reset_all", "reset_parameter_count": 148, "timestamp": 1783766955.5582542, "version": 5}
{"actor": "learner_004", "event_type": "heartbeat_written", "hostname": "mg0890", "local_step": 201, "timestamp": 1783766955.5966256}
{"actor": "learner_004", "event_type": "inner_step_summary", "global_version": 5, "gpu_step_seconds": 0.028610920999199152, "hostname": "mg0890", "local_step": 210, "timestamp": 1783766955.859319, "train_loss": 3.422532081604004}
{"actor": "learner_004", "event_type": "inner_step_summary", "global_version": 5, "gpu_step_seconds": 0.028468584874644876, "hostname": "mg0890", "local_step": 220, "timestamp": 1783766956.1493297, "train_loss": 3.663095474243164}
{"actor": "learner_004", "event_type": "inner_step_summary", "global_version": 5, "gpu_step_seconds": 0.028431337093934417, "hostname": "mg0890", "local_step": 230, "timestamp": 1783766956.438624, "train_loss": 3.345538377761841}
{"actor": "learner_004", "event_type": "inner_step_summary", "global_version": 5, "gpu_step_seconds": 0.028308519860729575, "hostname": "mg0890", "local_step": 240, "timestamp": 1783766956.727511, "train_loss": 3.6371195316314697}
{"actor": "learner_004", "event_type": "inner_step_summary", "global_version": 5, "gpu_step_seconds": 0.028225128073245287, "hostname": "mg0890", "local_step": 250, "timestamp": 1783766957.0149457, "train_loss": 3.7475085258483887}
{"actor": "learner_004", "event_type": "update_written", "file_path": "/work/xg24i002/x10041/fs_based_decoupled_diloco/runs/duraloco/20260711_p06b_final_d5e2901_d8/training/updates/pending/learner_004/update_a9f077d68648.params.safetensors", "hostname": "mg0890", "interval_digest": "63de3f5f6ed4c0131fc7c786844c35c9687b3231323dacb757122df0568a1be8", "local_step": 250, "publication_proposal_id": "proposal-ce24f8e2f2bc782c7f4d528f852ad5bf7a79195978547236e38f74d601232b62", "publication_request_id": "learner-publish-ce14f235a944f391b00661f4528250c0df860d6aca77b1f7aa0a2807a20973b8", "timestamp": 1783766957.7134643, "tokens": 6400, "train_loss": 3.64479154586792, "update_id": "learner_004_00000250_a9f077d68648"}
{"actor": "learner_004", "event_type": "heartbeat_written", "hostname": "mg0890", "local_step": 250, "timestamp": 1783766957.7223465}
{"actor": "learner_004", "current_version": 5, "event_type": "latest_polled", "found_version": 6, "hostname": "mg0890", "timestamp": 1783766980.7407625}
{"actor": "learner_004", "event_type": "global_adopted", "hostname": "mg0890", "timestamp": 1783766981.097196, "version": 6}
{"actor": "learner_004", "adoption_state_digest": "5e825ae726479128c6019477b1f29ec124a12f8a91aeb5a9c6f640e1f5832730", "event_type": "inner_optimizer_adoption", "hostname": "mg0890", "policy": "reset_all", "reset_parameter_count": 148, "timestamp": 1783766981.0988975, "version": 6}
{"actor": "learner_004", "event_type": "heartbeat_written", "hostname": "mg0890", "local_step": 251, "timestamp": 1783766981.1376636}
{"actor": "learner_004", "event_type": "inner_step_summary", "global_version": 6, "gpu_step_seconds": 0.028537450823932886, "hostname": "mg0890", "local_step": 260, "timestamp": 1783766981.3994033, "train_loss": 3.070586681365967}
{"actor": "learner_004", "event_type": "inner_step_summary", "global_version": 6, "gpu_step_seconds": 0.0284562970045954, "hostname": "mg0890", "local_step": 270, "timestamp": 1783766981.6876497, "train_loss": 4.179983615875244}
{"actor": "learner_004", "event_type": "inner_step_summary", "global_version": 6, "gpu_step_seconds": 0.027977862861007452, "hostname": "mg0890", "local_step": 280, "timestamp": 1783766981.97427, "train_loss": 4.53670597076416}
{"actor": "learner_004", "event_type": "inner_step_summary", "global_version": 6, "gpu_step_seconds": 0.028224967187270522, "hostname": "mg0890", "local_step": 290, "timestamp": 1783766982.2594378, "train_loss": 3.9276771545410156}
{"actor": "learner_004", "event_type": "inner_step_summary", "global_version": 6, "gpu_step_seconds": 0.02843546587973833, "hostname": "mg0890", "local_step": 300, "timestamp": 1783766982.5452912, "train_loss": 3.328566551208496}
{"actor": "learner_004", "event_type": "update_written", "file_path": "/work/xg24i002/x10041/fs_based_decoupled_diloco/runs/duraloco/20260711_p06b_final_d5e2901_d8/training/updates/pending/learner_004/update_c040611ad794.params.safetensors", "hostname": "mg0890", "interval_digest": "fdce8eef4e4a4d758d585beb7041299995e996e87a5503149a9d85f371daac16", "local_step": 300, "publication_proposal_id": "proposal-23ac44606c11cc1b6e502f45d22cbeb33eb295acf7e9e57c6d69c0f4608b70d8", "publication_request_id": "learner-publish-2821364d4caa277214145815f8d81f620f9499a3b36958ce2bb25c83a32c372d", "timestamp": 1783766983.2338161, "tokens": 6400, "train_loss": 3.8679131126403807, "update_id": "learner_004_00000300_c040611ad794"}
{"actor": "learner_004", "event_type": "heartbeat_written", "hostname": "mg0890", "local_step": 300, "timestamp": 1783766983.2425663}
{"actor": "learner_004", "current_version": 6, "event_type": "latest_polled", "found_version": 7, "hostname": "mg0890", "timestamp": 1783767006.2584376}
{"actor": "learner_004", "event_type": "global_adopted", "hostname": "mg0890", "timestamp": 1783767006.6089213, "version": 7}
{"actor": "learner_004", "adoption_state_digest": "306aeab730858feb3c0d0c3a92b24bd0feaebd982fc1960bf485e032e033d8f4", "event_type": "inner_optimizer_adoption", "hostname": "mg0890", "policy": "reset_all", "reset_parameter_count": 148, "timestamp": 1783767006.6104863, "version": 7}
{"actor": "learner_004", "event_type": "heartbeat_written", "hostname": "mg0890", "local_step": 301, "timestamp": 1783767006.6484952}
{"actor": "learner_004", "event_type": "inner_step_summary", "global_version": 7, "gpu_step_seconds": 0.02880813996307552, "hostname": "mg0890", "local_step": 310, "timestamp": 1783767006.9096859, "train_loss": 3.5152013301849365}
{"actor": "learner_004", "event_type": "inner_step_summary", "global_version": 7, "gpu_step_seconds": 0.028822187799960375, "hostname": "mg0890", "local_step": 320, "timestamp": 1783767007.1998217, "train_loss": 3.633730411529541}
{"actor": "learner_004", "event_type": "inner_step_summary", "global_version": 7, "gpu_step_seconds": 0.02857095398940146, "hostname": "mg0890", "local_step": 330, "timestamp": 1783767007.4905484, "train_loss": 4.164555549621582}
{"actor": "learner_004", "event_type": "inner_step_summary", "global_version": 7, "gpu_step_seconds": 0.028354312991723418, "hostname": "mg0890", "local_step": 340, "timestamp": 1783767007.7781963, "train_loss": 3.5347084999084473}
{"actor": "learner_004", "event_type": "inner_step_summary", "global_version": 7, "gpu_step_seconds": 0.028471114113926888, "hostname": "mg0890", "local_step": 350, "timestamp": 1783767008.0668201, "train_loss": 3.1310312747955322}
{"actor": "learner_004", "event_type": "update_written", "file_path": "/work/xg24i002/x10041/fs_based_decoupled_diloco/runs/duraloco/20260711_p06b_final_d5e2901_d8/training/updates/pending/learner_004/update_ccb9061756fb.params.safetensors", "hostname": "mg0890", "interval_digest": "ea45505c21c1196912e3c1e70cdd8df39a9fe3d3eec4525f4a5b231713101d0e", "local_step": 350, "publication_proposal_id": "proposal-6f9a9909ca04571e682ee757d43833220891c5373ea2b58dabc173f247bd693e", "publication_request_id": "learner-publish-1949e4e799007026c9017913ef9d7d1bbe26c691fa5174bc8a7cef559ab4e34c", "timestamp": 1783767008.7686226, "tokens": 6400, "train_loss": 3.716889934539795, "update_id": "learner_004_00000350_ccb9061756fb"}
{"actor": "learner_004", "event_type": "heartbeat_written", "hostname": "mg0890", "local_step": 350, "timestamp": 1783767008.7769873}
{"actor": "learner_004", "current_version": 7, "event_type": "latest_polled", "found_version": 8, "hostname": "mg0890", "timestamp": 1783767032.798678}
{"actor": "learner_004", "event_type": "global_adopted", "hostname": "mg0890", "timestamp": 1783767033.1555922, "version": 8}
{"actor": "learner_004", "adoption_state_digest": "31864ceceecdf71767ccb766c13183198c5babfd436c3231e19c857e8e83e47b", "event_type": "inner_optimizer_adoption", "hostname": "mg0890", "policy": "reset_all", "reset_parameter_count": 148, "timestamp": 1783767033.1572511, "version": 8}
{"actor": "learner_004", "event_type": "heartbeat_written", "hostname": "mg0890", "local_step": 351, "timestamp": 1783767033.197016}
{"actor": "learner_004", "event_type": "inner_step_summary", "global_version": 8, "gpu_step_seconds": 0.028999307891353965, "hostname": "mg0890", "local_step": 360, "timestamp": 1783767033.464271, "train_loss": 3.505634069442749}
{"actor": "learner_004", "event_type": "inner_step_summary", "global_version": 8, "gpu_step_seconds": 0.028461768990382552, "hostname": "mg0890", "local_step": 370, "timestamp": 1783767033.7545776, "train_loss": 3.68247389793396}
{"actor": "learner_004", "event_type": "inner_step_summary", "global_version": 8, "gpu_step_seconds": 0.028612586902454495, "hostname": "mg0890", "local_step": 380, "timestamp": 1783767034.0461655, "train_loss": 3.7890148162841797}
{"actor": "learner_004", "event_type": "inner_step_summary", "global_version": 8, "gpu_step_seconds": 0.028697099070996046, "hostname": "mg0890", "local_step": 390, "timestamp": 1783767034.3376799, "train_loss": 4.061034202575684}
{"actor": "learner_004", "event_type": "inner_step_summary", "global_version": 8, "gpu_step_seconds": 0.028355689952149987, "hostname": "mg0890", "local_step": 400, "timestamp": 1783767034.6281695, "train_loss": 4.1139302253723145}
{"actor": "learner_004", "event_type": "update_written", "file_path": "/work/xg24i002/x10041/fs_based_decoupled_diloco/runs/duraloco/20260711_p06b_final_d5e2901_d8/training/updates/pending/learner_004/update_29f65748ad16.params.safetensors", "hostname": "mg0890", "interval_digest": "13127cf6116684b5327552e8f85406c248c1bfb3c4462b375d7860bc12f22397", "local_step": 400, "publication_proposal_id": "proposal-74b8be90bb489cec8ce9c2e73f05bfa058df3d6745c35da75ddf292a8db264a5", "publication_request_id": "learner-publish-c8448325454b815dec59b800d25873f9065d58f85313e10bc730adcea47499f0", "timestamp": 1783767035.3343055, "tokens": 6400, "train_loss": 3.653535079956055, "update_id": "learner_004_00000400_29f65748ad16"}
{"actor": "learner_004", "event_type": "heartbeat_written", "hostname": "mg0890", "local_step": 400, "timestamp": 1783767035.3434048}
{"actor": "learner_004", "current_version": 8, "event_type": "latest_polled", "found_version": 9, "hostname": "mg0890", "timestamp": 1783767058.3627067}
{"actor": "learner_004", "event_type": "global_adopted", "hostname": "mg0890", "timestamp": 1783767058.7471516, "version": 9}
{"actor": "learner_004", "adoption_state_digest": "dba42366bb264033b937adcacfb3236a2c2ce9db3afd7bf01e63fb6cba8da026", "event_type": "inner_optimizer_adoption", "hostname": "mg0890", "policy": "reset_all", "reset_parameter_count": 148, "timestamp": 1783767058.7485948, "version": 9}
{"actor": "learner_004", "event_type": "heartbeat_written", "hostname": "mg0890", "local_step": 401, "timestamp": 1783767058.7921941}
{"actor": "learner_004", "event_type": "inner_step_summary", "global_version": 9, "gpu_step_seconds": 0.030554870842024684, "hostname": "mg0890", "local_step": 410, "timestamp": 1783767059.0798144, "train_loss": 3.2935845851898193}
{"actor": "learner_004", "event_type": "inner_step_summary", "global_version": 9, "gpu_step_seconds": 0.029441776918247342, "hostname": "mg0890", "local_step": 420, "timestamp": 1783767059.3818402, "train_loss": 3.768892526626587}
{"actor": "learner_004", "event_type": "inner_step_summary", "global_version": 9, "gpu_step_seconds": 0.029340206878259778, "hostname": "mg0890", "local_step": 430, "timestamp": 1783767059.6781988, "train_loss": 3.5613014698028564}
{"actor": "learner_004", "event_type": "inner_step_summary", "global_version": 9, "gpu_step_seconds": 0.02937902882695198, "hostname": "mg0890", "local_step": 440, "timestamp": 1783767059.9754932, "train_loss": 3.35254168510437}
{"actor": "learner_004", "event_type": "inner_step_summary", "global_version": 9, "gpu_step_seconds": 0.029660055181011558, "hostname": "mg0890", "local_step": 450, "timestamp": 1783767060.2727845, "train_loss": 3.4109060764312744}
{"actor": "learner_004", "event_type": "update_written", "file_path": "/work/xg24i002/x10041/fs_based_decoupled_diloco/runs/duraloco/20260711_p06b_final_d5e2901_d8/training/updates/pending/learner_004/update_7b759fa82ccd.params.safetensors", "hostname": "mg0890", "interval_digest": "b2e6aed0b9770d52ce5dd0310355746788d4e1907f4c934049686498f85b713e", "local_step": 450, "publication_proposal_id": "proposal-aaacae7435071203b019368d39b6fee16ffc82ded371f816d7a9568064390e32", "publication_request_id": "learner-publish-105ff6765e51ea6d7c4df75f2747dd72b58a52c852b913c9f1151cb78fd359bf", "timestamp": 1783767060.9611998, "tokens": 6400, "train_loss": 3.6081526613235475, "update_id": "learner_004_00000450_7b759fa82ccd"}
{"actor": "learner_004", "event_type": "heartbeat_written", "hostname": "mg0890", "local_step": 450, "timestamp": 1783767060.9691193}
{"actor": "learner_004", "current_version": 9, "event_type": "latest_polled", "found_version": 10, "hostname": "mg0890", "timestamp": 1783767084.9854584}
{"actor": "learner_004", "event_type": "global_adopted", "hostname": "mg0890", "timestamp": 1783767085.3036678, "version": 10}
{"actor": "learner_004", "adoption_state_digest": "e7aabe300c7cdf6fb4216ec9326b3820f834382800cfde86a755db90a46bd9fa", "event_type": "inner_optimizer_adoption", "hostname": "mg0890", "policy": "reset_all", "reset_parameter_count": 148, "timestamp": 1783767085.305165, "version": 10}
{"actor": "learner_004", "event_type": "heartbeat_written", "hostname": "mg0890", "local_step": 451, "timestamp": 1783767085.3436}
{"actor": "learner_004", "event_type": "inner_step_summary", "global_version": 10, "gpu_step_seconds": 0.028194413986057043, "hostname": "mg0890", "local_step": 460, "timestamp": 1783767085.6043956, "train_loss": 3.354004383087158}
{"actor": "learner_004", "event_type": "inner_step_summary", "global_version": 10, "gpu_step_seconds": 0.028189742006361485, "hostname": "mg0890", "local_step": 470, "timestamp": 1783767085.8894017, "train_loss": 3.32989501953125}
{"actor": "learner_004", "event_type": "inner_step_summary", "global_version": 10, "gpu_step_seconds": 0.028332973830401897, "hostname": "mg0890", "local_step": 480, "timestamp": 1783767086.1753707, "train_loss": 3.4685707092285156}
{"actor": "learner_004", "event_type": "inner_step_summary", "global_version": 10, "gpu_step_seconds": 0.028227149974554777, "hostname": "mg0890", "local_step": 490, "timestamp": 1783767086.4617534, "train_loss": 3.532593250274658}
{"actor": "learner_004", "event_type": "inner_step_summary", "global_version": 10, "gpu_step_seconds": 0.02802436496131122, "hostname": "mg0890", "local_step": 500, "timestamp": 1783767086.746197, "train_loss": 3.715458393096924}
{"actor": "learner_004", "event_type": "update_written", "file_path": "/work/xg24i002/x10041/fs_based_decoupled_diloco/runs/duraloco/20260711_p06b_final_d5e2901_d8/training/updates/pending/learner_004/update_721c6f8c6767.params.safetensors", "hostname": "mg0890", "interval_digest": "8ee5e2d855a620946a6b1aa28f23be4f65810ac0ded99d94499015c6170b4e3a", "local_step": 500, "publication_proposal_id": "proposal-dfd4e80aa961d5ef12ba931dd082f8fcc0824db4f74338551d1ac902a72f3846", "publication_request_id": "learner-publish-839a30162c10223381c4a98d3d8d69f7fa149a8f1a53813d40309bac07fe3d57", "timestamp": 1783767087.4506023, "tokens": 6400, "train_loss": 3.6760705947875976, "update_id": "learner_004_00000500_721c6f8c6767"}
{"actor": "learner_004", "event_type": "heartbeat_written", "hostname": "mg0890", "local_step": 500, "timestamp": 1783767087.4584944}
{"actor": "learner_004", "current_version": 10, "event_type": "latest_polled", "found_version": 11, "hostname": "mg0890", "timestamp": 1783767111.4765377}
{"actor": "learner_004", "event_type": "global_adopted", "hostname": "mg0890", "timestamp": 1783767111.821554, "version": 11}
{"actor": "learner_004", "adoption_state_digest": "f61770a5e20cef51f5ac72572a020b00f0990ba7b3fbe06a4fc36a700fbd3340", "event_type": "inner_optimizer_adoption", "hostname": "mg0890", "policy": "reset_all", "reset_parameter_count": 148, "timestamp": 1783767111.8231184, "version": 11}
{"actor": "learner_004", "event_type": "heartbeat_written", "hostname": "mg0890", "local_step": 501, "timestamp": 1783767111.8665695}
{"actor": "learner_004", "event_type": "inner_step_summary", "global_version": 11, "gpu_step_seconds": 0.029362611938267946, "hostname": "mg0890", "local_step": 510, "timestamp": 1783767112.1405303, "train_loss": 4.0763468742370605}
{"actor": "learner_004", "event_type": "inner_step_summary", "global_version": 11, "gpu_step_seconds": 0.02848599897697568, "hostname": "mg0890", "local_step": 520, "timestamp": 1783767112.43469, "train_loss": 3.309939384460449}
{"actor": "learner_004", "event_type": "inner_step_summary", "global_version": 11, "gpu_step_seconds": 0.028442446840927005, "hostname": "mg0890", "local_step": 530, "timestamp": 1783767112.7244697, "train_loss": 4.585445404052734}
{"actor": "learner_004", "event_type": "inner_step_summary", "global_version": 11, "gpu_step_seconds": 0.02816599700599909, "hostname": "mg0890", "local_step": 540, "timestamp": 1783767113.0120556, "train_loss": 3.279212713241577}
{"actor": "learner_004", "event_type": "inner_step_summary", "global_version": 11, "gpu_step_seconds": 0.028276046039536595, "hostname": "mg0890", "local_step": 550, "timestamp": 1783767113.3028154, "train_loss": 3.9433228969573975}
{"actor": "learner_004", "event_type": "update_written", "file_path": "/work/xg24i002/x10041/fs_based_decoupled_diloco/runs/duraloco/20260711_p06b_final_d5e2901_d8/training/updates/pending/learner_004/update_8061bd15c59d.params.safetensors", "hostname": "mg0890", "interval_digest": "7af2fd519ff09dbaff0e57f7af6217cc465fbfc661dd834b5926c126ba42140d", "local_step": 550, "publication_proposal_id": "proposal-c2d1ed3c46ab7fb30e5fd91058c1a6df14c81baa48c305814e67bfe456f02422", "publication_request_id": "learner-publish-6bed00d87534049f95580a8353eff62d516f62a00921baa045a4cc1bd2b0b2e6", "timestamp": 1783767114.0049248, "tokens": 6400, "train_loss": 3.6082690238952635, "update_id": "learner_004_00000550_8061bd15c59d"}
{"actor": "learner_004", "event_type": "heartbeat_written", "hostname": "mg0890", "local_step": 550, "timestamp": 1783767114.0132904}
{"actor": "learner_004", "current_version": 11, "event_type": "latest_polled", "found_version": null, "hostname": "mg0890", "timestamp": 1783767162.0451303}
{"actor": "learner_004", "event_type": "stop_seen", "hostname": "mg0890", "reason": "stop_after_outer_steps", "timestamp": 1783767162.0485957}
{"actor": "learner_004", "deleted_files": 20, "event_type": "retention_cleanup", "hostname": "mg0890", "keep_last": 1, "role": "learner", "timestamp": 1783767162.0745847, "update_dir": "/work/xg24i002/x10041/fs_based_decoupled_diloco/runs/duraloco/20260711_p06b_final_d5e2901_d8/training/updates/pending/learner_004"}
{"actor": "learner_004", "event_type": "process_exit", "global_version": 11, "hostname": "mg0890", "local_step": 550, "timestamp": 1783767162.0755956}
