{"actor": "learner_007", "device": "cuda", "event_type": "process_start", "hostname": "mg0920", "learner_id": "learner_007", "run_id": "20260711_p06b_final_d5e2901_d8-training", "timestamp": 1783766823.5362046}
Warning: You are sending unauthenticated requests to the HF Hub. Please set a HF_TOKEN to enable higher rate limits and faster downloads.
[transformers] `torch_dtype` is deprecated! Use `dtype` instead!
Loading weights:   0%|          | 0/148 [00:00<?, ?it/s]Loading weights:  30%|███       | 45/148 [00:00<00:00, 435.44it/s]Loading weights:  97%|█████████▋| 144/148 [00:00<00:00, 740.93it/s]Loading weights: 100%|██████████| 148/148 [00:00<00:00, 596.01it/s]
{"actor": "learner_007", "event_type": "loaded_global", "hostname": "mg0920", "timestamp": 1783766848.849111, "version": 1}
{"actor": "learner_007", "event_type": "inner_optimizer_reset", "hostname": "mg0920", "timestamp": 1783766848.850763, "version": 1}
{"actor": "learner_007", "committed_intervals": 0, "event_type": "warm_recovery", "hostname": "mg0920", "lost_tokens": 0, "max_uncommitted_base_commit_seq": null, "new_session": {"learner_id": "learner_007", "learner_session_id": "20260711_p06b_final_d5e2901_d8-training-learner_007-session", "protocol_version": 2, "record_type": "learner_session", "run_generation": 0, "run_id": "20260711_p06b_final_d5e2901_d8-training"}, "next_sequence": 1, "published_intervals": 0, "repeated_tokens_estimate": 0, "timestamp": 1783766853.3876169, "uncommitted_intervals": 0, "warm_not_exact": true}
[transformers] `loss_type=None` was set in the config but it is unrecognized. Using the default loss: `ForCausalLMLoss`.
{"actor": "learner_007", "event_type": "inner_step_summary", "global_version": 1, "gpu_step_seconds": 0.02811666502384469, "hostname": "mg0920", "local_step": 10, "timestamp": 1783766854.0561032, "train_loss": 4.605291843414307}
{"actor": "learner_007", "event_type": "inner_step_summary", "global_version": 1, "gpu_step_seconds": 0.0277815280132927, "hostname": "mg0920", "local_step": 20, "timestamp": 1783766854.338542, "train_loss": 3.8874592781066895}
{"actor": "learner_007", "event_type": "inner_step_summary", "global_version": 1, "gpu_step_seconds": 0.028448569995816797, "hostname": "mg0920", "local_step": 30, "timestamp": 1783766854.6237688, "train_loss": 4.35351037979126}
{"actor": "learner_007", "event_type": "inner_step_summary", "global_version": 1, "gpu_step_seconds": 0.027848983998410404, "hostname": "mg0920", "local_step": 40, "timestamp": 1783766854.9070299, "train_loss": 4.661355972290039}
{"actor": "learner_007", "event_type": "inner_step_summary", "global_version": 1, "gpu_step_seconds": 0.027846168028190732, "hostname": "mg0920", "local_step": 50, "timestamp": 1783766855.189108, "train_loss": 4.9382171630859375}
{"actor": "learner_007", "event_type": "update_written", "file_path": "/work/xg24i002/x10041/fs_based_decoupled_diloco/runs/duraloco/20260711_p06b_final_d5e2901_d8/training/updates/pending/learner_007/update_6e0324bfbb94.params.safetensors", "hostname": "mg0920", "interval_digest": "1b1b8b8d7efd4d2b704e6e19183be67b7d7fa4bf30d47edea0c889cdfce309aa", "local_step": 50, "publication_proposal_id": "proposal-57dae72ce2def5555a63b4ca13e54262606c930aa3d51ee096270a077269dfd5", "publication_request_id": "learner-publish-09cbd668fcc4847ba5ca875872d997a5d9d475c91ab6e84dc81cca400ffc1331", "timestamp": 1783766856.1372352, "tokens": 6400, "train_loss": 4.55599953174591, "update_id": "learner_007_00000050_6e0324bfbb94"}
{"actor": "learner_007", "event_type": "heartbeat_written", "hostname": "mg0920", "local_step": 50, "timestamp": 1783766856.1455944}
{"actor": "learner_007", "current_version": 1, "event_type": "latest_polled", "found_version": 2, "hostname": "mg0920", "timestamp": 1783766879.1653981}
{"actor": "learner_007", "event_type": "global_adopted", "hostname": "mg0920", "timestamp": 1783766879.5470777, "version": 2}
{"actor": "learner_007", "adoption_state_digest": "8804ea26ae20cade77ba89e932b077382d184078fa7e260fa4b6acc10b689e30", "event_type": "inner_optimizer_adoption", "hostname": "mg0920", "policy": "reset_all", "reset_parameter_count": 148, "timestamp": 1783766879.5486083, "version": 2}
{"actor": "learner_007", "event_type": "heartbeat_written", "hostname": "mg0920", "local_step": 51, "timestamp": 1783766879.5870736}
{"actor": "learner_007", "event_type": "inner_step_summary", "global_version": 2, "gpu_step_seconds": 0.028507545997854322, "hostname": "mg0920", "local_step": 60, "timestamp": 1783766879.8481781, "train_loss": 4.437693119049072}
{"actor": "learner_007", "event_type": "inner_step_summary", "global_version": 2, "gpu_step_seconds": 0.028350202017463744, "hostname": "mg0920", "local_step": 70, "timestamp": 1783766880.1486971, "train_loss": 3.999814748764038}
{"actor": "learner_007", "event_type": "inner_step_summary", "global_version": 2, "gpu_step_seconds": 0.028134008985944092, "hostname": "mg0920", "local_step": 80, "timestamp": 1783766880.4348118, "train_loss": 4.318427085876465}
{"actor": "learner_007", "event_type": "inner_step_summary", "global_version": 2, "gpu_step_seconds": 0.028338906005956233, "hostname": "mg0920", "local_step": 90, "timestamp": 1783766880.7203434, "train_loss": 4.064533710479736}
{"actor": "learner_007", "event_type": "inner_step_summary", "global_version": 2, "gpu_step_seconds": 0.028061560995411128, "hostname": "mg0920", "local_step": 100, "timestamp": 1783766881.0082726, "train_loss": 3.773124933242798}
{"actor": "learner_007", "event_type": "update_written", "file_path": "/work/xg24i002/x10041/fs_based_decoupled_diloco/runs/duraloco/20260711_p06b_final_d5e2901_d8/training/updates/pending/learner_007/update_e3174ecea3ef.params.safetensors", "hostname": "mg0920", "interval_digest": "0be6ffe4213f09867196d6fc3b8f2913ea00ae5085aab33f4798df14baaee0f9", "local_step": 100, "publication_proposal_id": "proposal-7c6576ea90df4b3a818eeef0cdfcfad79f430fcc2371f0def7173543ff8cb29a", "publication_request_id": "learner-publish-6002d7581ab64dad55b5906bfa557cc12385f77f7510ed0c43a39526e015e831", "timestamp": 1783766881.727389, "tokens": 6400, "train_loss": 4.156906161308289, "update_id": "learner_007_00000100_e3174ecea3ef"}
{"actor": "learner_007", "event_type": "heartbeat_written", "hostname": "mg0920", "local_step": 100, "timestamp": 1783766881.7358556}
{"actor": "learner_007", "current_version": 2, "event_type": "latest_polled", "found_version": 3, "hostname": "mg0920", "timestamp": 1783766904.7543206}
{"actor": "learner_007", "event_type": "global_adopted", "hostname": "mg0920", "timestamp": 1783766905.090248, "version": 3}
{"actor": "learner_007", "adoption_state_digest": "c83fe75c869237cb00c4f027d0d8f0ae5e5de26bc7c78c6574543ba6f4043c1f", "event_type": "inner_optimizer_adoption", "hostname": "mg0920", "policy": "reset_all", "reset_parameter_count": 148, "timestamp": 1783766905.0917456, "version": 3}
{"actor": "learner_007", "event_type": "heartbeat_written", "hostname": "mg0920", "local_step": 101, "timestamp": 1783766905.1291363}
{"actor": "learner_007", "event_type": "inner_step_summary", "global_version": 3, "gpu_step_seconds": 0.02812988101504743, "hostname": "mg0920", "local_step": 110, "timestamp": 1783766905.3857477, "train_loss": 4.078356742858887}
{"actor": "learner_007", "event_type": "inner_step_summary", "global_version": 3, "gpu_step_seconds": 0.02786799200112, "hostname": "mg0920", "local_step": 120, "timestamp": 1783766905.6692555, "train_loss": 3.740654706954956}
{"actor": "learner_007", "event_type": "inner_step_summary", "global_version": 3, "gpu_step_seconds": 0.02775861497502774, "hostname": "mg0920", "local_step": 130, "timestamp": 1783766905.9513135, "train_loss": 3.7757394313812256}
{"actor": "learner_007", "event_type": "inner_step_summary", "global_version": 3, "gpu_step_seconds": 0.02812674397137016, "hostname": "mg0920", "local_step": 140, "timestamp": 1783766906.23354, "train_loss": 3.4461753368377686}
{"actor": "learner_007", "event_type": "inner_step_summary", "global_version": 3, "gpu_step_seconds": 0.029720317979808897, "hostname": "mg0920", "local_step": 150, "timestamp": 1783766906.5179083, "train_loss": 3.26898193359375}
{"actor": "learner_007", "event_type": "update_written", "file_path": "/work/xg24i002/x10041/fs_based_decoupled_diloco/runs/duraloco/20260711_p06b_final_d5e2901_d8/training/updates/pending/learner_007/update_1708f827f393.params.safetensors", "hostname": "mg0920", "interval_digest": "4d4b12f3a2b731b981e849a6d77f5bf5d17ffaf6d4a72ea1aa4d152f0c4ce137", "local_step": 150, "publication_proposal_id": "proposal-465269287a85c35e3d9e8043331490d99dea91f4a79adefcb1228069e01f2ba5", "publication_request_id": "learner-publish-b7cd0cc28d841c1a6cab50b2f620eb1b17188499b6b05bb6c8c004e8707ea466", "timestamp": 1783766907.2117171, "tokens": 6400, "train_loss": 3.745825157165527, "update_id": "learner_007_00000150_1708f827f393"}
{"actor": "learner_007", "event_type": "heartbeat_written", "hostname": "mg0920", "local_step": 150, "timestamp": 1783766907.219552}
{"actor": "learner_007", "current_version": 3, "event_type": "latest_polled", "found_version": 4, "hostname": "mg0920", "timestamp": 1783766930.238249}
{"actor": "learner_007", "event_type": "global_adopted", "hostname": "mg0920", "timestamp": 1783766930.6460485, "version": 4}
{"actor": "learner_007", "adoption_state_digest": "6ec7efcda3ed152e8dea52f4db881439d3bee5198992c38965db6123530de50e", "event_type": "inner_optimizer_adoption", "hostname": "mg0920", "policy": "reset_all", "reset_parameter_count": 148, "timestamp": 1783766930.6476417, "version": 4}
{"actor": "learner_007", "event_type": "heartbeat_written", "hostname": "mg0920", "local_step": 151, "timestamp": 1783766930.68457}
{"actor": "learner_007", "event_type": "inner_step_summary", "global_version": 4, "gpu_step_seconds": 0.027664599008858204, "hostname": "mg0920", "local_step": 160, "timestamp": 1783766930.936992, "train_loss": 3.262359857559204}
{"actor": "learner_007", "event_type": "inner_step_summary", "global_version": 4, "gpu_step_seconds": 0.027569047000724822, "hostname": "mg0920", "local_step": 170, "timestamp": 1783766931.2149072, "train_loss": 4.253288269042969}
{"actor": "learner_007", "event_type": "inner_step_summary", "global_version": 4, "gpu_step_seconds": 0.02753304602811113, "hostname": "mg0920", "local_step": 180, "timestamp": 1783766931.4944375, "train_loss": 3.547276258468628}
{"actor": "learner_007", "event_type": "inner_step_summary", "global_version": 4, "gpu_step_seconds": 0.027437911019660532, "hostname": "mg0920", "local_step": 190, "timestamp": 1783766931.7725763, "train_loss": 3.583585500717163}
{"actor": "learner_007", "event_type": "inner_step_summary", "global_version": 4, "gpu_step_seconds": 0.02976690902141854, "hostname": "mg0920", "local_step": 200, "timestamp": 1783766932.0552926, "train_loss": 3.8427560329437256}
{"actor": "learner_007", "event_type": "update_written", "file_path": "/work/xg24i002/x10041/fs_based_decoupled_diloco/runs/duraloco/20260711_p06b_final_d5e2901_d8/training/updates/pending/learner_007/update_8dc3f7bb54b1.params.safetensors", "hostname": "mg0920", "interval_digest": "438f286bfa7f1e6ab294312f830a2697dfc9c664ea6c3d435edecdac91ea66cc", "local_step": 200, "publication_proposal_id": "proposal-af8945502460065a80291c19578932cce572fbe8d30b3d575dd49626f51b08d5", "publication_request_id": "learner-publish-d33e3c5151bcc2b7dcbdf55d8b6769a4e5f5bb8f131543ddbbed86ce00256971", "timestamp": 1783766932.7672958, "tokens": 6400, "train_loss": 3.7087180614471436, "update_id": "learner_007_00000200_8dc3f7bb54b1"}
{"actor": "learner_007", "event_type": "heartbeat_written", "hostname": "mg0920", "local_step": 200, "timestamp": 1783766932.775311}
{"actor": "learner_007", "current_version": 4, "event_type": "latest_polled", "found_version": 5, "hostname": "mg0920", "timestamp": 1783766954.7986486}
{"actor": "learner_007", "event_type": "global_adopted", "hostname": "mg0920", "timestamp": 1783766955.135749, "version": 5}
{"actor": "learner_007", "adoption_state_digest": "8d9ba54cd539955e9a523379bedb70c7f5a4c7612d81fd5e31cb7baed86c686c", "event_type": "inner_optimizer_adoption", "hostname": "mg0920", "policy": "reset_all", "reset_parameter_count": 148, "timestamp": 1783766955.137256, "version": 5}
{"actor": "learner_007", "event_type": "heartbeat_written", "hostname": "mg0920", "local_step": 201, "timestamp": 1783766955.1739295}
{"actor": "learner_007", "event_type": "inner_step_summary", "global_version": 5, "gpu_step_seconds": 0.028169594006612897, "hostname": "mg0920", "local_step": 210, "timestamp": 1783766955.4260063, "train_loss": 3.679184675216675}
{"actor": "learner_007", "event_type": "inner_step_summary", "global_version": 5, "gpu_step_seconds": 0.02765528700547293, "hostname": "mg0920", "local_step": 220, "timestamp": 1783766955.7062008, "train_loss": 3.8471105098724365}
{"actor": "learner_007", "event_type": "inner_step_summary", "global_version": 5, "gpu_step_seconds": 0.02772773604374379, "hostname": "mg0920", "local_step": 230, "timestamp": 1783766955.984832, "train_loss": 3.7271108627319336}
{"actor": "learner_007", "event_type": "inner_step_summary", "global_version": 5, "gpu_step_seconds": 0.027289559016935527, "hostname": "mg0920", "local_step": 240, "timestamp": 1783766956.264747, "train_loss": 3.8360660076141357}
{"actor": "learner_007", "event_type": "inner_step_summary", "global_version": 5, "gpu_step_seconds": 0.02744651900138706, "hostname": "mg0920", "local_step": 250, "timestamp": 1783766956.5449648, "train_loss": 3.5463151931762695}
{"actor": "learner_007", "event_type": "update_written", "file_path": "/work/xg24i002/x10041/fs_based_decoupled_diloco/runs/duraloco/20260711_p06b_final_d5e2901_d8/training/updates/pending/learner_007/update_28392eccf39f.params.safetensors", "hostname": "mg0920", "interval_digest": "9de00920415ecb12cbf307973b443f26ddf240132130bbc2702b25fbdea9324f", "local_step": 250, "publication_proposal_id": "proposal-a4cb5970630393745b215e730220de2418956aa327c1ce4b962cae55a4d36d69", "publication_request_id": "learner-publish-85e61c44c79353658c532c370294b1f8f5824fe3ce211cb872145ab91acb7f73", "timestamp": 1783766957.2219896, "tokens": 6400, "train_loss": 3.8108578872680665, "update_id": "learner_007_00000250_28392eccf39f"}
{"actor": "learner_007", "event_type": "heartbeat_written", "hostname": "mg0920", "local_step": 250, "timestamp": 1783766957.2272184}
{"actor": "learner_007", "current_version": 5, "event_type": "latest_polled", "found_version": 6, "hostname": "mg0920", "timestamp": 1783766981.2479763}
{"actor": "learner_007", "event_type": "global_adopted", "hostname": "mg0920", "timestamp": 1783766981.6704938, "version": 6}
{"actor": "learner_007", "adoption_state_digest": "5e825ae726479128c6019477b1f29ec124a12f8a91aeb5a9c6f640e1f5832730", "event_type": "inner_optimizer_adoption", "hostname": "mg0920", "policy": "reset_all", "reset_parameter_count": 148, "timestamp": 1783766981.6721091, "version": 6}
{"actor": "learner_007", "event_type": "heartbeat_written", "hostname": "mg0920", "local_step": 251, "timestamp": 1783766981.7090647}
{"actor": "learner_007", "event_type": "inner_step_summary", "global_version": 6, "gpu_step_seconds": 0.027743415965232998, "hostname": "mg0920", "local_step": 260, "timestamp": 1783766981.9624794, "train_loss": 4.696224689483643}
{"actor": "learner_007", "event_type": "inner_step_summary", "global_version": 6, "gpu_step_seconds": 0.027577525994274765, "hostname": "mg0920", "local_step": 270, "timestamp": 1783766982.2416418, "train_loss": 3.5957298278808594}
{"actor": "learner_007", "event_type": "inner_step_summary", "global_version": 6, "gpu_step_seconds": 0.027433014998678118, "hostname": "mg0920", "local_step": 280, "timestamp": 1783766982.52018, "train_loss": 3.710582733154297}
{"actor": "learner_007", "event_type": "inner_step_summary", "global_version": 6, "gpu_step_seconds": 0.027609526994638145, "hostname": "mg0920", "local_step": 290, "timestamp": 1783766982.798554, "train_loss": 4.251298427581787}
{"actor": "learner_007", "event_type": "inner_step_summary", "global_version": 6, "gpu_step_seconds": 0.027139062993228436, "hostname": "mg0920", "local_step": 300, "timestamp": 1783766983.0760784, "train_loss": 3.726386070251465}
{"actor": "learner_007", "event_type": "update_written", "file_path": "/work/xg24i002/x10041/fs_based_decoupled_diloco/runs/duraloco/20260711_p06b_final_d5e2901_d8/training/updates/pending/learner_007/update_0a9d4b38a1af.params.safetensors", "hostname": "mg0920", "interval_digest": "dbd920f3ea25e9f86fd9de0d6fba0ad36550313f66a38df93588f0251cf0276b", "local_step": 300, "publication_proposal_id": "proposal-c7f8aa74bf20c15bfd75973bcfdb189392c61b24030aa538a5fce507d3d74ce8", "publication_request_id": "learner-publish-ad599601f1fa1ce5e9a2c1747f116cdaf36720165c8a226d0a8912cf18f8469e", "timestamp": 1783766983.7884061, "tokens": 6400, "train_loss": 3.9269152307510375, "update_id": "learner_007_00000300_0a9d4b38a1af"}
{"actor": "learner_007", "event_type": "heartbeat_written", "hostname": "mg0920", "local_step": 300, "timestamp": 1783766983.7967522}
{"actor": "learner_007", "current_version": 6, "event_type": "latest_polled", "found_version": 7, "hostname": "mg0920", "timestamp": 1783767006.8167071}
{"actor": "learner_007", "event_type": "global_adopted", "hostname": "mg0920", "timestamp": 1783767007.201496, "version": 7}
{"actor": "learner_007", "adoption_state_digest": "306aeab730858feb3c0d0c3a92b24bd0feaebd982fc1960bf485e032e033d8f4", "event_type": "inner_optimizer_adoption", "hostname": "mg0920", "policy": "reset_all", "reset_parameter_count": 148, "timestamp": 1783767007.2030962, "version": 7}
{"actor": "learner_007", "event_type": "heartbeat_written", "hostname": "mg0920", "local_step": 301, "timestamp": 1783767007.2408972}
{"actor": "learner_007", "event_type": "inner_step_summary", "global_version": 7, "gpu_step_seconds": 0.02854649000801146, "hostname": "mg0920", "local_step": 310, "timestamp": 1783767007.503555, "train_loss": 3.8216922283172607}
{"actor": "learner_007", "event_type": "inner_step_summary", "global_version": 7, "gpu_step_seconds": 0.028079224983230233, "hostname": "mg0920", "local_step": 320, "timestamp": 1783767007.791856, "train_loss": 3.903921127319336}
{"actor": "learner_007", "event_type": "inner_step_summary", "global_version": 7, "gpu_step_seconds": 0.02886809199117124, "hostname": "mg0920", "local_step": 330, "timestamp": 1783767008.0813634, "train_loss": 3.616093158721924}
{"actor": "learner_007", "event_type": "inner_step_summary", "global_version": 7, "gpu_step_seconds": 0.028331513982266188, "hostname": "mg0920", "local_step": 340, "timestamp": 1783767008.3685732, "train_loss": 4.064960479736328}
{"actor": "learner_007", "event_type": "inner_step_summary", "global_version": 7, "gpu_step_seconds": 0.028535035031381994, "hostname": "mg0920", "local_step": 350, "timestamp": 1783767008.6559267, "train_loss": 4.169205665588379}
{"actor": "learner_007", "event_type": "update_written", "file_path": "/work/xg24i002/x10041/fs_based_decoupled_diloco/runs/duraloco/20260711_p06b_final_d5e2901_d8/training/updates/pending/learner_007/update_c0d585926b87.params.safetensors", "hostname": "mg0920", "interval_digest": "fe3a08a83368c3dec6b50895c3c4f95ecb840ec33f79a44f842f22f44d43af39", "local_step": 350, "publication_proposal_id": "proposal-c7a0d5964dbf7bff682e904448e5fccc8cebe7b418ae9a93374fb948c475c3a7", "publication_request_id": "learner-publish-907414a90610550ce4828798686bb6830f5cdd750a4f5b511114ee72d71c1ae5", "timestamp": 1783767009.3713162, "tokens": 6400, "train_loss": 3.9764762210845945, "update_id": "learner_007_00000350_c0d585926b87"}
{"actor": "learner_007", "event_type": "heartbeat_written", "hostname": "mg0920", "local_step": 350, "timestamp": 1783767009.3801937}
{"actor": "learner_007", "current_version": 7, "event_type": "latest_polled", "found_version": 8, "hostname": "mg0920", "timestamp": 1783767032.3995132}
{"actor": "learner_007", "event_type": "global_adopted", "hostname": "mg0920", "timestamp": 1783767032.7509146, "version": 8}
{"actor": "learner_007", "adoption_state_digest": "31864ceceecdf71767ccb766c13183198c5babfd436c3231e19c857e8e83e47b", "event_type": "inner_optimizer_adoption", "hostname": "mg0920", "policy": "reset_all", "reset_parameter_count": 148, "timestamp": 1783767032.7524276, "version": 8}
{"actor": "learner_007", "event_type": "heartbeat_written", "hostname": "mg0920", "local_step": 351, "timestamp": 1783767032.8013437}
{"actor": "learner_007", "event_type": "inner_step_summary", "global_version": 8, "gpu_step_seconds": 0.028128953010309488, "hostname": "mg0920", "local_step": 360, "timestamp": 1783767033.0591047, "train_loss": 4.135540008544922}
{"actor": "learner_007", "event_type": "inner_step_summary", "global_version": 8, "gpu_step_seconds": 0.02758335100952536, "hostname": "mg0920", "local_step": 370, "timestamp": 1783767033.340355, "train_loss": 4.283496379852295}
{"actor": "learner_007", "event_type": "inner_step_summary", "global_version": 8, "gpu_step_seconds": 0.027665111992973834, "hostname": "mg0920", "local_step": 380, "timestamp": 1783767033.6202316, "train_loss": 3.7022666931152344}
{"actor": "learner_007", "event_type": "inner_step_summary", "global_version": 8, "gpu_step_seconds": 0.027241269999649376, "hostname": "mg0920", "local_step": 390, "timestamp": 1783767033.898078, "train_loss": 4.0159783363342285}
{"actor": "learner_007", "event_type": "inner_step_summary", "global_version": 8, "gpu_step_seconds": 0.02739307895535603, "hostname": "mg0920", "local_step": 400, "timestamp": 1783767034.1830769, "train_loss": 4.5834059715271}
{"actor": "learner_007", "event_type": "update_written", "file_path": "/work/xg24i002/x10041/fs_based_decoupled_diloco/runs/duraloco/20260711_p06b_final_d5e2901_d8/training/updates/pending/learner_007/update_7806adb463ff.params.safetensors", "hostname": "mg0920", "interval_digest": "5ebc69a15bc49d6e9fbcb082589d0bcf33b807f7cb9f18bcf6bb15b7dff3e9d7", "local_step": 400, "publication_proposal_id": "proposal-de37ebdf57b1921548304589ec63e75f733bd423522db448c92941350f8a1118", "publication_request_id": "learner-publish-95693f9d095a2d9ba2a71c676a6b9c4dc141a8ca7801991774e36e0eded2e9f6", "timestamp": 1783767034.9045048, "tokens": 6400, "train_loss": 4.065168313980102, "update_id": "learner_007_00000400_7806adb463ff"}
{"actor": "learner_007", "event_type": "heartbeat_written", "hostname": "mg0920", "local_step": 400, "timestamp": 1783767034.9125986}
{"actor": "learner_007", "current_version": 8, "event_type": "latest_polled", "found_version": 9, "hostname": "mg0920", "timestamp": 1783767057.937042}
{"actor": "learner_007", "event_type": "global_adopted", "hostname": "mg0920", "timestamp": 1783767057.969303, "version": 9}
{"actor": "learner_007", "adoption_state_digest": "dba42366bb264033b937adcacfb3236a2c2ce9db3afd7bf01e63fb6cba8da026", "event_type": "inner_optimizer_adoption", "hostname": "mg0920", "policy": "reset_all", "reset_parameter_count": 148, "timestamp": 1783767057.9707067, "version": 9}
{"actor": "learner_007", "event_type": "heartbeat_written", "hostname": "mg0920", "local_step": 401, "timestamp": 1783767058.0085783}
{"actor": "learner_007", "event_type": "inner_step_summary", "global_version": 9, "gpu_step_seconds": 0.027683767955750227, "hostname": "mg0920", "local_step": 410, "timestamp": 1783767058.2617133, "train_loss": 3.812993049621582}
{"actor": "learner_007", "event_type": "inner_step_summary", "global_version": 9, "gpu_step_seconds": 0.027319639979396015, "hostname": "mg0920", "local_step": 420, "timestamp": 1783767058.539433, "train_loss": 4.153122901916504}
{"actor": "learner_007", "event_type": "inner_step_summary", "global_version": 9, "gpu_step_seconds": 0.027226550970226526, "hostname": "mg0920", "local_step": 430, "timestamp": 1783767058.8162422, "train_loss": 3.1963155269622803}
{"actor": "learner_007", "event_type": "inner_step_summary", "global_version": 9, "gpu_step_seconds": 0.0274401200003922, "hostname": "mg0920", "local_step": 440, "timestamp": 1783767059.093527, "train_loss": 4.095789432525635}
{"actor": "learner_007", "event_type": "inner_step_summary", "global_version": 9, "gpu_step_seconds": 0.027226264006458223, "hostname": "mg0920", "local_step": 450, "timestamp": 1783767059.3700867, "train_loss": 3.2646186351776123}
{"actor": "learner_007", "event_type": "update_written", "file_path": "/work/xg24i002/x10041/fs_based_decoupled_diloco/runs/duraloco/20260711_p06b_final_d5e2901_d8/training/updates/pending/learner_007/update_d7083a4c3f66.params.safetensors", "hostname": "mg0920", "interval_digest": "9678747e8b95c9422716299b71d71585960c9c632113ccd2d5c70124ee8fc9b3", "local_step": 450, "publication_proposal_id": "proposal-fe696ca3e2eead21e57d4ba268d80fffd3961074e3e8a6e0354f0648fb516296", "publication_request_id": "learner-publish-2fdd4fa496d444fb95b7bcbb7b97297760e055c5e7290aaf24570600e9b6214a", "timestamp": 1783767060.0584736, "tokens": 6400, "train_loss": 3.7329299449920654, "update_id": "learner_007_00000450_d7083a4c3f66"}
{"actor": "learner_007", "event_type": "heartbeat_written", "hostname": "mg0920", "local_step": 450, "timestamp": 1783767060.0659351}
{"actor": "learner_007", "current_version": 9, "event_type": "latest_polled", "found_version": 10, "hostname": "mg0920", "timestamp": 1783767084.0871415}
{"actor": "learner_007", "event_type": "global_adopted", "hostname": "mg0920", "timestamp": 1783767084.5135865, "version": 10}
{"actor": "learner_007", "adoption_state_digest": "e7aabe300c7cdf6fb4216ec9326b3820f834382800cfde86a755db90a46bd9fa", "event_type": "inner_optimizer_adoption", "hostname": "mg0920", "policy": "reset_all", "reset_parameter_count": 148, "timestamp": 1783767084.51488, "version": 10}
{"actor": "learner_007", "event_type": "heartbeat_written", "hostname": "mg0920", "local_step": 451, "timestamp": 1783767084.5510142}
{"actor": "learner_007", "event_type": "inner_step_summary", "global_version": 10, "gpu_step_seconds": 0.02766248700208962, "hostname": "mg0920", "local_step": 460, "timestamp": 1783767084.7990575, "train_loss": 4.73756217956543}
{"actor": "learner_007", "event_type": "inner_step_summary", "global_version": 10, "gpu_step_seconds": 0.02777413703734055, "hostname": "mg0920", "local_step": 470, "timestamp": 1783767085.079687, "train_loss": 3.613330841064453}
{"actor": "learner_007", "event_type": "inner_step_summary", "global_version": 10, "gpu_step_seconds": 0.027719000994693488, "hostname": "mg0920", "local_step": 480, "timestamp": 1783767085.3597007, "train_loss": 4.471181392669678}
{"actor": "learner_007", "event_type": "inner_step_summary", "global_version": 10, "gpu_step_seconds": 0.027852152998093516, "hostname": "mg0920", "local_step": 490, "timestamp": 1783767085.6396506, "train_loss": 4.185122966766357}
{"actor": "learner_007", "event_type": "inner_step_summary", "global_version": 10, "gpu_step_seconds": 0.02789720898726955, "hostname": "mg0920", "local_step": 500, "timestamp": 1783767085.9200895, "train_loss": 3.269317865371704}
{"actor": "learner_007", "event_type": "update_written", "file_path": "/work/xg24i002/x10041/fs_based_decoupled_diloco/runs/duraloco/20260711_p06b_final_d5e2901_d8/training/updates/pending/learner_007/update_51ae7c729c86.params.safetensors", "hostname": "mg0920", "interval_digest": "fffcdfa826c7ecd191ad77f8f7a4e48d795aa94487bdf0c713fd8d5d4f441812", "local_step": 500, "publication_proposal_id": "proposal-37ec353f67faaabae621d970de68ee22a9a37ed2d23091c855eb9ca8e5c0c1cd", "publication_request_id": "learner-publish-bdd7cda933ec7194abae8073967c02f6207a72e63cd7814edddb5be95f954f93", "timestamp": 1783767086.6243992, "tokens": 6400, "train_loss": 3.899621047973633, "update_id": "learner_007_00000500_51ae7c729c86"}
{"actor": "learner_007", "event_type": "heartbeat_written", "hostname": "mg0920", "local_step": 500, "timestamp": 1783767086.6323547}
{"actor": "learner_007", "current_version": 10, "event_type": "latest_polled", "found_version": 11, "hostname": "mg0920", "timestamp": 1783767110.651736}
{"actor": "learner_007", "event_type": "global_adopted", "hostname": "mg0920", "timestamp": 1783767110.6841786, "version": 11}
{"actor": "learner_007", "adoption_state_digest": "f61770a5e20cef51f5ac72572a020b00f0990ba7b3fbe06a4fc36a700fbd3340", "event_type": "inner_optimizer_adoption", "hostname": "mg0920", "policy": "reset_all", "reset_parameter_count": 148, "timestamp": 1783767110.6857727, "version": 11}
{"actor": "learner_007", "event_type": "heartbeat_written", "hostname": "mg0920", "local_step": 501, "timestamp": 1783767110.7230968}
{"actor": "learner_007", "event_type": "inner_step_summary", "global_version": 11, "gpu_step_seconds": 0.028152706974651664, "hostname": "mg0920", "local_step": 510, "timestamp": 1783767110.9811242, "train_loss": 3.4805736541748047}
{"actor": "learner_007", "event_type": "inner_step_summary", "global_version": 11, "gpu_step_seconds": 0.029902983980719, "hostname": "mg0920", "local_step": 520, "timestamp": 1783767111.271112, "train_loss": 3.7930774688720703}
{"actor": "learner_007", "event_type": "inner_step_summary", "global_version": 11, "gpu_step_seconds": 0.027949119976256043, "hostname": "mg0920", "local_step": 530, "timestamp": 1783767111.5539718, "train_loss": 3.8670456409454346}
{"actor": "learner_007", "event_type": "inner_step_summary", "global_version": 11, "gpu_step_seconds": 0.030543371045496315, "hostname": "mg0920", "local_step": 540, "timestamp": 1783767111.8425748, "train_loss": 3.13216495513916}
{"actor": "learner_007", "event_type": "inner_step_summary", "global_version": 11, "gpu_step_seconds": 0.026878717995714396, "hostname": "mg0920", "local_step": 550, "timestamp": 1783767112.1292222, "train_loss": 3.294292688369751}
{"actor": "learner_007", "event_type": "update_written", "file_path": "/work/xg24i002/x10041/fs_based_decoupled_diloco/runs/duraloco/20260711_p06b_final_d5e2901_d8/training/updates/pending/learner_007/update_fd127feb1c9c.params.safetensors", "hostname": "mg0920", "interval_digest": "f5b2845ebb37ab904c46cb18e133e8cb415d3f2262c45be8ee20d6e790970b86", "local_step": 550, "publication_proposal_id": "proposal-34e1fca7bcbfe7c7bffec471e0eee5c85c09d222180a0376a2fefdee65214925", "publication_request_id": "learner-publish-67c7a030c750aac70bc0d1597dee4ceefaef7d9c889c7681645064bab1a9e003", "timestamp": 1783767112.8395922, "tokens": 6400, "train_loss": 3.654109559059143, "update_id": "learner_007_00000550_fd127feb1c9c"}
{"actor": "learner_007", "event_type": "heartbeat_written", "hostname": "mg0920", "local_step": 550, "timestamp": 1783767112.8467011}
{"actor": "learner_007", "current_version": 11, "event_type": "latest_polled", "found_version": null, "hostname": "mg0920", "timestamp": 1783767162.8932412}
{"actor": "learner_007", "event_type": "stop_seen", "hostname": "mg0920", "reason": "stop_after_outer_steps", "timestamp": 1783767162.8958347}
{"actor": "learner_007", "deleted_files": 20, "event_type": "retention_cleanup", "hostname": "mg0920", "keep_last": 1, "role": "learner", "timestamp": 1783767162.9356887, "update_dir": "/work/xg24i002/x10041/fs_based_decoupled_diloco/runs/duraloco/20260711_p06b_final_d5e2901_d8/training/updates/pending/learner_007"}
{"actor": "learner_007", "event_type": "process_exit", "global_version": 11, "hostname": "mg0920", "local_step": 550, "timestamp": 1783767162.9368598}
