{"actor": "learner_006", "device": "cuda", "event_type": "process_start", "hostname": "mg0895", "learner_id": "learner_006", "run_id": "20260711_p06b_final_d5e2901_d8-training", "timestamp": 1783766823.5879164}
Warning: You are sending unauthenticated requests to the HF Hub. Please set a HF_TOKEN to enable higher rate limits and faster downloads.
[transformers] `torch_dtype` is deprecated! Use `dtype` instead!
Loading weights:   0%|          | 0/148 [00:00<?, ?it/s]Loading weights:  64%|██████▎   | 94/148 [00:00<00:00, 919.07it/s]Loading weights: 100%|██████████| 148/148 [00:00<00:00, 876.94it/s]
{"actor": "learner_006", "event_type": "loaded_global", "hostname": "mg0895", "timestamp": 1783766849.2735138, "version": 1}
{"actor": "learner_006", "event_type": "inner_optimizer_reset", "hostname": "mg0895", "timestamp": 1783766849.2750401, "version": 1}
{"actor": "learner_006", "committed_intervals": 0, "event_type": "warm_recovery", "hostname": "mg0895", "lost_tokens": 0, "max_uncommitted_base_commit_seq": null, "new_session": {"learner_id": "learner_006", "learner_session_id": "20260711_p06b_final_d5e2901_d8-training-learner_006-session", "protocol_version": 2, "record_type": "learner_session", "run_generation": 0, "run_id": "20260711_p06b_final_d5e2901_d8-training"}, "next_sequence": 1, "published_intervals": 0, "repeated_tokens_estimate": 0, "timestamp": 1783766853.889879, "uncommitted_intervals": 0, "warm_not_exact": true}
[transformers] `loss_type=None` was set in the config but it is unrecognized. Using the default loss: `ForCausalLMLoss`.
{"actor": "learner_006", "event_type": "inner_step_summary", "global_version": 1, "gpu_step_seconds": 0.027916794875636697, "hostname": "mg0895", "local_step": 10, "timestamp": 1783766854.5748112, "train_loss": 4.915979862213135}
{"actor": "learner_006", "event_type": "inner_step_summary", "global_version": 1, "gpu_step_seconds": 0.02791260415688157, "hostname": "mg0895", "local_step": 20, "timestamp": 1783766854.8578258, "train_loss": 4.561633110046387}
{"actor": "learner_006", "event_type": "inner_step_summary", "global_version": 1, "gpu_step_seconds": 0.028066429076716304, "hostname": "mg0895", "local_step": 30, "timestamp": 1783766855.1420546, "train_loss": 4.196341514587402}
{"actor": "learner_006", "event_type": "inner_step_summary", "global_version": 1, "gpu_step_seconds": 0.027980796061456203, "hostname": "mg0895", "local_step": 40, "timestamp": 1783766855.4266331, "train_loss": 4.299639701843262}
{"actor": "learner_006", "event_type": "inner_step_summary", "global_version": 1, "gpu_step_seconds": 0.027855098946020007, "hostname": "mg0895", "local_step": 50, "timestamp": 1783766855.7092516, "train_loss": 4.3744001388549805}
{"actor": "learner_006", "event_type": "update_written", "file_path": "/work/xg24i002/x10041/fs_based_decoupled_diloco/runs/duraloco/20260711_p06b_final_d5e2901_d8/training/updates/pending/learner_006/update_5ad9edc395ba.params.safetensors", "hostname": "mg0895", "interval_digest": "c3fd0658b30659e4e34211078014e08269b74151f248df2373f31c486433cb72", "local_step": 50, "publication_proposal_id": "proposal-21bacf4e795e03ecb59ba2c4d54d4a78854ad884725d0407c49f30721895a09f", "publication_request_id": "learner-publish-d1abab0fb031b204e57cd50f6eececa89d1129aa214df5775f15013d5818663c", "timestamp": 1783766856.6605582, "tokens": 6400, "train_loss": 4.442446389198303, "update_id": "learner_006_00000050_5ad9edc395ba"}
{"actor": "learner_006", "event_type": "heartbeat_written", "hostname": "mg0895", "local_step": 50, "timestamp": 1783766856.6691635}
{"actor": "learner_006", "current_version": 1, "event_type": "latest_polled", "found_version": 2, "hostname": "mg0895", "timestamp": 1783766878.684966}
{"actor": "learner_006", "event_type": "global_adopted", "hostname": "mg0895", "timestamp": 1783766879.0931618, "version": 2}
{"actor": "learner_006", "adoption_state_digest": "8804ea26ae20cade77ba89e932b077382d184078fa7e260fa4b6acc10b689e30", "event_type": "inner_optimizer_adoption", "hostname": "mg0895", "policy": "reset_all", "reset_parameter_count": 148, "timestamp": 1783766879.094672, "version": 2}
{"actor": "learner_006", "event_type": "heartbeat_written", "hostname": "mg0895", "local_step": 51, "timestamp": 1783766879.133896}
{"actor": "learner_006", "event_type": "inner_step_summary", "global_version": 2, "gpu_step_seconds": 0.027852059109136462, "hostname": "mg0895", "local_step": 60, "timestamp": 1783766879.3909545, "train_loss": 3.951204538345337}
{"actor": "learner_006", "event_type": "inner_step_summary", "global_version": 2, "gpu_step_seconds": 0.02744210511445999, "hostname": "mg0895", "local_step": 70, "timestamp": 1783766879.6688619, "train_loss": 3.9601573944091797}
{"actor": "learner_006", "event_type": "inner_step_summary", "global_version": 2, "gpu_step_seconds": 0.027540634153410792, "hostname": "mg0895", "local_step": 80, "timestamp": 1783766879.9468265, "train_loss": 3.975595712661743}
{"actor": "learner_006", "event_type": "inner_step_summary", "global_version": 2, "gpu_step_seconds": 0.027601946145296097, "hostname": "mg0895", "local_step": 90, "timestamp": 1783766880.2309532, "train_loss": 4.210165500640869}
{"actor": "learner_006", "event_type": "inner_step_summary", "global_version": 2, "gpu_step_seconds": 0.027429721085354686, "hostname": "mg0895", "local_step": 100, "timestamp": 1783766880.5140908, "train_loss": 4.374998092651367}
{"actor": "learner_006", "event_type": "update_written", "file_path": "/work/xg24i002/x10041/fs_based_decoupled_diloco/runs/duraloco/20260711_p06b_final_d5e2901_d8/training/updates/pending/learner_006/update_d8ec47be4954.params.safetensors", "hostname": "mg0895", "interval_digest": "98fe03bdf4e821a6fe62cea34f42251715706fcb56c88d8e62dd9bb488adc4f9", "local_step": 100, "publication_proposal_id": "proposal-b71424d714831e59f58a0b328172984c9eef9a75fb2992a1e0ebba4ee0e368c6", "publication_request_id": "learner-publish-b2556b107de69c0290d231d5192e24a0d1bfe986a3359cc1533d0393747acf6a", "timestamp": 1783766881.2313848, "tokens": 6400, "train_loss": 4.138223171234131, "update_id": "learner_006_00000100_d8ec47be4954"}
{"actor": "learner_006", "event_type": "heartbeat_written", "hostname": "mg0895", "local_step": 100, "timestamp": 1783766881.2368927}
{"actor": "learner_006", "current_version": 2, "event_type": "latest_polled", "found_version": 3, "hostname": "mg0895", "timestamp": 1783766904.2515502}
{"actor": "learner_006", "event_type": "global_adopted", "hostname": "mg0895", "timestamp": 1783766904.5576336, "version": 3}
{"actor": "learner_006", "adoption_state_digest": "c83fe75c869237cb00c4f027d0d8f0ae5e5de26bc7c78c6574543ba6f4043c1f", "event_type": "inner_optimizer_adoption", "hostname": "mg0895", "policy": "reset_all", "reset_parameter_count": 148, "timestamp": 1783766904.559381, "version": 3}
{"actor": "learner_006", "event_type": "heartbeat_written", "hostname": "mg0895", "local_step": 101, "timestamp": 1783766904.5985684}
{"actor": "learner_006", "event_type": "inner_step_summary", "global_version": 3, "gpu_step_seconds": 0.0280918360222131, "hostname": "mg0895", "local_step": 110, "timestamp": 1783766904.8581772, "train_loss": 3.81381893157959}
{"actor": "learner_006", "event_type": "inner_step_summary", "global_version": 3, "gpu_step_seconds": 0.027585464995354414, "hostname": "mg0895", "local_step": 120, "timestamp": 1783766905.140088, "train_loss": 4.457524299621582}
{"actor": "learner_006", "event_type": "inner_step_summary", "global_version": 3, "gpu_step_seconds": 0.02785221883095801, "hostname": "mg0895", "local_step": 130, "timestamp": 1783766905.4273193, "train_loss": 4.1179704666137695}
{"actor": "learner_006", "event_type": "inner_step_summary", "global_version": 3, "gpu_step_seconds": 0.027731738053262234, "hostname": "mg0895", "local_step": 140, "timestamp": 1783766905.7095327, "train_loss": 4.206728458404541}
{"actor": "learner_006", "event_type": "inner_step_summary", "global_version": 3, "gpu_step_seconds": 0.027724121930077672, "hostname": "mg0895", "local_step": 150, "timestamp": 1783766905.9902358, "train_loss": 4.10626220703125}
{"actor": "learner_006", "event_type": "update_written", "file_path": "/work/xg24i002/x10041/fs_based_decoupled_diloco/runs/duraloco/20260711_p06b_final_d5e2901_d8/training/updates/pending/learner_006/update_227c18804b1c.params.safetensors", "hostname": "mg0895", "interval_digest": "fcfbed4af0b8fab55793a57b7294ff7af0b4858298fb45238a4aaa1a7c987ad6", "local_step": 150, "publication_proposal_id": "proposal-e31e036a58ddfe009aa1bf3373ea3a1d5fb05e865f2560953d5428e233841e43", "publication_request_id": "learner-publish-a069c078fbc181ab059545962fa16860892da22f2ca88655e8d2a46036420300", "timestamp": 1783766906.740574, "tokens": 6400, "train_loss": 4.051346774101257, "update_id": "learner_006_00000150_227c18804b1c"}
{"actor": "learner_006", "event_type": "heartbeat_written", "hostname": "mg0895", "local_step": 150, "timestamp": 1783766906.7485502}
{"actor": "learner_006", "current_version": 3, "event_type": "latest_polled", "found_version": 4, "hostname": "mg0895", "timestamp": 1783766929.7636452}
{"actor": "learner_006", "event_type": "global_adopted", "hostname": "mg0895", "timestamp": 1783766930.2132502, "version": 4}
{"actor": "learner_006", "adoption_state_digest": "6ec7efcda3ed152e8dea52f4db881439d3bee5198992c38965db6123530de50e", "event_type": "inner_optimizer_adoption", "hostname": "mg0895", "policy": "reset_all", "reset_parameter_count": 148, "timestamp": 1783766930.2148097, "version": 4}
{"actor": "learner_006", "event_type": "heartbeat_written", "hostname": "mg0895", "local_step": 151, "timestamp": 1783766930.256498}
{"actor": "learner_006", "event_type": "inner_step_summary", "global_version": 4, "gpu_step_seconds": 0.02847676700912416, "hostname": "mg0895", "local_step": 160, "timestamp": 1783766930.5232785, "train_loss": 3.281362533569336}
{"actor": "learner_006", "event_type": "inner_step_summary", "global_version": 4, "gpu_step_seconds": 0.02797839604318142, "hostname": "mg0895", "local_step": 170, "timestamp": 1783766930.808132, "train_loss": 4.009370803833008}
{"actor": "learner_006", "event_type": "inner_step_summary", "global_version": 4, "gpu_step_seconds": 0.02796661900356412, "hostname": "mg0895", "local_step": 180, "timestamp": 1783766931.090636, "train_loss": 3.716892957687378}
{"actor": "learner_006", "event_type": "inner_step_summary", "global_version": 4, "gpu_step_seconds": 0.02762690489180386, "hostname": "mg0895", "local_step": 190, "timestamp": 1783766931.3731008, "train_loss": 4.225149631500244}
{"actor": "learner_006", "event_type": "inner_step_summary", "global_version": 4, "gpu_step_seconds": 0.027493176981806755, "hostname": "mg0895", "local_step": 200, "timestamp": 1783766931.6570318, "train_loss": 3.9651193618774414}
{"actor": "learner_006", "event_type": "update_written", "file_path": "/work/xg24i002/x10041/fs_based_decoupled_diloco/runs/duraloco/20260711_p06b_final_d5e2901_d8/training/updates/pending/learner_006/update_748b9621a3e5.params.safetensors", "hostname": "mg0895", "interval_digest": "65b2993bfea1c4b1c652fcd5cde00a4bcde083a7639ac2c66385ffb1f4e71d7f", "local_step": 200, "publication_proposal_id": "proposal-6e4bfa0f4ac5f943678d5ebde04386647b1dcf6dd83bdb9ec0b093002523a192", "publication_request_id": "learner-publish-842b4b40dd946718e818e45ea6cedf863216a8cb963912f7403f3843eeb40a5a", "timestamp": 1783766932.3407147, "tokens": 6400, "train_loss": 3.904016127586365, "update_id": "learner_006_00000200_748b9621a3e5"}
{"actor": "learner_006", "event_type": "heartbeat_written", "hostname": "mg0895", "local_step": 200, "timestamp": 1783766932.3490214}
{"actor": "learner_006", "current_version": 4, "event_type": "latest_polled", "found_version": 5, "hostname": "mg0895", "timestamp": 1783766955.3648322}
{"actor": "learner_006", "event_type": "global_adopted", "hostname": "mg0895", "timestamp": 1783766955.7011302, "version": 5}
{"actor": "learner_006", "adoption_state_digest": "8d9ba54cd539955e9a523379bedb70c7f5a4c7612d81fd5e31cb7baed86c686c", "event_type": "inner_optimizer_adoption", "hostname": "mg0895", "policy": "reset_all", "reset_parameter_count": 148, "timestamp": 1783766955.7025955, "version": 5}
{"actor": "learner_006", "event_type": "heartbeat_written", "hostname": "mg0895", "local_step": 201, "timestamp": 1783766955.741499}
{"actor": "learner_006", "event_type": "inner_step_summary", "global_version": 5, "gpu_step_seconds": 0.027921628206968307, "hostname": "mg0895", "local_step": 210, "timestamp": 1783766955.9994295, "train_loss": 4.082517623901367}
{"actor": "learner_006", "event_type": "inner_step_summary", "global_version": 5, "gpu_step_seconds": 0.027916251914575696, "hostname": "mg0895", "local_step": 220, "timestamp": 1783766956.281962, "train_loss": 4.36643123626709}
{"actor": "learner_006", "event_type": "inner_step_summary", "global_version": 5, "gpu_step_seconds": 0.027923964895308018, "hostname": "mg0895", "local_step": 230, "timestamp": 1783766956.5979817, "train_loss": 4.141055107116699}
{"actor": "learner_006", "event_type": "inner_step_summary", "global_version": 5, "gpu_step_seconds": 0.027645529014989734, "hostname": "mg0895", "local_step": 240, "timestamp": 1783766956.8778749, "train_loss": 3.406883478164673}
{"actor": "learner_006", "event_type": "inner_step_summary", "global_version": 5, "gpu_step_seconds": 0.027814971981570125, "hostname": "mg0895", "local_step": 250, "timestamp": 1783766957.1579092, "train_loss": 4.118994235992432}
{"actor": "learner_006", "event_type": "update_written", "file_path": "/work/xg24i002/x10041/fs_based_decoupled_diloco/runs/duraloco/20260711_p06b_final_d5e2901_d8/training/updates/pending/learner_006/update_9eca29531f0c.params.safetensors", "hostname": "mg0895", "interval_digest": "69f4e74c682cdaf24ffb4ef4eea4e1ec6354e3a756c0fef25f0b14919a7b900e", "local_step": 250, "publication_proposal_id": "proposal-b0141ae92769863e9a8347aeeca6684ccc76c082ca0eddbaea5f2f1ce9190461", "publication_request_id": "learner-publish-bb760dac939c8db75694949ce11eac7efcd418076fe2d5aca52439ef66caf6d3", "timestamp": 1783766957.84257, "tokens": 6400, "train_loss": 3.8475001668930053, "update_id": "learner_006_00000250_9eca29531f0c"}
{"actor": "learner_006", "event_type": "heartbeat_written", "hostname": "mg0895", "local_step": 250, "timestamp": 1783766957.8510342}
{"actor": "learner_006", "current_version": 5, "event_type": "latest_polled", "found_version": 6, "hostname": "mg0895", "timestamp": 1783766980.8667777}
{"actor": "learner_006", "event_type": "global_adopted", "hostname": "mg0895", "timestamp": 1783766981.2309937, "version": 6}
{"actor": "learner_006", "adoption_state_digest": "5e825ae726479128c6019477b1f29ec124a12f8a91aeb5a9c6f640e1f5832730", "event_type": "inner_optimizer_adoption", "hostname": "mg0895", "policy": "reset_all", "reset_parameter_count": 148, "timestamp": 1783766981.2326026, "version": 6}
{"actor": "learner_006", "event_type": "heartbeat_written", "hostname": "mg0895", "local_step": 251, "timestamp": 1783766981.2736416}
{"actor": "learner_006", "event_type": "inner_step_summary", "global_version": 6, "gpu_step_seconds": 0.027726748026907444, "hostname": "mg0895", "local_step": 260, "timestamp": 1783766981.533155, "train_loss": 3.4866461753845215}
{"actor": "learner_006", "event_type": "inner_step_summary", "global_version": 6, "gpu_step_seconds": 0.027468505082651973, "hostname": "mg0895", "local_step": 270, "timestamp": 1783766981.8136704, "train_loss": 2.901007652282715}
{"actor": "learner_006", "event_type": "inner_step_summary", "global_version": 6, "gpu_step_seconds": 0.027363578090444207, "hostname": "mg0895", "local_step": 280, "timestamp": 1783766982.09023, "train_loss": 3.7825100421905518}
{"actor": "learner_006", "event_type": "inner_step_summary", "global_version": 6, "gpu_step_seconds": 0.027445689076557755, "hostname": "mg0895", "local_step": 290, "timestamp": 1783766982.367457, "train_loss": 3.4361398220062256}
{"actor": "learner_006", "event_type": "inner_step_summary", "global_version": 6, "gpu_step_seconds": 0.027230135863646865, "hostname": "mg0895", "local_step": 300, "timestamp": 1783766982.644073, "train_loss": 3.798196792602539}
{"actor": "learner_006", "event_type": "update_written", "file_path": "/work/xg24i002/x10041/fs_based_decoupled_diloco/runs/duraloco/20260711_p06b_final_d5e2901_d8/training/updates/pending/learner_006/update_d946e363f14a.params.safetensors", "hostname": "mg0895", "interval_digest": "dda51e11595be93ad2ea4dbcaa61a755b9368ceed03a1c6720d0c4e7bc7cc5ec", "local_step": 300, "publication_proposal_id": "proposal-bbaa62df02e48feb8cb9174b16032b247857c94aaf10c4f63975d371d46ffbc4", "publication_request_id": "learner-publish-059f1631abeb627ddb9b76266ab0975427878c4a9739ec247eae1a996438441a", "timestamp": 1783766983.34348, "tokens": 6400, "train_loss": 3.6478458213806153, "update_id": "learner_006_00000300_d946e363f14a"}
{"actor": "learner_006", "event_type": "heartbeat_written", "hostname": "mg0895", "local_step": 300, "timestamp": 1783766983.3518748}
{"actor": "learner_006", "current_version": 6, "event_type": "latest_polled", "found_version": 7, "hostname": "mg0895", "timestamp": 1783767006.3686867}
{"actor": "learner_006", "event_type": "global_adopted", "hostname": "mg0895", "timestamp": 1783767006.724743, "version": 7}
{"actor": "learner_006", "adoption_state_digest": "306aeab730858feb3c0d0c3a92b24bd0feaebd982fc1960bf485e032e033d8f4", "event_type": "inner_optimizer_adoption", "hostname": "mg0895", "policy": "reset_all", "reset_parameter_count": 148, "timestamp": 1783767006.7262537, "version": 7}
{"actor": "learner_006", "event_type": "heartbeat_written", "hostname": "mg0895", "local_step": 301, "timestamp": 1783767006.765364}
{"actor": "learner_006", "event_type": "inner_step_summary", "global_version": 7, "gpu_step_seconds": 0.028088412946090102, "hostname": "mg0895", "local_step": 310, "timestamp": 1783767007.0270104, "train_loss": 3.82918381690979}
{"actor": "learner_006", "event_type": "inner_step_summary", "global_version": 7, "gpu_step_seconds": 0.02816956606693566, "hostname": "mg0895", "local_step": 320, "timestamp": 1783767007.31308, "train_loss": 4.290035724639893}
{"actor": "learner_006", "event_type": "inner_step_summary", "global_version": 7, "gpu_step_seconds": 0.028510112082585692, "hostname": "mg0895", "local_step": 330, "timestamp": 1783767007.6001956, "train_loss": 3.243603467941284}
{"actor": "learner_006", "event_type": "inner_step_summary", "global_version": 7, "gpu_step_seconds": 0.028715488966554403, "hostname": "mg0895", "local_step": 340, "timestamp": 1783767007.893824, "train_loss": 4.319828987121582}
{"actor": "learner_006", "event_type": "inner_step_summary", "global_version": 7, "gpu_step_seconds": 0.028123707976192236, "hostname": "mg0895", "local_step": 350, "timestamp": 1783767008.1803975, "train_loss": 3.5493557453155518}
{"actor": "learner_006", "event_type": "update_written", "file_path": "/work/xg24i002/x10041/fs_based_decoupled_diloco/runs/duraloco/20260711_p06b_final_d5e2901_d8/training/updates/pending/learner_006/update_0dc2df865aa3.params.safetensors", "hostname": "mg0895", "interval_digest": "54f046d856742d2ea740b72912de5f9e6bd351d516efb28efdaf6b608b80ece1", "local_step": 350, "publication_proposal_id": "proposal-a141349e3027c848160b79078e56689e51e12ab14d2f661558a9fd9af891efc4", "publication_request_id": "learner-publish-1b551a0004ef4ff659e368c05eb5bb96a5868988010f8ebc7e4dbeedbc4dd73e", "timestamp": 1783767008.8823576, "tokens": 6400, "train_loss": 3.8117334032058716, "update_id": "learner_006_00000350_0dc2df865aa3"}
{"actor": "learner_006", "event_type": "heartbeat_written", "hostname": "mg0895", "local_step": 350, "timestamp": 1783767008.892076}
{"actor": "learner_006", "current_version": 7, "event_type": "latest_polled", "found_version": 8, "hostname": "mg0895", "timestamp": 1783767031.9077659}
{"actor": "learner_006", "event_type": "global_adopted", "hostname": "mg0895", "timestamp": 1783767032.2476552, "version": 8}
{"actor": "learner_006", "adoption_state_digest": "31864ceceecdf71767ccb766c13183198c5babfd436c3231e19c857e8e83e47b", "event_type": "inner_optimizer_adoption", "hostname": "mg0895", "policy": "reset_all", "reset_parameter_count": 148, "timestamp": 1783767032.259326, "version": 8}
{"actor": "learner_006", "event_type": "heartbeat_written", "hostname": "mg0895", "local_step": 351, "timestamp": 1783767032.3081179}
{"actor": "learner_006", "event_type": "inner_step_summary", "global_version": 8, "gpu_step_seconds": 0.027897726045921445, "hostname": "mg0895", "local_step": 360, "timestamp": 1783767032.568017, "train_loss": 3.387319326400757}
{"actor": "learner_006", "event_type": "inner_step_summary", "global_version": 8, "gpu_step_seconds": 0.027874910039827228, "hostname": "mg0895", "local_step": 370, "timestamp": 1783767032.850734, "train_loss": 3.4713737964630127}
{"actor": "learner_006", "event_type": "inner_step_summary", "global_version": 8, "gpu_step_seconds": 0.027810399187728763, "hostname": "mg0895", "local_step": 380, "timestamp": 1783767033.1336288, "train_loss": 3.153867721557617}
{"actor": "learner_006", "event_type": "inner_step_summary", "global_version": 8, "gpu_step_seconds": 0.028008543187752366, "hostname": "mg0895", "local_step": 390, "timestamp": 1783767033.4165697, "train_loss": 3.4954707622528076}
{"actor": "learner_006", "event_type": "inner_step_summary", "global_version": 8, "gpu_step_seconds": 0.027948990929871798, "hostname": "mg0895", "local_step": 400, "timestamp": 1783767033.6992893, "train_loss": 3.3856897354125977}
{"actor": "learner_006", "event_type": "update_written", "file_path": "/work/xg24i002/x10041/fs_based_decoupled_diloco/runs/duraloco/20260711_p06b_final_d5e2901_d8/training/updates/pending/learner_006/update_7ab9beef230b.params.safetensors", "hostname": "mg0895", "interval_digest": "6daf16f141b7812997013c484661f71a80d8a2d3131ab9f9c21cd19231ee01d0", "local_step": 400, "publication_proposal_id": "proposal-0d0a130357650e0b146a45ef1afd0ef6cbcbaa2c5d3ae7a4632564c89cb6e895", "publication_request_id": "learner-publish-118e5b9712a86aaf227d506e77d88f3a5a352a994dc136d68293ffeadc707162", "timestamp": 1783767034.3955505, "tokens": 6400, "train_loss": 3.614676761627197, "update_id": "learner_006_00000400_7ab9beef230b"}
{"actor": "learner_006", "event_type": "heartbeat_written", "hostname": "mg0895", "local_step": 400, "timestamp": 1783767034.4032052}
{"actor": "learner_006", "current_version": 8, "event_type": "latest_polled", "found_version": 9, "hostname": "mg0895", "timestamp": 1783767058.419043}
{"actor": "learner_006", "event_type": "global_adopted", "hostname": "mg0895", "timestamp": 1783767058.8380039, "version": 9}
{"actor": "learner_006", "adoption_state_digest": "dba42366bb264033b937adcacfb3236a2c2ce9db3afd7bf01e63fb6cba8da026", "event_type": "inner_optimizer_adoption", "hostname": "mg0895", "policy": "reset_all", "reset_parameter_count": 148, "timestamp": 1783767058.8394985, "version": 9}
{"actor": "learner_006", "event_type": "heartbeat_written", "hostname": "mg0895", "local_step": 401, "timestamp": 1783767058.8795085}
{"actor": "learner_006", "event_type": "inner_step_summary", "global_version": 9, "gpu_step_seconds": 0.028273344039916992, "hostname": "mg0895", "local_step": 410, "timestamp": 1783767059.145518, "train_loss": 3.5953166484832764}
{"actor": "learner_006", "event_type": "inner_step_summary", "global_version": 9, "gpu_step_seconds": 0.02783548692241311, "hostname": "mg0895", "local_step": 420, "timestamp": 1783767059.4301958, "train_loss": 3.4069886207580566}
{"actor": "learner_006", "event_type": "inner_step_summary", "global_version": 9, "gpu_step_seconds": 0.02807263983413577, "hostname": "mg0895", "local_step": 430, "timestamp": 1783767059.7125995, "train_loss": 3.1673924922943115}
{"actor": "learner_006", "event_type": "inner_step_summary", "global_version": 9, "gpu_step_seconds": 0.027748477878049016, "hostname": "mg0895", "local_step": 440, "timestamp": 1783767059.9951081, "train_loss": 3.3140647411346436}
{"actor": "learner_006", "event_type": "inner_step_summary", "global_version": 9, "gpu_step_seconds": 0.028022494865581393, "hostname": "mg0895", "local_step": 450, "timestamp": 1783767060.2781801, "train_loss": 4.712546348571777}
{"actor": "learner_006", "event_type": "update_written", "file_path": "/work/xg24i002/x10041/fs_based_decoupled_diloco/runs/duraloco/20260711_p06b_final_d5e2901_d8/training/updates/pending/learner_006/update_bd096a005ec8.params.safetensors", "hostname": "mg0895", "interval_digest": "aafb249c29bf33c934f23088a3f2d5f4ff5fb340641d930959903422783c4b94", "local_step": 450, "publication_proposal_id": "proposal-e911cbab0b3b1726460f40d5a60f2f25e47a4ce255bdbe2aa12ed288b1a3cd7d", "publication_request_id": "learner-publish-607e4ffba1d5a6805011247c3e2b6eda991f90fb9e9368c20aab8ed5c334a6b1", "timestamp": 1783767060.9827154, "tokens": 6400, "train_loss": 3.556741180419922, "update_id": "learner_006_00000450_bd096a005ec8"}
{"actor": "learner_006", "event_type": "heartbeat_written", "hostname": "mg0895", "local_step": 450, "timestamp": 1783767060.9911258}
{"actor": "learner_006", "current_version": 9, "event_type": "latest_polled", "found_version": 10, "hostname": "mg0895", "timestamp": 1783767084.0079312}
{"actor": "learner_006", "event_type": "global_adopted", "hostname": "mg0895", "timestamp": 1783767084.4250782, "version": 10}
{"actor": "learner_006", "adoption_state_digest": "e7aabe300c7cdf6fb4216ec9326b3820f834382800cfde86a755db90a46bd9fa", "event_type": "inner_optimizer_adoption", "hostname": "mg0895", "policy": "reset_all", "reset_parameter_count": 148, "timestamp": 1783767084.426809, "version": 10}
{"actor": "learner_006", "event_type": "heartbeat_written", "hostname": "mg0895", "local_step": 451, "timestamp": 1783767084.4673436}
{"actor": "learner_006", "event_type": "inner_step_summary", "global_version": 10, "gpu_step_seconds": 0.0282339199911803, "hostname": "mg0895", "local_step": 460, "timestamp": 1783767084.727446, "train_loss": 3.869556427001953}
{"actor": "learner_006", "event_type": "inner_step_summary", "global_version": 10, "gpu_step_seconds": 0.027515738969668746, "hostname": "mg0895", "local_step": 470, "timestamp": 1783767085.0095227, "train_loss": 3.5584867000579834}
{"actor": "learner_006", "event_type": "inner_step_summary", "global_version": 10, "gpu_step_seconds": 0.02792204706929624, "hostname": "mg0895", "local_step": 480, "timestamp": 1783767085.2927437, "train_loss": 4.243227481842041}
{"actor": "learner_006", "event_type": "inner_step_summary", "global_version": 10, "gpu_step_seconds": 0.02801913395524025, "hostname": "mg0895", "local_step": 490, "timestamp": 1783767085.5773175, "train_loss": 4.0347466468811035}
{"actor": "learner_006", "event_type": "inner_step_summary", "global_version": 10, "gpu_step_seconds": 0.02809039899148047, "hostname": "mg0895", "local_step": 500, "timestamp": 1783767085.8612704, "train_loss": 4.24493408203125}
{"actor": "learner_006", "event_type": "update_written", "file_path": "/work/xg24i002/x10041/fs_based_decoupled_diloco/runs/duraloco/20260711_p06b_final_d5e2901_d8/training/updates/pending/learner_006/update_d4e5be4c5b34.params.safetensors", "hostname": "mg0895", "interval_digest": "740464fc4c8d557db0ee954f4eb894d48002d8029d92bd47c59b5b97215a6311", "local_step": 500, "publication_proposal_id": "proposal-b44c22e3bd331f136f013769cda6538818f0ec48f0b66e8caef3d6faeeaa27a3", "publication_request_id": "learner-publish-71aa8bd47c8a1d0868c460f646a91e87ddc07d49dd7d43a176c4fe96e612012a", "timestamp": 1783767086.5590105, "tokens": 6400, "train_loss": 3.790073552131653, "update_id": "learner_006_00000500_d4e5be4c5b34"}
{"actor": "learner_006", "event_type": "heartbeat_written", "hostname": "mg0895", "local_step": 500, "timestamp": 1783767086.565915}
{"actor": "learner_006", "current_version": 10, "event_type": "latest_polled", "found_version": 11, "hostname": "mg0895", "timestamp": 1783767111.5832233}
{"actor": "learner_006", "event_type": "global_adopted", "hostname": "mg0895", "timestamp": 1783767111.9308753, "version": 11}
{"actor": "learner_006", "adoption_state_digest": "f61770a5e20cef51f5ac72572a020b00f0990ba7b3fbe06a4fc36a700fbd3340", "event_type": "inner_optimizer_adoption", "hostname": "mg0895", "policy": "reset_all", "reset_parameter_count": 148, "timestamp": 1783767111.932391, "version": 11}
{"actor": "learner_006", "event_type": "heartbeat_written", "hostname": "mg0895", "local_step": 501, "timestamp": 1783767111.971242}
{"actor": "learner_006", "event_type": "inner_step_summary", "global_version": 11, "gpu_step_seconds": 0.02837756904773414, "hostname": "mg0895", "local_step": 510, "timestamp": 1783767112.2314239, "train_loss": 3.4049856662750244}
{"actor": "learner_006", "event_type": "inner_step_summary", "global_version": 11, "gpu_step_seconds": 0.02813324797898531, "hostname": "mg0895", "local_step": 520, "timestamp": 1783767112.5177994, "train_loss": 3.820547580718994}
{"actor": "learner_006", "event_type": "inner_step_summary", "global_version": 11, "gpu_step_seconds": 0.02826336002908647, "hostname": "mg0895", "local_step": 530, "timestamp": 1783767112.8025002, "train_loss": 4.496743202209473}
{"actor": "learner_006", "event_type": "inner_step_summary", "global_version": 11, "gpu_step_seconds": 0.02815062296576798, "hostname": "mg0895", "local_step": 540, "timestamp": 1783767113.0879338, "train_loss": 3.87054443359375}
{"actor": "learner_006", "event_type": "inner_step_summary", "global_version": 11, "gpu_step_seconds": 0.02812060690484941, "hostname": "mg0895", "local_step": 550, "timestamp": 1783767113.3727927, "train_loss": 3.66585111618042}
{"actor": "learner_006", "event_type": "update_written", "file_path": "/work/xg24i002/x10041/fs_based_decoupled_diloco/runs/duraloco/20260711_p06b_final_d5e2901_d8/training/updates/pending/learner_006/update_5859474d7040.params.safetensors", "hostname": "mg0895", "interval_digest": "105dedac3756f7c96c77f55e9a6788e6812ef264497460916533ec384910a353", "local_step": 550, "publication_proposal_id": "proposal-725f4efc56c05104981b914d99a3c85761cb6b758e67d413523bcf2a6bf493c6", "publication_request_id": "learner-publish-e0c967ba89438159d2d517f80c2a9006a30a346d94f689f47a597a5e54ed68fe", "timestamp": 1783767114.0645814, "tokens": 6400, "train_loss": 3.899711537361145, "update_id": "learner_006_00000550_5859474d7040"}
{"actor": "learner_006", "event_type": "heartbeat_written", "hostname": "mg0895", "local_step": 550, "timestamp": 1783767114.0745108}
{"actor": "learner_006", "current_version": 11, "event_type": "latest_polled", "found_version": null, "hostname": "mg0895", "timestamp": 1783767162.1059535}
{"actor": "learner_006", "event_type": "stop_seen", "hostname": "mg0895", "reason": "stop_after_outer_steps", "timestamp": 1783767162.108308}
{"actor": "learner_006", "deleted_files": 20, "event_type": "retention_cleanup", "hostname": "mg0895", "keep_last": 1, "role": "learner", "timestamp": 1783767162.1377387, "update_dir": "/work/xg24i002/x10041/fs_based_decoupled_diloco/runs/duraloco/20260711_p06b_final_d5e2901_d8/training/updates/pending/learner_006"}
{"actor": "learner_006", "event_type": "process_exit", "global_version": 11, "hostname": "mg0895", "local_step": 550, "timestamp": 1783767162.1390007}
