{"actor": "learner_000", "device": "cuda", "event_type": "process_start", "hostname": "mg0873", "learner_id": "learner_000", "run_id": "20260711_p06b_final_d5e2901_d8-training", "timestamp": 1783766823.298599}
[transformers] `torch_dtype` is deprecated! Use `dtype` instead!
Loading weights:   0%|          | 0/148 [00:00<?, ?it/s]Loading weights:  47%|████▋     | 70/148 [00:00<00:00, 576.59it/s]Loading weights:  91%|█████████ | 134/148 [00:00<00:00, 602.88it/s]Loading weights: 100%|██████████| 148/148 [00:00<00:00, 572.80it/s]
{"actor": "learner_000", "event_type": "loaded_global", "hostname": "mg0873", "timestamp": 1783766848.6897042, "version": 1}
{"actor": "learner_000", "event_type": "inner_optimizer_reset", "hostname": "mg0873", "timestamp": 1783766848.6913912, "version": 1}
{"actor": "learner_000", "committed_intervals": 0, "event_type": "warm_recovery", "hostname": "mg0873", "lost_tokens": 0, "max_uncommitted_base_commit_seq": null, "new_session": {"learner_id": "learner_000", "learner_session_id": "20260711_p06b_final_d5e2901_d8-training-learner_000-session", "protocol_version": 2, "record_type": "learner_session", "run_generation": 0, "run_id": "20260711_p06b_final_d5e2901_d8-training"}, "next_sequence": 1, "published_intervals": 0, "repeated_tokens_estimate": 0, "timestamp": 1783766853.38989, "uncommitted_intervals": 0, "warm_not_exact": true}
[transformers] `loss_type=None` was set in the config but it is unrecognized. Using the default loss: `ForCausalLMLoss`.
{"actor": "learner_000", "event_type": "inner_step_summary", "global_version": 1, "gpu_step_seconds": 0.029342777095735073, "hostname": "mg0873", "local_step": 10, "timestamp": 1783766854.061868, "train_loss": 4.372042655944824}
{"actor": "learner_000", "event_type": "inner_step_summary", "global_version": 1, "gpu_step_seconds": 0.028492917073890567, "hostname": "mg0873", "local_step": 20, "timestamp": 1783766854.3578947, "train_loss": 4.462565898895264}
{"actor": "learner_000", "event_type": "inner_step_summary", "global_version": 1, "gpu_step_seconds": 0.028730069985613227, "hostname": "mg0873", "local_step": 30, "timestamp": 1783766854.6478443, "train_loss": 4.418074607849121}
{"actor": "learner_000", "event_type": "inner_step_summary", "global_version": 1, "gpu_step_seconds": 0.029128471156582236, "hostname": "mg0873", "local_step": 40, "timestamp": 1783766854.9414198, "train_loss": 3.5511598587036133}
{"actor": "learner_000", "event_type": "inner_step_summary", "global_version": 1, "gpu_step_seconds": 0.028622390003874898, "hostname": "mg0873", "local_step": 50, "timestamp": 1783766855.2326102, "train_loss": 3.824361562728882}
{"actor": "learner_000", "event_type": "update_written", "file_path": "/work/xg24i002/x10041/fs_based_decoupled_diloco/runs/duraloco/20260711_p06b_final_d5e2901_d8/training/updates/pending/learner_000/update_45d440defbee.params.safetensors", "hostname": "mg0873", "interval_digest": "2f1aa7d4525049405efc76f628a9193fbab370d97044d45c497ecdb61ff525b4", "local_step": 50, "publication_proposal_id": "proposal-73750e22b0dbefa40f31f39ac5086f7c0612cc65c4576c5f5998a8876e6b6663", "publication_request_id": "learner-publish-9faf16fc0b3a36063899dcc367494e2f6ccef3e97b6b96ecea73f0e77fdd2909", "timestamp": 1783766856.1959276, "tokens": 6400, "train_loss": 4.302767019271851, "update_id": "learner_000_00000050_45d440defbee"}
{"actor": "learner_000", "event_type": "heartbeat_written", "hostname": "mg0873", "local_step": 50, "timestamp": 1783766856.2051039}
{"actor": "learner_000", "current_version": 1, "event_type": "latest_polled", "found_version": 2, "hostname": "mg0873", "timestamp": 1783766879.220994}
{"actor": "learner_000", "event_type": "global_adopted", "hostname": "mg0873", "timestamp": 1783766879.610769, "version": 2}
{"actor": "learner_000", "adoption_state_digest": "8804ea26ae20cade77ba89e932b077382d184078fa7e260fa4b6acc10b689e30", "event_type": "inner_optimizer_adoption", "hostname": "mg0873", "policy": "reset_all", "reset_parameter_count": 148, "timestamp": 1783766879.6127882, "version": 2}
{"actor": "learner_000", "event_type": "heartbeat_written", "hostname": "mg0873", "local_step": 51, "timestamp": 1783766879.652107}
{"actor": "learner_000", "event_type": "inner_step_summary", "global_version": 2, "gpu_step_seconds": 0.028639734024181962, "hostname": "mg0873", "local_step": 60, "timestamp": 1783766879.915642, "train_loss": 5.420085906982422}
{"actor": "learner_000", "event_type": "inner_step_summary", "global_version": 2, "gpu_step_seconds": 0.029017495922744274, "hostname": "mg0873", "local_step": 70, "timestamp": 1783766880.2192292, "train_loss": 3.9782772064208984}
{"actor": "learner_000", "event_type": "inner_step_summary", "global_version": 2, "gpu_step_seconds": 0.028924982994794846, "hostname": "mg0873", "local_step": 80, "timestamp": 1783766880.512116, "train_loss": 4.3395795822143555}
{"actor": "learner_000", "event_type": "inner_step_summary", "global_version": 2, "gpu_step_seconds": 0.02886434202082455, "hostname": "mg0873", "local_step": 90, "timestamp": 1783766880.804879, "train_loss": 4.810914993286133}
{"actor": "learner_000", "event_type": "inner_step_summary", "global_version": 2, "gpu_step_seconds": 0.028941047145053744, "hostname": "mg0873", "local_step": 100, "timestamp": 1783766881.0980363, "train_loss": 4.492053508758545}
{"actor": "learner_000", "event_type": "update_written", "file_path": "/work/xg24i002/x10041/fs_based_decoupled_diloco/runs/duraloco/20260711_p06b_final_d5e2901_d8/training/updates/pending/learner_000/update_1651ba922009.params.safetensors", "hostname": "mg0873", "interval_digest": "17b023e7b24de1cdfcc0700ae04925bfca1d546a14daa3a104a7ae6d596c65dd", "local_step": 100, "publication_proposal_id": "proposal-30b0b4c1d1766021afeec7241f5602e6f105e0d1a323164ef25e54f7eba05864", "publication_request_id": "learner-publish-81b0e4b7b929dddeeb561443e2eda074a11d642547c26d4010daca90d532b7d6", "timestamp": 1783766881.8096318, "tokens": 6400, "train_loss": 4.308176765441894, "update_id": "learner_000_00000100_1651ba922009"}
{"actor": "learner_000", "event_type": "heartbeat_written", "hostname": "mg0873", "local_step": 100, "timestamp": 1783766881.818435}
{"actor": "learner_000", "current_version": 2, "event_type": "latest_polled", "found_version": 3, "hostname": "mg0873", "timestamp": 1783766904.835459}
{"actor": "learner_000", "event_type": "global_adopted", "hostname": "mg0873", "timestamp": 1783766905.17317, "version": 3}
{"actor": "learner_000", "adoption_state_digest": "c83fe75c869237cb00c4f027d0d8f0ae5e5de26bc7c78c6574543ba6f4043c1f", "event_type": "inner_optimizer_adoption", "hostname": "mg0873", "policy": "reset_all", "reset_parameter_count": 148, "timestamp": 1783766905.1747892, "version": 3}
{"actor": "learner_000", "event_type": "heartbeat_written", "hostname": "mg0873", "local_step": 101, "timestamp": 1783766905.2141042}
{"actor": "learner_000", "event_type": "inner_step_summary", "global_version": 3, "gpu_step_seconds": 0.0288517230655998, "hostname": "mg0873", "local_step": 110, "timestamp": 1783766905.4856212, "train_loss": 4.174070835113525}
{"actor": "learner_000", "event_type": "inner_step_summary", "global_version": 3, "gpu_step_seconds": 0.028379561146721244, "hostname": "mg0873", "local_step": 120, "timestamp": 1783766905.7731028, "train_loss": 4.049371719360352}
{"actor": "learner_000", "event_type": "inner_step_summary", "global_version": 3, "gpu_step_seconds": 0.02853389806114137, "hostname": "mg0873", "local_step": 130, "timestamp": 1783766906.0615776, "train_loss": 3.3096795082092285}
{"actor": "learner_000", "event_type": "inner_step_summary", "global_version": 3, "gpu_step_seconds": 0.02825530502013862, "hostname": "mg0873", "local_step": 140, "timestamp": 1783766906.3535209, "train_loss": 3.5182883739471436}
{"actor": "learner_000", "event_type": "inner_step_summary", "global_version": 3, "gpu_step_seconds": 0.02813050406984985, "hostname": "mg0873", "local_step": 150, "timestamp": 1783766906.6389258, "train_loss": 3.963386058807373}
{"actor": "learner_000", "event_type": "update_written", "file_path": "/work/xg24i002/x10041/fs_based_decoupled_diloco/runs/duraloco/20260711_p06b_final_d5e2901_d8/training/updates/pending/learner_000/update_e00faeed3095.params.safetensors", "hostname": "mg0873", "interval_digest": "7eca59b92484e675cefc5910acfc1d7bd41b8d5da3e6a6cbbb90877d7fd25181", "local_step": 150, "publication_proposal_id": "proposal-2592b2f8b3deab28c7e7fa01290646ac8b0ea5a318ef03f90eae3a3da25a0052", "publication_request_id": "learner-publish-b45d754bfdee6ae9826d63f77eea188cd6787b7e42e41c4ce9f2631e0692d16c", "timestamp": 1783766907.3274064, "tokens": 6400, "train_loss": 3.799108319282532, "update_id": "learner_000_00000150_e00faeed3095"}
{"actor": "learner_000", "event_type": "heartbeat_written", "hostname": "mg0873", "local_step": 150, "timestamp": 1783766907.335495}
{"actor": "learner_000", "current_version": 3, "event_type": "latest_polled", "found_version": 4, "hostname": "mg0873", "timestamp": 1783766929.352477}
{"actor": "learner_000", "event_type": "global_adopted", "hostname": "mg0873", "timestamp": 1783766929.721677, "version": 4}
{"actor": "learner_000", "adoption_state_digest": "6ec7efcda3ed152e8dea52f4db881439d3bee5198992c38965db6123530de50e", "event_type": "inner_optimizer_adoption", "hostname": "mg0873", "policy": "reset_all", "reset_parameter_count": 148, "timestamp": 1783766929.7236333, "version": 4}
{"actor": "learner_000", "event_type": "heartbeat_written", "hostname": "mg0873", "local_step": 151, "timestamp": 1783766929.7659602}
{"actor": "learner_000", "event_type": "inner_step_summary", "global_version": 4, "gpu_step_seconds": 0.02947361278347671, "hostname": "mg0873", "local_step": 160, "timestamp": 1783766930.1363244, "train_loss": 4.310288429260254}
{"actor": "learner_000", "event_type": "inner_step_summary", "global_version": 4, "gpu_step_seconds": 0.029477420961484313, "hostname": "mg0873", "local_step": 170, "timestamp": 1783766930.43342, "train_loss": 3.669283866882324}
{"actor": "learner_000", "event_type": "inner_step_summary", "global_version": 4, "gpu_step_seconds": 0.029335755854845047, "hostname": "mg0873", "local_step": 180, "timestamp": 1783766930.7306485, "train_loss": 3.8504133224487305}
{"actor": "learner_000", "event_type": "inner_step_summary", "global_version": 4, "gpu_step_seconds": 0.029491084860637784, "hostname": "mg0873", "local_step": 190, "timestamp": 1783766931.0281093, "train_loss": 4.009278297424316}
{"actor": "learner_000", "event_type": "inner_step_summary", "global_version": 4, "gpu_step_seconds": 0.029446286149322987, "hostname": "mg0873", "local_step": 200, "timestamp": 1783766931.3258648, "train_loss": 3.972047805786133}
{"actor": "learner_000", "event_type": "update_written", "file_path": "/work/xg24i002/x10041/fs_based_decoupled_diloco/runs/duraloco/20260711_p06b_final_d5e2901_d8/training/updates/pending/learner_000/update_885ed6ba4530.params.safetensors", "hostname": "mg0873", "interval_digest": "513cb052fb19ad7a2f8037155347cb1229923af5779a9990d53729d14bfe9a47", "local_step": 200, "publication_proposal_id": "proposal-008379b165e536842d0873446a73493457a5d5291e57a496d92dcd96ba082641", "publication_request_id": "learner-publish-f59a774ea89d6de0d14be762a938120bb688d4656e42baf201cc1154343fe927", "timestamp": 1783766932.0195708, "tokens": 6400, "train_loss": 3.95191038608551, "update_id": "learner_000_00000200_885ed6ba4530"}
{"actor": "learner_000", "event_type": "heartbeat_written", "hostname": "mg0873", "local_step": 200, "timestamp": 1783766932.0276148}
{"actor": "learner_000", "current_version": 4, "event_type": "latest_polled", "found_version": 5, "hostname": "mg0873", "timestamp": 1783766955.0438976}
{"actor": "learner_000", "event_type": "global_adopted", "hostname": "mg0873", "timestamp": 1783766955.3934677, "version": 5}
{"actor": "learner_000", "adoption_state_digest": "8d9ba54cd539955e9a523379bedb70c7f5a4c7612d81fd5e31cb7baed86c686c", "event_type": "inner_optimizer_adoption", "hostname": "mg0873", "policy": "reset_all", "reset_parameter_count": 148, "timestamp": 1783766955.3948915, "version": 5}
{"actor": "learner_000", "event_type": "heartbeat_written", "hostname": "mg0873", "local_step": 201, "timestamp": 1783766955.434618}
{"actor": "learner_000", "event_type": "inner_step_summary", "global_version": 5, "gpu_step_seconds": 0.029462651116773486, "hostname": "mg0873", "local_step": 210, "timestamp": 1783766955.7046645, "train_loss": 4.3260979652404785}
{"actor": "learner_000", "event_type": "inner_step_summary", "global_version": 5, "gpu_step_seconds": 0.029484506929293275, "hostname": "mg0873", "local_step": 220, "timestamp": 1783766956.001461, "train_loss": 4.069892883300781}
{"actor": "learner_000", "event_type": "inner_step_summary", "global_version": 5, "gpu_step_seconds": 0.029214296955615282, "hostname": "mg0873", "local_step": 230, "timestamp": 1783766956.2978058, "train_loss": 3.721362590789795}
{"actor": "learner_000", "event_type": "inner_step_summary", "global_version": 5, "gpu_step_seconds": 0.031445762841030955, "hostname": "mg0873", "local_step": 240, "timestamp": 1783766956.6028693, "train_loss": 3.441448211669922}
{"actor": "learner_000", "event_type": "inner_step_summary", "global_version": 5, "gpu_step_seconds": 0.02923045796342194, "hostname": "mg0873", "local_step": 250, "timestamp": 1783766956.900758, "train_loss": 3.6142444610595703}
{"actor": "learner_000", "event_type": "update_written", "file_path": "/work/xg24i002/x10041/fs_based_decoupled_diloco/runs/duraloco/20260711_p06b_final_d5e2901_d8/training/updates/pending/learner_000/update_01593a05bb1e.params.safetensors", "hostname": "mg0873", "interval_digest": "64a0bae7d3296ada27c9896424f3793c69aec0de23255e611c7f72923903edd5", "local_step": 250, "publication_proposal_id": "proposal-4bc4d7323a9a1b0182131e149b53a6f591a149664c0343553e860f5e8930324e", "publication_request_id": "learner-publish-2cf8e53372764a13dcc5fb658d6433e10807d136d7ba43792bec466affdecc5a", "timestamp": 1783766957.6187325, "tokens": 6400, "train_loss": 3.8951066398620604, "update_id": "learner_000_00000250_01593a05bb1e"}
{"actor": "learner_000", "event_type": "heartbeat_written", "hostname": "mg0873", "local_step": 250, "timestamp": 1783766957.6748083}
{"actor": "learner_000", "current_version": 5, "event_type": "latest_polled", "found_version": 6, "hostname": "mg0873", "timestamp": 1783766980.691085}
{"actor": "learner_000", "event_type": "global_adopted", "hostname": "mg0873", "timestamp": 1783766981.0819464, "version": 6}
{"actor": "learner_000", "adoption_state_digest": "5e825ae726479128c6019477b1f29ec124a12f8a91aeb5a9c6f640e1f5832730", "event_type": "inner_optimizer_adoption", "hostname": "mg0873", "policy": "reset_all", "reset_parameter_count": 148, "timestamp": 1783766981.0908859, "version": 6}
{"actor": "learner_000", "event_type": "heartbeat_written", "hostname": "mg0873", "local_step": 251, "timestamp": 1783766981.1307678}
{"actor": "learner_000", "event_type": "inner_step_summary", "global_version": 6, "gpu_step_seconds": 0.028575028060004115, "hostname": "mg0873", "local_step": 260, "timestamp": 1783766981.3990188, "train_loss": 3.8266677856445312}
{"actor": "learner_000", "event_type": "inner_step_summary", "global_version": 6, "gpu_step_seconds": 0.02846603491343558, "hostname": "mg0873", "local_step": 270, "timestamp": 1783766981.6890142, "train_loss": 4.022092342376709}
{"actor": "learner_000", "event_type": "inner_step_summary", "global_version": 6, "gpu_step_seconds": 0.028959349961951375, "hostname": "mg0873", "local_step": 280, "timestamp": 1783766981.9803438, "train_loss": 3.744546890258789}
{"actor": "learner_000", "event_type": "inner_step_summary", "global_version": 6, "gpu_step_seconds": 0.02891726908273995, "hostname": "mg0873", "local_step": 290, "timestamp": 1783766982.2748482, "train_loss": 3.9204094409942627}
{"actor": "learner_000", "event_type": "inner_step_summary", "global_version": 6, "gpu_step_seconds": 0.028679026989266276, "hostname": "mg0873", "local_step": 300, "timestamp": 1783766982.5658503, "train_loss": 3.8149683475494385}
{"actor": "learner_000", "event_type": "update_written", "file_path": "/work/xg24i002/x10041/fs_based_decoupled_diloco/runs/duraloco/20260711_p06b_final_d5e2901_d8/training/updates/pending/learner_000/update_8b95b640677f.params.safetensors", "hostname": "mg0873", "interval_digest": "c7d2d5ae8fe40c574b8ece537fb712cb417943a2777bd4b60f691f2c2a70fda1", "local_step": 300, "publication_proposal_id": "proposal-bac7752c2a4fd2cb96c7d247a3607cca10d435392f5c3b6760cbe2a4da8d9982", "publication_request_id": "learner-publish-3d99f5d10cf43325274bba08eb1eda98c4347d374ce8e356f449ade9caed89a7", "timestamp": 1783766983.293181, "tokens": 6400, "train_loss": 3.872988810539246, "update_id": "learner_000_00000300_8b95b640677f"}
{"actor": "learner_000", "event_type": "heartbeat_written", "hostname": "mg0873", "local_step": 300, "timestamp": 1783766983.301276}
{"actor": "learner_000", "current_version": 6, "event_type": "latest_polled", "found_version": 7, "hostname": "mg0873", "timestamp": 1783767006.3186548}
{"actor": "learner_000", "event_type": "global_adopted", "hostname": "mg0873", "timestamp": 1783767006.673516, "version": 7}
{"actor": "learner_000", "adoption_state_digest": "306aeab730858feb3c0d0c3a92b24bd0feaebd982fc1960bf485e032e033d8f4", "event_type": "inner_optimizer_adoption", "hostname": "mg0873", "policy": "reset_all", "reset_parameter_count": 148, "timestamp": 1783767006.6751623, "version": 7}
{"actor": "learner_000", "event_type": "heartbeat_written", "hostname": "mg0873", "local_step": 301, "timestamp": 1783767006.7142365}
{"actor": "learner_000", "event_type": "inner_step_summary", "global_version": 7, "gpu_step_seconds": 0.028603410813957453, "hostname": "mg0873", "local_step": 310, "timestamp": 1783767006.9751916, "train_loss": 3.588294267654419}
{"actor": "learner_000", "event_type": "inner_step_summary", "global_version": 7, "gpu_step_seconds": 0.028246705885976553, "hostname": "mg0873", "local_step": 320, "timestamp": 1783767007.2620823, "train_loss": 3.664571762084961}
{"actor": "learner_000", "event_type": "inner_step_summary", "global_version": 7, "gpu_step_seconds": 0.028314449824392796, "hostname": "mg0873", "local_step": 330, "timestamp": 1783767007.5488963, "train_loss": 3.7778751850128174}
{"actor": "learner_000", "event_type": "inner_step_summary", "global_version": 7, "gpu_step_seconds": 0.028746227966621518, "hostname": "mg0873", "local_step": 340, "timestamp": 1783767007.8457603, "train_loss": 3.679225206375122}
{"actor": "learner_000", "event_type": "inner_step_summary", "global_version": 7, "gpu_step_seconds": 0.028524594847112894, "hostname": "mg0873", "local_step": 350, "timestamp": 1783767008.135374, "train_loss": 3.9557433128356934}
{"actor": "learner_000", "event_type": "update_written", "file_path": "/work/xg24i002/x10041/fs_based_decoupled_diloco/runs/duraloco/20260711_p06b_final_d5e2901_d8/training/updates/pending/learner_000/update_a69cb4869ad3.params.safetensors", "hostname": "mg0873", "interval_digest": "2d8e8dd0dd23f88d9a543e8d8e2a582105825372c662c1b760d5f4986c0b9d10", "local_step": 350, "publication_proposal_id": "proposal-6de0253dc39d3d41a5f66804217440f097bb3d011afdfa9b91e444276f1a62b7", "publication_request_id": "learner-publish-35d493155335dba22c36392c7c0a6d2bcd92435333552018edf18ec7b1442d6c", "timestamp": 1783767008.8247943, "tokens": 6400, "train_loss": 3.876440987586975, "update_id": "learner_000_00000350_a69cb4869ad3"}
{"actor": "learner_000", "event_type": "heartbeat_written", "hostname": "mg0873", "local_step": 350, "timestamp": 1783767008.832723}
{"actor": "learner_000", "current_version": 7, "event_type": "latest_polled", "found_version": 8, "hostname": "mg0873", "timestamp": 1783767031.8503914}
{"actor": "learner_000", "event_type": "global_adopted", "hostname": "mg0873", "timestamp": 1783767032.1983025, "version": 8}
{"actor": "learner_000", "adoption_state_digest": "31864ceceecdf71767ccb766c13183198c5babfd436c3231e19c857e8e83e47b", "event_type": "inner_optimizer_adoption", "hostname": "mg0873", "policy": "reset_all", "reset_parameter_count": 148, "timestamp": 1783767032.2000103, "version": 8}
{"actor": "learner_000", "event_type": "heartbeat_written", "hostname": "mg0873", "local_step": 351, "timestamp": 1783767032.2532108}
{"actor": "learner_000", "event_type": "inner_step_summary", "global_version": 8, "gpu_step_seconds": 0.02937823091633618, "hostname": "mg0873", "local_step": 360, "timestamp": 1783767032.5244348, "train_loss": 4.07960319519043}
{"actor": "learner_000", "event_type": "inner_step_summary", "global_version": 8, "gpu_step_seconds": 0.029482648009434342, "hostname": "mg0873", "local_step": 370, "timestamp": 1783767032.8225803, "train_loss": 4.1193413734436035}
{"actor": "learner_000", "event_type": "inner_step_summary", "global_version": 8, "gpu_step_seconds": 0.029158263932913542, "hostname": "mg0873", "local_step": 380, "timestamp": 1783767033.122297, "train_loss": 3.362532615661621}
{"actor": "learner_000", "event_type": "inner_step_summary", "global_version": 8, "gpu_step_seconds": 0.029624058166518807, "hostname": "mg0873", "local_step": 390, "timestamp": 1783767033.420363, "train_loss": 3.831533908843994}
{"actor": "learner_000", "event_type": "inner_step_summary", "global_version": 8, "gpu_step_seconds": 0.029212825000286102, "hostname": "mg0873", "local_step": 400, "timestamp": 1783767033.7178762, "train_loss": 3.662548542022705}
{"actor": "learner_000", "event_type": "update_written", "file_path": "/work/xg24i002/x10041/fs_based_decoupled_diloco/runs/duraloco/20260711_p06b_final_d5e2901_d8/training/updates/pending/learner_000/update_f998765c7a8c.params.safetensors", "hostname": "mg0873", "interval_digest": "121829ba875f6e9db02d96c55d5a7b5a83442efe4b6d411eb2ef1eb0cd57b687", "local_step": 400, "publication_proposal_id": "proposal-5e25cadcc597f1d8f554a20dc73a3ca0c9fc94c713b8321f02ecb0d0b382672a", "publication_request_id": "learner-publish-e69773a396d037245f31123779d71157cceafe9d1cb17377b09b2069eb241c7c", "timestamp": 1783767034.4037237, "tokens": 6400, "train_loss": 3.9163295555114748, "update_id": "learner_000_00000400_f998765c7a8c"}
{"actor": "learner_000", "event_type": "heartbeat_written", "hostname": "mg0873", "local_step": 400, "timestamp": 1783767034.4119601}
{"actor": "learner_000", "current_version": 8, "event_type": "latest_polled", "found_version": 9, "hostname": "mg0873", "timestamp": 1783767058.4299617}
{"actor": "learner_000", "event_type": "global_adopted", "hostname": "mg0873", "timestamp": 1783767058.8545973, "version": 9}
{"actor": "learner_000", "adoption_state_digest": "dba42366bb264033b937adcacfb3236a2c2ce9db3afd7bf01e63fb6cba8da026", "event_type": "inner_optimizer_adoption", "hostname": "mg0873", "policy": "reset_all", "reset_parameter_count": 148, "timestamp": 1783767058.856005, "version": 9}
{"actor": "learner_000", "event_type": "heartbeat_written", "hostname": "mg0873", "local_step": 401, "timestamp": 1783767058.896871}
{"actor": "learner_000", "event_type": "inner_step_summary", "global_version": 9, "gpu_step_seconds": 0.029108823975548148, "hostname": "mg0873", "local_step": 410, "timestamp": 1783767059.1684043, "train_loss": 3.7172675132751465}
{"actor": "learner_000", "event_type": "inner_step_summary", "global_version": 9, "gpu_step_seconds": 0.028912471141666174, "hostname": "mg0873", "local_step": 420, "timestamp": 1783767059.4619348, "train_loss": 3.2038166522979736}
{"actor": "learner_000", "event_type": "inner_step_summary", "global_version": 9, "gpu_step_seconds": 0.02878875914029777, "hostname": "mg0873", "local_step": 430, "timestamp": 1783767059.7542655, "train_loss": 3.5733578205108643}
{"actor": "learner_000", "event_type": "inner_step_summary", "global_version": 9, "gpu_step_seconds": 0.028972535859793425, "hostname": "mg0873", "local_step": 440, "timestamp": 1783767060.047694, "train_loss": 3.720827102661133}
{"actor": "learner_000", "event_type": "inner_step_summary", "global_version": 9, "gpu_step_seconds": 0.028802647022530437, "hostname": "mg0873", "local_step": 450, "timestamp": 1783767060.3418553, "train_loss": 3.2755789756774902}
{"actor": "learner_000", "event_type": "update_written", "file_path": "/work/xg24i002/x10041/fs_based_decoupled_diloco/runs/duraloco/20260711_p06b_final_d5e2901_d8/training/updates/pending/learner_000/update_2339bb960b4c.params.safetensors", "hostname": "mg0873", "interval_digest": "ded8b650b8ba4496a9a952ac7c100a3a8689e5680a8ec63c170d37a7d8b19a85", "local_step": 450, "publication_proposal_id": "proposal-b19631bc33384a8ae1dae03d129f3ad7420acf61aaead472b61be917dc79af6b", "publication_request_id": "learner-publish-6b0b9befaec8fde57557c0e798b4a6c2ccb6bab5aad1c65c75621024b223ef9e", "timestamp": 1783767061.0427356, "tokens": 6400, "train_loss": 3.7466085243225096, "update_id": "learner_000_00000450_2339bb960b4c"}
{"actor": "learner_000", "event_type": "heartbeat_written", "hostname": "mg0873", "local_step": 450, "timestamp": 1783767061.0520604}
{"actor": "learner_000", "current_version": 9, "event_type": "latest_polled", "found_version": 10, "hostname": "mg0873", "timestamp": 1783767084.0745213}
{"actor": "learner_000", "event_type": "global_adopted", "hostname": "mg0873", "timestamp": 1783767084.5121095, "version": 10}
{"actor": "learner_000", "adoption_state_digest": "e7aabe300c7cdf6fb4216ec9326b3820f834382800cfde86a755db90a46bd9fa", "event_type": "inner_optimizer_adoption", "hostname": "mg0873", "policy": "reset_all", "reset_parameter_count": 148, "timestamp": 1783767084.5139785, "version": 10}
{"actor": "learner_000", "event_type": "heartbeat_written", "hostname": "mg0873", "local_step": 451, "timestamp": 1783767084.5548742}
{"actor": "learner_000", "event_type": "inner_step_summary", "global_version": 10, "gpu_step_seconds": 0.028769399039447308, "hostname": "mg0873", "local_step": 460, "timestamp": 1783767084.81918, "train_loss": 3.7608134746551514}
{"actor": "learner_000", "event_type": "inner_step_summary", "global_version": 10, "gpu_step_seconds": 0.028590358095243573, "hostname": "mg0873", "local_step": 470, "timestamp": 1783767085.1099133, "train_loss": 4.3980584144592285}
{"actor": "learner_000", "event_type": "inner_step_summary", "global_version": 10, "gpu_step_seconds": 0.02844933304004371, "hostname": "mg0873", "local_step": 480, "timestamp": 1783767085.3995965, "train_loss": 3.7453548908233643}
{"actor": "learner_000", "event_type": "inner_step_summary", "global_version": 10, "gpu_step_seconds": 0.028967190999537706, "hostname": "mg0873", "local_step": 490, "timestamp": 1783767085.689539, "train_loss": 4.858453750610352}
{"actor": "learner_000", "event_type": "inner_step_summary", "global_version": 10, "gpu_step_seconds": 0.028549270005896688, "hostname": "mg0873", "local_step": 500, "timestamp": 1783767085.9796531, "train_loss": 4.078302383422852}
{"actor": "learner_000", "event_type": "update_written", "file_path": "/work/xg24i002/x10041/fs_based_decoupled_diloco/runs/duraloco/20260711_p06b_final_d5e2901_d8/training/updates/pending/learner_000/update_44124d642705.params.safetensors", "hostname": "mg0873", "interval_digest": "58307ded2860ab3715fab09b1f7489bcd78276c3ba17609ba609610451fc98f9", "local_step": 500, "publication_proposal_id": "proposal-acbc9404c157f1f82aca07b89fc682753fbd4db013e50c452a94cf8d91af4220", "publication_request_id": "learner-publish-3d3a259f668ee06820ddb6f178af1dae468e12158b32ca726397bb5569f00538", "timestamp": 1783767086.722668, "tokens": 6400, "train_loss": 3.931399803161621, "update_id": "learner_000_00000500_44124d642705"}
{"actor": "learner_000", "event_type": "heartbeat_written", "hostname": "mg0873", "local_step": 500, "timestamp": 1783767086.7307782}
{"actor": "learner_000", "current_version": 10, "event_type": "latest_polled", "found_version": 11, "hostname": "mg0873", "timestamp": 1783767110.7483494}
{"actor": "learner_000", "event_type": "global_adopted", "hostname": "mg0873", "timestamp": 1783767111.109063, "version": 11}
{"actor": "learner_000", "adoption_state_digest": "f61770a5e20cef51f5ac72572a020b00f0990ba7b3fbe06a4fc36a700fbd3340", "event_type": "inner_optimizer_adoption", "hostname": "mg0873", "policy": "reset_all", "reset_parameter_count": 148, "timestamp": 1783767111.110659, "version": 11}
{"actor": "learner_000", "event_type": "heartbeat_written", "hostname": "mg0873", "local_step": 501, "timestamp": 1783767111.150449}
{"actor": "learner_000", "event_type": "inner_step_summary", "global_version": 11, "gpu_step_seconds": 0.029468924971297383, "hostname": "mg0873", "local_step": 510, "timestamp": 1783767111.4211028, "train_loss": 3.7115955352783203}
{"actor": "learner_000", "event_type": "inner_step_summary", "global_version": 11, "gpu_step_seconds": 0.029328924836590886, "hostname": "mg0873", "local_step": 520, "timestamp": 1783767111.717915, "train_loss": 4.503611087799072}
{"actor": "learner_000", "event_type": "inner_step_summary", "global_version": 11, "gpu_step_seconds": 0.029395389836281538, "hostname": "mg0873", "local_step": 530, "timestamp": 1783767112.0149868, "train_loss": 3.8704559803009033}
{"actor": "learner_000", "event_type": "inner_step_summary", "global_version": 11, "gpu_step_seconds": 0.02919420413672924, "hostname": "mg0873", "local_step": 540, "timestamp": 1783767112.3117168, "train_loss": 4.146523952484131}
{"actor": "learner_000", "event_type": "inner_step_summary", "global_version": 11, "gpu_step_seconds": 0.029383965069428086, "hostname": "mg0873", "local_step": 550, "timestamp": 1783767112.609902, "train_loss": 3.696320056915283}
{"actor": "learner_000", "event_type": "update_written", "file_path": "/work/xg24i002/x10041/fs_based_decoupled_diloco/runs/duraloco/20260711_p06b_final_d5e2901_d8/training/updates/pending/learner_000/update_39e1d516eef2.params.safetensors", "hostname": "mg0873", "interval_digest": "5cb07a748e21cf6a7035216dcc0be52379c8b17565cd9194a81167ea9092d7af", "local_step": 550, "publication_proposal_id": "proposal-f06e235b70398630d2d67aa59d43b5b156b5fbafcf93aa3b868bd1718ad754a2", "publication_request_id": "learner-publish-d35f206de26b15c50cbe257d7c0fdfe827859e9ca2e4c48bb6b319f6878c20c6", "timestamp": 1783767113.287153, "tokens": 6400, "train_loss": 3.8966827392578125, "update_id": "learner_000_00000550_39e1d516eef2"}
{"actor": "learner_000", "event_type": "heartbeat_written", "hostname": "mg0873", "local_step": 550, "timestamp": 1783767113.2959006}
{"actor": "learner_000", "current_version": 11, "event_type": "latest_polled", "found_version": null, "hostname": "mg0873", "timestamp": 1783767162.336271}
{"actor": "learner_000", "event_type": "stop_seen", "hostname": "mg0873", "reason": "stop_after_outer_steps", "timestamp": 1783767162.3383145}
{"actor": "learner_000", "deleted_files": 20, "event_type": "retention_cleanup", "hostname": "mg0873", "keep_last": 1, "role": "learner", "timestamp": 1783767162.3800282, "update_dir": "/work/xg24i002/x10041/fs_based_decoupled_diloco/runs/duraloco/20260711_p06b_final_d5e2901_d8/training/updates/pending/learner_000"}
{"actor": "learner_000", "event_type": "process_exit", "global_version": 11, "hostname": "mg0873", "local_step": 550, "timestamp": 1783767162.382598}
