{"actor": "learner_002", "device": "cuda", "event_type": "process_start", "hostname": "mg0883", "learner_id": "learner_002", "run_id": "20260711_p06b_final_d5e2901_d8-training", "timestamp": 1783766823.5117593}
Warning: You are sending unauthenticated requests to the HF Hub. Please set a HF_TOKEN to enable higher rate limits and faster downloads.
[transformers] `torch_dtype` is deprecated! Use `dtype` instead!
Loading weights:   0%|          | 0/148 [00:00<?, ?it/s]Loading weights:  63%|██████▎   | 93/148 [00:00<00:00, 928.40it/s]Loading weights: 100%|██████████| 148/148 [00:00<00:00, 650.32it/s]
{"actor": "learner_002", "event_type": "loaded_global", "hostname": "mg0883", "timestamp": 1783766848.5972636, "version": 1}
{"actor": "learner_002", "event_type": "inner_optimizer_reset", "hostname": "mg0883", "timestamp": 1783766848.5992942, "version": 1}
{"actor": "learner_002", "committed_intervals": 0, "event_type": "warm_recovery", "hostname": "mg0883", "lost_tokens": 0, "max_uncommitted_base_commit_seq": null, "new_session": {"learner_id": "learner_002", "learner_session_id": "20260711_p06b_final_d5e2901_d8-training-learner_002-session", "protocol_version": 2, "record_type": "learner_session", "run_generation": 0, "run_id": "20260711_p06b_final_d5e2901_d8-training"}, "next_sequence": 1, "published_intervals": 0, "repeated_tokens_estimate": 0, "timestamp": 1783766853.410474, "uncommitted_intervals": 0, "warm_not_exact": true}
[transformers] `loss_type=None` was set in the config but it is unrecognized. Using the default loss: `ForCausalLMLoss`.
{"actor": "learner_002", "event_type": "inner_step_summary", "global_version": 1, "gpu_step_seconds": 0.026377717964351177, "hostname": "mg0883", "local_step": 10, "timestamp": 1783766854.0452838, "train_loss": 4.36397123336792}
{"actor": "learner_002", "event_type": "inner_step_summary", "global_version": 1, "gpu_step_seconds": 0.02641743002459407, "hostname": "mg0883", "local_step": 20, "timestamp": 1783766854.3133569, "train_loss": 4.184290409088135}
{"actor": "learner_002", "event_type": "inner_step_summary", "global_version": 1, "gpu_step_seconds": 0.02619243785738945, "hostname": "mg0883", "local_step": 30, "timestamp": 1783766854.5801067, "train_loss": 4.407059192657471}
{"actor": "learner_002", "event_type": "inner_step_summary", "global_version": 1, "gpu_step_seconds": 0.026156660867854953, "hostname": "mg0883", "local_step": 40, "timestamp": 1783766854.8479402, "train_loss": 4.04349946975708}
{"actor": "learner_002", "event_type": "inner_step_summary", "global_version": 1, "gpu_step_seconds": 0.026372021064162254, "hostname": "mg0883", "local_step": 50, "timestamp": 1783766855.1291428, "train_loss": 4.868642807006836}
{"actor": "learner_002", "event_type": "update_written", "file_path": "/work/xg24i002/x10041/fs_based_decoupled_diloco/runs/duraloco/20260711_p06b_final_d5e2901_d8/training/updates/pending/learner_002/update_65fd1ff59576.params.safetensors", "hostname": "mg0883", "interval_digest": "eed8a9c1eae52ccfd93aa7dcd3a99c7bfe2993f05f30fe271fac81b427a97265", "local_step": 50, "publication_proposal_id": "proposal-2fb29945bed7c2b899a26032d21904f26d1db4bf4c4a0584232fc95d6ce0df21", "publication_request_id": "learner-publish-3c6efbdb9bba75773ba269b34a9bd2069688e99dd10f3ec95a6bf7377058dd6f", "timestamp": 1783766856.0541034, "tokens": 6400, "train_loss": 4.223491368293762, "update_id": "learner_002_00000050_65fd1ff59576"}
{"actor": "learner_002", "event_type": "heartbeat_written", "hostname": "mg0883", "local_step": 50, "timestamp": 1783766856.0625775}
{"actor": "learner_002", "current_version": 1, "event_type": "latest_polled", "found_version": 2, "hostname": "mg0883", "timestamp": 1783766879.076842}
{"actor": "learner_002", "event_type": "global_adopted", "hostname": "mg0883", "timestamp": 1783766879.4566994, "version": 2}
{"actor": "learner_002", "adoption_state_digest": "8804ea26ae20cade77ba89e932b077382d184078fa7e260fa4b6acc10b689e30", "event_type": "inner_optimizer_adoption", "hostname": "mg0883", "policy": "reset_all", "reset_parameter_count": 148, "timestamp": 1783766879.4582546, "version": 2}
{"actor": "learner_002", "event_type": "heartbeat_written", "hostname": "mg0883", "local_step": 51, "timestamp": 1783766879.494555}
{"actor": "learner_002", "event_type": "inner_step_summary", "global_version": 2, "gpu_step_seconds": 0.026405910030007362, "hostname": "mg0883", "local_step": 60, "timestamp": 1783766879.740208, "train_loss": 3.4261832237243652}
{"actor": "learner_002", "event_type": "inner_step_summary", "global_version": 2, "gpu_step_seconds": 0.026343383127823472, "hostname": "mg0883", "local_step": 70, "timestamp": 1783766880.0088246, "train_loss": 4.565668106079102}
{"actor": "learner_002", "event_type": "inner_step_summary", "global_version": 2, "gpu_step_seconds": 0.02639710996299982, "hostname": "mg0883", "local_step": 80, "timestamp": 1783766880.2779753, "train_loss": 4.160092830657959}
{"actor": "learner_002", "event_type": "inner_step_summary", "global_version": 2, "gpu_step_seconds": 0.02622799016535282, "hostname": "mg0883", "local_step": 90, "timestamp": 1783766880.543381, "train_loss": 4.246638774871826}
{"actor": "learner_002", "event_type": "inner_step_summary", "global_version": 2, "gpu_step_seconds": 0.02654712600633502, "hostname": "mg0883", "local_step": 100, "timestamp": 1783766880.8116164, "train_loss": 4.7206196784973145}
{"actor": "learner_002", "event_type": "update_written", "file_path": "/work/xg24i002/x10041/fs_based_decoupled_diloco/runs/duraloco/20260711_p06b_final_d5e2901_d8/training/updates/pending/learner_002/update_ee99730048ce.params.safetensors", "hostname": "mg0883", "interval_digest": "1a5e42376299c759ddd4ed29cf076180d692ca04fb3ccab24f152a6db2a0a848", "local_step": 100, "publication_proposal_id": "proposal-00dc32d9b5710fac10a96a3b324941233d63d9cdb7eab359a3737f3df33c62ee", "publication_request_id": "learner-publish-b9aeeff56d5ca3532e9520bfaed74cafeb7057cdd82391d025a62bc411578c0e", "timestamp": 1783766881.5086575, "tokens": 6400, "train_loss": 4.370878643989563, "update_id": "learner_002_00000100_ee99730048ce"}
{"actor": "learner_002", "event_type": "heartbeat_written", "hostname": "mg0883", "local_step": 100, "timestamp": 1783766881.5173376}
{"actor": "learner_002", "current_version": 2, "event_type": "latest_polled", "found_version": 3, "hostname": "mg0883", "timestamp": 1783766904.5324469}
{"actor": "learner_002", "event_type": "global_adopted", "hostname": "mg0883", "timestamp": 1783766904.8549092, "version": 3}
{"actor": "learner_002", "adoption_state_digest": "c83fe75c869237cb00c4f027d0d8f0ae5e5de26bc7c78c6574543ba6f4043c1f", "event_type": "inner_optimizer_adoption", "hostname": "mg0883", "policy": "reset_all", "reset_parameter_count": 148, "timestamp": 1783766904.856783, "version": 3}
{"actor": "learner_002", "event_type": "heartbeat_written", "hostname": "mg0883", "local_step": 101, "timestamp": 1783766904.8949955}
{"actor": "learner_002", "event_type": "inner_step_summary", "global_version": 3, "gpu_step_seconds": 0.026814359007403255, "hostname": "mg0883", "local_step": 110, "timestamp": 1783766905.1513362, "train_loss": 3.5089855194091797}
{"actor": "learner_002", "event_type": "inner_step_summary", "global_version": 3, "gpu_step_seconds": 0.026921943994238973, "hostname": "mg0883", "local_step": 120, "timestamp": 1783766905.4220533, "train_loss": 4.177511215209961}
{"actor": "learner_002", "event_type": "inner_step_summary", "global_version": 3, "gpu_step_seconds": 0.026662774151191115, "hostname": "mg0883", "local_step": 130, "timestamp": 1783766905.6918223, "train_loss": 3.9228832721710205}
{"actor": "learner_002", "event_type": "inner_step_summary", "global_version": 3, "gpu_step_seconds": 0.026732597965747118, "hostname": "mg0883", "local_step": 140, "timestamp": 1783766905.9625807, "train_loss": 3.407158136367798}
{"actor": "learner_002", "event_type": "inner_step_summary", "global_version": 3, "gpu_step_seconds": 0.026468149852007627, "hostname": "mg0883", "local_step": 150, "timestamp": 1783766906.2318199, "train_loss": 3.7345807552337646}
{"actor": "learner_002", "event_type": "update_written", "file_path": "/work/xg24i002/x10041/fs_based_decoupled_diloco/runs/duraloco/20260711_p06b_final_d5e2901_d8/training/updates/pending/learner_002/update_dfc19c3916a2.params.safetensors", "hostname": "mg0883", "interval_digest": "6d975fe9da17214ea82de10543a2284759ab6108a026fd4ec2955ed0750b84e2", "local_step": 150, "publication_proposal_id": "proposal-98da633bea90b748eeb37ceb58edd124a0fe37a2d388de3e2045dc01c51fdf95", "publication_request_id": "learner-publish-ae81f8c6552544fa74893ab58bfb90cdddc8bc986c12f9d3e846f7311a06c4d8", "timestamp": 1783766906.9420476, "tokens": 6400, "train_loss": 3.831437473297119, "update_id": "learner_002_00000150_dfc19c3916a2"}
{"actor": "learner_002", "event_type": "heartbeat_written", "hostname": "mg0883", "local_step": 150, "timestamp": 1783766906.9501991}
{"actor": "learner_002", "current_version": 3, "event_type": "latest_polled", "found_version": 4, "hostname": "mg0883", "timestamp": 1783766929.9668958}
{"actor": "learner_002", "event_type": "global_adopted", "hostname": "mg0883", "timestamp": 1783766930.3461022, "version": 4}
{"actor": "learner_002", "adoption_state_digest": "6ec7efcda3ed152e8dea52f4db881439d3bee5198992c38965db6123530de50e", "event_type": "inner_optimizer_adoption", "hostname": "mg0883", "policy": "reset_all", "reset_parameter_count": 148, "timestamp": 1783766930.347695, "version": 4}
{"actor": "learner_002", "event_type": "heartbeat_written", "hostname": "mg0883", "local_step": 151, "timestamp": 1783766930.3883}
{"actor": "learner_002", "event_type": "inner_step_summary", "global_version": 4, "gpu_step_seconds": 0.026779003208503127, "hostname": "mg0883", "local_step": 160, "timestamp": 1783766930.6351852, "train_loss": 3.6532537937164307}
{"actor": "learner_002", "event_type": "inner_step_summary", "global_version": 4, "gpu_step_seconds": 0.026799706043675542, "hostname": "mg0883", "local_step": 170, "timestamp": 1783766930.906694, "train_loss": 3.9143619537353516}
{"actor": "learner_002", "event_type": "inner_step_summary", "global_version": 4, "gpu_step_seconds": 0.026589371031150222, "hostname": "mg0883", "local_step": 180, "timestamp": 1783766931.176707, "train_loss": 3.186572313308716}
{"actor": "learner_002", "event_type": "inner_step_summary", "global_version": 4, "gpu_step_seconds": 0.026698875008150935, "hostname": "mg0883", "local_step": 190, "timestamp": 1783766931.447553, "train_loss": 3.1692793369293213}
{"actor": "learner_002", "event_type": "inner_step_summary", "global_version": 4, "gpu_step_seconds": 0.026281113969162107, "hostname": "mg0883", "local_step": 200, "timestamp": 1783766931.723177, "train_loss": 3.507432222366333}
{"actor": "learner_002", "event_type": "update_written", "file_path": "/work/xg24i002/x10041/fs_based_decoupled_diloco/runs/duraloco/20260711_p06b_final_d5e2901_d8/training/updates/pending/learner_002/update_7bcdaadc7383.params.safetensors", "hostname": "mg0883", "interval_digest": "0ec7844050fa15a2efd37ec83b471f1fe26ba4fabf29622d3bf41974ddcb68e8", "local_step": 200, "publication_proposal_id": "proposal-443a0eae79e52c22d6077876815989d48b690ea1a0cba2b7b0b80fbea74ff097", "publication_request_id": "learner-publish-2f8f8f4f0336f7639c4b1601faf754709c3628cdf0b9da26625067f0ef3825c0", "timestamp": 1783766932.4944744, "tokens": 6400, "train_loss": 3.7472159242630005, "update_id": "learner_002_00000200_7bcdaadc7383"}
{"actor": "learner_002", "event_type": "heartbeat_written", "hostname": "mg0883", "local_step": 200, "timestamp": 1783766932.5030103}
{"actor": "learner_002", "current_version": 4, "event_type": "latest_polled", "found_version": 5, "hostname": "mg0883", "timestamp": 1783766955.5190377}
{"actor": "learner_002", "event_type": "global_adopted", "hostname": "mg0883", "timestamp": 1783766955.882098, "version": 5}
{"actor": "learner_002", "adoption_state_digest": "8d9ba54cd539955e9a523379bedb70c7f5a4c7612d81fd5e31cb7baed86c686c", "event_type": "inner_optimizer_adoption", "hostname": "mg0883", "policy": "reset_all", "reset_parameter_count": 148, "timestamp": 1783766955.8837993, "version": 5}
{"actor": "learner_002", "event_type": "heartbeat_written", "hostname": "mg0883", "local_step": 201, "timestamp": 1783766955.9246223}
{"actor": "learner_002", "event_type": "inner_step_summary", "global_version": 5, "gpu_step_seconds": 0.027272859821096063, "hostname": "mg0883", "local_step": 210, "timestamp": 1783766956.1813142, "train_loss": 4.046690464019775}
{"actor": "learner_002", "event_type": "inner_step_summary", "global_version": 5, "gpu_step_seconds": 0.027182363905012608, "hostname": "mg0883", "local_step": 220, "timestamp": 1783766956.4566226, "train_loss": 3.7172012329101562}
{"actor": "learner_002", "event_type": "inner_step_summary", "global_version": 5, "gpu_step_seconds": 0.027093115961179137, "hostname": "mg0883", "local_step": 230, "timestamp": 1783766956.730104, "train_loss": 4.159266948699951}
{"actor": "learner_002", "event_type": "inner_step_summary", "global_version": 5, "gpu_step_seconds": 0.02669653994962573, "hostname": "mg0883", "local_step": 240, "timestamp": 1783766957.002057, "train_loss": 4.38763427734375}
{"actor": "learner_002", "event_type": "inner_step_summary", "global_version": 5, "gpu_step_seconds": 0.02662108209915459, "hostname": "mg0883", "local_step": 250, "timestamp": 1783766957.2726293, "train_loss": 4.169834613800049}
{"actor": "learner_002", "event_type": "update_written", "file_path": "/work/xg24i002/x10041/fs_based_decoupled_diloco/runs/duraloco/20260711_p06b_final_d5e2901_d8/training/updates/pending/learner_002/update_a1088e85b3dd.params.safetensors", "hostname": "mg0883", "interval_digest": "3fdbbada79d55c891e378b49b3cd242e4f7751a2b8e87f75350e52d04e86102f", "local_step": 250, "publication_proposal_id": "proposal-75e70ca26344f7190ca1510388544081e4e6bf702830c4505581d1ff6932ef07", "publication_request_id": "learner-publish-d330e566c1998f9500bebbbe2c90fa3973024410eff307525dce66b012edecd3", "timestamp": 1783766957.9693413, "tokens": 6400, "train_loss": 3.8060406684875487, "update_id": "learner_002_00000250_a1088e85b3dd"}
{"actor": "learner_002", "event_type": "heartbeat_written", "hostname": "mg0883", "local_step": 250, "timestamp": 1783766957.9792676}
{"actor": "learner_002", "current_version": 5, "event_type": "latest_polled", "found_version": 6, "hostname": "mg0883", "timestamp": 1783766980.9946575}
{"actor": "learner_002", "event_type": "global_adopted", "hostname": "mg0883", "timestamp": 1783766981.3951695, "version": 6}
{"actor": "learner_002", "adoption_state_digest": "5e825ae726479128c6019477b1f29ec124a12f8a91aeb5a9c6f640e1f5832730", "event_type": "inner_optimizer_adoption", "hostname": "mg0883", "policy": "reset_all", "reset_parameter_count": 148, "timestamp": 1783766981.4004946, "version": 6}
{"actor": "learner_002", "event_type": "heartbeat_written", "hostname": "mg0883", "local_step": 251, "timestamp": 1783766981.4398773}
{"actor": "learner_002", "event_type": "inner_step_summary", "global_version": 6, "gpu_step_seconds": 0.026237305952236056, "hostname": "mg0883", "local_step": 260, "timestamp": 1783766981.6817138, "train_loss": 3.853031635284424}
{"actor": "learner_002", "event_type": "inner_step_summary", "global_version": 6, "gpu_step_seconds": 0.026470297947525978, "hostname": "mg0883", "local_step": 270, "timestamp": 1783766981.9474535, "train_loss": 3.7827980518341064}
{"actor": "learner_002", "event_type": "inner_step_summary", "global_version": 6, "gpu_step_seconds": 0.02599301701411605, "hostname": "mg0883", "local_step": 280, "timestamp": 1783766982.2123637, "train_loss": 2.9194893836975098}
{"actor": "learner_002", "event_type": "inner_step_summary", "global_version": 6, "gpu_step_seconds": 0.02630047290585935, "hostname": "mg0883", "local_step": 290, "timestamp": 1783766982.478208, "train_loss": 4.015344142913818}
{"actor": "learner_002", "event_type": "inner_step_summary", "global_version": 6, "gpu_step_seconds": 0.026116505032405257, "hostname": "mg0883", "local_step": 300, "timestamp": 1783766982.7444017, "train_loss": 3.783348560333252}
{"actor": "learner_002", "event_type": "update_written", "file_path": "/work/xg24i002/x10041/fs_based_decoupled_diloco/runs/duraloco/20260711_p06b_final_d5e2901_d8/training/updates/pending/learner_002/update_b794df932242.params.safetensors", "hostname": "mg0883", "interval_digest": "5cbd9ff73105ab9fecdae5a3b872d267c38ba4f97b504f562573a9b08e82a883", "local_step": 300, "publication_proposal_id": "proposal-3c14584cd7794168d893065ffadb0dabd1209de3779df04b4bd78df80478c9de", "publication_request_id": "learner-publish-8e3caed382251d5c3cdbb7614579c5b63909622ab8c2f037a723eaa6af6ae0a2", "timestamp": 1783766983.466191, "tokens": 6400, "train_loss": 3.7057947731018066, "update_id": "learner_002_00000300_b794df932242"}
{"actor": "learner_002", "event_type": "heartbeat_written", "hostname": "mg0883", "local_step": 300, "timestamp": 1783766983.4754667}
{"actor": "learner_002", "current_version": 6, "event_type": "latest_polled", "found_version": 7, "hostname": "mg0883", "timestamp": 1783767006.4908104}
{"actor": "learner_002", "event_type": "global_adopted", "hostname": "mg0883", "timestamp": 1783767006.8757012, "version": 7}
{"actor": "learner_002", "adoption_state_digest": "306aeab730858feb3c0d0c3a92b24bd0feaebd982fc1960bf485e032e033d8f4", "event_type": "inner_optimizer_adoption", "hostname": "mg0883", "policy": "reset_all", "reset_parameter_count": 148, "timestamp": 1783767006.8772395, "version": 7}
{"actor": "learner_002", "event_type": "heartbeat_written", "hostname": "mg0883", "local_step": 301, "timestamp": 1783767006.9153552}
{"actor": "learner_002", "event_type": "inner_step_summary", "global_version": 7, "gpu_step_seconds": 0.02729228395037353, "hostname": "mg0883", "local_step": 310, "timestamp": 1783767007.1662784, "train_loss": 2.9004759788513184}
{"actor": "learner_002", "event_type": "inner_step_summary", "global_version": 7, "gpu_step_seconds": 0.026774907018989325, "hostname": "mg0883", "local_step": 320, "timestamp": 1783767007.4385939, "train_loss": 3.5306618213653564}
{"actor": "learner_002", "event_type": "inner_step_summary", "global_version": 7, "gpu_step_seconds": 0.02685353090055287, "hostname": "mg0883", "local_step": 330, "timestamp": 1783767007.7103875, "train_loss": 3.249495267868042}
{"actor": "learner_002", "event_type": "inner_step_summary", "global_version": 7, "gpu_step_seconds": 0.026795803103595972, "hostname": "mg0883", "local_step": 340, "timestamp": 1783767007.979654, "train_loss": 3.81502628326416}
{"actor": "learner_002", "event_type": "inner_step_summary", "global_version": 7, "gpu_step_seconds": 0.026503704953938723, "hostname": "mg0883", "local_step": 350, "timestamp": 1783767008.24947, "train_loss": 3.480509042739868}
{"actor": "learner_002", "event_type": "update_written", "file_path": "/work/xg24i002/x10041/fs_based_decoupled_diloco/runs/duraloco/20260711_p06b_final_d5e2901_d8/training/updates/pending/learner_002/update_2f65e0e7361f.params.safetensors", "hostname": "mg0883", "interval_digest": "b8dabb6a6cb4dbd3ddb2e03e3cc52d7cd1f8adf83d0bde0335a031feb16a8904", "local_step": 350, "publication_proposal_id": "proposal-e90a519b6a194113dd1d4efd714d566c9c7d76be6abaa9b5f4cc8f3ee0b28a19", "publication_request_id": "learner-publish-b0d2c2539f0eeef6060422de2027ab7bd99dd76bfc1803970ecd0ca4e30ee8e5", "timestamp": 1783767008.9617615, "tokens": 6400, "train_loss": 3.6006525707244874, "update_id": "learner_002_00000350_2f65e0e7361f"}
{"actor": "learner_002", "event_type": "heartbeat_written", "hostname": "mg0883", "local_step": 350, "timestamp": 1783767008.9713144}
{"actor": "learner_002", "current_version": 7, "event_type": "latest_polled", "found_version": 8, "hostname": "mg0883", "timestamp": 1783767031.987305}
{"actor": "learner_002", "event_type": "global_adopted", "hostname": "mg0883", "timestamp": 1783767032.3304944, "version": 8}
{"actor": "learner_002", "adoption_state_digest": "31864ceceecdf71767ccb766c13183198c5babfd436c3231e19c857e8e83e47b", "event_type": "inner_optimizer_adoption", "hostname": "mg0883", "policy": "reset_all", "reset_parameter_count": 148, "timestamp": 1783767032.3323483, "version": 8}
{"actor": "learner_002", "event_type": "heartbeat_written", "hostname": "mg0883", "local_step": 351, "timestamp": 1783767032.3695116}
{"actor": "learner_002", "event_type": "inner_step_summary", "global_version": 8, "gpu_step_seconds": 0.026144954143092036, "hostname": "mg0883", "local_step": 360, "timestamp": 1783767032.6082132, "train_loss": 3.0779836177825928}
{"actor": "learner_002", "event_type": "inner_step_summary", "global_version": 8, "gpu_step_seconds": 0.026133880950510502, "hostname": "mg0883", "local_step": 370, "timestamp": 1783767032.872539, "train_loss": 3.903850793838501}
{"actor": "learner_002", "event_type": "inner_step_summary", "global_version": 8, "gpu_step_seconds": 0.025769399013370275, "hostname": "mg0883", "local_step": 380, "timestamp": 1783767033.137125, "train_loss": 3.996453285217285}
{"actor": "learner_002", "event_type": "inner_step_summary", "global_version": 8, "gpu_step_seconds": 0.02603432908654213, "hostname": "mg0883", "local_step": 390, "timestamp": 1783767033.4001796, "train_loss": 3.187824010848999}
{"actor": "learner_002", "event_type": "inner_step_summary", "global_version": 8, "gpu_step_seconds": 0.025826392928138375, "hostname": "mg0883", "local_step": 400, "timestamp": 1783767033.663096, "train_loss": 3.7514119148254395}
{"actor": "learner_002", "event_type": "update_written", "file_path": "/work/xg24i002/x10041/fs_based_decoupled_diloco/runs/duraloco/20260711_p06b_final_d5e2901_d8/training/updates/pending/learner_002/update_76c0e19d4f01.params.safetensors", "hostname": "mg0883", "interval_digest": "1292cdf9b86ab5bbd9a9fc3114c183e4c32135bdc3634a429e8157247695de23", "local_step": 400, "publication_proposal_id": "proposal-b54cf41f44cc08fe482233cae52629e7e735c4df32b951f099d311b61cbc2ab5", "publication_request_id": "learner-publish-a9fff7532c079d5fe529e92f700afd46ee414b8e4f0041b61fdfa177ddc9f9ec", "timestamp": 1783767034.3786004, "tokens": 6400, "train_loss": 3.787373685836792, "update_id": "learner_002_00000400_76c0e19d4f01"}
{"actor": "learner_002", "event_type": "heartbeat_written", "hostname": "mg0883", "local_step": 400, "timestamp": 1783767034.3859339}
{"actor": "learner_002", "current_version": 8, "event_type": "latest_polled", "found_version": 9, "hostname": "mg0883", "timestamp": 1783767058.4018755}
{"actor": "learner_002", "event_type": "global_adopted", "hostname": "mg0883", "timestamp": 1783767058.8401077, "version": 9}
{"actor": "learner_002", "adoption_state_digest": "dba42366bb264033b937adcacfb3236a2c2ce9db3afd7bf01e63fb6cba8da026", "event_type": "inner_optimizer_adoption", "hostname": "mg0883", "policy": "reset_all", "reset_parameter_count": 148, "timestamp": 1783767058.8794248, "version": 9}
{"actor": "learner_002", "event_type": "heartbeat_written", "hostname": "mg0883", "local_step": 401, "timestamp": 1783767058.918861}
{"actor": "learner_002", "event_type": "inner_step_summary", "global_version": 9, "gpu_step_seconds": 0.02665337105281651, "hostname": "mg0883", "local_step": 410, "timestamp": 1783767059.1631281, "train_loss": 3.9167048931121826}
{"actor": "learner_002", "event_type": "inner_step_summary", "global_version": 9, "gpu_step_seconds": 0.026541978120803833, "hostname": "mg0883", "local_step": 420, "timestamp": 1783767059.4321883, "train_loss": 4.213906764984131}
{"actor": "learner_002", "event_type": "inner_step_summary", "global_version": 9, "gpu_step_seconds": 0.02653813804499805, "hostname": "mg0883", "local_step": 430, "timestamp": 1783767059.6989608, "train_loss": 4.434581279754639}
{"actor": "learner_002", "event_type": "inner_step_summary", "global_version": 9, "gpu_step_seconds": 0.026713306084275246, "hostname": "mg0883", "local_step": 440, "timestamp": 1783767059.9676027, "train_loss": 3.5310168266296387}
{"actor": "learner_002", "event_type": "inner_step_summary", "global_version": 9, "gpu_step_seconds": 0.026539737125858665, "hostname": "mg0883", "local_step": 450, "timestamp": 1783767060.2355907, "train_loss": 3.521595001220703}
{"actor": "learner_002", "event_type": "update_written", "file_path": "/work/xg24i002/x10041/fs_based_decoupled_diloco/runs/duraloco/20260711_p06b_final_d5e2901_d8/training/updates/pending/learner_002/update_5c2a1e4c2ae1.params.safetensors", "hostname": "mg0883", "interval_digest": "1ee945ba9e19ffd2ce7ff6c675ecd466d18515ca6c206ebded1a55a25a295983", "local_step": 450, "publication_proposal_id": "proposal-fd82c86c1eea739a39416738c596dc06878a54e8b7386c61ae69ea42a3e0571b", "publication_request_id": "learner-publish-2f609ff6a20e67a593c8d702a2a802e16158461400bc73001f8ee3977d622c5b", "timestamp": 1783767060.934319, "tokens": 6400, "train_loss": 3.786631965637207, "update_id": "learner_002_00000450_5c2a1e4c2ae1"}
{"actor": "learner_002", "event_type": "heartbeat_written", "hostname": "mg0883", "local_step": 450, "timestamp": 1783767060.9444509}
{"actor": "learner_002", "current_version": 9, "event_type": "latest_polled", "found_version": 10, "hostname": "mg0883", "timestamp": 1783767084.9605074}
{"actor": "learner_002", "event_type": "global_adopted", "hostname": "mg0883", "timestamp": 1783767085.3040733, "version": 10}
{"actor": "learner_002", "adoption_state_digest": "e7aabe300c7cdf6fb4216ec9326b3820f834382800cfde86a755db90a46bd9fa", "event_type": "inner_optimizer_adoption", "hostname": "mg0883", "policy": "reset_all", "reset_parameter_count": 148, "timestamp": 1783767085.3056865, "version": 10}
{"actor": "learner_002", "event_type": "heartbeat_written", "hostname": "mg0883", "local_step": 451, "timestamp": 1783767085.3425026}
{"actor": "learner_002", "event_type": "inner_step_summary", "global_version": 10, "gpu_step_seconds": 0.026722681941464543, "hostname": "mg0883", "local_step": 460, "timestamp": 1783767085.5869987, "train_loss": 3.7745485305786133}
{"actor": "learner_002", "event_type": "inner_step_summary", "global_version": 10, "gpu_step_seconds": 0.026818202110007405, "hostname": "mg0883", "local_step": 470, "timestamp": 1783767085.857418, "train_loss": 3.2754647731781006}
{"actor": "learner_002", "event_type": "inner_step_summary", "global_version": 10, "gpu_step_seconds": 0.026645434089004993, "hostname": "mg0883", "local_step": 480, "timestamp": 1783767086.1335316, "train_loss": 3.561230182647705}
{"actor": "learner_002", "event_type": "inner_step_summary", "global_version": 10, "gpu_step_seconds": 0.026442650007084012, "hostname": "mg0883", "local_step": 490, "timestamp": 1783767086.4030352, "train_loss": 2.9971225261688232}
{"actor": "learner_002", "event_type": "inner_step_summary", "global_version": 10, "gpu_step_seconds": 0.02659698692150414, "hostname": "mg0883", "local_step": 500, "timestamp": 1783767086.6721656, "train_loss": 3.2203526496887207}
{"actor": "learner_002", "event_type": "update_written", "file_path": "/work/xg24i002/x10041/fs_based_decoupled_diloco/runs/duraloco/20260711_p06b_final_d5e2901_d8/training/updates/pending/learner_002/update_fabdda7ac5c7.params.safetensors", "hostname": "mg0883", "interval_digest": "79b03120b72a81b222ee46e705d179bb5c63e94abd561b1437cbefa77076603e", "local_step": 500, "publication_proposal_id": "proposal-df704184cec52d59cd06e3fd5ab368d35e4a5a7da6d671d19ef5b0ae4f3622d5", "publication_request_id": "learner-publish-bc5841d37079875884ef570e00cd240630ab00d90bbfe024397e9a11c581323b", "timestamp": 1783767087.3762763, "tokens": 6400, "train_loss": 3.5475476026535033, "update_id": "learner_002_00000500_fabdda7ac5c7"}
{"actor": "learner_002", "event_type": "heartbeat_written", "hostname": "mg0883", "local_step": 500, "timestamp": 1783767087.38602}
{"actor": "learner_002", "current_version": 10, "event_type": "latest_polled", "found_version": 11, "hostname": "mg0883", "timestamp": 1783767111.4043262}
{"actor": "learner_002", "event_type": "global_adopted", "hostname": "mg0883", "timestamp": 1783767111.7521517, "version": 11}
{"actor": "learner_002", "adoption_state_digest": "f61770a5e20cef51f5ac72572a020b00f0990ba7b3fbe06a4fc36a700fbd3340", "event_type": "inner_optimizer_adoption", "hostname": "mg0883", "policy": "reset_all", "reset_parameter_count": 148, "timestamp": 1783767111.7536867, "version": 11}
{"actor": "learner_002", "event_type": "heartbeat_written", "hostname": "mg0883", "local_step": 501, "timestamp": 1783767111.791128}
{"actor": "learner_002", "event_type": "inner_step_summary", "global_version": 11, "gpu_step_seconds": 0.026215386111289263, "hostname": "mg0883", "local_step": 510, "timestamp": 1783767112.0322447, "train_loss": 3.694312810897827}
{"actor": "learner_002", "event_type": "inner_step_summary", "global_version": 11, "gpu_step_seconds": 0.02573605813086033, "hostname": "mg0883", "local_step": 520, "timestamp": 1783767112.2960787, "train_loss": 3.684577703475952}
{"actor": "learner_002", "event_type": "inner_step_summary", "global_version": 11, "gpu_step_seconds": 0.02567017008550465, "hostname": "mg0883", "local_step": 530, "timestamp": 1783767112.5588453, "train_loss": 4.012890815734863}
{"actor": "learner_002", "event_type": "inner_step_summary", "global_version": 11, "gpu_step_seconds": 0.025697147008031607, "hostname": "mg0883", "local_step": 540, "timestamp": 1783767112.833098, "train_loss": 3.92391037940979}
{"actor": "learner_002", "event_type": "inner_step_summary", "global_version": 11, "gpu_step_seconds": 0.025661722058430314, "hostname": "mg0883", "local_step": 550, "timestamp": 1783767113.0941691, "train_loss": 4.649094104766846}
{"actor": "learner_002", "event_type": "update_written", "file_path": "/work/xg24i002/x10041/fs_based_decoupled_diloco/runs/duraloco/20260711_p06b_final_d5e2901_d8/training/updates/pending/learner_002/update_ac7494b2101e.params.safetensors", "hostname": "mg0883", "interval_digest": "ac623ff41fd32451ffb2fac4ef61be5387b86f6155413a57ca488be25f6c9a9d", "local_step": 550, "publication_proposal_id": "proposal-0671e65f61cecbf9625c157971c6fc95f661af2dbfc316e13e41be39271974d2", "publication_request_id": "learner-publish-07ec0e5bb4c8eb2f98b26f751daa22b7cdb1eb9a6beae74f21bd1046e3783128", "timestamp": 1783767113.8064523, "tokens": 6400, "train_loss": 3.744320673942566, "update_id": "learner_002_00000550_ac7494b2101e"}
{"actor": "learner_002", "event_type": "heartbeat_written", "hostname": "mg0883", "local_step": 550, "timestamp": 1783767113.8319979}
{"actor": "learner_002", "current_version": 11, "event_type": "latest_polled", "found_version": null, "hostname": "mg0883", "timestamp": 1783767162.8628166}
{"actor": "learner_002", "event_type": "stop_seen", "hostname": "mg0883", "reason": "stop_after_outer_steps", "timestamp": 1783767162.865167}
{"actor": "learner_002", "deleted_files": 20, "event_type": "retention_cleanup", "hostname": "mg0883", "keep_last": 1, "role": "learner", "timestamp": 1783767162.8952565, "update_dir": "/work/xg24i002/x10041/fs_based_decoupled_diloco/runs/duraloco/20260711_p06b_final_d5e2901_d8/training/updates/pending/learner_002"}
{"actor": "learner_002", "event_type": "process_exit", "global_version": 11, "hostname": "mg0883", "local_step": 550, "timestamp": 1783767162.896323}
