{"actor": "learner_000", "device": "cuda", "event_type": "process_start", "hostname": "mg0010", "learner_id": "learner_000", "run_id": "20260711_p06_impl_2e2110a_2node-training", "timestamp": 1783749484.3568692}
{"actor": "learner_000", "event_type": "loaded_global", "hostname": "mg0010", "timestamp": 1783749487.036663, "version": 1}
{"actor": "learner_000", "event_type": "inner_optimizer_reset", "hostname": "mg0010", "timestamp": 1783749487.0382662, "version": 1}
{"actor": "learner_000", "committed_intervals": 0, "event_type": "warm_recovery", "hostname": "mg0010", "lost_tokens": 0, "max_uncommitted_base_commit_seq": null, "new_session": {"learner_id": "learner_000", "learner_session_id": "learner_000-494c9f388632461a9c232810357480b6", "protocol_version": 2, "record_type": "learner_session", "run_generation": 0, "run_id": "20260711_p06_impl_2e2110a_2node-training"}, "next_sequence": 1, "published_intervals": 0, "repeated_tokens_estimate": 0, "timestamp": 1783749487.0794168, "uncommitted_intervals": 0, "warm_not_exact": true}
{"actor": "learner_000", "event_type": "inner_step_summary", "global_version": 1, "hostname": "mg0010", "local_step": 1, "timestamp": 1783749487.4049659, "train_loss": 4.997645378112793}
{"actor": "learner_000", "event_type": "inner_step_summary", "global_version": 1, "hostname": "mg0010", "local_step": 2, "timestamp": 1783749487.4088593, "train_loss": 5.15434455871582}
{"actor": "learner_000", "event_type": "update_written", "file_path": "/work/xg24i002/x10041/duraloco_worktrees/p06-final-2e2110a/runs/duraloco/P06/20260711_p06_impl_2e2110a_2node/updates/pending/learner_000/update_ae5b8b4db44a.params.safetensors", "hostname": "mg0010", "interval_digest": "0735d1592d3b6803aaec29932abc86eedeeaf223c5d11fa2c851215084a23b25", "local_step": 2, "publication_proposal_id": "proposal-1e73c33556b7f319a188ac4d45e27d3a52390fadacc8930fc13901561723120e", "publication_request_id": "learner-publish-3e4eaf3e488ce27febcb3e5a1bfb6ba7cbccb602953e3370a5c570a360233739", "timestamp": 1783749487.46379, "tokens": 64, "train_loss": 5.075994968414307, "update_id": "learner_000_00000002_ae5b8b4db44a"}
{"actor": "learner_000", "event_type": "heartbeat_written", "hostname": "mg0010", "local_step": 2, "timestamp": 1783749487.469589}
{"actor": "learner_000", "device": "cuda", "event_type": "process_start", "hostname": "mg0010", "learner_id": "learner_000", "run_id": "20260711_p06_impl_2e2110a_2node-training", "timestamp": 1783749489.1296043}
{"actor": "learner_000", "event_type": "loaded_global", "hostname": "mg0010", "timestamp": 1783749490.167907, "version": 2}
{"actor": "learner_000", "event_type": "inner_optimizer_reset", "hostname": "mg0010", "timestamp": 1783749490.1692932, "version": 2}
{"actor": "learner_000", "committed_intervals": 1, "event_type": "warm_recovery", "hostname": "mg0010", "lost_tokens": 0, "max_uncommitted_base_commit_seq": null, "new_session": {"learner_id": "learner_000", "learner_session_id": "learner_000-ae051d2cf09148d8b5bcb569a7c9fdc1", "protocol_version": 2, "record_type": "learner_session", "run_generation": 0, "run_id": "20260711_p06_impl_2e2110a_2node-training"}, "next_sequence": 1, "published_intervals": 1, "repeated_tokens_estimate": 0, "timestamp": 1783749490.201988, "uncommitted_intervals": 0, "warm_not_exact": true}
{"actor": "learner_000", "event_type": "inner_step_summary", "global_version": 2, "hostname": "mg0010", "local_step": 1, "timestamp": 1783749490.3170943, "train_loss": 4.930887699127197}
{"actor": "learner_000", "event_type": "inner_step_summary", "global_version": 2, "hostname": "mg0010", "local_step": 2, "timestamp": 1783749490.3213043, "train_loss": 5.124876022338867}
{"actor": "learner_000", "event_type": "update_written", "file_path": "/work/xg24i002/x10041/duraloco_worktrees/p06-final-2e2110a/runs/duraloco/P06/20260711_p06_impl_2e2110a_2node/updates/pending/learner_000/update_5cccfc9eb2b9.params.safetensors", "hostname": "mg0010", "interval_digest": "57dd583c806f2259e6fe39eabb11eb29568d86c2aa40df74652e66e9deb67002", "local_step": 2, "publication_proposal_id": "proposal-b50dfa57bac2c456f979b31048245702e721b6d44ce8942944708a4263c8222f", "publication_request_id": "learner-publish-51e90877e0b2fa50f1eed6506db1ff1fbfd7e23c007f4885e197177fd3b7e644", "timestamp": 1783749490.3584983, "tokens": 64, "train_loss": 5.027881860733032, "update_id": "learner_000_00000002_5cccfc9eb2b9"}
{"actor": "learner_000", "event_type": "heartbeat_written", "hostname": "mg0010", "local_step": 2, "timestamp": 1783749490.3639836}
{"actor": "learner_000", "current_version": 2, "event_type": "latest_polled", "found_version": 4, "hostname": "mg0010", "timestamp": 1783749490.7671402}
{"actor": "learner_000", "event_type": "global_adopted", "hostname": "mg0010", "timestamp": 1783749490.7700536, "version": 4}
{"actor": "learner_000", "adoption_state_digest": "0500c259b822b6b45c5d5ad57387f11c24fa3809083a1069c5182567e5399354", "event_type": "inner_optimizer_adoption", "hostname": "mg0010", "policy": "reset_all", "reset_parameter_count": 2, "timestamp": 1783749490.7710843, "version": 4}
{"actor": "learner_000", "event_type": "stop_seen", "hostname": "mg0010", "reason": "stop_after_outer_steps", "timestamp": 1783749490.773753}
{"actor": "learner_000", "event_type": "process_exit", "global_version": 4, "hostname": "mg0010", "local_step": 2, "timestamp": 1783749490.7830787}
