{"actor": "syncer", "authority_root": "/work/xg24i002/x10041/duraloco_worktrees/p06-final-2e2110a/runs/duraloco/P06/20260711_p06_impl_2e2110a_2node/authority", "cuda_visible_devices": "0", "device": "cuda", "event_type": "process_start", "hostname": "mg0005", "owner_id": "syncer-a", "owner_session_id": "20260711_p06_impl_2e2110a_2node-training-owner", "run_generation": 0, "run_id": "20260711_p06_impl_2e2110a_2node-training", "shared_root": "/work/xg24i002/x10041/duraloco_worktrees/p06-final-2e2110a/runs/duraloco/P06/20260711_p06_impl_2e2110a_2node", "standby": false, "timestamp": 1783749483.5741544}
{"actor": "syncer", "event_type": "wandb_disabled", "hostname": "mg0005", "timestamp": 1783749483.5804324}
{"actor": "syncer", "commit_seq": 0, "event_type": "generation_initialized", "hostname": "mg0005", "timestamp": 1783749483.818156, "view_digest": "8bf99a54a3298d9d6ff331043464b54a4740f027993ddc8075af0026f2cae94b"}
{"actor": "syncer", "event_type": "coordination_stage_completed", "hostname": "mg0005", "lease_sequence": 1, "owner_id": "syncer-a", "owner_session_id": "20260711_p06_impl_2e2110a_2node-training-owner", "proposed_fencing_epoch": 1, "seconds": 0.004649454960599542, "stage": "lease_acquire", "timestamp": 1783749483.8306396}
{"actor": "syncer", "commit_seq": 1, "event_type": "coordination_stage_completed", "fencing_epoch": 1, "hostname": "mg0005", "optimizer_transition_count": 0, "owner_id": "syncer-a", "owner_session_id": "20260711_p06_impl_2e2110a_2node-training-owner", "seconds": 0.03455655899597332, "stage": "fence_commit_and_strict_replay", "timestamp": 1783749483.8694139}
{"actor": "syncer", "commit_seq": 1, "eligible": 0, "event_type": "quorum_wait", "fragment_id": 0, "hostname": "mg0005", "quorum_min": 1, "timestamp": 1783749484.1021235}
{"actor": "syncer", "commit_seq": 1, "eligible": 0, "event_type": "quorum_wait", "fragment_id": 0, "hostname": "mg0005", "quorum_min": 1, "timestamp": 1783749484.5041971}
{"actor": "syncer", "commit_seq": 1, "eligible": 0, "event_type": "quorum_wait", "fragment_id": 0, "hostname": "mg0005", "quorum_min": 1, "timestamp": 1783749484.9099689}
{"actor": "syncer", "commit_seq": 1, "eligible": 0, "event_type": "quorum_wait", "fragment_id": 0, "hostname": "mg0005", "quorum_min": 1, "timestamp": 1783749485.312541}
{"actor": "syncer", "commit_seq": 1, "eligible": 0, "event_type": "quorum_wait", "fragment_id": 0, "hostname": "mg0005", "quorum_min": 1, "timestamp": 1783749485.7144647}
{"actor": "syncer", "commit_seq": 1, "eligible": 0, "event_type": "quorum_wait", "fragment_id": 0, "hostname": "mg0005", "quorum_min": 1, "timestamp": 1783749486.116391}
{"actor": "syncer", "commit_seq": 1, "eligible": 0, "event_type": "quorum_wait", "fragment_id": 0, "hostname": "mg0005", "quorum_min": 1, "timestamp": 1783749486.5183027}
{"actor": "syncer", "commit_seq": 1, "eligible": 0, "event_type": "quorum_wait", "fragment_id": 0, "hostname": "mg0005", "quorum_min": 1, "timestamp": 1783749486.9206388}
{"actor": "syncer", "commit_seq": 1, "eligible": 0, "event_type": "quorum_wait", "fragment_id": 0, "hostname": "mg0005", "quorum_min": 1, "timestamp": 1783749487.324392}
{"actor": "syncer", "event_type": "transaction_stage_completed", "hostname": "mg0005", "seconds": 0.005552433955017477, "selected_count": 1, "stage": "catalog", "target_commit_seq": 2, "timestamp": 1783749487.532943}
{"actor": "syncer", "event_type": "transaction_stage_completed", "hostname": "mg0005", "seconds": 0.011102468008175492, "stage": "proposal_observation", "target_commit_seq": 2, "timestamp": 1783749487.5421896}
{"actor": "syncer", "event_type": "transaction_stage_completed", "hostname": "mg0005", "seconds": 0.00916514900745824, "stage": "aggregation", "target_commit_seq": 2, "timestamp": 1783749487.5513544}
{"actor": "syncer", "event_type": "transaction_stage_completed", "hostname": "mg0005", "seconds": 0.01071731501724571, "stage": "outer_step", "target_commit_seq": 2, "timestamp": 1783749487.5620718}
{"actor": "syncer", "event_type": "transaction_stage_completed", "hostname": "mg0005", "seconds": 0.028053307032678276, "stage": "successor_prepare", "target_commit_seq": 2, "timestamp": 1783749487.5912268}
{"actor": "syncer", "commit_id": "c-edcea4adbeaa41659c08c3d21df8066f45876f1c2cfbd840ce27b93b5f9bd253", "commit_seq": 2, "event_type": "head_cas_completed", "hostname": "mg0005", "seconds": 0.008754459966439754, "timestamp": 1783749487.5999813}
{"actor": "syncer", "commit_id": "c-edcea4adbeaa41659c08c3d21df8066f45876f1c2cfbd840ce27b93b5f9bd253", "commit_seq": 2, "event_type": "post_cas_replay_completed", "hostname": "mg0005", "seconds": 0.01246708002872765, "timestamp": 1783749487.6134188}
{"actor": "syncer", "event_type": "transaction_stage_completed", "hostname": "mg0005", "seconds": 0.025788627041038126, "stage": "materialized_export", "target_commit_seq": 2, "timestamp": 1783749487.640113}
{"actor": "syncer", "commit_id": "c-edcea4adbeaa41659c08c3d21df8066f45876f1c2cfbd840ce27b93b5f9bd253", "commit_seq": 2, "event_type": "transition_committed", "fragment_id": 0, "hostname": "mg0005", "selected_proposal_ids": ["p-7cc40016a50aefd629cbf4b3de2aaa522625159c2987f5e62720344c11108d2b"], "timestamp": 1783749487.6423514, "view_digest": "48e6d22640a17cda11fd0c4c07c59a5815d03bf7ec2263d60093092825a718be"}
{"actor": "syncer", "commit_seq": 2, "eligible": 0, "event_type": "quorum_wait", "fragment_id": 0, "hostname": "mg0005", "quorum_min": 1, "timestamp": 1783749487.8501043}
{"actor": "syncer", "commit_seq": 2, "eligible": 0, "event_type": "quorum_wait", "fragment_id": 0, "hostname": "mg0005", "quorum_min": 1, "timestamp": 1783749488.258546}
{"actor": "syncer", "commit_seq": 2, "eligible": 0, "event_type": "quorum_wait", "fragment_id": 0, "hostname": "mg0005", "quorum_min": 1, "timestamp": 1783749488.6668615}
{"actor": "syncer", "commit_seq": 2, "eligible": 0, "event_type": "quorum_wait", "fragment_id": 0, "hostname": "mg0005", "quorum_min": 1, "timestamp": 1783749489.081574}
{"actor": "syncer", "commit_seq": 2, "eligible": 0, "event_type": "quorum_wait", "fragment_id": 0, "hostname": "mg0005", "quorum_min": 1, "timestamp": 1783749489.4891326}
{"actor": "syncer", "commit_seq": 2, "eligible": 0, "event_type": "quorum_wait", "fragment_id": 0, "hostname": "mg0005", "quorum_min": 1, "timestamp": 1783749489.896241}
{"actor": "syncer", "commit_seq": 2, "eligible": 0, "event_type": "quorum_wait", "fragment_id": 0, "hostname": "mg0005", "quorum_min": 1, "timestamp": 1783749490.3037786}
{"actor": "syncer", "event_type": "transaction_stage_completed", "hostname": "mg0005", "seconds": 0.005748121999204159, "selected_count": 1, "stage": "catalog", "target_commit_seq": 3, "timestamp": 1783749490.512768}
{"actor": "syncer", "event_type": "transaction_stage_completed", "hostname": "mg0005", "seconds": 0.010678106045816094, "stage": "proposal_observation", "target_commit_seq": 3, "timestamp": 1783749490.5212624}
{"actor": "syncer", "event_type": "transaction_stage_completed", "hostname": "mg0005", "seconds": 0.0009850809583440423, "stage": "aggregation", "target_commit_seq": 3, "timestamp": 1783749490.5222473}
{"actor": "syncer", "event_type": "transaction_stage_completed", "hostname": "mg0005", "seconds": 0.0032352430280297995, "stage": "outer_step", "target_commit_seq": 3, "timestamp": 1783749490.5254827}
{"actor": "syncer", "event_type": "transaction_stage_completed", "hostname": "mg0005", "seconds": 0.030347160005476326, "stage": "successor_prepare", "target_commit_seq": 3, "timestamp": 1783749490.556785}
{"actor": "syncer", "commit_id": "c-d58a12e3e23bc27f9c7d23102d49eee6217c15b068dbee7d354a65b4141a14c1", "commit_seq": 3, "event_type": "head_cas_completed", "hostname": "mg0005", "seconds": 0.008558184024877846, "timestamp": 1783749490.565343}
{"actor": "syncer", "commit_id": "c-d58a12e3e23bc27f9c7d23102d49eee6217c15b068dbee7d354a65b4141a14c1", "commit_seq": 3, "event_type": "post_cas_replay_completed", "hostname": "mg0005", "seconds": 0.016116790007799864, "timestamp": 1783749490.58232}
{"actor": "syncer", "event_type": "transaction_stage_completed", "hostname": "mg0005", "seconds": 0.01901107601588592, "stage": "materialized_export", "target_commit_seq": 3, "timestamp": 1783749490.6022837}
{"actor": "syncer", "commit_id": "c-d58a12e3e23bc27f9c7d23102d49eee6217c15b068dbee7d354a65b4141a14c1", "commit_seq": 3, "event_type": "transition_committed", "fragment_id": 0, "hostname": "mg0005", "selected_proposal_ids": ["p-b0032752e205fb68a0abbc47866ac13124580185412ce174c027dd3a1ab6c7dc"], "timestamp": 1783749490.6038759, "view_digest": "0ea0882218ad77801ad1eafd6f5e34f77a8dc03aebef6ce7523c6916284e345c"}
{"actor": "syncer", "commit_seq": 4, "event_type": "coordination_stage_completed", "hostname": "mg0005", "optimizer_transition_count": 2, "seconds": 0.05080664198612794, "stage": "authoritative_stop", "timestamp": 1783749490.6557033}
{"actor": "syncer", "commit_id": "c-7bbc6293ee9ae660870122ce9a578da53d04c6561c29093e941e26d2e0f446de", "commit_seq": 4, "event_type": "stop_published", "hostname": "mg0005", "reason": "stop_after_outer_steps", "timestamp": 1783749490.6790595}
{"actor": "syncer", "deleted_files": 2, "event_type": "retention_cleanup", "hostname": "mg0005", "keep_last": 3, "role": "syncer", "timestamp": 1783749490.6821208}
{"actor": "syncer", "commit_seq": 4, "event_type": "process_exit", "hostname": "mg0005", "reason": "stop_after_outer_steps", "timestamp": 1783749490.6879246}
