{"actor": "syncer", "authority_root": "/work/xg24i002/x10041/duraloco_worktrees/p05-impl-82dbec1/runs/duraloco/P05/20260711_p05_impl_82dbec1_1node/full/authority", "cuda_visible_devices": "", "device": "cpu", "event_type": "process_start", "hostname": "mg0028", "owner_id": "syncer-active", "owner_session_id": "20260711_p05_impl_82dbec1_1node-full-active", "run_generation": 0, "run_id": "20260711_p05_impl_82dbec1_1node-full", "shared_root": "/work/xg24i002/x10041/duraloco_worktrees/p05-impl-82dbec1/runs/duraloco/P05/20260711_p05_impl_82dbec1_1node/full", "standby": false, "timestamp": 1783746422.4201577}
{"actor": "syncer", "commit_seq": 0, "event_type": "generation_initialized", "hostname": "mg0028", "timestamp": 1783746423.8478677, "view_digest": "c4c46d2e52e8e64ab8023580c18845598ef7693eb0b0e53228f6c5d8941e6a46"}
{"actor": "syncer", "event_type": "coordination_stage_completed", "hostname": "mg0028", "lease_sequence": 1, "owner_id": "syncer-active", "owner_session_id": "20260711_p05_impl_82dbec1_1node-full-active", "proposed_fencing_epoch": 1, "seconds": 0.007366696139797568, "stage": "lease_acquire", "timestamp": 1783746423.85811}
{"actor": "syncer", "commit_seq": 1, "event_type": "coordination_stage_completed", "fencing_epoch": 1, "hostname": "mg0028", "optimizer_transition_count": 0, "owner_id": "syncer-active", "owner_session_id": "20260711_p05_impl_82dbec1_1node-full-active", "seconds": 0.03627072018571198, "stage": "fence_commit_and_strict_replay", "timestamp": 1783746423.8955517}
{"actor": "syncer", "commit_seq": 1, "eligible": 0, "event_type": "quorum_wait", "fragment_id": 0, "hostname": "mg0028", "quorum_min": 1, "timestamp": 1783746424.1239905}
{"actor": "syncer", "commit_seq": 1, "eligible": 0, "event_type": "quorum_wait", "fragment_id": 0, "hostname": "mg0028", "quorum_min": 1, "timestamp": 1783746424.5261188}
{"actor": "syncer", "commit_seq": 1, "eligible": 0, "event_type": "quorum_wait", "fragment_id": 0, "hostname": "mg0028", "quorum_min": 1, "timestamp": 1783746424.928313}
{"actor": "syncer", "commit_seq": 1, "eligible": 0, "event_type": "quorum_wait", "fragment_id": 0, "hostname": "mg0028", "quorum_min": 1, "timestamp": 1783746425.3304749}
{"actor": "syncer", "commit_seq": 1, "eligible": 0, "event_type": "quorum_wait", "fragment_id": 0, "hostname": "mg0028", "quorum_min": 1, "timestamp": 1783746425.732698}
{"actor": "syncer", "commit_seq": 1, "eligible": 0, "event_type": "quorum_wait", "fragment_id": 0, "hostname": "mg0028", "quorum_min": 1, "timestamp": 1783746426.1348798}
{"actor": "syncer", "commit_seq": 1, "eligible": 0, "event_type": "quorum_wait", "fragment_id": 0, "hostname": "mg0028", "quorum_min": 1, "timestamp": 1783746426.5369902}
{"actor": "syncer", "event_type": "transaction_stage_completed", "hostname": "mg0028", "seconds": 0.20513091515749693, "selected_count": 2, "stage": "catalog", "target_commit_seq": 2, "timestamp": 1783746426.9444366}
{"actor": "syncer", "event_type": "transaction_stage_completed", "hostname": "mg0028", "seconds": 0.015583698870614171, "stage": "proposal_observation", "target_commit_seq": 2, "timestamp": 1783746426.9588227}
{"actor": "syncer", "event_type": "transaction_stage_completed", "hostname": "mg0028", "seconds": 0.001220006961375475, "stage": "aggregation", "target_commit_seq": 2, "timestamp": 1783746426.960042}
{"actor": "syncer", "event_type": "transaction_stage_completed", "hostname": "mg0028", "seconds": 0.0010472049470990896, "stage": "outer_step", "target_commit_seq": 2, "timestamp": 1783746426.9610887}
{"actor": "syncer", "event_type": "transaction_stage_completed", "hostname": "mg0028", "seconds": 0.02932028495706618, "stage": "successor_prepare", "target_commit_seq": 2, "timestamp": 1783746426.9913735}
{"actor": "syncer", "commit_id": "c-19062a5db6ab5d0ef51aeff875299607a6cb28d77ca9dd1c8a2d79af3220011e", "commit_seq": 2, "event_type": "head_cas_completed", "hostname": "mg0028", "seconds": 0.008258794900029898, "timestamp": 1783746426.9996324}
{"actor": "syncer", "commit_id": "c-19062a5db6ab5d0ef51aeff875299607a6cb28d77ca9dd1c8a2d79af3220011e", "commit_seq": 2, "event_type": "post_cas_replay_completed", "hostname": "mg0028", "seconds": 0.013642567908391356, "timestamp": 1783746427.0142105}
{"actor": "syncer", "event_type": "transaction_stage_completed", "hostname": "mg0028", "seconds": 0.021248050034046173, "stage": "materialized_export", "target_commit_seq": 2, "timestamp": 1783746427.0365498}
{"actor": "syncer", "commit_id": "c-19062a5db6ab5d0ef51aeff875299607a6cb28d77ca9dd1c8a2d79af3220011e", "commit_seq": 2, "event_type": "transition_committed", "fragment_id": 0, "hostname": "mg0028", "selected_proposal_ids": ["p-3a2f4095fdb93f611ccde1aa0881eb27dd7dba5ee50d61e3867d2ee67372aa19", "p-ec41c60d1ba06545d5b62bc093d838a95c7419a7612e1aef889d06e31942dcf1"], "timestamp": 1783746427.038604, "view_digest": "7f330f73201b2b15b9957add7a21865f2f4622e7ce665e3c9db375dddd351e37"}
{"actor": "syncer", "event_type": "transaction_stage_completed", "hostname": "mg0028", "seconds": 0.21070147189311683, "selected_count": 2, "stage": "catalog", "target_commit_seq": 3, "timestamp": 1783746427.2515662}
{"actor": "syncer", "event_type": "transaction_stage_completed", "hostname": "mg0028", "seconds": 0.016429624054580927, "stage": "proposal_observation", "target_commit_seq": 3, "timestamp": 1783746427.2666736}
{"actor": "syncer", "event_type": "transaction_stage_completed", "hostname": "mg0028", "seconds": 0.0010272369254380465, "stage": "aggregation", "target_commit_seq": 3, "timestamp": 1783746427.2677}
{"actor": "syncer", "event_type": "transaction_stage_completed", "hostname": "mg0028", "seconds": 0.0010051261633634567, "stage": "outer_step", "target_commit_seq": 3, "timestamp": 1783746427.2687051}
{"actor": "syncer", "event_type": "transaction_stage_completed", "hostname": "mg0028", "seconds": 0.03171008895151317, "stage": "successor_prepare", "target_commit_seq": 3, "timestamp": 1783746427.301336}
{"actor": "syncer", "commit_id": "c-d3d24bd451a5fc87eb4dfa82ab4d6b593b4d54b69d61df3589c78aa0cd49399d", "commit_seq": 3, "event_type": "head_cas_completed", "hostname": "mg0028", "seconds": 0.007765257032588124, "timestamp": 1783746427.309101}
{"actor": "syncer", "commit_id": "c-d3d24bd451a5fc87eb4dfa82ab4d6b593b4d54b69d61df3589c78aa0cd49399d", "commit_seq": 3, "event_type": "post_cas_replay_completed", "hostname": "mg0028", "seconds": 0.01805919990874827, "timestamp": 1783746427.3280334}
{"actor": "syncer", "event_type": "transaction_stage_completed", "hostname": "mg0028", "seconds": 0.019544840091839433, "stage": "materialized_export", "target_commit_seq": 3, "timestamp": 1783746427.3485322}
{"actor": "syncer", "commit_id": "c-d3d24bd451a5fc87eb4dfa82ab4d6b593b4d54b69d61df3589c78aa0cd49399d", "commit_seq": 3, "event_type": "transition_committed", "fragment_id": 0, "hostname": "mg0028", "selected_proposal_ids": ["p-4243b9a15c8bbee09f098ddd2967ec8877f18098394b307319b3b77481a38f9c", "p-c9dbfa0715ec79442c8aae2869c08164a8cbefe4173805792525c7a99830751f"], "timestamp": 1783746427.34994, "view_digest": "5235721d5308990d4ce4305808f175e3fbf3ffdc59107df82e1e4ffe24a1e05d"}
{"actor": "syncer", "commit_seq": 4, "event_type": "coordination_stage_completed", "hostname": "mg0028", "optimizer_transition_count": 2, "seconds": 0.06210650620050728, "stage": "authoritative_stop", "timestamp": 1783746427.4129646}
{"actor": "syncer", "commit_id": "c-353018e4ba24ffa5d71010f9f04c4db7bf3ff64f728ce8d84c5d874f151642e1", "commit_seq": 4, "event_type": "stop_published", "hostname": "mg0028", "reason": "stop_after_outer_steps", "timestamp": 1783746427.4361145}
{"actor": "syncer", "commit_seq": 4, "event_type": "process_exit", "hostname": "mg0028", "reason": "stop_after_outer_steps", "timestamp": 1783746427.437035}
