{"actor": "learner_001", "device": "cpu", "event_type": "process_start", "hostname": "mg0028", "learner_id": "learner_001", "run_id": "20260711_p05_impl_82dbec1_1node-full", "timestamp": 1783746424.4686556}
{"actor": "learner_001", "event_type": "loaded_global", "hostname": "mg0028", "timestamp": 1783746426.7835891, "version": 1}
{"actor": "learner_001", "event_type": "inner_optimizer_reset", "hostname": "mg0028", "timestamp": 1783746426.7851415, "version": 1}
{"actor": "learner_001", "event_type": "inner_step_summary", "global_version": 1, "hostname": "mg0028", "local_step": 1, "timestamp": 1783746426.8858035, "train_loss": 4.247425079345703}
{"actor": "learner_001", "event_type": "inner_step_summary", "global_version": 1, "hostname": "mg0028", "local_step": 2, "timestamp": 1783746426.8913352, "train_loss": 4.363005638122559}
{"actor": "learner_001", "event_type": "update_written", "file_path": "/work/xg24i002/x10041/duraloco_worktrees/p05-impl-82dbec1/runs/duraloco/P05/20260711_p05_impl_82dbec1_1node/full/updates/pending/learner_001/update_a01334904ce7.params.safetensors", "hostname": "mg0028", "local_step": 2, "timestamp": 1783746426.910143, "tokens": 64, "train_loss": 4.305215358734131, "update_id": "learner_001_00000002_a01334904ce7"}
{"actor": "learner_001", "event_type": "heartbeat_written", "hostname": "mg0028", "local_step": 2, "timestamp": 1783746426.9162617}
{"actor": "learner_001", "current_version": 1, "event_type": "latest_polled", "found_version": 2, "hostname": "mg0028", "timestamp": 1783746427.1179125}
{"actor": "learner_001", "event_type": "global_adopted", "hostname": "mg0028", "timestamp": 1783746427.1194677, "version": 2}
{"actor": "learner_001", "event_type": "inner_optimizer_reset", "hostname": "mg0028", "timestamp": 1783746427.120334, "version": 2}
{"actor": "learner_001", "event_type": "inner_step_summary", "global_version": 2, "hostname": "mg0028", "local_step": 3, "timestamp": 1783746427.1253207, "train_loss": 4.272406578063965}
{"actor": "learner_001", "event_type": "inner_step_summary", "global_version": 2, "hostname": "mg0028", "local_step": 4, "timestamp": 1783746427.1295679, "train_loss": 4.275343894958496}
{"actor": "learner_001", "event_type": "update_written", "file_path": "/work/xg24i002/x10041/duraloco_worktrees/p05-impl-82dbec1/runs/duraloco/P05/20260711_p05_impl_82dbec1_1node/full/updates/pending/learner_001/update_638e18e5d009.params.safetensors", "hostname": "mg0028", "local_step": 4, "timestamp": 1783746427.1435595, "tokens": 64, "train_loss": 4.2738752365112305, "update_id": "learner_001_00000004_638e18e5d009"}
{"actor": "learner_001", "event_type": "heartbeat_written", "hostname": "mg0028", "local_step": 4, "timestamp": 1783746427.148368}
{"actor": "learner_001", "current_version": 2, "event_type": "latest_polled", "found_version": 3, "hostname": "mg0028", "timestamp": 1783746427.3500493}
{"actor": "learner_001", "event_type": "global_adopted", "hostname": "mg0028", "timestamp": 1783746427.3514044, "version": 3}
{"actor": "learner_001", "event_type": "inner_optimizer_reset", "hostname": "mg0028", "timestamp": 1783746427.352275, "version": 3}
{"actor": "learner_001", "event_type": "inner_step_summary", "global_version": 3, "hostname": "mg0028", "local_step": 5, "timestamp": 1783746427.3601363, "train_loss": 4.422278881072998}
{"actor": "learner_001", "event_type": "inner_step_summary", "global_version": 3, "hostname": "mg0028", "local_step": 6, "timestamp": 1783746427.3646984, "train_loss": 4.3821892738342285}
{"actor": "learner_001", "event_type": "update_written", "file_path": "/work/xg24i002/x10041/duraloco_worktrees/p05-impl-82dbec1/runs/duraloco/P05/20260711_p05_impl_82dbec1_1node/full/updates/pending/learner_001/update_6dc758d168f0.params.safetensors", "hostname": "mg0028", "local_step": 6, "timestamp": 1783746427.3798628, "tokens": 64, "train_loss": 4.402234077453613, "update_id": "learner_001_00000006_6dc758d168f0"}
{"actor": "learner_001", "event_type": "heartbeat_written", "hostname": "mg0028", "local_step": 6, "timestamp": 1783746427.387723}
{"actor": "learner_001", "current_version": 3, "event_type": "latest_polled", "found_version": 4, "hostname": "mg0028", "timestamp": 1783746427.5896983}
{"actor": "learner_001", "event_type": "global_adopted", "hostname": "mg0028", "timestamp": 1783746427.5916188, "version": 4}
{"actor": "learner_001", "event_type": "inner_optimizer_reset", "hostname": "mg0028", "timestamp": 1783746427.5925372, "version": 4}
{"actor": "learner_001", "event_type": "stop_seen", "hostname": "mg0028", "reason": "stop_after_outer_steps", "timestamp": 1783746427.5939133}
{"actor": "learner_001", "deleted_files": 6, "event_type": "retention_cleanup", "hostname": "mg0028", "keep_last": 0, "role": "learner", "timestamp": 1783746427.605021, "update_dir": "/work/xg24i002/x10041/duraloco_worktrees/p05-impl-82dbec1/runs/duraloco/P05/20260711_p05_impl_82dbec1_1node/full/updates/pending/learner_001"}
{"actor": "learner_001", "event_type": "process_exit", "global_version": 4, "hostname": "mg0028", "local_step": 6, "timestamp": 1783746427.6059082}
