{"actor": "syncer", "authority_root": "/work/xg24i002/x10041/duraloco_worktrees/p05-impl-82dbec1/runs/duraloco/P05/20260711_p05_impl_82dbec1_1node/fragment/authority", "cuda_visible_devices": "", "device": "cpu", "event_type": "process_start", "hostname": "mg0028", "owner_id": "syncer-active", "owner_session_id": "20260711_p05_impl_82dbec1_1node-fragment-active", "run_generation": 0, "run_id": "20260711_p05_impl_82dbec1_1node-fragment", "shared_root": "/work/xg24i002/x10041/duraloco_worktrees/p05-impl-82dbec1/runs/duraloco/P05/20260711_p05_impl_82dbec1_1node/fragment", "standby": false, "timestamp": 1783746435.018666}
{"actor": "syncer", "commit_seq": 0, "event_type": "generation_initialized", "hostname": "mg0028", "timestamp": 1783746435.6733537, "view_digest": "d47d7bdd64c75e0ab3451b76dd61d6bc3e201f4efd271a6cf8211aa074605ead"}
{"actor": "syncer", "event_type": "coordination_stage_completed", "hostname": "mg0028", "lease_sequence": 1, "owner_id": "syncer-active", "owner_session_id": "20260711_p05_impl_82dbec1_1node-fragment-active", "proposed_fencing_epoch": 1, "seconds": 0.004936313955113292, "stage": "lease_acquire", "timestamp": 1783746435.6810575}
{"actor": "syncer", "commit_seq": 1, "event_type": "coordination_stage_completed", "fencing_epoch": 1, "hostname": "mg0028", "optimizer_transition_count": 0, "owner_id": "syncer-active", "owner_session_id": "20260711_p05_impl_82dbec1_1node-fragment-active", "seconds": 0.04139151889830828, "stage": "fence_commit_and_strict_replay", "timestamp": 1783746435.723547}
{"actor": "syncer", "commit_seq": 1, "eligible": 0, "event_type": "quorum_wait", "fragment_id": 0, "hostname": "mg0028", "quorum_min": 1, "timestamp": 1783746435.9518535}
{"actor": "syncer", "commit_seq": 1, "eligible": 0, "event_type": "quorum_wait", "fragment_id": 0, "hostname": "mg0028", "quorum_min": 1, "timestamp": 1783746436.3544078}
{"actor": "syncer", "commit_seq": 1, "eligible": 0, "event_type": "quorum_wait", "fragment_id": 0, "hostname": "mg0028", "quorum_min": 1, "timestamp": 1783746436.756775}
{"actor": "syncer", "commit_seq": 1, "eligible": 0, "event_type": "quorum_wait", "fragment_id": 0, "hostname": "mg0028", "quorum_min": 1, "timestamp": 1783746437.1592307}
{"actor": "syncer", "commit_seq": 1, "eligible": 0, "event_type": "quorum_wait", "fragment_id": 0, "hostname": "mg0028", "quorum_min": 1, "timestamp": 1783746437.5615914}
{"actor": "syncer", "commit_seq": 1, "eligible": 0, "event_type": "quorum_wait", "fragment_id": 0, "hostname": "mg0028", "quorum_min": 1, "timestamp": 1783746437.9640152}
{"actor": "syncer", "event_type": "transaction_stage_completed", "hostname": "mg0028", "seconds": 0.013468327932059765, "selected_count": 2, "stage": "catalog", "target_commit_seq": 2, "timestamp": 1783746438.1800902}
{"actor": "syncer", "event_type": "transaction_stage_completed", "hostname": "mg0028", "seconds": 0.015412402106449008, "stage": "proposal_observation", "target_commit_seq": 2, "timestamp": 1783746438.194209}
{"actor": "syncer", "event_type": "transaction_stage_completed", "hostname": "mg0028", "seconds": 0.001069254009053111, "stage": "aggregation", "target_commit_seq": 2, "timestamp": 1783746438.195278}
{"actor": "syncer", "event_type": "transaction_stage_completed", "hostname": "mg0028", "seconds": 0.001035973895341158, "stage": "outer_step", "target_commit_seq": 2, "timestamp": 1783746438.1963136}
{"actor": "syncer", "event_type": "transaction_stage_completed", "hostname": "mg0028", "seconds": 0.029354556929320097, "stage": "successor_prepare", "target_commit_seq": 2, "timestamp": 1783746438.226599}
{"actor": "syncer", "commit_id": "c-9d7daab5f0296934eab334b9eff2e2c426cf286ca425864a62ae3b53fdcec028", "commit_seq": 2, "event_type": "head_cas_completed", "hostname": "mg0028", "seconds": 0.008089644135907292, "timestamp": 1783746438.2346883}
{"actor": "syncer", "commit_id": "c-9d7daab5f0296934eab334b9eff2e2c426cf286ca425864a62ae3b53fdcec028", "commit_seq": 2, "event_type": "post_cas_replay_completed", "hostname": "mg0028", "seconds": 0.01457111886702478, "timestamp": 1783746438.250248}
{"actor": "syncer", "event_type": "transaction_stage_completed", "hostname": "mg0028", "seconds": 0.022702586138620973, "stage": "materialized_export", "target_commit_seq": 2, "timestamp": 1783746438.2738826}
{"actor": "syncer", "commit_id": "c-9d7daab5f0296934eab334b9eff2e2c426cf286ca425864a62ae3b53fdcec028", "commit_seq": 2, "event_type": "transition_committed", "fragment_id": 0, "hostname": "mg0028", "selected_proposal_ids": ["p-347846841b882d1e9f62f84fd27a5359cd4109c8716286eab59d2822c122cf81", "p-92f368303f39d83b2dcd94f19e6490a3bf67bef4a3dc6c8268dbfdbe7b26447c"], "timestamp": 1783746438.2759213, "view_digest": "9c868d89d2607924d101140c372038c34d976473a256d78d8adf63acb482dfa7"}
{"actor": "syncer", "event_type": "transaction_stage_completed", "hostname": "mg0028", "seconds": 0.20889497711323202, "selected_count": 2, "stage": "catalog", "target_commit_seq": 3, "timestamp": 1783746438.4870143}
{"actor": "syncer", "event_type": "transaction_stage_completed", "hostname": "mg0028", "seconds": 0.014484205050393939, "stage": "proposal_observation", "target_commit_seq": 3, "timestamp": 1783746438.5002353}
{"actor": "syncer", "event_type": "transaction_stage_completed", "hostname": "mg0028", "seconds": 0.0010686779860407114, "stage": "aggregation", "target_commit_seq": 3, "timestamp": 1783746438.501304}
{"actor": "syncer", "event_type": "transaction_stage_completed", "hostname": "mg0028", "seconds": 0.0009968047961592674, "stage": "outer_step", "target_commit_seq": 3, "timestamp": 1783746438.5023003}
{"actor": "syncer", "event_type": "transaction_stage_completed", "hostname": "mg0028", "seconds": 0.032577646896243095, "stage": "successor_prepare", "target_commit_seq": 3, "timestamp": 1783746438.5358014}
{"actor": "syncer", "commit_id": "c-c126f5bb5fb1dc4d1a876dfe93064c0bf3f5f2fd72a309a22ba04d1f7f7bb855", "commit_seq": 3, "event_type": "head_cas_completed", "hostname": "mg0028", "seconds": 0.0077375140972435474, "timestamp": 1783746438.5435386}
{"actor": "syncer", "commit_id": "c-c126f5bb5fb1dc4d1a876dfe93064c0bf3f5f2fd72a309a22ba04d1f7f7bb855", "commit_seq": 3, "event_type": "post_cas_replay_completed", "hostname": "mg0028", "seconds": 0.01962794503197074, "timestamp": 1783746438.5640094}
{"actor": "syncer", "event_type": "transaction_stage_completed", "hostname": "mg0028", "seconds": 0.023102651815861464, "stage": "materialized_export", "target_commit_seq": 3, "timestamp": 1783746438.588168}
{"actor": "syncer", "commit_id": "c-c126f5bb5fb1dc4d1a876dfe93064c0bf3f5f2fd72a309a22ba04d1f7f7bb855", "commit_seq": 3, "event_type": "transition_committed", "fragment_id": 1, "hostname": "mg0028", "selected_proposal_ids": ["p-2312ff371aa67119b49848e1b0898b01b278cc830cfa7658b77485814b35bfa6", "p-dc1c123a08912f42f769c9c1a55ef3e580d74cdb017a953bfb0ba6d9ae7bca63"], "timestamp": 1783746438.5896926, "view_digest": "b2f50f52eeba4c42741a3ef2ecbcedff58b7cf0097f7af664030b0586d0d9e5e"}
{"actor": "syncer", "event_type": "transaction_stage_completed", "hostname": "mg0028", "seconds": 0.21619936800561845, "selected_count": 2, "stage": "catalog", "target_commit_seq": 4, "timestamp": 1783746438.8079808}
{"actor": "syncer", "event_type": "transaction_stage_completed", "hostname": "mg0028", "seconds": 0.014386348892003298, "stage": "proposal_observation", "target_commit_seq": 4, "timestamp": 1783746438.8211718}
{"actor": "syncer", "event_type": "transaction_stage_completed", "hostname": "mg0028", "seconds": 0.0010149169247597456, "stage": "aggregation", "target_commit_seq": 4, "timestamp": 1783746438.822186}
{"actor": "syncer", "event_type": "transaction_stage_completed", "hostname": "mg0028", "seconds": 0.0009961980395019054, "stage": "outer_step", "target_commit_seq": 4, "timestamp": 1783746438.8231823}
{"actor": "syncer", "event_type": "transaction_stage_completed", "hostname": "mg0028", "seconds": 0.037788969930261374, "stage": "successor_prepare", "target_commit_seq": 4, "timestamp": 1783746438.8618994}
{"actor": "syncer", "commit_id": "c-c4baef7f6509b32c324bab0495bdfdee347501ae56de377e85c664f14655686c", "commit_seq": 4, "event_type": "head_cas_completed", "hostname": "mg0028", "seconds": 0.008028587093576789, "timestamp": 1783746438.8699274}
{"actor": "syncer", "commit_id": "c-c4baef7f6509b32c324bab0495bdfdee347501ae56de377e85c664f14655686c", "commit_seq": 4, "event_type": "post_cas_replay_completed", "hostname": "mg0028", "seconds": 0.02508781384676695, "timestamp": 1783746438.8959773}
{"actor": "syncer", "event_type": "transaction_stage_completed", "hostname": "mg0028", "seconds": 0.022998012136667967, "stage": "materialized_export", "target_commit_seq": 4, "timestamp": 1783746438.919957}
{"actor": "syncer", "commit_id": "c-c4baef7f6509b32c324bab0495bdfdee347501ae56de377e85c664f14655686c", "commit_seq": 4, "event_type": "transition_committed", "fragment_id": 0, "hostname": "mg0028", "selected_proposal_ids": ["p-0b75d87e9d47d20ec04f7f571b49466cfc43650367145cfe652bc92abbfc34a9", "p-959bb186a9b6d09f33ce184686355fd3f900732d7ca6e4d100098610046365ca"], "timestamp": 1783746438.9215329, "view_digest": "947ced5a2cb58b4c2ff60818e02f2af25cd4a2692366f9709a9fcfa5b0731617"}
{"actor": "syncer", "commit_seq": 4, "eligible": 0, "event_type": "quorum_wait", "fragment_id": 1, "hostname": "mg0028", "quorum_min": 1, "timestamp": 1783746439.1447031}
{"actor": "syncer", "event_type": "transaction_stage_completed", "hostname": "mg0028", "seconds": 0.05294389999471605, "selected_count": 2, "stage": "catalog", "target_commit_seq": 5, "timestamp": 1783746439.4001203}
{"actor": "syncer", "event_type": "transaction_stage_completed", "hostname": "mg0028", "seconds": 0.038288364885374904, "stage": "proposal_observation", "target_commit_seq": 5, "timestamp": 1783746439.4371266}
{"actor": "syncer", "event_type": "transaction_stage_completed", "hostname": "mg0028", "seconds": 0.0010307899210602045, "stage": "aggregation", "target_commit_seq": 5, "timestamp": 1783746439.438157}
{"actor": "syncer", "event_type": "transaction_stage_completed", "hostname": "mg0028", "seconds": 0.0010133490432053804, "stage": "outer_step", "target_commit_seq": 5, "timestamp": 1783746439.4391706}
{"actor": "syncer", "event_type": "transaction_stage_completed", "hostname": "mg0028", "seconds": 0.04322643997147679, "stage": "successor_prepare", "target_commit_seq": 5, "timestamp": 1783746439.4833481}
{"actor": "syncer", "commit_id": "c-381c058ee481eb1d169330589595aea6bd989386acab516163229d03b32ecd19", "commit_seq": 5, "event_type": "head_cas_completed", "hostname": "mg0028", "seconds": 0.008150828070938587, "timestamp": 1783746439.491499}
{"actor": "syncer", "commit_id": "c-381c058ee481eb1d169330589595aea6bd989386acab516163229d03b32ecd19", "commit_seq": 5, "event_type": "post_cas_replay_completed", "hostname": "mg0028", "seconds": 0.03135495190508664, "timestamp": 1783746439.5237494}
{"actor": "syncer", "event_type": "transaction_stage_completed", "hostname": "mg0028", "seconds": 0.027466162806376815, "stage": "materialized_export", "target_commit_seq": 5, "timestamp": 1783746439.5522034}
{"actor": "syncer", "commit_id": "c-381c058ee481eb1d169330589595aea6bd989386acab516163229d03b32ecd19", "commit_seq": 5, "event_type": "transition_committed", "fragment_id": 1, "hostname": "mg0028", "selected_proposal_ids": ["p-10771ed33b846a782112a2d6389c9c4b199fd0c1b7821dc5e7878d68618284fe", "p-a56fc4bffcd9e6745363c38aacce2cb98d5fa66ea5b1487518bd847e07deeede"], "timestamp": 1783746439.553813, "view_digest": "db4117f8929f21da6a9676ec81e0b41c445f11c0f95a19a9711414bb8de073b0"}
{"actor": "syncer", "commit_seq": 6, "event_type": "coordination_stage_completed", "hostname": "mg0028", "optimizer_transition_count": 4, "seconds": 0.09469372406601906, "stage": "authoritative_stop", "timestamp": 1783746439.6494987}
{"actor": "syncer", "commit_id": "c-bad66fa473d34f3af776ecb3ac35ac07a9f8f691af8336e28b3054cbe22db533", "commit_seq": 6, "event_type": "stop_published", "hostname": "mg0028", "reason": "stop_after_outer_steps", "timestamp": 1783746439.6830564}
{"actor": "syncer", "commit_seq": 6, "event_type": "process_exit", "hostname": "mg0028", "reason": "stop_after_outer_steps", "timestamp": 1783746439.6841848}
