{"actor": "learner_000", "device": "cpu", "event_type": "process_start", "fragment_mode": true, "hostname": "mg0028", "learner_id": "learner_000", "run_id": "20260711_p05_impl_82dbec1_1node-fragment", "timestamp": 1783746437.050773}
{"actor": "learner_000", "event_type": "loaded_fragment_latest", "fragment_versions": {"0": 0, "1": 0}, "global_merge_event": 0, "hostname": "mg0028", "timestamp": 1783746437.9863448}
{"actor": "learner_000", "event_type": "inner_optimizer_reset", "hostname": "mg0028", "timestamp": 1783746437.9877963, "version": 0}
{"actor": "learner_000", "event_type": "inner_step_summary", "global_merge_event": 0, "hostname": "mg0028", "local_step": 1, "timestamp": 1783746438.0017571, "train_loss": 4.226601600646973}
{"actor": "learner_000", "event_type": "inner_step_summary", "global_merge_event": 0, "hostname": "mg0028", "local_step": 2, "timestamp": 1783746438.0136404, "train_loss": 4.442563533782959}
{"actor": "learner_000", "base_fragment_version": 0, "event_type": "fragment_update_written", "file_path": "/work/xg24i002/x10041/duraloco_worktrees/p05-impl-82dbec1/runs/duraloco/P05/20260711_p05_impl_82dbec1_1node/fragment/updates/pending/learner_000/update_85a37b003b8c_fragment_000.params.safetensors", "fragment_id": 0, "hostname": "mg0028", "local_step": 2, "timestamp": 1783746438.0312788, "tokens": 64, "train_loss": 4.334582567214966, "update_id": "learner_000_00000002_f000_85a37b003b8c"}
{"actor": "learner_000", "event_type": "heartbeat_written", "hostname": "mg0028", "local_step": 2, "timestamp": 1783746438.0368483}
{"actor": "learner_000", "current_global_merge_event": 0, "event_type": "fragment_latest_polled", "found_global_merge_event": 1, "hostname": "mg0028", "timestamp": 1783746438.4389546}
{"actor": "learner_000", "event_type": "inner_optimizer_reset", "fragments": [0], "hostname": "mg0028", "timestamp": 1783746438.4406328, "version": 1}
{"actor": "learner_000", "event_type": "fragments_adopted", "fragment_versions": {"0": 1, "1": 0}, "fragments": [0], "global_merge_event": 1, "hostname": "mg0028", "timestamp": 1783746438.4415064}
{"actor": "learner_000", "event_type": "inner_step_summary", "global_merge_event": 1, "hostname": "mg0028", "local_step": 3, "timestamp": 1783746438.4478626, "train_loss": 4.441705703735352}
{"actor": "learner_000", "event_type": "inner_step_summary", "global_merge_event": 1, "hostname": "mg0028", "local_step": 4, "timestamp": 1783746438.4520433, "train_loss": 4.359196186065674}
{"actor": "learner_000", "base_fragment_version": 0, "event_type": "fragment_update_written", "file_path": "/work/xg24i002/x10041/duraloco_worktrees/p05-impl-82dbec1/runs/duraloco/P05/20260711_p05_impl_82dbec1_1node/fragment/updates/pending/learner_000/update_9387e8425fc9_fragment_001.params.safetensors", "fragment_id": 1, "hostname": "mg0028", "local_step": 4, "timestamp": 1783746438.466785, "tokens": 64, "train_loss": 4.400450944900513, "update_id": "learner_000_00000004_f001_9387e8425fc9"}
{"actor": "learner_000", "event_type": "heartbeat_written", "hostname": "mg0028", "local_step": 4, "timestamp": 1783746438.4711075}
{"actor": "learner_000", "current_global_merge_event": 1, "event_type": "fragment_latest_polled", "found_global_merge_event": 2, "hostname": "mg0028", "timestamp": 1783746438.672895}
{"actor": "learner_000", "event_type": "inner_optimizer_reset", "fragments": [1], "hostname": "mg0028", "timestamp": 1783746438.6746213, "version": 2}
{"actor": "learner_000", "event_type": "fragments_adopted", "fragment_versions": {"0": 1, "1": 1}, "fragments": [1], "global_merge_event": 2, "hostname": "mg0028", "timestamp": 1783746438.675515}
{"actor": "learner_000", "event_type": "inner_step_summary", "global_merge_event": 2, "hostname": "mg0028", "local_step": 5, "timestamp": 1783746438.678192, "train_loss": 4.430759906768799}
{"actor": "learner_000", "event_type": "inner_step_summary", "global_merge_event": 2, "hostname": "mg0028", "local_step": 6, "timestamp": 1783746438.6867733, "train_loss": 4.449939250946045}
{"actor": "learner_000", "base_fragment_version": 1, "event_type": "fragment_update_written", "file_path": "/work/xg24i002/x10041/duraloco_worktrees/p05-impl-82dbec1/runs/duraloco/P05/20260711_p05_impl_82dbec1_1node/fragment/updates/pending/learner_000/update_9da7346568fc_fragment_000.params.safetensors", "fragment_id": 0, "hostname": "mg0028", "local_step": 6, "timestamp": 1783746438.7036762, "tokens": 64, "train_loss": 4.440349578857422, "update_id": "learner_000_00000006_f000_9da7346568fc"}
{"actor": "learner_000", "event_type": "heartbeat_written", "hostname": "mg0028", "local_step": 6, "timestamp": 1783746438.7120287}
{"actor": "learner_000", "current_global_merge_event": 2, "event_type": "fragment_latest_polled", "found_global_merge_event": 3, "hostname": "mg0028", "timestamp": 1783746439.1144657}
{"actor": "learner_000", "event_type": "inner_optimizer_reset", "fragments": [0], "hostname": "mg0028", "timestamp": 1783746439.1162674, "version": 3}
{"actor": "learner_000", "event_type": "fragments_adopted", "fragment_versions": {"0": 2, "1": 1}, "fragments": [0], "global_merge_event": 3, "hostname": "mg0028", "timestamp": 1783746439.1175463}
{"actor": "learner_000", "event_type": "inner_step_summary", "global_merge_event": 3, "hostname": "mg0028", "local_step": 7, "timestamp": 1783746439.120025, "train_loss": 4.433233737945557}
{"actor": "learner_000", "event_type": "heartbeat_written", "hostname": "mg0028", "local_step": 7, "timestamp": 1783746439.1243622}
{"actor": "learner_000", "event_type": "inner_step_summary", "global_merge_event": 3, "hostname": "mg0028", "local_step": 8, "timestamp": 1783746439.1269479, "train_loss": 4.310988426208496}
{"actor": "learner_000", "base_fragment_version": 1, "event_type": "fragment_update_written", "file_path": "/work/xg24i002/x10041/duraloco_worktrees/p05-impl-82dbec1/runs/duraloco/P05/20260711_p05_impl_82dbec1_1node/fragment/updates/pending/learner_000/update_a612834982f2_fragment_001.params.safetensors", "fragment_id": 1, "hostname": "mg0028", "local_step": 8, "timestamp": 1783746439.1431406, "tokens": 64, "train_loss": 4.372111082077026, "update_id": "learner_000_00000008_f001_a612834982f2"}
{"actor": "learner_000", "event_type": "heartbeat_written", "hostname": "mg0028", "local_step": 8, "timestamp": 1783746439.147669}
{"actor": "learner_000", "current_global_merge_event": 3, "event_type": "fragment_latest_polled", "found_global_merge_event": 4, "hostname": "mg0028", "timestamp": 1783746439.750509}
{"actor": "learner_000", "event_type": "inner_optimizer_reset", "fragments": [1], "hostname": "mg0028", "timestamp": 1783746439.7523804, "version": 4}
{"actor": "learner_000", "event_type": "fragments_adopted", "fragment_versions": {"0": 2, "1": 2}, "fragments": [1], "global_merge_event": 4, "hostname": "mg0028", "timestamp": 1783746439.7532754}
{"actor": "learner_000", "event_type": "stop_seen", "hostname": "mg0028", "reason": "stop_after_outer_steps", "timestamp": 1783746439.7550294}
{"actor": "learner_000", "deleted_files": 8, "event_type": "retention_cleanup", "hostname": "mg0028", "keep_last": 0, "role": "learner", "timestamp": 1783746439.7663226, "update_dir": "/work/xg24i002/x10041/duraloco_worktrees/p05-impl-82dbec1/runs/duraloco/P05/20260711_p05_impl_82dbec1_1node/fragment/updates/pending/learner_000"}
{"actor": "learner_000", "event_type": "process_exit", "fragment_adopt_count": 4, "fragment_versions": {"0": 2, "1": 2}, "global_version": 4, "hostname": "mg0028", "local_step": 8, "timestamp": 1783746439.7671967}
