{"actor": "learner_001", "device": "cpu", "event_type": "process_start", "fragment_mode": true, "hostname": "mg0028", "learner_id": "learner_001", "run_id": "20260711_p05_impl_82dbec1_1node-fragment", "timestamp": 1783746437.0657363}
{"actor": "learner_001", "event_type": "loaded_fragment_latest", "fragment_versions": {"0": 0, "1": 0}, "global_merge_event": 0, "hostname": "mg0028", "timestamp": 1783746437.9862528}
{"actor": "learner_001", "event_type": "inner_optimizer_reset", "hostname": "mg0028", "timestamp": 1783746437.9876847, "version": 0}
{"actor": "learner_001", "event_type": "inner_step_summary", "global_merge_event": 0, "hostname": "mg0028", "local_step": 1, "timestamp": 1783746438.0015452, "train_loss": 4.238730430603027}
{"actor": "learner_001", "event_type": "inner_step_summary", "global_merge_event": 0, "hostname": "mg0028", "local_step": 2, "timestamp": 1783746438.0138285, "train_loss": 4.313138008117676}
{"actor": "learner_001", "base_fragment_version": 0, "event_type": "fragment_update_written", "file_path": "/work/xg24i002/x10041/duraloco_worktrees/p05-impl-82dbec1/runs/duraloco/P05/20260711_p05_impl_82dbec1_1node/fragment/updates/pending/learner_001/update_f9980de4ca0e_fragment_000.params.safetensors", "fragment_id": 0, "hostname": "mg0028", "local_step": 2, "timestamp": 1783746438.0314562, "tokens": 64, "train_loss": 4.275934219360352, "update_id": "learner_001_00000002_f000_f9980de4ca0e"}
{"actor": "learner_001", "event_type": "heartbeat_written", "hostname": "mg0028", "local_step": 2, "timestamp": 1783746438.0372503}
{"actor": "learner_001", "current_global_merge_event": 0, "event_type": "fragment_latest_polled", "found_global_merge_event": 1, "hostname": "mg0028", "timestamp": 1783746438.439243}
{"actor": "learner_001", "event_type": "inner_optimizer_reset", "fragments": [0], "hostname": "mg0028", "timestamp": 1783746438.440836, "version": 1}
{"actor": "learner_001", "event_type": "fragments_adopted", "fragment_versions": {"0": 1, "1": 0}, "fragments": [0], "global_merge_event": 1, "hostname": "mg0028", "timestamp": 1783746438.4417033}
{"actor": "learner_001", "event_type": "inner_step_summary", "global_merge_event": 1, "hostname": "mg0028", "local_step": 3, "timestamp": 1783746438.4482493, "train_loss": 4.31985330581665}
{"actor": "learner_001", "event_type": "inner_step_summary", "global_merge_event": 1, "hostname": "mg0028", "local_step": 4, "timestamp": 1783746438.452794, "train_loss": 4.383752346038818}
{"actor": "learner_001", "base_fragment_version": 0, "event_type": "fragment_update_written", "file_path": "/work/xg24i002/x10041/duraloco_worktrees/p05-impl-82dbec1/runs/duraloco/P05/20260711_p05_impl_82dbec1_1node/fragment/updates/pending/learner_001/update_1ee54daa238c_fragment_001.params.safetensors", "fragment_id": 1, "hostname": "mg0028", "local_step": 4, "timestamp": 1783746438.4688098, "tokens": 64, "train_loss": 4.351802825927734, "update_id": "learner_001_00000004_f001_1ee54daa238c"}
{"actor": "learner_001", "event_type": "heartbeat_written", "hostname": "mg0028", "local_step": 4, "timestamp": 1783746438.473963}
{"actor": "learner_001", "current_global_merge_event": 1, "event_type": "fragment_latest_polled", "found_global_merge_event": 2, "hostname": "mg0028", "timestamp": 1783746438.6756194}
{"actor": "learner_001", "event_type": "inner_optimizer_reset", "fragments": [1], "hostname": "mg0028", "timestamp": 1783746438.677265, "version": 2}
{"actor": "learner_001", "event_type": "fragments_adopted", "fragment_versions": {"0": 1, "1": 1}, "fragments": [1], "global_merge_event": 2, "hostname": "mg0028", "timestamp": 1783746438.6783895}
{"actor": "learner_001", "event_type": "inner_step_summary", "global_merge_event": 2, "hostname": "mg0028", "local_step": 5, "timestamp": 1783746438.6875062, "train_loss": 4.4649834632873535}
{"actor": "learner_001", "event_type": "inner_step_summary", "global_merge_event": 2, "hostname": "mg0028", "local_step": 6, "timestamp": 1783746438.6898854, "train_loss": 4.361268043518066}
{"actor": "learner_001", "base_fragment_version": 1, "event_type": "fragment_update_written", "file_path": "/work/xg24i002/x10041/duraloco_worktrees/p05-impl-82dbec1/runs/duraloco/P05/20260711_p05_impl_82dbec1_1node/fragment/updates/pending/learner_001/update_9b8ed8ecd6a5_fragment_000.params.safetensors", "fragment_id": 0, "hostname": "mg0028", "local_step": 6, "timestamp": 1783746438.70528, "tokens": 64, "train_loss": 4.41312575340271, "update_id": "learner_001_00000006_f000_9b8ed8ecd6a5"}
{"actor": "learner_001", "event_type": "heartbeat_written", "hostname": "mg0028", "local_step": 6, "timestamp": 1783746438.7100255}
{"actor": "learner_001", "current_global_merge_event": 2, "event_type": "fragment_latest_polled", "found_global_merge_event": 3, "hostname": "mg0028", "timestamp": 1783746439.1124358}
{"actor": "learner_001", "event_type": "inner_optimizer_reset", "fragments": [0], "hostname": "mg0028", "timestamp": 1783746439.1141906, "version": 3}
{"actor": "learner_001", "event_type": "fragments_adopted", "fragment_versions": {"0": 2, "1": 1}, "fragments": [0], "global_merge_event": 3, "hostname": "mg0028", "timestamp": 1783746439.115102}
{"actor": "learner_001", "event_type": "inner_step_summary", "global_merge_event": 3, "hostname": "mg0028", "local_step": 7, "timestamp": 1783746439.1174452, "train_loss": 4.242225170135498}
{"actor": "learner_001", "event_type": "heartbeat_written", "hostname": "mg0028", "local_step": 7, "timestamp": 1783746439.122349}
{"actor": "learner_001", "event_type": "inner_step_summary", "global_merge_event": 3, "hostname": "mg0028", "local_step": 8, "timestamp": 1783746439.1258042, "train_loss": 4.316246032714844}
{"actor": "learner_001", "base_fragment_version": 1, "event_type": "fragment_update_written", "file_path": "/work/xg24i002/x10041/duraloco_worktrees/p05-impl-82dbec1/runs/duraloco/P05/20260711_p05_impl_82dbec1_1node/fragment/updates/pending/learner_001/update_c67335b0aa4f_fragment_001.params.safetensors", "fragment_id": 1, "hostname": "mg0028", "local_step": 8, "timestamp": 1783746439.1405385, "tokens": 64, "train_loss": 4.279235601425171, "update_id": "learner_001_00000008_f001_c67335b0aa4f"}
{"actor": "learner_001", "event_type": "heartbeat_written", "hostname": "mg0028", "local_step": 8, "timestamp": 1783746439.1449008}
{"actor": "learner_001", "current_global_merge_event": 3, "event_type": "fragment_latest_polled", "found_global_merge_event": 4, "hostname": "mg0028", "timestamp": 1783746439.7477856}
{"actor": "learner_001", "event_type": "inner_optimizer_reset", "fragments": [1], "hostname": "mg0028", "timestamp": 1783746439.7526197, "version": 4}
{"actor": "learner_001", "event_type": "fragments_adopted", "fragment_versions": {"0": 2, "1": 2}, "fragments": [1], "global_merge_event": 4, "hostname": "mg0028", "timestamp": 1783746439.7546856}
{"actor": "learner_001", "event_type": "stop_seen", "hostname": "mg0028", "reason": "stop_after_outer_steps", "timestamp": 1783746439.7564938}
{"actor": "learner_001", "deleted_files": 8, "event_type": "retention_cleanup", "hostname": "mg0028", "keep_last": 0, "role": "learner", "timestamp": 1783746439.7670066, "update_dir": "/work/xg24i002/x10041/duraloco_worktrees/p05-impl-82dbec1/runs/duraloco/P05/20260711_p05_impl_82dbec1_1node/fragment/updates/pending/learner_001"}
{"actor": "learner_001", "event_type": "process_exit", "fragment_adopt_count": 4, "fragment_versions": {"0": 2, "1": 2}, "global_version": 4, "hostname": "mg0028", "local_step": 8, "timestamp": 1783746439.767863}
