{"actor": "learner_001", "device": "cpu", "event_type": "process_start", "hostname": "mg0008", "learner_id": "learner_001", "run_id": "20260711_m00_cd5bd73_1node_requal-full", "timestamp": 1783729565.6145933}
{"actor": "learner_001", "event_type": "loaded_global", "hostname": "mg0008", "timestamp": 1783729568.030214, "version": 0}
{"actor": "learner_001", "event_type": "inner_optimizer_reset", "hostname": "mg0008", "timestamp": 1783729568.031579, "version": 0}
{"actor": "learner_001", "event_type": "inner_step_summary", "global_version": 0, "hostname": "mg0008", "local_step": 1, "timestamp": 1783729568.1437788, "train_loss": 4.29910135269165}
{"actor": "learner_001", "event_type": "inner_step_summary", "global_version": 0, "hostname": "mg0008", "local_step": 2, "timestamp": 1783729568.1515915, "train_loss": 4.398096084594727}
{"actor": "learner_001", "event_type": "update_written", "file_path": "/work/xg24i002/x10041/fs_based_decoupled_diloco/runs/duraloco/M00/20260711_m00_cd5bd73_1node_requal/full/updates/pending/learner_001/update_b41009e8545a.params.safetensors", "hostname": "mg0008", "local_step": 2, "timestamp": 1783729568.1625726, "tokens": 64, "train_loss": 4.3485987186431885, "update_id": "learner_001_00000002_b41009e8545a"}
{"actor": "learner_001", "event_type": "heartbeat_written", "hostname": "mg0008", "local_step": 2, "timestamp": 1783729568.1684287}
{"actor": "learner_001", "current_version": 0, "event_type": "latest_polled", "found_version": 1, "hostname": "mg0008", "timestamp": 1783729568.370091}
{"actor": "learner_001", "event_type": "global_adopted", "hostname": "mg0008", "timestamp": 1783729568.371946, "version": 1}
{"actor": "learner_001", "event_type": "inner_optimizer_reset", "hostname": "mg0008", "timestamp": 1783729568.3791745, "version": 1}
{"actor": "learner_001", "event_type": "inner_step_summary", "global_version": 1, "hostname": "mg0008", "local_step": 3, "timestamp": 1783729568.4040797, "train_loss": 4.352484703063965}
{"actor": "learner_001", "event_type": "inner_step_summary", "global_version": 1, "hostname": "mg0008", "local_step": 4, "timestamp": 1783729568.4076362, "train_loss": 4.39542818069458}
{"actor": "learner_001", "event_type": "update_written", "file_path": "/work/xg24i002/x10041/fs_based_decoupled_diloco/runs/duraloco/M00/20260711_m00_cd5bd73_1node_requal/full/updates/pending/learner_001/update_c445c011a799.params.safetensors", "hostname": "mg0008", "local_step": 4, "timestamp": 1783729568.415982, "tokens": 64, "train_loss": 4.3739564418792725, "update_id": "learner_001_00000004_c445c011a799"}
{"actor": "learner_001", "event_type": "heartbeat_written", "hostname": "mg0008", "local_step": 4, "timestamp": 1783729568.4208193}
{"actor": "learner_001", "current_version": 1, "event_type": "latest_polled", "found_version": 2, "hostname": "mg0008", "timestamp": 1783729568.8233113}
{"actor": "learner_001", "event_type": "global_adopted", "hostname": "mg0008", "timestamp": 1783729568.825207, "version": 2}
{"actor": "learner_001", "event_type": "inner_optimizer_reset", "hostname": "mg0008", "timestamp": 1783729568.8260767, "version": 2}
{"actor": "learner_001", "event_type": "stop_seen", "hostname": "mg0008", "reason": "stop_after_outer_steps", "timestamp": 1783729568.827275}
{"actor": "learner_001", "deleted_files": 4, "event_type": "retention_cleanup", "hostname": "mg0008", "keep_last": 0, "role": "learner", "timestamp": 1783729568.8343797, "update_dir": "/work/xg24i002/x10041/fs_based_decoupled_diloco/runs/duraloco/M00/20260711_m00_cd5bd73_1node_requal/full/updates/pending/learner_001"}
{"actor": "learner_001", "event_type": "process_exit", "global_version": 2, "hostname": "mg0008", "local_step": 4, "timestamp": 1783729568.835258}
