{"actor": "learner_000", "device": "cpu", "event_type": "process_start", "hostname": "mg0008", "learner_id": "learner_000", "run_id": "20260711_m00_cd5bd73_1node_requal-full", "timestamp": 1783729565.6146147}
{"actor": "learner_000", "event_type": "loaded_global", "hostname": "mg0008", "timestamp": 1783729568.0300996, "version": 0}
{"actor": "learner_000", "event_type": "inner_optimizer_reset", "hostname": "mg0008", "timestamp": 1783729568.0315204, "version": 0}
{"actor": "learner_000", "event_type": "inner_step_summary", "global_version": 0, "hostname": "mg0008", "local_step": 1, "timestamp": 1783729568.1437705, "train_loss": 4.124533653259277}
{"actor": "learner_000", "event_type": "inner_step_summary", "global_version": 0, "hostname": "mg0008", "local_step": 2, "timestamp": 1783729568.151325, "train_loss": 4.305476188659668}
{"actor": "learner_000", "event_type": "update_written", "file_path": "/work/xg24i002/x10041/fs_based_decoupled_diloco/runs/duraloco/M00/20260711_m00_cd5bd73_1node_requal/full/updates/pending/learner_000/update_3a37afba2a21.params.safetensors", "hostname": "mg0008", "local_step": 2, "timestamp": 1783729568.162576, "tokens": 64, "train_loss": 4.215004920959473, "update_id": "learner_000_00000002_3a37afba2a21"}
{"actor": "learner_000", "event_type": "heartbeat_written", "hostname": "mg0008", "local_step": 2, "timestamp": 1783729568.168018}
{"actor": "learner_000", "current_version": 0, "event_type": "latest_polled", "found_version": 1, "hostname": "mg0008", "timestamp": 1783729568.3697572}
{"actor": "learner_000", "event_type": "global_adopted", "hostname": "mg0008", "timestamp": 1783729568.3714905, "version": 1}
{"actor": "learner_000", "event_type": "inner_optimizer_reset", "hostname": "mg0008", "timestamp": 1783729568.3723743, "version": 1}
{"actor": "learner_000", "event_type": "inner_step_summary", "global_version": 1, "hostname": "mg0008", "local_step": 3, "timestamp": 1783729568.3756683, "train_loss": 4.326259136199951}
{"actor": "learner_000", "event_type": "inner_step_summary", "global_version": 1, "hostname": "mg0008", "local_step": 4, "timestamp": 1783729568.3791595, "train_loss": 4.3962483406066895}
{"actor": "learner_000", "event_type": "update_written", "file_path": "/work/xg24i002/x10041/fs_based_decoupled_diloco/runs/duraloco/M00/20260711_m00_cd5bd73_1node_requal/full/updates/pending/learner_000/update_9e1e4678efd0.params.safetensors", "hostname": "mg0008", "local_step": 4, "timestamp": 1783729568.387894, "tokens": 64, "train_loss": 4.36125373840332, "update_id": "learner_000_00000004_9e1e4678efd0"}
{"actor": "learner_000", "event_type": "heartbeat_written", "hostname": "mg0008", "local_step": 4, "timestamp": 1783729568.415311}
{"actor": "learner_000", "current_version": 1, "event_type": "latest_polled", "found_version": 2, "hostname": "mg0008", "timestamp": 1783729568.8182068}
{"actor": "learner_000", "event_type": "global_adopted", "hostname": "mg0008", "timestamp": 1783729568.8201618, "version": 2}
{"actor": "learner_000", "event_type": "inner_optimizer_reset", "hostname": "mg0008", "timestamp": 1783729568.8210588, "version": 2}
{"actor": "learner_000", "event_type": "stop_seen", "hostname": "mg0008", "reason": "stop_after_outer_steps", "timestamp": 1783729568.822408}
{"actor": "learner_000", "deleted_files": 4, "event_type": "retention_cleanup", "hostname": "mg0008", "keep_last": 0, "role": "learner", "timestamp": 1783729568.8297033, "update_dir": "/work/xg24i002/x10041/fs_based_decoupled_diloco/runs/duraloco/M00/20260711_m00_cd5bd73_1node_requal/full/updates/pending/learner_000"}
{"actor": "learner_000", "event_type": "process_exit", "global_version": 2, "hostname": "mg0008", "local_step": 4, "timestamp": 1783729568.830573}
