{"actor": "learner_000", "device": "cpu", "event_type": "process_start", "fragment_mode": true, "hostname": "mg0008", "learner_id": "learner_000", "run_id": "20260711_m00_cd5bd73_1node_requal-fragment", "timestamp": 1783729578.1104536}
{"actor": "learner_000", "event_type": "loaded_fragment_latest", "fragment_versions": {"0": 0, "1": 0}, "global_merge_event": 0, "hostname": "mg0008", "timestamp": 1783729579.037624}
{"actor": "learner_000", "event_type": "inner_optimizer_reset", "hostname": "mg0008", "timestamp": 1783729579.0406818, "version": 0}
{"actor": "learner_000", "event_type": "inner_step_summary", "global_merge_event": 0, "hostname": "mg0008", "local_step": 1, "timestamp": 1783729579.0528991, "train_loss": 4.462220191955566}
{"actor": "learner_000", "event_type": "inner_step_summary", "global_merge_event": 0, "hostname": "mg0008", "local_step": 2, "timestamp": 1783729579.0564644, "train_loss": 4.448331356048584}
{"actor": "learner_000", "base_fragment_version": 0, "event_type": "fragment_update_written", "file_path": "/work/xg24i002/x10041/fs_based_decoupled_diloco/runs/duraloco/M00/20260711_m00_cd5bd73_1node_requal/fragment/updates/pending/learner_000/update_9a3365b1295d_fragment_000.params.safetensors", "fragment_id": 0, "hostname": "mg0008", "local_step": 2, "timestamp": 1783729579.0667953, "tokens": 64, "train_loss": 4.455275774002075, "update_id": "learner_000_00000002_f000_9a3365b1295d"}
{"actor": "learner_000", "event_type": "heartbeat_written", "hostname": "mg0008", "local_step": 2, "timestamp": 1783729579.072702}
{"actor": "learner_000", "current_global_merge_event": 0, "event_type": "fragment_latest_polled", "found_global_merge_event": 1, "hostname": "mg0008", "timestamp": 1783729579.4750195}
{"actor": "learner_000", "event_type": "inner_optimizer_reset", "fragments": [0], "hostname": "mg0008", "timestamp": 1783729579.4768844, "version": 1}
{"actor": "learner_000", "event_type": "fragments_adopted", "fragment_versions": {"0": 1, "1": 0}, "fragments": [0], "global_merge_event": 1, "hostname": "mg0008", "timestamp": 1783729579.4777882}
{"actor": "learner_000", "event_type": "inner_step_summary", "global_merge_event": 1, "hostname": "mg0008", "local_step": 3, "timestamp": 1783729579.4836838, "train_loss": 4.471821308135986}
{"actor": "learner_000", "event_type": "inner_step_summary", "global_merge_event": 1, "hostname": "mg0008", "local_step": 4, "timestamp": 1783729579.4864686, "train_loss": 4.49727201461792}
{"actor": "learner_000", "base_fragment_version": 0, "event_type": "fragment_update_written", "file_path": "/work/xg24i002/x10041/fs_based_decoupled_diloco/runs/duraloco/M00/20260711_m00_cd5bd73_1node_requal/fragment/updates/pending/learner_000/update_f5d6eb30b616_fragment_001.params.safetensors", "fragment_id": 1, "hostname": "mg0008", "local_step": 4, "timestamp": 1783729579.4945, "tokens": 64, "train_loss": 4.484546661376953, "update_id": "learner_000_00000004_f001_f5d6eb30b616"}
{"actor": "learner_000", "event_type": "heartbeat_written", "hostname": "mg0008", "local_step": 4, "timestamp": 1783729579.498987}
{"actor": "learner_000", "current_global_merge_event": 1, "event_type": "fragment_latest_polled", "found_global_merge_event": 2, "hostname": "mg0008", "timestamp": 1783729579.7006583}
{"actor": "learner_000", "event_type": "inner_optimizer_reset", "fragments": [1], "hostname": "mg0008", "timestamp": 1783729579.7022212, "version": 2}
{"actor": "learner_000", "event_type": "fragments_adopted", "fragment_versions": {"0": 1, "1": 1}, "fragments": [1], "global_merge_event": 2, "hostname": "mg0008", "timestamp": 1783729579.7031069}
{"actor": "learner_000", "event_type": "inner_step_summary", "global_merge_event": 2, "hostname": "mg0008", "local_step": 5, "timestamp": 1783729579.7056272, "train_loss": 4.065690994262695}
{"actor": "learner_000", "event_type": "inner_step_summary", "global_merge_event": 2, "hostname": "mg0008", "local_step": 6, "timestamp": 1783729579.7080302, "train_loss": 4.392054557800293}
{"actor": "learner_000", "base_fragment_version": 1, "event_type": "fragment_update_written", "file_path": "/work/xg24i002/x10041/fs_based_decoupled_diloco/runs/duraloco/M00/20260711_m00_cd5bd73_1node_requal/fragment/updates/pending/learner_000/update_3bbea72fed16_fragment_000.params.safetensors", "fragment_id": 0, "hostname": "mg0008", "local_step": 6, "timestamp": 1783729579.7156782, "tokens": 64, "train_loss": 4.228872776031494, "update_id": "learner_000_00000006_f000_3bbea72fed16"}
{"actor": "learner_000", "event_type": "heartbeat_written", "hostname": "mg0008", "local_step": 6, "timestamp": 1783729579.7201562}
{"actor": "learner_000", "current_global_merge_event": 2, "event_type": "fragment_latest_polled", "found_global_merge_event": 3, "hostname": "mg0008", "timestamp": 1783729580.1223044}
{"actor": "learner_000", "event_type": "inner_optimizer_reset", "fragments": [0], "hostname": "mg0008", "timestamp": 1783729580.1240516, "version": 3}
{"actor": "learner_000", "event_type": "fragments_adopted", "fragment_versions": {"0": 2, "1": 1}, "fragments": [0], "global_merge_event": 3, "hostname": "mg0008", "timestamp": 1783729580.1249032}
{"actor": "learner_000", "event_type": "inner_step_summary", "global_merge_event": 3, "hostname": "mg0008", "local_step": 7, "timestamp": 1783729580.1277537, "train_loss": 4.278763294219971}
{"actor": "learner_000", "event_type": "heartbeat_written", "hostname": "mg0008", "local_step": 7, "timestamp": 1783729580.1314137}
{"actor": "learner_000", "event_type": "inner_step_summary", "global_merge_event": 3, "hostname": "mg0008", "local_step": 8, "timestamp": 1783729580.1339722, "train_loss": 4.370541095733643}
{"actor": "learner_000", "base_fragment_version": 1, "event_type": "fragment_update_written", "file_path": "/work/xg24i002/x10041/fs_based_decoupled_diloco/runs/duraloco/M00/20260711_m00_cd5bd73_1node_requal/fragment/updates/pending/learner_000/update_65bae7cdd579_fragment_001.params.safetensors", "fragment_id": 1, "hostname": "mg0008", "local_step": 8, "timestamp": 1783729580.1429, "tokens": 64, "train_loss": 4.324652194976807, "update_id": "learner_000_00000008_f001_65bae7cdd579"}
{"actor": "learner_000", "event_type": "heartbeat_written", "hostname": "mg0008", "local_step": 8, "timestamp": 1783729580.1478884}
{"actor": "learner_000", "current_global_merge_event": 3, "event_type": "fragment_latest_polled", "found_global_merge_event": 4, "hostname": "mg0008", "timestamp": 1783729580.550063}
{"actor": "learner_000", "event_type": "inner_optimizer_reset", "fragments": [1], "hostname": "mg0008", "timestamp": 1783729580.552116, "version": 4}
{"actor": "learner_000", "event_type": "fragments_adopted", "fragment_versions": {"0": 2, "1": 2}, "fragments": [1], "global_merge_event": 4, "hostname": "mg0008", "timestamp": 1783729580.5533}
{"actor": "learner_000", "event_type": "stop_seen", "hostname": "mg0008", "reason": "stop_after_outer_steps", "timestamp": 1783729580.5549572}
{"actor": "learner_000", "deleted_files": 8, "event_type": "retention_cleanup", "hostname": "mg0008", "keep_last": 0, "role": "learner", "timestamp": 1783729580.5645196, "update_dir": "/work/xg24i002/x10041/fs_based_decoupled_diloco/runs/duraloco/M00/20260711_m00_cd5bd73_1node_requal/fragment/updates/pending/learner_000"}
{"actor": "learner_000", "event_type": "process_exit", "fragment_adopt_count": 4, "fragment_versions": {"0": 2, "1": 2}, "global_version": 4, "hostname": "mg0008", "local_step": 8, "timestamp": 1783729580.565455}
