{"actor": "learner_001", "device": "cpu", "event_type": "process_start", "fragment_mode": true, "hostname": "mg0008", "learner_id": "learner_001", "run_id": "20260711_m00_cd5bd73_1node_requal-fragment", "timestamp": 1783729578.1090708}
{"actor": "learner_001", "event_type": "loaded_fragment_latest", "fragment_versions": {"0": 0, "1": 0}, "global_merge_event": 0, "hostname": "mg0008", "timestamp": 1783729579.0377471}
{"actor": "learner_001", "event_type": "inner_optimizer_reset", "hostname": "mg0008", "timestamp": 1783729579.0391169, "version": 0}
{"actor": "learner_001", "event_type": "inner_step_summary", "global_merge_event": 0, "hostname": "mg0008", "local_step": 1, "timestamp": 1783729579.0527046, "train_loss": 4.60951566696167}
{"actor": "learner_001", "event_type": "inner_step_summary", "global_merge_event": 0, "hostname": "mg0008", "local_step": 2, "timestamp": 1783729579.0570095, "train_loss": 4.534981727600098}
{"actor": "learner_001", "base_fragment_version": 0, "event_type": "fragment_update_written", "file_path": "/work/xg24i002/x10041/fs_based_decoupled_diloco/runs/duraloco/M00/20260711_m00_cd5bd73_1node_requal/fragment/updates/pending/learner_001/update_16a997e5ea7b_fragment_000.params.safetensors", "fragment_id": 0, "hostname": "mg0008", "local_step": 2, "timestamp": 1783729579.0667732, "tokens": 64, "train_loss": 4.572248697280884, "update_id": "learner_001_00000002_f000_16a997e5ea7b"}
{"actor": "learner_001", "event_type": "heartbeat_written", "hostname": "mg0008", "local_step": 2, "timestamp": 1783729579.0731277}
{"actor": "learner_001", "current_global_merge_event": 0, "event_type": "fragment_latest_polled", "found_global_merge_event": 1, "hostname": "mg0008", "timestamp": 1783729579.4755287}
{"actor": "learner_001", "event_type": "inner_optimizer_reset", "fragments": [0], "hostname": "mg0008", "timestamp": 1783729579.477092, "version": 1}
{"actor": "learner_001", "event_type": "fragments_adopted", "fragment_versions": {"0": 1, "1": 0}, "fragments": [0], "global_merge_event": 1, "hostname": "mg0008", "timestamp": 1783729579.4779682}
{"actor": "learner_001", "event_type": "inner_step_summary", "global_merge_event": 1, "hostname": "mg0008", "local_step": 3, "timestamp": 1783729579.483042, "train_loss": 4.261789798736572}
{"actor": "learner_001", "event_type": "inner_step_summary", "global_merge_event": 1, "hostname": "mg0008", "local_step": 4, "timestamp": 1783729579.4854157, "train_loss": 4.265710830688477}
{"actor": "learner_001", "base_fragment_version": 0, "event_type": "fragment_update_written", "file_path": "/work/xg24i002/x10041/fs_based_decoupled_diloco/runs/duraloco/M00/20260711_m00_cd5bd73_1node_requal/fragment/updates/pending/learner_001/update_1af6446873ad_fragment_001.params.safetensors", "fragment_id": 1, "hostname": "mg0008", "local_step": 4, "timestamp": 1783729579.4934814, "tokens": 64, "train_loss": 4.263750314712524, "update_id": "learner_001_00000004_f001_1af6446873ad"}
{"actor": "learner_001", "event_type": "heartbeat_written", "hostname": "mg0008", "local_step": 4, "timestamp": 1783729579.4978}
{"actor": "learner_001", "current_global_merge_event": 1, "event_type": "fragment_latest_polled", "found_global_merge_event": 2, "hostname": "mg0008", "timestamp": 1783729579.6995347}
{"actor": "learner_001", "event_type": "inner_optimizer_reset", "fragments": [1], "hostname": "mg0008", "timestamp": 1783729579.7012537, "version": 2}
{"actor": "learner_001", "event_type": "fragments_adopted", "fragment_versions": {"0": 1, "1": 1}, "fragments": [1], "global_merge_event": 2, "hostname": "mg0008", "timestamp": 1783729579.7021277}
{"actor": "learner_001", "event_type": "inner_step_summary", "global_merge_event": 2, "hostname": "mg0008", "local_step": 5, "timestamp": 1783729579.7044344, "train_loss": 4.504701137542725}
{"actor": "learner_001", "event_type": "inner_step_summary", "global_merge_event": 2, "hostname": "mg0008", "local_step": 6, "timestamp": 1783729579.7069044, "train_loss": 4.258871555328369}
{"actor": "learner_001", "base_fragment_version": 1, "event_type": "fragment_update_written", "file_path": "/work/xg24i002/x10041/fs_based_decoupled_diloco/runs/duraloco/M00/20260711_m00_cd5bd73_1node_requal/fragment/updates/pending/learner_001/update_70d2910dd307_fragment_000.params.safetensors", "fragment_id": 0, "hostname": "mg0008", "local_step": 6, "timestamp": 1783729579.7148108, "tokens": 64, "train_loss": 4.381786346435547, "update_id": "learner_001_00000006_f000_70d2910dd307"}
{"actor": "learner_001", "event_type": "heartbeat_written", "hostname": "mg0008", "local_step": 6, "timestamp": 1783729579.7189777}
{"actor": "learner_001", "current_global_merge_event": 2, "event_type": "fragment_latest_polled", "found_global_merge_event": 3, "hostname": "mg0008", "timestamp": 1783729580.121187}
{"actor": "learner_001", "event_type": "inner_optimizer_reset", "fragments": [0], "hostname": "mg0008", "timestamp": 1783729580.1230147, "version": 3}
{"actor": "learner_001", "event_type": "fragments_adopted", "fragment_versions": {"0": 2, "1": 1}, "fragments": [0], "global_merge_event": 3, "hostname": "mg0008", "timestamp": 1783729580.1239123}
{"actor": "learner_001", "event_type": "inner_step_summary", "global_merge_event": 3, "hostname": "mg0008", "local_step": 7, "timestamp": 1783729580.1260188, "train_loss": 4.486810207366943}
{"actor": "learner_001", "event_type": "heartbeat_written", "hostname": "mg0008", "local_step": 7, "timestamp": 1783729580.1302855}
{"actor": "learner_001", "event_type": "inner_step_summary", "global_merge_event": 3, "hostname": "mg0008", "local_step": 8, "timestamp": 1783729580.132441, "train_loss": 4.317623615264893}
{"actor": "learner_001", "base_fragment_version": 1, "event_type": "fragment_update_written", "file_path": "/work/xg24i002/x10041/fs_based_decoupled_diloco/runs/duraloco/M00/20260711_m00_cd5bd73_1node_requal/fragment/updates/pending/learner_001/update_0dfbe0b457c9_fragment_001.params.safetensors", "fragment_id": 1, "hostname": "mg0008", "local_step": 8, "timestamp": 1783729580.141432, "tokens": 64, "train_loss": 4.402216911315918, "update_id": "learner_001_00000008_f001_0dfbe0b457c9"}
{"actor": "learner_001", "event_type": "heartbeat_written", "hostname": "mg0008", "local_step": 8, "timestamp": 1783729580.1474893}
{"actor": "learner_001", "current_global_merge_event": 3, "event_type": "fragment_latest_polled", "found_global_merge_event": 4, "hostname": "mg0008", "timestamp": 1783729580.549912}
{"actor": "learner_001", "event_type": "inner_optimizer_reset", "fragments": [1], "hostname": "mg0008", "timestamp": 1783729580.5518708, "version": 4}
{"actor": "learner_001", "event_type": "fragments_adopted", "fragment_versions": {"0": 2, "1": 2}, "fragments": [1], "global_merge_event": 4, "hostname": "mg0008", "timestamp": 1783729580.5527751}
{"actor": "learner_001", "event_type": "stop_seen", "hostname": "mg0008", "reason": "stop_after_outer_steps", "timestamp": 1783729580.554527}
{"actor": "learner_001", "deleted_files": 8, "event_type": "retention_cleanup", "hostname": "mg0008", "keep_last": 0, "role": "learner", "timestamp": 1783729580.5644977, "update_dir": "/work/xg24i002/x10041/fs_based_decoupled_diloco/runs/duraloco/M00/20260711_m00_cd5bd73_1node_requal/fragment/updates/pending/learner_001"}
{"actor": "learner_001", "event_type": "process_exit", "fragment_adopt_count": 4, "fragment_versions": {"0": 2, "1": 2}, "global_version": 4, "hostname": "mg0008", "local_step": 8, "timestamp": 1783729580.5654037}
