00_CODEX_LOOP_OPERATING_CONTRACT.md: OK
01_P00_BASELINE_AND_RESEARCH_CONTRACT.md: OK
02_P01_PROTOCOL_V2_SCHEMAS_AND_VALIDATION.md: OK
03_P02_REFERENCE_SIMULATOR_AND_IN_MEMORY_BACKEND.md: OK
04_P03_STORAGE_ABSTRACTION_AND_POSIX_LUSTRE_CONTRACT.md: OK
05_P04_TRANSACTIONAL_FRAGMENT_LOG_AND_PREFIX_RECOVERY.md: OK
06_M00_SQLITE_FREE_RUNTIME_REBASE_AND_P00_P04_REQUALIFICATION.md: OK
07_P05_SYNCER_LEASE_FENCING_AND_FAILOVER.md: OK
08_P06_LEARNER_INTERVALS_ADOPTION_AND_RECOVERY.md: OK
09_P07_COMPACTION_GC_ACKS_AND_LEARNER_CAPSULES.md: OK
10_P08_DIRECT_FRAGMENT_IO_STREAMING_REDUCER_AND_TELEMETRY.md: OK
11_P10_SACC_AND_ALGORITHM_SYSTEM_CODESIGN.md: OK
12_P11_MIYABI_INTEGRATION_CHAOS_AND_9NODE_ACCEPTANCE.md: OK
13_P12_FORMAL_EXPERIMENTS_ARTIFACT_AND_PAPER_EVIDENCE.md: OK
14_P09_OBJECT_STORE_BACKEND_AND_HYBRID_BASELINE_OPTIONAL.md: OK
DuraLoCo_Codex_Master_Plan.md: OK
P00_P04_IMPLEMENTATION_LESSONS.md: OK
README.md: OK
SQLITE_FREE_SYSTEM_DESIGN.md: OK
references/DuraLoCo_research_draft_zh.md: OK
templates/BLOCKER.md: OK
templates/PHASE_REPORT.md: OK
templates/PHASE_STATE.yaml: OK
templates/RUN_MANIFEST.json: OK
