{"actor": "learner_000", "device": "cpu", "event_type": "process_start", "hostname": "mg0006", "learner_id": "learner_000", "run_id": "20260711_m00_2d572d4_1node_requal-full", "timestamp": 1783728146.9609745}
{"actor": "learner_000", "event_type": "loaded_global", "hostname": "mg0006", "timestamp": 1783728149.405733, "version": 0}
{"actor": "learner_000", "event_type": "inner_optimizer_reset", "hostname": "mg0006", "timestamp": 1783728149.4072785, "version": 0}
{"actor": "learner_000", "event_type": "inner_step_summary", "global_version": 0, "hostname": "mg0006", "local_step": 1, "timestamp": 1783728149.5042927, "train_loss": 4.321122169494629}
{"actor": "learner_000", "event_type": "inner_step_summary", "global_version": 0, "hostname": "mg0006", "local_step": 2, "timestamp": 1783728149.514144, "train_loss": 4.38615608215332}
{"actor": "learner_000", "event_type": "update_written", "file_path": "/work/xg24i002/x10041/fs_based_decoupled_diloco/runs/duraloco/M00/20260711_m00_2d572d4_1node_requal/full/updates/pending/learner_000/update_7548f948159f.params.safetensors", "hostname": "mg0006", "local_step": 2, "timestamp": 1783728149.5243144, "tokens": 64, "train_loss": 4.353639125823975, "update_id": "learner_000_00000002_7548f948159f"}
{"actor": "learner_000", "event_type": "heartbeat_written", "hostname": "mg0006", "local_step": 2, "timestamp": 1783728149.531742}
{"actor": "learner_000", "current_version": 0, "event_type": "latest_polled", "found_version": 1, "hostname": "mg0006", "timestamp": 1783728149.934481}
{"actor": "learner_000", "event_type": "global_adopted", "hostname": "mg0006", "timestamp": 1783728149.9363282, "version": 1}
{"actor": "learner_000", "event_type": "inner_optimizer_reset", "hostname": "mg0006", "timestamp": 1783728149.9372916, "version": 1}
{"actor": "learner_000", "event_type": "inner_step_summary", "global_version": 1, "hostname": "mg0006", "local_step": 3, "timestamp": 1783728149.9395387, "train_loss": 4.37783145904541}
{"actor": "learner_000", "event_type": "inner_step_summary", "global_version": 1, "hostname": "mg0006", "local_step": 4, "timestamp": 1783728149.942232, "train_loss": 4.472334861755371}
{"actor": "learner_000", "event_type": "update_written", "file_path": "/work/xg24i002/x10041/fs_based_decoupled_diloco/runs/duraloco/M00/20260711_m00_2d572d4_1node_requal/full/updates/pending/learner_000/update_094cdfe04287.params.safetensors", "hostname": "mg0006", "local_step": 4, "timestamp": 1783728149.9504476, "tokens": 64, "train_loss": 4.425083160400391, "update_id": "learner_000_00000004_094cdfe04287"}
{"actor": "learner_000", "event_type": "heartbeat_written", "hostname": "mg0006", "local_step": 4, "timestamp": 1783728149.9550517}
{"actor": "learner_000", "current_version": 1, "event_type": "latest_polled", "found_version": 2, "hostname": "mg0006", "timestamp": 1783728150.156711}
{"actor": "learner_000", "event_type": "global_adopted", "hostname": "mg0006", "timestamp": 1783728150.1612654, "version": 2}
{"actor": "learner_000", "event_type": "inner_optimizer_reset", "hostname": "mg0006", "timestamp": 1783728150.1651573, "version": 2}
{"actor": "learner_000", "event_type": "stop_seen", "hostname": "mg0006", "reason": "stop_after_outer_steps", "timestamp": 1783728150.1668782}
{"actor": "learner_000", "deleted_files": 4, "event_type": "retention_cleanup", "hostname": "mg0006", "keep_last": 0, "role": "learner", "timestamp": 1783728150.175024, "update_dir": "/work/xg24i002/x10041/fs_based_decoupled_diloco/runs/duraloco/M00/20260711_m00_2d572d4_1node_requal/full/updates/pending/learner_000"}
{"actor": "learner_000", "event_type": "process_exit", "global_version": 2, "hostname": "mg0006", "local_step": 4, "timestamp": 1783728150.1759377}
