{"actor": "learner_001", "device": "cpu", "event_type": "process_start", "fragment_mode": true, "hostname": "mg0006", "learner_id": "learner_001", "run_id": "20260711_m00_2d572d4_1node_requal-fragment", "timestamp": 1783728159.4837472}
{"actor": "learner_001", "event_type": "loaded_fragment_latest", "fragment_versions": {"0": 0, "1": 0}, "global_merge_event": 0, "hostname": "mg0006", "timestamp": 1783728160.4399571}
{"actor": "learner_001", "event_type": "inner_optimizer_reset", "hostname": "mg0006", "timestamp": 1783728160.4413118, "version": 0}
{"actor": "learner_001", "event_type": "inner_step_summary", "global_merge_event": 0, "hostname": "mg0006", "local_step": 1, "timestamp": 1783728160.4626458, "train_loss": 4.340800762176514}
{"actor": "learner_001", "event_type": "inner_step_summary", "global_merge_event": 0, "hostname": "mg0006", "local_step": 2, "timestamp": 1783728160.482256, "train_loss": 4.327679634094238}
{"actor": "learner_001", "base_fragment_version": 0, "event_type": "fragment_update_written", "file_path": "/work/xg24i002/x10041/fs_based_decoupled_diloco/runs/duraloco/M00/20260711_m00_2d572d4_1node_requal/fragment/updates/pending/learner_001/update_85e2dbe4665a_fragment_000.params.safetensors", "fragment_id": 0, "hostname": "mg0006", "local_step": 2, "timestamp": 1783728160.494437, "tokens": 64, "train_loss": 4.334240198135376, "update_id": "learner_001_00000002_f000_85e2dbe4665a"}
{"actor": "learner_001", "event_type": "heartbeat_written", "hostname": "mg0006", "local_step": 2, "timestamp": 1783728160.502939}
{"actor": "learner_001", "current_global_merge_event": 0, "event_type": "fragment_latest_polled", "found_global_merge_event": 1, "hostname": "mg0006", "timestamp": 1783728160.7050729}
{"actor": "learner_001", "event_type": "inner_optimizer_reset", "fragments": [0], "hostname": "mg0006", "timestamp": 1783728160.7068915, "version": 1}
{"actor": "learner_001", "event_type": "fragments_adopted", "fragment_versions": {"0": 1, "1": 0}, "fragments": [0], "global_merge_event": 1, "hostname": "mg0006", "timestamp": 1783728160.7077413}
{"actor": "learner_001", "event_type": "inner_step_summary", "global_merge_event": 1, "hostname": "mg0006", "local_step": 3, "timestamp": 1783728160.710155, "train_loss": 4.217899799346924}
{"actor": "learner_001", "event_type": "inner_step_summary", "global_merge_event": 1, "hostname": "mg0006", "local_step": 4, "timestamp": 1783728160.7215252, "train_loss": 4.438261985778809}
{"actor": "learner_001", "base_fragment_version": 0, "event_type": "fragment_update_written", "file_path": "/work/xg24i002/x10041/fs_based_decoupled_diloco/runs/duraloco/M00/20260711_m00_2d572d4_1node_requal/fragment/updates/pending/learner_001/update_5d203a16c1a2_fragment_001.params.safetensors", "fragment_id": 1, "hostname": "mg0006", "local_step": 4, "timestamp": 1783728160.7302406, "tokens": 64, "train_loss": 4.328080892562866, "update_id": "learner_001_00000004_f001_5d203a16c1a2"}
{"actor": "learner_001", "event_type": "heartbeat_written", "hostname": "mg0006", "local_step": 4, "timestamp": 1783728160.734797}
{"actor": "learner_001", "current_global_merge_event": 1, "event_type": "fragment_latest_polled", "found_global_merge_event": 2, "hostname": "mg0006", "timestamp": 1783728161.1372216}
{"actor": "learner_001", "event_type": "inner_optimizer_reset", "fragments": [1], "hostname": "mg0006", "timestamp": 1783728161.139278, "version": 2}
{"actor": "learner_001", "event_type": "fragments_adopted", "fragment_versions": {"0": 1, "1": 1}, "fragments": [1], "global_merge_event": 2, "hostname": "mg0006", "timestamp": 1783728161.1401472}
{"actor": "learner_001", "event_type": "inner_step_summary", "global_merge_event": 2, "hostname": "mg0006", "local_step": 5, "timestamp": 1783728161.1426303, "train_loss": 4.225897312164307}
{"actor": "learner_001", "event_type": "inner_step_summary", "global_merge_event": 2, "hostname": "mg0006", "local_step": 6, "timestamp": 1783728161.1449914, "train_loss": 4.416030406951904}
{"actor": "learner_001", "base_fragment_version": 1, "event_type": "fragment_update_written", "file_path": "/work/xg24i002/x10041/fs_based_decoupled_diloco/runs/duraloco/M00/20260711_m00_2d572d4_1node_requal/fragment/updates/pending/learner_001/update_8ea500e74dc7_fragment_000.params.safetensors", "fragment_id": 0, "hostname": "mg0006", "local_step": 6, "timestamp": 1783728161.1625917, "tokens": 64, "train_loss": 4.3209638595581055, "update_id": "learner_001_00000006_f000_8ea500e74dc7"}
{"actor": "learner_001", "event_type": "heartbeat_written", "hostname": "mg0006", "local_step": 6, "timestamp": 1783728161.1674201}
{"actor": "learner_001", "current_global_merge_event": 2, "event_type": "fragment_latest_polled", "found_global_merge_event": 3, "hostname": "mg0006", "timestamp": 1783728161.3690681}
{"actor": "learner_001", "event_type": "inner_optimizer_reset", "fragments": [0], "hostname": "mg0006", "timestamp": 1783728161.371002, "version": 3}
{"actor": "learner_001", "event_type": "fragments_adopted", "fragment_versions": {"0": 2, "1": 1}, "fragments": [0], "global_merge_event": 3, "hostname": "mg0006", "timestamp": 1783728161.372236}
{"actor": "learner_001", "event_type": "inner_step_summary", "global_merge_event": 3, "hostname": "mg0006", "local_step": 7, "timestamp": 1783728161.3746223, "train_loss": 4.367940902709961}
{"actor": "learner_001", "event_type": "inner_step_summary", "global_merge_event": 3, "hostname": "mg0006", "local_step": 8, "timestamp": 1783728161.376748, "train_loss": 4.382052421569824}
{"actor": "learner_001", "base_fragment_version": 1, "event_type": "fragment_update_written", "file_path": "/work/xg24i002/x10041/fs_based_decoupled_diloco/runs/duraloco/M00/20260711_m00_2d572d4_1node_requal/fragment/updates/pending/learner_001/update_8e04544d7957_fragment_001.params.safetensors", "fragment_id": 1, "hostname": "mg0006", "local_step": 8, "timestamp": 1783728161.3842266, "tokens": 64, "train_loss": 4.374996662139893, "update_id": "learner_001_00000008_f001_8e04544d7957"}
{"actor": "learner_001", "event_type": "heartbeat_written", "hostname": "mg0006", "local_step": 8, "timestamp": 1783728161.3883603}
{"actor": "learner_001", "current_global_merge_event": 3, "event_type": "fragment_latest_polled", "found_global_merge_event": 4, "hostname": "mg0006", "timestamp": 1783728161.7904916}
{"actor": "learner_001", "event_type": "inner_optimizer_reset", "fragments": [1], "hostname": "mg0006", "timestamp": 1783728161.7923229, "version": 4}
{"actor": "learner_001", "event_type": "fragments_adopted", "fragment_versions": {"0": 2, "1": 2}, "fragments": [1], "global_merge_event": 4, "hostname": "mg0006", "timestamp": 1783728161.7933266}
{"actor": "learner_001", "event_type": "stop_seen", "hostname": "mg0006", "reason": "stop_after_outer_steps", "timestamp": 1783728161.7952602}
{"actor": "learner_001", "deleted_files": 8, "event_type": "retention_cleanup", "hostname": "mg0006", "keep_last": 0, "role": "learner", "timestamp": 1783728161.804902, "update_dir": "/work/xg24i002/x10041/fs_based_decoupled_diloco/runs/duraloco/M00/20260711_m00_2d572d4_1node_requal/fragment/updates/pending/learner_001"}
{"actor": "learner_001", "event_type": "process_exit", "fragment_adopt_count": 4, "fragment_versions": {"0": 2, "1": 2}, "global_version": 4, "hostname": "mg0006", "local_step": 8, "timestamp": 1783728161.805825}
