{"actor": "learner_000", "device": "cpu", "event_type": "process_start", "fragment_mode": true, "hostname": "mg0006", "learner_id": "learner_000", "run_id": "20260711_m00_2d572d4_1node_requal-fragment", "timestamp": 1783728159.483748}
{"actor": "learner_000", "event_type": "loaded_fragment_latest", "fragment_versions": {"0": 0, "1": 0}, "global_merge_event": 0, "hostname": "mg0006", "timestamp": 1783728160.4398522}
{"actor": "learner_000", "event_type": "inner_optimizer_reset", "hostname": "mg0006", "timestamp": 1783728160.4412217, "version": 0}
{"actor": "learner_000", "event_type": "inner_step_summary", "global_merge_event": 0, "hostname": "mg0006", "local_step": 1, "timestamp": 1783728160.4625459, "train_loss": 4.149472713470459}
{"actor": "learner_000", "event_type": "inner_step_summary", "global_merge_event": 0, "hostname": "mg0006", "local_step": 2, "timestamp": 1783728160.4832022, "train_loss": 4.4568634033203125}
{"actor": "learner_000", "base_fragment_version": 0, "event_type": "fragment_update_written", "file_path": "/work/xg24i002/x10041/fs_based_decoupled_diloco/runs/duraloco/M00/20260711_m00_2d572d4_1node_requal/fragment/updates/pending/learner_000/update_f2c044720b76_fragment_000.params.safetensors", "fragment_id": 0, "hostname": "mg0006", "local_step": 2, "timestamp": 1783728160.4943001, "tokens": 64, "train_loss": 4.303168058395386, "update_id": "learner_000_00000002_f000_f2c044720b76"}
{"actor": "learner_000", "event_type": "heartbeat_written", "hostname": "mg0006", "local_step": 2, "timestamp": 1783728160.5046198}
{"actor": "learner_000", "current_global_merge_event": 0, "event_type": "fragment_latest_polled", "found_global_merge_event": 1, "hostname": "mg0006", "timestamp": 1783728160.707247}
{"actor": "learner_000", "event_type": "inner_optimizer_reset", "fragments": [0], "hostname": "mg0006", "timestamp": 1783728160.7089596, "version": 1}
{"actor": "learner_000", "event_type": "fragments_adopted", "fragment_versions": {"0": 1, "1": 0}, "fragments": [0], "global_merge_event": 1, "hostname": "mg0006", "timestamp": 1783728160.7099454}
{"actor": "learner_000", "event_type": "inner_step_summary", "global_merge_event": 1, "hostname": "mg0006", "local_step": 3, "timestamp": 1783728160.7220688, "train_loss": 4.3834638595581055}
{"actor": "learner_000", "event_type": "inner_step_summary", "global_merge_event": 1, "hostname": "mg0006", "local_step": 4, "timestamp": 1783728160.7245035, "train_loss": 4.346633434295654}
{"actor": "learner_000", "base_fragment_version": 0, "event_type": "fragment_update_written", "file_path": "/work/xg24i002/x10041/fs_based_decoupled_diloco/runs/duraloco/M00/20260711_m00_2d572d4_1node_requal/fragment/updates/pending/learner_000/update_424c77e6129f_fragment_001.params.safetensors", "fragment_id": 1, "hostname": "mg0006", "local_step": 4, "timestamp": 1783728160.7327523, "tokens": 64, "train_loss": 4.36504864692688, "update_id": "learner_000_00000004_f001_424c77e6129f"}
{"actor": "learner_000", "event_type": "heartbeat_written", "hostname": "mg0006", "local_step": 4, "timestamp": 1783728160.7373064}
{"actor": "learner_000", "current_global_merge_event": 1, "event_type": "fragment_latest_polled", "found_global_merge_event": 2, "hostname": "mg0006", "timestamp": 1783728161.1394486}
{"actor": "learner_000", "event_type": "inner_optimizer_reset", "fragments": [1], "hostname": "mg0006", "timestamp": 1783728161.1418738, "version": 2}
{"actor": "learner_000", "event_type": "fragments_adopted", "fragment_versions": {"0": 1, "1": 1}, "fragments": [1], "global_merge_event": 2, "hostname": "mg0006", "timestamp": 1783728161.1448836}
{"actor": "learner_000", "event_type": "inner_step_summary", "global_merge_event": 2, "hostname": "mg0006", "local_step": 5, "timestamp": 1783728161.1486888, "train_loss": 4.140394687652588}
{"actor": "learner_000", "event_type": "inner_step_summary", "global_merge_event": 2, "hostname": "mg0006", "local_step": 6, "timestamp": 1783728161.150861, "train_loss": 4.347787857055664}
{"actor": "learner_000", "base_fragment_version": 1, "event_type": "fragment_update_written", "file_path": "/work/xg24i002/x10041/fs_based_decoupled_diloco/runs/duraloco/M00/20260711_m00_2d572d4_1node_requal/fragment/updates/pending/learner_000/update_ea54309bbcf7_fragment_000.params.safetensors", "fragment_id": 0, "hostname": "mg0006", "local_step": 6, "timestamp": 1783728161.1590507, "tokens": 64, "train_loss": 4.244091272354126, "update_id": "learner_000_00000006_f000_ea54309bbcf7"}
{"actor": "learner_000", "event_type": "heartbeat_written", "hostname": "mg0006", "local_step": 6, "timestamp": 1783728161.1637108}
{"actor": "learner_000", "current_global_merge_event": 2, "event_type": "fragment_latest_polled", "found_global_merge_event": 3, "hostname": "mg0006", "timestamp": 1783728161.365428}
{"actor": "learner_000", "event_type": "inner_optimizer_reset", "fragments": [0], "hostname": "mg0006", "timestamp": 1783728161.3670974, "version": 3}
{"actor": "learner_000", "event_type": "fragments_adopted", "fragment_versions": {"0": 2, "1": 1}, "fragments": [0], "global_merge_event": 3, "hostname": "mg0006", "timestamp": 1783728161.367956}
{"actor": "learner_000", "event_type": "inner_step_summary", "global_merge_event": 3, "hostname": "mg0006", "local_step": 7, "timestamp": 1783728161.370135, "train_loss": 4.240171909332275}
{"actor": "learner_000", "event_type": "inner_step_summary", "global_merge_event": 3, "hostname": "mg0006", "local_step": 8, "timestamp": 1783728161.372121, "train_loss": 4.257503986358643}
{"actor": "learner_000", "base_fragment_version": 1, "event_type": "fragment_update_written", "file_path": "/work/xg24i002/x10041/fs_based_decoupled_diloco/runs/duraloco/M00/20260711_m00_2d572d4_1node_requal/fragment/updates/pending/learner_000/update_d7a38ba22642_fragment_001.params.safetensors", "fragment_id": 1, "hostname": "mg0006", "local_step": 8, "timestamp": 1783728161.3800254, "tokens": 64, "train_loss": 4.248837947845459, "update_id": "learner_000_00000008_f001_d7a38ba22642"}
{"actor": "learner_000", "event_type": "heartbeat_written", "hostname": "mg0006", "local_step": 8, "timestamp": 1783728161.3841271}
{"actor": "learner_000", "current_global_merge_event": 3, "event_type": "fragment_latest_polled", "found_global_merge_event": 4, "hostname": "mg0006", "timestamp": 1783728161.7863662}
{"actor": "learner_000", "event_type": "inner_optimizer_reset", "fragments": [1], "hostname": "mg0006", "timestamp": 1783728161.788371, "version": 4}
{"actor": "learner_000", "event_type": "fragments_adopted", "fragment_versions": {"0": 2, "1": 2}, "fragments": [1], "global_merge_event": 4, "hostname": "mg0006", "timestamp": 1783728161.7893558}
{"actor": "learner_000", "event_type": "stop_seen", "hostname": "mg0006", "reason": "stop_after_outer_steps", "timestamp": 1783728161.7911227}
{"actor": "learner_000", "deleted_files": 8, "event_type": "retention_cleanup", "hostname": "mg0006", "keep_last": 0, "role": "learner", "timestamp": 1783728161.8011405, "update_dir": "/work/xg24i002/x10041/fs_based_decoupled_diloco/runs/duraloco/M00/20260711_m00_2d572d4_1node_requal/fragment/updates/pending/learner_000"}
{"actor": "learner_000", "event_type": "process_exit", "fragment_adopt_count": 4, "fragment_versions": {"0": 2, "1": 2}, "global_version": 4, "hostname": "mg0006", "local_step": 8, "timestamp": 1783728161.802176}
