{"actor": "learner_001", "device": "cpu", "event_type": "process_start", "fragment_mode": true, "hostname": "mg0027", "learner_id": "learner_001", "run_id": "20260711_m00_97a6876_1node-fragment", "timestamp": 1783726729.8596919}
{"actor": "learner_001", "event_type": "loaded_fragment_latest", "fragment_versions": {"0": 0, "1": 0}, "global_merge_event": 0, "hostname": "mg0027", "timestamp": 1783726730.8160932}
{"actor": "learner_001", "event_type": "inner_optimizer_reset", "hostname": "mg0027", "timestamp": 1783726730.8175454, "version": 0}
{"actor": "learner_001", "event_type": "inner_step_summary", "global_merge_event": 0, "hostname": "mg0027", "local_step": 1, "timestamp": 1783726730.8395371, "train_loss": 4.32838249206543}
{"actor": "learner_001", "event_type": "inner_step_summary", "global_merge_event": 0, "hostname": "mg0027", "local_step": 2, "timestamp": 1783726730.8437226, "train_loss": 4.183701038360596}
{"actor": "learner_001", "base_fragment_version": 0, "event_type": "fragment_update_written", "file_path": "/work/xg24i002/x10041/fs_based_decoupled_diloco/runs/duraloco/M00/20260711_m00_97a6876_1node/fragment/updates/pending/learner_001/update_275de9b27e3a_fragment_000.params.safetensors", "fragment_id": 0, "hostname": "mg0027", "local_step": 2, "timestamp": 1783726730.854548, "tokens": 64, "train_loss": 4.256041765213013, "update_id": "learner_001_00000002_f000_275de9b27e3a"}
{"actor": "learner_001", "event_type": "heartbeat_written", "hostname": "mg0027", "local_step": 2, "timestamp": 1783726730.860307}
{"actor": "learner_001", "current_global_merge_event": 0, "event_type": "fragment_latest_polled", "found_global_merge_event": 1, "hostname": "mg0027", "timestamp": 1783726731.2624156}
{"actor": "learner_001", "event_type": "inner_optimizer_reset", "fragments": [0], "hostname": "mg0027", "timestamp": 1783726731.2642803, "version": 1}
{"actor": "learner_001", "event_type": "fragments_adopted", "fragment_versions": {"0": 1, "1": 0}, "fragments": [0], "global_merge_event": 1, "hostname": "mg0027", "timestamp": 1783726731.265163}
{"actor": "learner_001", "event_type": "inner_step_summary", "global_merge_event": 1, "hostname": "mg0027", "local_step": 3, "timestamp": 1783726731.2673733, "train_loss": 4.340188026428223}
{"actor": "learner_001", "event_type": "inner_step_summary", "global_merge_event": 1, "hostname": "mg0027", "local_step": 4, "timestamp": 1783726731.27165, "train_loss": 4.406798839569092}
{"actor": "learner_001", "base_fragment_version": 0, "event_type": "fragment_update_written", "file_path": "/work/xg24i002/x10041/fs_based_decoupled_diloco/runs/duraloco/M00/20260711_m00_97a6876_1node/fragment/updates/pending/learner_001/update_9d03b7e99343_fragment_001.params.safetensors", "fragment_id": 1, "hostname": "mg0027", "local_step": 4, "timestamp": 1783726731.2813504, "tokens": 64, "train_loss": 4.373493432998657, "update_id": "learner_001_00000004_f001_9d03b7e99343"}
{"actor": "learner_001", "event_type": "heartbeat_written", "hostname": "mg0027", "local_step": 4, "timestamp": 1783726731.2858791}
{"actor": "learner_001", "current_global_merge_event": 1, "event_type": "fragment_latest_polled", "found_global_merge_event": 2, "hostname": "mg0027", "timestamp": 1783726731.68782}
{"actor": "learner_001", "event_type": "inner_optimizer_reset", "fragments": [1], "hostname": "mg0027", "timestamp": 1783726731.689433, "version": 2}
{"actor": "learner_001", "event_type": "fragments_adopted", "fragment_versions": {"0": 1, "1": 1}, "fragments": [1], "global_merge_event": 2, "hostname": "mg0027", "timestamp": 1783726731.6903152}
{"actor": "learner_001", "event_type": "inner_step_summary", "global_merge_event": 2, "hostname": "mg0027", "local_step": 5, "timestamp": 1783726731.6930702, "train_loss": 4.41641092300415}
{"actor": "learner_001", "event_type": "inner_step_summary", "global_merge_event": 2, "hostname": "mg0027", "local_step": 6, "timestamp": 1783726731.6957195, "train_loss": 4.269703388214111}
{"actor": "learner_001", "base_fragment_version": 1, "event_type": "fragment_update_written", "file_path": "/work/xg24i002/x10041/fs_based_decoupled_diloco/runs/duraloco/M00/20260711_m00_97a6876_1node/fragment/updates/pending/learner_001/update_1f43eeb7517f_fragment_000.params.safetensors", "fragment_id": 0, "hostname": "mg0027", "local_step": 6, "timestamp": 1783726731.705018, "tokens": 64, "train_loss": 4.343057155609131, "update_id": "learner_001_00000006_f000_1f43eeb7517f"}
{"actor": "learner_001", "event_type": "heartbeat_written", "hostname": "mg0027", "local_step": 6, "timestamp": 1783726731.7096992}
{"actor": "learner_001", "current_global_merge_event": 2, "event_type": "fragment_latest_polled", "found_global_merge_event": 3, "hostname": "mg0027", "timestamp": 1783726732.1116896}
{"actor": "learner_001", "event_type": "inner_optimizer_reset", "fragments": [0], "hostname": "mg0027", "timestamp": 1783726732.1133575, "version": 3}
{"actor": "learner_001", "event_type": "fragments_adopted", "fragment_versions": {"0": 2, "1": 1}, "fragments": [0], "global_merge_event": 3, "hostname": "mg0027", "timestamp": 1783726732.1141915}
{"actor": "learner_001", "event_type": "inner_step_summary", "global_merge_event": 3, "hostname": "mg0027", "local_step": 7, "timestamp": 1783726732.1162796, "train_loss": 4.272964954376221}
{"actor": "learner_001", "event_type": "heartbeat_written", "hostname": "mg0027", "local_step": 7, "timestamp": 1783726732.1202543}
{"actor": "learner_001", "event_type": "inner_step_summary", "global_merge_event": 3, "hostname": "mg0027", "local_step": 8, "timestamp": 1783726732.123787, "train_loss": 4.4719929695129395}
{"actor": "learner_001", "base_fragment_version": 1, "event_type": "fragment_update_written", "file_path": "/work/xg24i002/x10041/fs_based_decoupled_diloco/runs/duraloco/M00/20260711_m00_97a6876_1node/fragment/updates/pending/learner_001/update_a8e2338fcf33_fragment_001.params.safetensors", "fragment_id": 1, "hostname": "mg0027", "local_step": 8, "timestamp": 1783726732.1327224, "tokens": 64, "train_loss": 4.37247896194458, "update_id": "learner_001_00000008_f001_a8e2338fcf33"}
{"actor": "learner_001", "event_type": "heartbeat_written", "hostname": "mg0027", "local_step": 8, "timestamp": 1783726732.1374536}
{"actor": "learner_001", "current_global_merge_event": 3, "event_type": "fragment_latest_polled", "found_global_merge_event": 4, "hostname": "mg0027", "timestamp": 1783726732.5395954}
{"actor": "learner_001", "event_type": "inner_optimizer_reset", "fragments": [1], "hostname": "mg0027", "timestamp": 1783726732.5416834, "version": 4}
{"actor": "learner_001", "event_type": "fragments_adopted", "fragment_versions": {"0": 2, "1": 2}, "fragments": [1], "global_merge_event": 4, "hostname": "mg0027", "timestamp": 1783726732.5426989}
{"actor": "learner_001", "event_type": "stop_seen", "hostname": "mg0027", "reason": "stop_after_outer_steps", "timestamp": 1783726732.5449734}
{"actor": "learner_001", "deleted_files": 8, "event_type": "retention_cleanup", "hostname": "mg0027", "keep_last": 0, "role": "learner", "timestamp": 1783726732.5568738, "update_dir": "/work/xg24i002/x10041/fs_based_decoupled_diloco/runs/duraloco/M00/20260711_m00_97a6876_1node/fragment/updates/pending/learner_001"}
{"actor": "learner_001", "event_type": "process_exit", "fragment_adopt_count": 4, "fragment_versions": {"0": 2, "1": 2}, "global_version": 4, "hostname": "mg0027", "local_step": 8, "timestamp": 1783726732.5577667}
