{"actor": "learner_000", "device": "cpu", "event_type": "process_start", "hostname": "mg0027", "learner_id": "learner_000", "run_id": "20260711_m00_97a6876_1node-full", "timestamp": 1783726717.107878}
{"actor": "learner_000", "event_type": "loaded_global", "hostname": "mg0027", "timestamp": 1783726719.3645418, "version": 0}
{"actor": "learner_000", "event_type": "inner_optimizer_reset", "hostname": "mg0027", "timestamp": 1783726719.3660161, "version": 0}
{"actor": "learner_000", "event_type": "inner_step_summary", "global_version": 0, "hostname": "mg0027", "local_step": 1, "timestamp": 1783726719.4756994, "train_loss": 4.233445167541504}
{"actor": "learner_000", "event_type": "inner_step_summary", "global_version": 0, "hostname": "mg0027", "local_step": 2, "timestamp": 1783726719.4803338, "train_loss": 4.4011006355285645}
{"actor": "learner_000", "event_type": "update_written", "file_path": "/work/xg24i002/x10041/fs_based_decoupled_diloco/runs/duraloco/M00/20260711_m00_97a6876_1node/full/updates/pending/learner_000/update_bd7b5b9038ec.params.safetensors", "hostname": "mg0027", "local_step": 2, "timestamp": 1783726719.4925988, "tokens": 64, "train_loss": 4.317272901535034, "update_id": "learner_000_00000002_bd7b5b9038ec"}
{"actor": "learner_000", "event_type": "heartbeat_written", "hostname": "mg0027", "local_step": 2, "timestamp": 1783726719.4977531}
{"actor": "learner_000", "current_version": 0, "event_type": "latest_polled", "found_version": 1, "hostname": "mg0027", "timestamp": 1783726719.8998077}
{"actor": "learner_000", "event_type": "global_adopted", "hostname": "mg0027", "timestamp": 1783726719.9016633, "version": 1}
{"actor": "learner_000", "event_type": "inner_optimizer_reset", "hostname": "mg0027", "timestamp": 1783726719.9027066, "version": 1}
{"actor": "learner_000", "event_type": "inner_step_summary", "global_version": 1, "hostname": "mg0027", "local_step": 3, "timestamp": 1783726719.9054294, "train_loss": 4.586258411407471}
{"actor": "learner_000", "event_type": "inner_step_summary", "global_version": 1, "hostname": "mg0027", "local_step": 4, "timestamp": 1783726719.9081311, "train_loss": 4.257387638092041}
{"actor": "learner_000", "event_type": "update_written", "file_path": "/work/xg24i002/x10041/fs_based_decoupled_diloco/runs/duraloco/M00/20260711_m00_97a6876_1node/full/updates/pending/learner_000/update_ca6c1bd517bc.params.safetensors", "hostname": "mg0027", "local_step": 4, "timestamp": 1783726719.9162514, "tokens": 64, "train_loss": 4.421823024749756, "update_id": "learner_000_00000004_ca6c1bd517bc"}
{"actor": "learner_000", "event_type": "heartbeat_written", "hostname": "mg0027", "local_step": 4, "timestamp": 1783726719.9213204}
{"actor": "learner_000", "current_version": 1, "event_type": "latest_polled", "found_version": 2, "hostname": "mg0027", "timestamp": 1783726720.3235476}
{"actor": "learner_000", "event_type": "global_adopted", "hostname": "mg0027", "timestamp": 1783726720.3253272, "version": 2}
{"actor": "learner_000", "event_type": "inner_optimizer_reset", "hostname": "mg0027", "timestamp": 1783726720.326262, "version": 2}
{"actor": "learner_000", "event_type": "stop_seen", "hostname": "mg0027", "reason": "stop_after_outer_steps", "timestamp": 1783726720.3276062}
{"actor": "learner_000", "deleted_files": 4, "event_type": "retention_cleanup", "hostname": "mg0027", "keep_last": 0, "role": "learner", "timestamp": 1783726720.3353047, "update_dir": "/work/xg24i002/x10041/fs_based_decoupled_diloco/runs/duraloco/M00/20260711_m00_97a6876_1node/full/updates/pending/learner_000"}
{"actor": "learner_000", "event_type": "process_exit", "global_version": 2, "hostname": "mg0027", "local_step": 4, "timestamp": 1783726720.3362455}
