{"actor": "learner_000", "device": "cpu", "event_type": "process_start", "fragment_mode": true, "hostname": "mg0027", "learner_id": "learner_000", "run_id": "20260711_m00_97a6876_1node-fragment", "timestamp": 1783726729.8574083}
{"actor": "learner_000", "event_type": "loaded_fragment_latest", "fragment_versions": {"0": 0, "1": 0}, "global_merge_event": 0, "hostname": "mg0027", "timestamp": 1783726730.815918}
{"actor": "learner_000", "event_type": "inner_optimizer_reset", "hostname": "mg0027", "timestamp": 1783726730.817485, "version": 0}
{"actor": "learner_000", "event_type": "inner_step_summary", "global_merge_event": 0, "hostname": "mg0027", "local_step": 1, "timestamp": 1783726730.8428414, "train_loss": 4.117825031280518}
{"actor": "learner_000", "event_type": "inner_step_summary", "global_merge_event": 0, "hostname": "mg0027", "local_step": 2, "timestamp": 1783726730.8458855, "train_loss": 4.352987766265869}
{"actor": "learner_000", "base_fragment_version": 0, "event_type": "fragment_update_written", "file_path": "/work/xg24i002/x10041/fs_based_decoupled_diloco/runs/duraloco/M00/20260711_m00_97a6876_1node/fragment/updates/pending/learner_000/update_7529a9d49c8b_fragment_000.params.safetensors", "fragment_id": 0, "hostname": "mg0027", "local_step": 2, "timestamp": 1783726730.8560057, "tokens": 64, "train_loss": 4.235406398773193, "update_id": "learner_000_00000002_f000_7529a9d49c8b"}
{"actor": "learner_000", "event_type": "heartbeat_written", "hostname": "mg0027", "local_step": 2, "timestamp": 1783726730.8609054}
{"actor": "learner_000", "current_global_merge_event": 0, "event_type": "fragment_latest_polled", "found_global_merge_event": 1, "hostname": "mg0027", "timestamp": 1783726731.2628527}
{"actor": "learner_000", "event_type": "inner_optimizer_reset", "fragments": [0], "hostname": "mg0027", "timestamp": 1783726731.264986, "version": 1}
{"actor": "learner_000", "event_type": "fragments_adopted", "fragment_versions": {"0": 1, "1": 0}, "fragments": [0], "global_merge_event": 1, "hostname": "mg0027", "timestamp": 1783726731.2675946}
{"actor": "learner_000", "event_type": "inner_step_summary", "global_merge_event": 1, "hostname": "mg0027", "local_step": 3, "timestamp": 1783726731.2725115, "train_loss": 4.270443916320801}
{"actor": "learner_000", "event_type": "inner_step_summary", "global_merge_event": 1, "hostname": "mg0027", "local_step": 4, "timestamp": 1783726731.2757285, "train_loss": 4.463067531585693}
{"actor": "learner_000", "base_fragment_version": 0, "event_type": "fragment_update_written", "file_path": "/work/xg24i002/x10041/fs_based_decoupled_diloco/runs/duraloco/M00/20260711_m00_97a6876_1node/fragment/updates/pending/learner_000/update_cec6ea76ec7d_fragment_001.params.safetensors", "fragment_id": 1, "hostname": "mg0027", "local_step": 4, "timestamp": 1783726731.285575, "tokens": 64, "train_loss": 4.366755723953247, "update_id": "learner_000_00000004_f001_cec6ea76ec7d"}
{"actor": "learner_000", "event_type": "heartbeat_written", "hostname": "mg0027", "local_step": 4, "timestamp": 1783726731.290166}
{"actor": "learner_000", "current_global_merge_event": 1, "event_type": "fragment_latest_polled", "found_global_merge_event": 2, "hostname": "mg0027", "timestamp": 1783726731.692355}
{"actor": "learner_000", "event_type": "inner_optimizer_reset", "fragments": [1], "hostname": "mg0027", "timestamp": 1783726731.6955767, "version": 2}
{"actor": "learner_000", "event_type": "fragments_adopted", "fragment_versions": {"0": 1, "1": 1}, "fragments": [1], "global_merge_event": 2, "hostname": "mg0027", "timestamp": 1783726731.6966257}
{"actor": "learner_000", "event_type": "inner_step_summary", "global_merge_event": 2, "hostname": "mg0027", "local_step": 5, "timestamp": 1783726731.7005498, "train_loss": 4.312870979309082}
{"actor": "learner_000", "event_type": "inner_step_summary", "global_merge_event": 2, "hostname": "mg0027", "local_step": 6, "timestamp": 1783726731.7029707, "train_loss": 4.1717729568481445}
{"actor": "learner_000", "base_fragment_version": 1, "event_type": "fragment_update_written", "file_path": "/work/xg24i002/x10041/fs_based_decoupled_diloco/runs/duraloco/M00/20260711_m00_97a6876_1node/fragment/updates/pending/learner_000/update_a4a8b8a5aa57_fragment_000.params.safetensors", "fragment_id": 0, "hostname": "mg0027", "local_step": 6, "timestamp": 1783726731.7107787, "tokens": 64, "train_loss": 4.242321968078613, "update_id": "learner_000_00000006_f000_a4a8b8a5aa57"}
{"actor": "learner_000", "event_type": "heartbeat_written", "hostname": "mg0027", "local_step": 6, "timestamp": 1783726731.715869}
{"actor": "learner_000", "current_global_merge_event": 2, "event_type": "fragment_latest_polled", "found_global_merge_event": 3, "hostname": "mg0027", "timestamp": 1783726732.1179814}
{"actor": "learner_000", "event_type": "inner_optimizer_reset", "fragments": [0], "hostname": "mg0027", "timestamp": 1783726732.1198149, "version": 3}
{"actor": "learner_000", "event_type": "fragments_adopted", "fragment_versions": {"0": 2, "1": 1}, "fragments": [0], "global_merge_event": 3, "hostname": "mg0027", "timestamp": 1783726732.1208167}
{"actor": "learner_000", "event_type": "inner_step_summary", "global_merge_event": 3, "hostname": "mg0027", "local_step": 7, "timestamp": 1783726732.1245885, "train_loss": 4.319472312927246}
{"actor": "learner_000", "event_type": "heartbeat_written", "hostname": "mg0027", "local_step": 7, "timestamp": 1783726732.128293}
{"actor": "learner_000", "event_type": "inner_step_summary", "global_merge_event": 3, "hostname": "mg0027", "local_step": 8, "timestamp": 1783726732.1307042, "train_loss": 4.263862609863281}
{"actor": "learner_000", "base_fragment_version": 1, "event_type": "fragment_update_written", "file_path": "/work/xg24i002/x10041/fs_based_decoupled_diloco/runs/duraloco/M00/20260711_m00_97a6876_1node/fragment/updates/pending/learner_000/update_f75732d1b6ef_fragment_001.params.safetensors", "fragment_id": 1, "hostname": "mg0027", "local_step": 8, "timestamp": 1783726732.1392648, "tokens": 64, "train_loss": 4.291667461395264, "update_id": "learner_000_00000008_f001_f75732d1b6ef"}
{"actor": "learner_000", "event_type": "heartbeat_written", "hostname": "mg0027", "local_step": 8, "timestamp": 1783726732.1448205}
{"actor": "learner_000", "current_global_merge_event": 3, "event_type": "fragment_latest_polled", "found_global_merge_event": 4, "hostname": "mg0027", "timestamp": 1783726732.5467336}
{"actor": "learner_000", "event_type": "inner_optimizer_reset", "fragments": [1], "hostname": "mg0027", "timestamp": 1783726732.5498097, "version": 4}
{"actor": "learner_000", "event_type": "fragments_adopted", "fragment_versions": {"0": 2, "1": 2}, "fragments": [1], "global_merge_event": 4, "hostname": "mg0027", "timestamp": 1783726732.5507574}
{"actor": "learner_000", "event_type": "stop_seen", "hostname": "mg0027", "reason": "stop_after_outer_steps", "timestamp": 1783726732.552435}
{"actor": "learner_000", "deleted_files": 8, "event_type": "retention_cleanup", "hostname": "mg0027", "keep_last": 0, "role": "learner", "timestamp": 1783726732.5623384, "update_dir": "/work/xg24i002/x10041/fs_based_decoupled_diloco/runs/duraloco/M00/20260711_m00_97a6876_1node/fragment/updates/pending/learner_000"}
{"actor": "learner_000", "event_type": "process_exit", "fragment_adopt_count": 4, "fragment_versions": {"0": 2, "1": 2}, "global_version": 4, "hostname": "mg0027", "local_step": 8, "timestamp": 1783726732.5632875}
