mg0013
PBS_JOBID=2357765.opbs
PBS_NODEFILE=/var/spool/pbs/aux/2357765.opbs
Python 3.13.13
7e12997ca0a9fe4e48bb96cfe6391e0e8d1bf773
## HEAD (no branch)
EXACT_2357714_OLDEST_FIRST_PASS
LINEAGE_ROLLBACK_REJECTED
BENIGN_DECISION_PREPARE_RACE_PASS
IMMUTABLE_STORAGE_SNAPSHOT_PASS
ALL_COMMIT_DECISION_CRASH_PREFIXES_PASS
MUTANT_KILLED double_apply I-003
MUTANT_KILLED wrong_parent I-002
MUTANT_KILLED state_pairing I-005
MUTANT_KILLED numeric_transition I-009
MUTANT_KILLED sequence_rollback I-003
CHECKER_7E12997_PASS
Miyabi scheduled stop time: 0000/00/00(week) 00:00:00 (Remain: 00:00:00)

JOB_ID            JOB_NAME   STATUS    PROJECT    QUEUE           START_DATE       ELAPSE        TOKEN NODE MIG
2357765           run_checke RUNNING   xg24i002   debug-g         07/11 00:05:54   --:--:--          -    1   -
